Archive member included to satisfy reference by file (symbol)

C:/ST/STM32CubeIDE_1.16.1/STM32CubeIDE/plugins/com.st.stm32cube.ide.mcu.externaltools.gnu-tools-for-stm32.13.3.rel1.win32_1.0.0.202411081344/tools/bin/../lib/gcc/arm-none-eabi/13.3.1/../../../../arm-none-eabi/lib/thumb/v7e-m+dp/hard\libc_nano.a(libc_a-exit.o)
                              C:/ST/STM32CubeIDE_1.16.1/STM32CubeIDE/plugins/com.st.stm32cube.ide.mcu.externaltools.gnu-tools-for-stm32.13.3.rel1.win32_1.0.0.202411081344/tools/bin/../lib/gcc/arm-none-eabi/13.3.1/../../../../arm-none-eabi/lib/thumb/v7e-m+dp/hard/crt0.o (exit)
C:/ST/STM32CubeIDE_1.16.1/STM32CubeIDE/plugins/com.st.stm32cube.ide.mcu.externaltools.gnu-tools-for-stm32.13.3.rel1.win32_1.0.0.202411081344/tools/bin/../lib/gcc/arm-none-eabi/13.3.1/../../../../arm-none-eabi/lib/thumb/v7e-m+dp/hard\libc_nano.a(libc_a-findfp.o)
                              C:/ST/STM32CubeIDE_1.16.1/STM32CubeIDE/plugins/com.st.stm32cube.ide.mcu.externaltools.gnu-tools-for-stm32.13.3.rel1.win32_1.0.0.202411081344/tools/bin/../lib/gcc/arm-none-eabi/13.3.1/../../../../arm-none-eabi/lib/thumb/v7e-m+dp/hard\libc_nano.a(libc_a-exit.o) (__stdio_exit_handler)
C:/ST/STM32CubeIDE_1.16.1/STM32CubeIDE/plugins/com.st.stm32cube.ide.mcu.externaltools.gnu-tools-for-stm32.13.3.rel1.win32_1.0.0.202411081344/tools/bin/../lib/gcc/arm-none-eabi/13.3.1/../../../../arm-none-eabi/lib/thumb/v7e-m+dp/hard\libc_nano.a(libc_a-fwalk.o)
                              C:/ST/STM32CubeIDE_1.16.1/STM32CubeIDE/plugins/com.st.stm32cube.ide.mcu.externaltools.gnu-tools-for-stm32.13.3.rel1.win32_1.0.0.202411081344/tools/bin/../lib/gcc/arm-none-eabi/13.3.1/../../../../arm-none-eabi/lib/thumb/v7e-m+dp/hard\libc_nano.a(libc_a-findfp.o) (_fwalk_sglue)
C:/ST/STM32CubeIDE_1.16.1/STM32CubeIDE/plugins/com.st.stm32cube.ide.mcu.externaltools.gnu-tools-for-stm32.13.3.rel1.win32_1.0.0.202411081344/tools/bin/../lib/gcc/arm-none-eabi/13.3.1/../../../../arm-none-eabi/lib/thumb/v7e-m+dp/hard\libc_nano.a(libc_a-stdio.o)
                              C:/ST/STM32CubeIDE_1.16.1/STM32CubeIDE/plugins/com.st.stm32cube.ide.mcu.externaltools.gnu-tools-for-stm32.13.3.rel1.win32_1.0.0.202411081344/tools/bin/../lib/gcc/arm-none-eabi/13.3.1/../../../../arm-none-eabi/lib/thumb/v7e-m+dp/hard\libc_nano.a(libc_a-findfp.o) (__sread)
C:/ST/STM32CubeIDE_1.16.1/STM32CubeIDE/plugins/com.st.stm32cube.ide.mcu.externaltools.gnu-tools-for-stm32.13.3.rel1.win32_1.0.0.202411081344/tools/bin/../lib/gcc/arm-none-eabi/13.3.1/../../../../arm-none-eabi/lib/thumb/v7e-m+dp/hard\libc_nano.a(libc_a-memset.o)
                              C:/ST/STM32CubeIDE_1.16.1/STM32CubeIDE/plugins/com.st.stm32cube.ide.mcu.externaltools.gnu-tools-for-stm32.13.3.rel1.win32_1.0.0.202411081344/tools/bin/../lib/gcc/arm-none-eabi/13.3.1/../../../../arm-none-eabi/lib/thumb/v7e-m+dp/hard/crt0.o (memset)
C:/ST/STM32CubeIDE_1.16.1/STM32CubeIDE/plugins/com.st.stm32cube.ide.mcu.externaltools.gnu-tools-for-stm32.13.3.rel1.win32_1.0.0.202411081344/tools/bin/../lib/gcc/arm-none-eabi/13.3.1/../../../../arm-none-eabi/lib/thumb/v7e-m+dp/hard\libc_nano.a(libc_a-closer.o)
                              C:/ST/STM32CubeIDE_1.16.1/STM32CubeIDE/plugins/com.st.stm32cube.ide.mcu.externaltools.gnu-tools-for-stm32.13.3.rel1.win32_1.0.0.202411081344/tools/bin/../lib/gcc/arm-none-eabi/13.3.1/../../../../arm-none-eabi/lib/thumb/v7e-m+dp/hard\libc_nano.a(libc_a-stdio.o) (_close_r)
C:/ST/STM32CubeIDE_1.16.1/STM32CubeIDE/plugins/com.st.stm32cube.ide.mcu.externaltools.gnu-tools-for-stm32.13.3.rel1.win32_1.0.0.202411081344/tools/bin/../lib/gcc/arm-none-eabi/13.3.1/../../../../arm-none-eabi/lib/thumb/v7e-m+dp/hard\libc_nano.a(libc_a-reent.o)
                              C:/ST/STM32CubeIDE_1.16.1/STM32CubeIDE/plugins/com.st.stm32cube.ide.mcu.externaltools.gnu-tools-for-stm32.13.3.rel1.win32_1.0.0.202411081344/tools/bin/../lib/gcc/arm-none-eabi/13.3.1/../../../../arm-none-eabi/lib/thumb/v7e-m+dp/hard\libc_nano.a(libc_a-closer.o) (errno)
C:/ST/STM32CubeIDE_1.16.1/STM32CubeIDE/plugins/com.st.stm32cube.ide.mcu.externaltools.gnu-tools-for-stm32.13.3.rel1.win32_1.0.0.202411081344/tools/bin/../lib/gcc/arm-none-eabi/13.3.1/../../../../arm-none-eabi/lib/thumb/v7e-m+dp/hard\libc_nano.a(libc_a-impure.o)
                              C:/ST/STM32CubeIDE_1.16.1/STM32CubeIDE/plugins/com.st.stm32cube.ide.mcu.externaltools.gnu-tools-for-stm32.13.3.rel1.win32_1.0.0.202411081344/tools/bin/../lib/gcc/arm-none-eabi/13.3.1/../../../../arm-none-eabi/lib/thumb/v7e-m+dp/hard\libc_nano.a(libc_a-reent.o) (_impure_ptr)
C:/ST/STM32CubeIDE_1.16.1/STM32CubeIDE/plugins/com.st.stm32cube.ide.mcu.externaltools.gnu-tools-for-stm32.13.3.rel1.win32_1.0.0.202411081344/tools/bin/../lib/gcc/arm-none-eabi/13.3.1/../../../../arm-none-eabi/lib/thumb/v7e-m+dp/hard\libc_nano.a(libc_a-lseekr.o)
[...]
Memory Configuration

Name             Origin             Length             Attributes
RAM              0x20000000         0x00080000         xrw
FLASH            0x08000000         0x00200000         xr
*default*        0x00000000         0xffffffff

Linker script and memory map

LOAD C:/ST/STM32CubeIDE_1.16.1/STM32CubeIDE/plugins/com.st.stm32cube.ide.mcu.externaltools.gnu-tools-for-stm32.13.3.rel1.win32_1.0.0.202411081344/tools/bin/../lib/gcc/arm-none-eabi/13.3.1/thumb/v7e-m+dp/hard/crti.o
LOAD C:/ST/STM32CubeIDE_1.16.1/STM32CubeIDE/plugins/com.st.stm32cube.ide.mcu.externaltools.gnu-tools-for-stm32.13.3.rel1.win32_1.0.0.202411081344/tools/bin/../lib/gcc/arm-none-eabi/13.3.1/thumb/v7e-m+dp/hard/crtbegin.o
LOAD C:/ST/STM32CubeIDE_1.16.1/STM32CubeIDE/plugins/com.st.stm32cube.ide.mcu.externaltools.gnu-tools-for-stm32.13.3.rel1.win32_1.0.0.202411081344/tools/bin/../lib/gcc/arm-none-eabi/13.3.1/../../../../arm-none-eabi/lib/thumb/v7e-m+dp/hard/crt0.o
LOAD ./Core/Src/main.o
LOAD ./Core/Src/stm32f7xx_hal_msp.o
LOAD ./Core/Src/stm32f7xx_it.o
LOAD ./Core/Src/syscalls.o
LOAD ./Core/Src/sysmem.o
LOAD ./Core/Src/system_stm32f7xx.o
LOAD ./Core/Startup/startup_stm32f767zitx.o
LOAD ./Drivers/STM32F7xx_HAL_Driver/Src/stm32f7xx_hal.o
LOAD ./Drivers/STM32F7xx_HAL_Driver/Src/stm32f7xx_hal_can.o
LOAD ./Drivers/STM32F7xx_HAL_Driver/Src/stm32f7xx_hal_cortex.o
LOAD ./Drivers/STM32F7xx_HAL_Driver/Src/stm32f7xx_hal_dma.o
LOAD ./Drivers/STM32F7xx_HAL_Driver/Src/stm32f7xx_hal_dma_ex.o
LOAD ./Drivers/STM32F7xx_HAL_Driver/Src/stm32f7xx_hal_eth.o
LOAD ./Drivers/STM32F7xx_HAL_Driver/Src/stm32f7xx_hal_exti.o
LOAD ./Drivers/STM32F7xx_HAL_Driver/Src/stm32f7xx_hal_flash.o
LOAD ./Drivers/STM32F7xx_HAL_Driver/Src/stm32f7xx_hal_flash_ex.o
LOAD ./Drivers/STM32F7xx_HAL_Driver/Src/stm32f7xx_hal_gpio.o
LOAD ./Drivers/STM32F7xx_HAL_Driver/Src/stm32f7xx_hal_i2c.o
LOAD ./Drivers/STM32F7xx_HAL_Driver/Src/stm32f7xx_hal_i2c_ex.o
LOAD ./Drivers/STM32F7xx_HAL_Driver/Src/stm32f7xx_hal_pwr.o
LOAD ./Drivers/STM32F7xx_HAL_Driver/Src/stm32f7xx_hal_pwr_ex.o
LOAD ./Drivers/STM32F7xx_HAL_Driver/Src/stm32f7xx_hal_rcc.o
LOAD ./Drivers/STM32F7xx_HAL_Driver/Src/stm32f7xx_hal_rcc_ex.o
LOAD ./libcubeobc/api/src/tctlmCommonFramework1.o
LOAD ./libcubeobc/api/src/tctlmCommonTransfer1.o
LOAD ./libcubeobc/api/src/tctlmCubeCommonBaseBootloader5.o
LOAD ./libcubeobc/api/src/tctlmCubeComputerCommon3.o
LOAD ./libcubeobc/api/src/tctlmCubeComputerControlProgram8.o
LOAD ./libcubeobc/api/src/tctlmCubeIrControlProgram1.o
LOAD ./libcubeobc/api/src/tctlmCubeMagCommon1.o
LOAD ./libcubeobc/api/src/tctlmCubeMagControlProgramCommon1.o
LOAD ./libcubeobc/api/src/tctlmCubeMagControlProgramCompact1.o
LOAD ./libcubeobc/api/src/tctlmCubeMagControlProgramDeploy1.o
LOAD ./libcubeobc/api/src/tctlmCubeNodeCommon1.o
LOAD ./libcubeobc/api/src/tctlmCubeNodeControlProgramLitefufors1.o
LOAD ./libcubeobc/api/src/tctlmCubeNodeControlProgramNssrwl1.o
LOAD ./libcubeobc/api/src/tctlmCubeNodeControlProgramNssrwlCommon1.o
LOAD ./libcubeobc/api/src/tctlmCubeNodeControlProgramNssrwlQuad1.o
LOAD ./libcubeobc/api/src/tctlmCubeNodeControlProgramPst3s1.o
LOAD ./libcubeobc/api/src/tctlmCubeNodeControlProgramPst3sCommon1.o
LOAD ./libcubeobc/api/src/tctlmCubeNodeControlProgramPst3sQuad1.o
LOAD ./libcubeobc/api/src/tctlmCubeSenseCommon1.o
LOAD ./libcubeobc/api/src/tctlmCubeSenseControlProgram5.o
LOAD ./libcubeobc/api/src/tctlmCubeWheelControlProgram3.o
LOAD ./libcubeobc/src/cubeObc_bootloader.o
LOAD ./libcubeobc/src/cubeObc_bulkDataTransfer.o
LOAD ./libcubeobc/src/cubeObc_common.o
LOAD ./libcubeobc/src/cubeObc_cubeComputer.o
LOAD ./libcubeobc/src/cubeObc_tctlmCommsMasterSvc.o
LOAD ./libcubeobc/src/drivers/can/cubeObc_socketcan.o
LOAD ./libcubeobc/src/drivers/uart/cubeObc_termios.o
LOAD ./libcubeobc/src/interfaces/cubeObc_canIfc.o
LOAD ./libcubeobc/src/interfaces/cubeObc_cspIfc.o
LOAD ./libcubeobc/src/interfaces/cubeObc_uartIfc.o
START GROUP
LOAD C:/ST/STM32CubeIDE_1.16.1/STM32CubeIDE/plugins/com.st.stm32cube.ide.mcu.externaltools.gnu-tools-for-stm32.13.3.rel1.win32_1.0.0.202411081344/tools/bin/../lib/gcc/arm-none-eabi/13.3.1/../../../../arm-none-eabi/lib/thumb/v7e-m+dp/hard\libc_nano.a
LOAD C:/ST/STM32CubeIDE_1.16.1/STM32CubeIDE/plugins/com.st.stm32cube.ide.mcu.externaltools.gnu-tools-for-stm32.13.3.rel1.win32_1.0.0.202411081344/tools/bin/../lib/gcc/arm-none-eabi/13.3.1/../../../../arm-none-eabi/lib/thumb/v7e-m+dp/hard\libm.a
END GROUP
START GROUP
LOAD C:/ST/STM32CubeIDE_1.16.1/STM32CubeIDE/plugins/com.st.stm32cube.ide.mcu.externaltools.gnu-tools-for-stm32.13.3.rel1.win32_1.0.0.202411081344/tools/bin/../lib/gcc/arm-none-eabi/13.3.1/thumb/v7e-m+dp/hard\libgcc.a
LOAD C:/ST/STM32CubeIDE_1.16.1/STM32CubeIDE/plugins/com.st.stm32cube.ide.mcu.externaltools.gnu-tools-for-stm32.13.3.rel1.win32_1.0.0.202411081344/tools/bin/../lib/gcc/arm-none-eabi/13.3.1/../../../../arm-none-eabi/lib/thumb/v7e-m+dp/hard\libc_nano.a
END GROUP
START GROUP
LOAD C:/ST/STM32CubeIDE_1.16.1/STM32CubeIDE/plugins/com.st.stm32cube.ide.mcu.externaltools.gnu-tools-for-stm32.13.3.rel1.win32_1.0.0.202411081344/tools/bin/../lib/gcc/arm-none-eabi/13.3.1/thumb/v7e-m+dp/hard\libgcc.a
LOAD C:/ST/STM32CubeIDE_1.16.1/STM32CubeIDE/plugins/com.st.stm32cube.ide.mcu.externaltools.gnu-tools-for-stm32.13.3.rel1.win32_1.0.0.202411081344/tools/bin/../lib/gcc/arm-none-eabi/13.3.1/../../../../arm-none-eabi/lib/thumb/v7e-m+dp/hard\libc_nano.a
LOAD C:/ST/STM32CubeIDE_1.16.1/STM32CubeIDE/plugins/com.st.stm32cube.ide.mcu.externaltools.gnu-tools-for-stm32.13.3.rel1.win32_1.0.0.202411081344/tools/bin/../lib/gcc/arm-none-eabi/13.3.1/../../../../arm-none-eabi/lib/thumb/v7e-m+dp/hard\libnosys.a
END GROUP
START GROUP
LOAD C:/ST/STM32CubeIDE_1.16.1/STM32CubeIDE/plugins/com.st.stm32cube.ide.mcu.externaltools.gnu-tools-for-stm32.13.3.rel1.win32_1.0.0.202411081344/tools/bin/../lib/gcc/arm-none-eabi/13.3.1/thumb/v7e-m+dp/hard\libgcc.a
LOAD C:/ST/STM32CubeIDE_1.16.1/STM32CubeIDE/plugins/com.st.stm32cube.ide.mcu.externaltools.gnu-tools-for-stm32.13.3.rel1.win32_1.0.0.202411081344/tools/bin/../lib/gcc/arm-none-eabi/13.3.1/../../../../arm-none-eabi/lib/thumb/v7e-m+dp/hard\libc_nano.a
LOAD C:/ST/STM32CubeIDE_1.16.1/STM32CubeIDE/plugins/com.st.stm32cube.ide.mcu.externaltools.gnu-tools-for-stm32.13.3.rel1.win32_1.0.0.202411081344/tools/bin/../lib/gcc/arm-none-eabi/13.3.1/../../../../arm-none-eabi/lib/thumb/v7e-m+dp/hard\libnosys.a
END GROUP
LOAD C:/ST/STM32CubeIDE_1.16.1/STM32CubeIDE/plugins/com.st.stm32cube.ide.mcu.externaltools.gnu-tools-for-stm32.13.3.rel1.win32_1.0.0.202411081344/tools/bin/../lib/gcc/arm-none-eabi/13.3.1/thumb/v7e-m+dp/hard/crtend.o
LOAD C:/ST/STM32CubeIDE_1.16.1/STM32CubeIDE/plugins/com.st.stm32cube.ide.mcu.externaltools.gnu-tools-for-stm32.13.3.rel1.win32_1.0.0.202411081344/tools/bin/../lib/gcc/arm-none-eabi/13.3.1/thumb/v7e-m+dp/hard/crtn.o
                0x20080000                        _estack = (ORIGIN (RAM) + LENGTH (RAM))
                0x00000200                        _Min_Heap_Size = 0x200
                0x00000400                        _Min_Stack_Size = 0x400

.isr_vector     0x08000000      0x1f8
                0x08000000                        . = ALIGN (0x4)
 *(.isr_vector)
 .isr_vector    0x08000000      0x1f8 ./Core/Startup/startup_stm32f767zitx.o
                0x08000000                g_pfnVectors
                0x080001f8                        . = ALIGN (0x4)

.text           0x080001f8     0x3264
                0x080001f8                        . = ALIGN (0x4)
 *(.text)
 .text          0x080001f8       0x40 C:/ST/STM32CubeIDE_1.16.1/STM32CubeIDE/plugins/com.st.stm32cube.ide.mcu.externaltools.gnu-tools-for-stm32.13.3.rel1.win32_1.0.0.202411081344/tools/bin/../lib/gcc/arm-none-eabi/13.3.1/thumb/v7e-m+dp/hard/crtbegin.o
 .text          0x08000238       0x30 C:/ST/STM32CubeIDE_1.16.1/STM32CubeIDE/plugins/com.st.stm32cube.ide.mcu.externaltools.gnu-tools-for-stm32.13.3.rel1.win32_1.0.0.202411081344/tools/bin/../lib/gcc/arm-none-eabi/13.3.1/thumb/v7e-m+dp/hard\libgcc.a(_aeabi_uldivmod.o)
                0x08000238                __aeabi_uldivmod
 .text          0x08000268      0x2f8 C:/ST/STM32CubeIDE_1.16.1/STM32CubeIDE/plugins/com.st.stm32cube.ide.mcu.externaltools.gnu-tools-for-stm32.13.3.rel1.win32_1.0.0.202411081344/tools/bin/../lib/gcc/arm-none-eabi/13.3.1/thumb/v7e-m+dp/hard\libgcc.a(_udivmoddi4.o)
                0x08000268                __udivmoddi4
 .text          0x08000560        0x4 C:/ST/STM32CubeIDE_1.16.1/STM32CubeIDE/plugins/com.st.stm32cube.ide.mcu.externaltools.gnu-tools-for-stm32.13.3.rel1.win32_1.0.0.202411081344/tools/bin/../lib/gcc/arm-none-eabi/13.3.1/thumb/v7e-m+dp/hard\libgcc.a(_dvmd_tls.o)
                0x08000560                __aeabi_idiv0
                0x08000560                __aeabi_ldiv0
 *(.text*)
 .text.encode_id
                0x08000564       0x58 ./Core/Src/main.o
                0x08000564                encode_id
 .text.decode_id
                0x080005bc       0x42 ./Core/Src/main.o
                0x080005bc                decode_id
 *fill*         0x080005fe        0x2 
 .text.CAN_Filters_Config
                0x08000600       0x98 ./Core/Src/main.o
                0x08000600                CAN_Filters_Config
 .text.can_tx_multiframe
                0x08000698       0xbc ./Core/Src/main.o
                0x08000698                can_tx_multiframe
 .text.main     0x08000754       0x58 ./Core/Src/main.o
                0x08000754                main
 .text.SystemClock_Config
                0x080007ac       0xe0 ./Core/Src/main.o
                0x080007ac                SystemClock_Config
 .text.MX_CAN1_Init
                0x0800088c       0x6c ./Core/Src/main.o
 .text.MX_CAN2_Init
                0x080008f8       0x6c ./Core/Src/main.o
 .text.MX_ETH_Init
                0x08000964       0x9c ./Core/Src/main.o
 .text.MX_GPIO_Init
                0x08000a00       0x90 ./Core/Src/main.o
 .text.HAL_CAN_RxFifo0MsgPendingCallback
                0x08000a90       0x68 ./Core/Src/main.o
                0x08000a90                HAL_CAN_RxFifo0MsgPendingCallback
 .text.HAL_CAN_RxFifo1MsgPendingCallback
                0x08000af8       0xa0 ./Core/Src/main.o
                0x08000af8                HAL_CAN_RxFifo1MsgPendingCallback
 .text.Error_Handler
                0x08000b98        0xc ./Core/Src/main.o
                0x08000b98                Error_Handler
 .text.HAL_MspInit
                0x08000ba4       0x48 ./Core/Src/stm32f7xx_hal_msp.o
                0x08000ba4                HAL_MspInit
 .text.HAL_CAN_MspInit
                0x08000bec      0x14c ./Core/Src/stm32f7xx_hal_msp.o
                0x08000bec                HAL_CAN_MspInit
 .text.HAL_ETH_MspInit
                0x08000d38      0x170 ./Core/Src/stm32f7xx_hal_msp.o
                0x08000d38                HAL_ETH_MspInit
 .text.NMI_Handler
                0x08000ea8        0xc ./Core/Src/stm32f7xx_it.o
                0x08000ea8                NMI_Handler
 .text.HardFault_Handler
                0x08000eb4        0x8 ./Core/Src/stm32f7xx_it.o
                0x08000eb4                HardFault_Handler
 .text.MemManage_Handler
                0x08000ebc        0x8 ./Core/Src/stm32f7xx_it.o
                0x08000ebc                MemManage_Handler
 .text.BusFault_Handler
                0x08000ec4        0x8 ./Core/Src/stm32f7xx_it.o
                0x08000ec4                BusFault_Handler
 .text.UsageFault_Handler
                0x08000ecc        0x8 ./Core/Src/stm32f7xx_it.o
                0x08000ecc                UsageFault_Handler
 .text.SVC_Handler
                0x08000ed4        0xe ./Core/Src/stm32f7xx_it.o
                0x08000ed4                SVC_Handler
 .text.DebugMon_Handler
                0x08000ee2        0xe ./Core/Src/stm32f7xx_it.o
                0x08000ee2                DebugMon_Handler
 .text.PendSV_Handler
                0x08000ef0        0xe ./Core/Src/stm32f7xx_it.o
                0x08000ef0                PendSV_Handler
 .text.SysTick_Handler
                0x08000efe        0xc ./Core/Src/stm32f7xx_it.o
                0x08000efe                SysTick_Handler
 *fill*         0x08000f0a        0x2 
 .text.CAN1_RX0_IRQHandler
                0x08000f0c       0x14 ./Core/Src/stm32f7xx_it.o
                0x08000f0c                CAN1_RX0_IRQHandler
 .text.CAN2_RX1_IRQHandler
                0x08000f20       0x14 ./Core/Src/stm32f7xx_it.o
                0x08000f20                CAN2_RX1_IRQHandler
 .text.SystemInit
                0x08000f34       0x24 ./Core/Src/system_stm32f7xx.o
                0x08000f34                SystemInit
 .text.Reset_Handler
                0x08000f58       0x50 ./Core/Startup/startup_stm32f767zitx.o
                0x08000f58                Reset_Handler
 .text.Default_Handler
                0x08000fa8        0x2 ./Core/Startup/startup_stm32f767zitx.o
                0x08000fa8                RTC_Alarm_IRQHandler
                0x08000fa8                EXTI2_IRQHandler
                0x08000fa8                TIM8_CC_IRQHandler
                0x08000fa8                UART8_IRQHandler
                0x08000fa8                SPI4_IRQHandler
                0x08000fa8                TIM1_CC_IRQHandler
                0x08000fa8                DMA2_Stream5_IRQHandler
                0x08000fa8                JPEG_IRQHandler
                0x08000fa8                DMA1_Stream5_IRQHandler
                0x08000fa8                CAN3_RX1_IRQHandler
                0x08000fa8                PVD_IRQHandler
                0x08000fa8                TAMP_STAMP_IRQHandler
                0x08000fa8                EXTI3_IRQHandler
                0x08000fa8                TIM8_TRG_COM_TIM14_IRQHandler
                0x08000fa8                DFSDM1_FLT1_IRQHandler
                0x08000fa8                TIM1_UP_TIM10_IRQHandler
                0x08000fa8                TIM8_UP_TIM13_IRQHandler
                0x08000fa8                I2C3_ER_IRQHandler
                0x08000fa8                DFSDM1_FLT2_IRQHandler
                0x08000fa8                EXTI0_IRQHandler
                0x08000fa8                I2C2_EV_IRQHandler
                0x08000fa8                DMA1_Stream2_IRQHandler
                0x08000fa8                FPU_IRQHandler
                0x08000fa8                OTG_HS_WKUP_IRQHandler
                0x08000fa8                CAN3_SCE_IRQHandler
                0x08000fa8                LTDC_ER_IRQHandler
                0x08000fa8                CAN2_SCE_IRQHandler
                0x08000fa8                DMA2_Stream2_IRQHandler
                0x08000fa8                SPI1_IRQHandler
                0x08000fa8                TIM6_DAC_IRQHandler
                0x08000fa8                TIM1_BRK_TIM9_IRQHandler
                0x08000fa8                DCMI_IRQHandler
                0x08000fa8                CAN2_RX0_IRQHandler
                0x08000fa8                DMA2_Stream3_IRQHandler
                0x08000fa8                SAI2_IRQHandler
                0x08000fa8                DFSDM1_FLT3_IRQHandler
                0x08000fa8                USART6_IRQHandler
                0x08000fa8                CAN3_RX0_IRQHandler
                0x08000fa8                USART3_IRQHandler
                0x08000fa8                CAN1_RX1_IRQHandler
                0x08000fa8                UART5_IRQHandler
                0x08000fa8                DMA2_Stream0_IRQHandler
                0x08000fa8                TIM4_IRQHandler
                0x08000fa8                QUADSPI_IRQHandler
                0x08000fa8                I2C1_EV_IRQHandler
                0x08000fa8                DMA1_Stream6_IRQHandler
                0x08000fa8                DMA1_Stream1_IRQHandler
                0x08000fa8                UART4_IRQHandler
                0x08000fa8                TIM3_IRQHandler
                0x08000fa8                RCC_IRQHandler
                0x08000fa8                TIM8_BRK_TIM12_IRQHandler
                0x08000fa8                Default_Handler
                0x08000fa8                CEC_IRQHandler
                0x08000fa8                EXTI15_10_IRQHandler
                0x08000fa8                ADC_IRQHandler
                0x08000fa8                DMA1_Stream7_IRQHandler
                0x08000fa8                SPI5_IRQHandler
                0x08000fa8                TIM7_IRQHandler
                0x08000fa8                SDMMC1_IRQHandler
                0x08000fa8                CAN2_TX_IRQHandler
                0x08000fa8                TIM5_IRQHandler
                0x08000fa8                DMA2_Stream7_IRQHandler
                0x08000fa8                I2C3_EV_IRQHandler
                0x08000fa8                EXTI9_5_IRQHandler
                0x08000fa8                RTC_WKUP_IRQHandler
                0x08000fa8                LTDC_IRQHandler
                0x08000fa8                ETH_WKUP_IRQHandler
                0x08000fa8                SPDIF_RX_IRQHandler
                0x08000fa8                SPI2_IRQHandler
                0x08000fa8                OTG_HS_EP1_IN_IRQHandler
                0x08000fa8                DMA1_Stream0_IRQHandler
                0x08000fa8                CAN1_TX_IRQHandler
                0x08000fa8                EXTI4_IRQHandler
                0x08000fa8                RNG_IRQHandler
                0x08000fa8                ETH_IRQHandler
                0x08000fa8                OTG_HS_EP1_OUT_IRQHandler
                0x08000fa8                WWDG_IRQHandler
                0x08000fa8                SPI6_IRQHandler
                0x08000fa8                MDIOS_IRQHandler
                0x08000fa8                I2C4_EV_IRQHandler
                0x08000fa8                CAN3_TX_IRQHandler
                0x08000fa8                TIM2_IRQHandler
                0x08000fa8                OTG_FS_WKUP_IRQHandler
                0x08000fa8                TIM1_TRG_COM_TIM11_IRQHandler
                0x08000fa8                OTG_HS_IRQHandler
                0x08000fa8                DMA2D_IRQHandler
                0x08000fa8                EXTI1_IRQHandler
                0x08000fa8                SDMMC2_IRQHandler
                0x08000fa8                UART7_IRQHandler
                0x08000fa8                USART2_IRQHandler
                0x08000fa8                DFSDM1_FLT0_IRQHandler
                0x08000fa8                I2C2_ER_IRQHandler
                0x08000fa8                DMA2_Stream1_IRQHandler
                0x08000fa8                CAN1_SCE_IRQHandler
                0x08000fa8                FLASH_IRQHandler
                0x08000fa8                DMA2_Stream4_IRQHandler
                0x08000fa8                USART1_IRQHandler
                0x08000fa8                OTG_FS_IRQHandler
                0x08000fa8                SPI3_IRQHandler
                0x08000fa8                DMA1_Stream4_IRQHandler
                0x08000fa8                I2C1_ER_IRQHandler
                0x08000fa8                FMC_IRQHandler
                0x08000fa8                LPTIM1_IRQHandler
                0x08000fa8                I2C4_ER_IRQHandler
                0x08000fa8                DMA2_Stream6_IRQHandler
                0x08000fa8                SAI1_IRQHandler
                0x08000fa8                DMA1_Stream3_IRQHandler
 .text.HAL_Init
                0x08000faa       0x1a ./Drivers/STM32F7xx_HAL_Driver/Src/stm32f7xx_hal.o
                0x08000faa                HAL_Init
 .text.HAL_InitTick
                0x08000fc4       0x60 ./Drivers/STM32F7xx_HAL_Driver/Src/stm32f7xx_hal.o
                0x08000fc4                HAL_InitTick
 .text.HAL_IncTick
                0x08001024       0x28 ./Drivers/STM32F7xx_HAL_Driver/Src/stm32f7xx_hal.o
                0x08001024                HAL_IncTick
 .text.HAL_GetTick
                0x0800104c       0x18 ./Drivers/STM32F7xx_HAL_Driver/Src/stm32f7xx_hal.o
                0x0800104c                HAL_GetTick
 .text.HAL_Delay
                0x08001064       0x48 ./Drivers/STM32F7xx_HAL_Driver/Src/stm32f7xx_hal.o
                0x08001064                HAL_Delay
 .text.HAL_CAN_Init
                0x080010ac      0x1f6 ./Drivers/STM32F7xx_HAL_Driver/Src/stm32f7xx_hal_can.o
                0x080010ac                HAL_CAN_Init
 *fill*         0x080012a2        0x2 
 .text.HAL_CAN_ConfigFilter
                0x080012a4      0x1d8 ./Drivers/STM32F7xx_HAL_Driver/Src/stm32f7xx_hal_can.o
                0x080012a4                HAL_CAN_ConfigFilter
 .text.HAL_CAN_Start
                0x0800147c       0x88 ./Drivers/STM32F7xx_HAL_Driver/Src/stm32f7xx_hal_can.o
                0x0800147c                HAL_CAN_Start
 .text.HAL_CAN_AddTxMessage
                0x08001504      0x1a0 ./Drivers/STM32F7xx_HAL_Driver/Src/stm32f7xx_hal_can.o
                0x08001504                HAL_CAN_AddTxMessage
 .text.HAL_CAN_GetRxMessage
                0x080016a4      0x244 ./Drivers/STM32F7xx_HAL_Driver/Src/stm32f7xx_hal_can.o
                0x080016a4                HAL_CAN_GetRxMessage
 .text.HAL_CAN_ActivateNotification
                0x080018e8       0x4c ./Drivers/STM32F7xx_HAL_Driver/Src/stm32f7xx_hal_can.o
                0x080018e8                HAL_CAN_ActivateNotification
 .text.HAL_CAN_IRQHandler
                0x08001934      0x36e ./Drivers/STM32F7xx_HAL_Driver/Src/stm32f7xx_hal_can.o
                0x08001934                HAL_CAN_IRQHandler
 .text.HAL_CAN_TxMailbox0CompleteCallback
                0x08001ca2       0x14 ./Drivers/STM32F7xx_HAL_Driver/Src/stm32f7xx_hal_can.o
                0x08001ca2                HAL_CAN_TxMailbox0CompleteCallback
 .text.HAL_CAN_TxMailbox1CompleteCallback
                0x08001cb6       0x14 ./Drivers/STM32F7xx_HAL_Driver/Src/stm32f7xx_hal_can.o
                0x08001cb6                HAL_CAN_TxMailbox1CompleteCallback
 .text.HAL_CAN_TxMailbox2CompleteCallback
                0x08001cca       0x14 ./Drivers/STM32F7xx_HAL_Driver/Src/stm32f7xx_hal_can.o
                0x08001cca                HAL_CAN_TxMailbox2CompleteCallback
 .text.HAL_CAN_TxMailbox0AbortCallback
                0x08001cde       0x14 ./Drivers/STM32F7xx_HAL_Driver/Src/stm32f7xx_hal_can.o
                0x08001cde                HAL_CAN_TxMailbox0AbortCallback
 .text.HAL_CAN_TxMailbox1AbortCallback
                0x08001cf2       0x14 ./Drivers/STM32F7xx_HAL_Driver/Src/stm32f7xx_hal_can.o
                0x08001cf2                HAL_CAN_TxMailbox1AbortCallback
 .text.HAL_CAN_TxMailbox2AbortCallback
                0x08001d06       0x14 ./Drivers/STM32F7xx_HAL_Driver/Src/stm32f7xx_hal_can.o
                0x08001d06                HAL_CAN_TxMailbox2AbortCallback
 .text.HAL_CAN_RxFifo0FullCallback
                0x08001d1a       0x14 ./Drivers/STM32F7xx_HAL_Driver/Src/stm32f7xx_hal_can.o
                0x08001d1a                HAL_CAN_RxFifo0FullCallback
 .text.HAL_CAN_RxFifo1FullCallback
                0x08001d2e       0x14 ./Drivers/STM32F7xx_HAL_Driver/Src/stm32f7xx_hal_can.o
                0x08001d2e                HAL_CAN_RxFifo1FullCallback
 .text.HAL_CAN_SleepCallback
                0x08001d42       0x14 ./Drivers/STM32F7xx_HAL_Driver/Src/stm32f7xx_hal_can.o
                0x08001d42                HAL_CAN_SleepCallback
 .text.HAL_CAN_WakeUpFromRxMsgCallback
                0x08001d56       0x14 ./Drivers/STM32F7xx_HAL_Driver/Src/stm32f7xx_hal_can.o
                0x08001d56                HAL_CAN_WakeUpFromRxMsgCallback
 .text.HAL_CAN_ErrorCallback
                0x08001d6a       0x14 ./Drivers/STM32F7xx_HAL_Driver/Src/stm32f7xx_hal_can.o
                0x08001d6a                HAL_CAN_ErrorCallback
 *fill*         0x08001d7e        0x2 
 .text.__NVIC_SetPriorityGrouping
                0x08001d80       0x48 ./Drivers/STM32F7xx_HAL_Driver/Src/stm32f7xx_hal_cortex.o
 .text.__NVIC_GetPriorityGrouping
                0x08001dc8       0x1c ./Drivers/STM32F7xx_HAL_Driver/Src/stm32f7xx_hal_cortex.o
 .text.__NVIC_EnableIRQ
                0x08001de4       0x3c ./Drivers/STM32F7xx_HAL_Driver/Src/stm32f7xx_hal_cortex.o
 .text.__NVIC_SetPriority
                0x08001e20       0x54 ./Drivers/STM32F7xx_HAL_Driver/Src/stm32f7xx_hal_cortex.o
 .text.NVIC_EncodePriority
                0x08001e74       0x66 ./Drivers/STM32F7xx_HAL_Driver/Src/stm32f7xx_hal_cortex.o
 *fill*         0x08001eda        0x2 
 .text.SysTick_Config
                0x08001edc       0x44 ./Drivers/STM32F7xx_HAL_Driver/Src/stm32f7xx_hal_cortex.o
 .text.HAL_NVIC_SetPriorityGrouping
                0x08001f20       0x16 ./Drivers/STM32F7xx_HAL_Driver/Src/stm32f7xx_hal_cortex.o
                0x08001f20                HAL_NVIC_SetPriorityGrouping
 .text.HAL_NVIC_SetPriority
                0x08001f36       0x38 ./Drivers/STM32F7xx_HAL_Driver/Src/stm32f7xx_hal_cortex.o
                0x08001f36                HAL_NVIC_SetPriority
 .text.HAL_NVIC_EnableIRQ
                0x08001f6e       0x1c ./Drivers/STM32F7xx_HAL_Driver/Src/stm32f7xx_hal_cortex.o
                0x08001f6e                HAL_NVIC_EnableIRQ
 .text.HAL_SYSTICK_Config
                0x08001f8a       0x18 ./Drivers/STM32F7xx_HAL_Driver/Src/stm32f7xx_hal_cortex.o
                0x08001f8a                HAL_SYSTICK_Config
 *fill*         0x08001fa2        0x2 
 .text.HAL_ETH_Init
                0x08001fa4      0x134 ./Drivers/STM32F7xx_HAL_Driver/Src/stm32f7xx_hal_eth.o
                0x08001fa4                HAL_ETH_Init
 .text.ETH_SetMACConfig
                0x080020d8      0x168 ./Drivers/STM32F7xx_HAL_Driver/Src/stm32f7xx_hal_eth.o
 .text.ETH_SetDMAConfig
                0x08002240      0x114 ./Drivers/STM32F7xx_HAL_Driver/Src/stm32f7xx_hal_eth.o
 .text.ETH_MACDMAConfig
                0x08002354       0xea ./Drivers/STM32F7xx_HAL_Driver/Src/stm32f7xx_hal_eth.o
 *fill*         0x0800243e        0x2 
 .text.ETH_MACAddressConfig
                0x08002440       0x70 ./Drivers/STM32F7xx_HAL_Driver/Src/stm32f7xx_hal_eth.o
 .text.ETH_DMATxDescListInit
                0x080024b0       0xb2 ./Drivers/STM32F7xx_HAL_Driver/Src/stm32f7xx_hal_eth.o
 .text.ETH_DMARxDescListInit
                0x08002562       0xde ./Drivers/STM32F7xx_HAL_Driver/Src/stm32f7xx_hal_eth.o
 .text.HAL_GPIO_Init
                0x08002640      0x358 ./Drivers/STM32F7xx_HAL_Driver/Src/stm32f7xx_hal_gpio.o
                0x08002640                HAL_GPIO_Init
 .text.HAL_PWREx_EnableOverDrive
                0x08002998       0xa0 ./Drivers/STM32F7xx_HAL_Driver/Src/stm32f7xx_hal_pwr_ex.o
                0x08002998                HAL_PWREx_EnableOverDrive
 .text.HAL_RCC_OscConfig
                0x08002a38      0x55c ./Drivers/STM32F7xx_HAL_Driver/Src/stm32f7xx_hal_rcc.o
                0x08002a38                HAL_RCC_OscConfig
 .text.HAL_RCC_ClockConfig
                0x08002f94      0x1d8 ./Drivers/STM32F7xx_HAL_Driver/Src/stm32f7xx_hal_rcc.o
                0x08002f94                HAL_RCC_ClockConfig
 .text.HAL_RCC_EnableCSS
                0x0800316c       0x20 ./Drivers/STM32F7xx_HAL_Driver/Src/stm32f7xx_hal_rcc.o
                0x0800316c                HAL_RCC_EnableCSS
 .text.HAL_RCC_GetSysClockFreq
                0x0800318c      0x20c ./Drivers/STM32F7xx_HAL_Driver/Src/stm32f7xx_hal_rcc.o
                0x0800318c                HAL_RCC_GetSysClockFreq
 .text.HAL_RCC_NMI_IRQHandler
                0x08003398       0x28 ./Drivers/STM32F7xx_HAL_Driver/Src/stm32f7xx_hal_rcc.o
                0x08003398                HAL_RCC_NMI_IRQHandler
 .text.HAL_RCC_CSSCallback
                0x080033c0        0xe ./Drivers/STM32F7xx_HAL_Driver/Src/stm32f7xx_hal_rcc.o
                0x080033c0                HAL_RCC_CSSCallback
 .text.memset   0x080033ce       0x10 C:/ST/STM32CubeIDE_1.16.1/STM32CubeIDE/plugins/com.st.stm32cube.ide.mcu.externaltools.gnu-tools-for-stm32.13.3.rel1.win32_1.0.0.202411081344/tools/bin/../lib/gcc/arm-none-eabi/13.3.1/../../../../arm-none-eabi/lib/thumb/v7e-m+dp/hard\libc_nano.a(libc_a-memset.o)
                0x080033ce                memset
 *fill*         0x080033de        0x2 
 .text.__libc_init_array
                0x080033e0       0x48 C:/ST/STM32CubeIDE_1.16.1/STM32CubeIDE/plugins/com.st.stm32cube.ide.mcu.externaltools.gnu-tools-for-stm32.13.3.rel1.win32_1.0.0.202411081344/tools/bin/../lib/gcc/arm-none-eabi/13.3.1/../../../../arm-none-eabi/lib/thumb/v7e-m+dp/hard\libc_nano.a(libc_a-init.o)
                0x080033e0                __libc_init_array
 .text.memcpy   0x08003428       0x1c C:/ST/STM32CubeIDE_1.16.1/STM32CubeIDE/plugins/com.st.stm32cube.ide.mcu.externaltools.gnu-tools-for-stm32.13.3.rel1.win32_1.0.0.202411081344/tools/bin/../lib/gcc/arm-none-eabi/13.3.1/../../../../arm-none-eabi/lib/thumb/v7e-m+dp/hard\libc_nano.a(libc_a-memcpy-stub.o)
                0x08003428                memcpy
 *(.glue_7)
 .glue_7        0x08003444        0x0 linker stubs
 *(.glue_7t)
 .glue_7t       0x08003444        0x0 linker stubs
 *(.eh_frame)
 .eh_frame      0x08003444        0x0 C:/ST/STM32CubeIDE_1.16.1/STM32CubeIDE/plugins/com.st.stm32cube.ide.mcu.externaltools.gnu-tools-for-stm32.13.3.rel1.win32_1.0.0.202411081344/tools/bin/../lib/gcc/arm-none-eabi/13.3.1/thumb/v7e-m+dp/hard/crtbegin.o
 *(.init)
 .init          0x08003444        0x4 C:/ST/STM32CubeIDE_1.16.1/STM32CubeIDE/plugins/com.st.stm32cube.ide.mcu.externaltools.gnu-tools-for-stm32.13.3.rel1.win32_1.0.0.202411081344/tools/bin/../lib/gcc/arm-none-eabi/13.3.1/thumb/v7e-m+dp/hard/crti.o
                0x08003444                _init
 .init          0x08003448        0x8 C:/ST/STM32CubeIDE_1.16.1/STM32CubeIDE/plugins/com.st.stm32cube.ide.mcu.externaltools.gnu-tools-for-stm32.13.3.rel1.win32_1.0.0.202411081344/tools/bin/../lib/gcc/arm-none-eabi/13.3.1/thumb/v7e-m+dp/hard/crtn.o
 *(.fini)
 .fini          0x08003450        0x4 C:/ST/STM32CubeIDE_1.16.1/STM32CubeIDE/plugins/com.st.stm32cube.ide.mcu.externaltools.gnu-tools-for-stm32.13.3.rel1.win32_1.0.0.202411081344/tools/bin/../lib/gcc/arm-none-eabi/13.3.1/thumb/v7e-m+dp/hard/crti.o
                0x08003450                _fini
 .fini          0x08003454        0x8 C:/ST/STM32CubeIDE_1.16.1/STM32CubeIDE/plugins/com.st.stm32cube.ide.mcu.externaltools.gnu-tools-for-stm32.13.3.rel1.win32_1.0.0.202411081344/tools/bin/../lib/gcc/arm-none-eabi/13.3.1/thumb/v7e-m+dp/hard/crtn.o
                0x0800345c                        . = ALIGN (0x4)
                0x0800345c                        _etext = .

.vfp11_veneer   0x0800345c        0x0
 .vfp11_veneer  0x0800345c        0x0 linker stubs

.v4_bx          0x0800345c        0x0
 .v4_bx         0x0800345c        0x0 linker stubs

.iplt           0x0800345c        0x0
 .iplt          0x0800345c        0x0 C:/ST/STM32CubeIDE_1.16.1/STM32CubeIDE/plugins/com.st.stm32cube.ide.mcu.externaltools.gnu-tools-for-stm32.13.3.rel1.win32_1.0.0.202411081344/tools/bin/../lib/gcc/arm-none-eabi/13.3.1/thumb/v7e-m+dp/hard/crtbegin.o

.rodata         0x0800345c       0x10
                0x0800345c                        . = ALIGN (0x4)
 *(.rodata)
 *(.rodata*)
 .rodata.AHBPrescTable
                0x0800345c       0x10 ./Core/Src/system_stm32f7xx.o
                0x0800345c                AHBPrescTable
                0x0800346c                        . = ALIGN (0x4)

.ARM.extab      0x0800346c        0x0
                0x0800346c                        . = ALIGN (0x4)
 *(.ARM.extab* .gnu.linkonce.armextab.*)
                0x0800346c                        . = ALIGN (0x4)

.ARM            0x0800346c        0x8
                0x0800346c                        . = ALIGN (0x4)
                0x0800346c                        __exidx_start = .
 *(.ARM.exidx*)
 .ARM.exidx     0x0800346c        0x8 C:/ST/STM32CubeIDE_1.16.1/STM32CubeIDE/plugins/com.st.stm32cube.ide.mcu.externaltools.gnu-tools-for-stm32.13.3.rel1.win32_1.0.0.202411081344/tools/bin/../lib/gcc/arm-none-eabi/13.3.1/thumb/v7e-m+dp/hard\libgcc.a(_udivmoddi4.o)
                0x08003474                        __exidx_end = .
                0x08003474                        . = ALIGN (0x4)

.preinit_array  0x08003474        0x0
                0x08003474                        . = ALIGN (0x4)
                0x08003474                        PROVIDE (__preinit_array_start = .)
 *(.preinit_array*)
                0x08003474                        PROVIDE (__preinit_array_end = .)
                0x08003474                        . = ALIGN (0x4)

.init_array     0x08003474        0x4
                0x08003474                        . = ALIGN (0x4)
                0x08003474                        PROVIDE (__init_array_start = .)
 *(SORT_BY_NAME(.init_array.*))
 *(.init_array*)
 .init_array    0x08003474        0x4 C:/ST/STM32CubeIDE_1.16.1/STM32CubeIDE/plugins/com.st.stm32cube.ide.mcu.externaltools.gnu-tools-for-stm32.13.3.rel1.win32_1.0.0.202411081344/tools/bin/../lib/gcc/arm-none-eabi/13.3.1/thumb/v7e-m+dp/hard/crtbegin.o
                0x08003478                        PROVIDE (__init_array_end = .)
                0x08003478                        . = ALIGN (0x4)

.fini_array     0x08003478        0x4
                0x08003478                        . = ALIGN (0x4)
                [!provide]                        PROVIDE (__fini_array_start = .)
 *(SORT_BY_NAME(.fini_array.*))
 *(.fini_array*)
 .fini_array    0x08003478        0x4 C:/ST/STM32CubeIDE_1.16.1/STM32CubeIDE/plugins/com.st.stm32cube.ide.mcu.externaltools.gnu-tools-for-stm32.13.3.rel1.win32_1.0.0.202411081344/tools/bin/../lib/gcc/arm-none-eabi/13.3.1/thumb/v7e-m+dp/hard/crtbegin.o
                [!provide]                        PROVIDE (__fini_array_end = .)
                0x0800347c                        . = ALIGN (0x4)
                0x0800347c                        _sidata = LOADADDR (.data)

.rel.dyn        0x0800347c        0x0
 .rel.iplt      0x0800347c        0x0 C:/ST/STM32CubeIDE_1.16.1/STM32CubeIDE/plugins/com.st.stm32cube.ide.mcu.externaltools.gnu-tools-for-stm32.13.3.rel1.win32_1.0.0.202411081344/tools/bin/../lib/gcc/arm-none-eabi/13.3.1/thumb/v7e-m+dp/hard/crtbegin.o

.data           0x20000000       0x20 load address 0x0800347c
                0x20000000                        . = ALIGN (0x4)
                0x20000000                        _sdata = .
 *(.data)
 *(.data*)
 .data.device_id
                0x20000000        0x1 ./Core/Src/main.o
                0x20000000                device_id
 *fill*         0x20000001        0x3 
 .data.cube_msg
                0x20000004        0xf ./Core/Src/main.o
                0x20000004                cube_msg
 *fill*         0x20000013        0x1 
 .data.SystemCoreClock
                0x20000014        0x4 ./Core/Src/system_stm32f7xx.o
                0x20000014                SystemCoreClock
 .data.uwTickPrio
                0x20000018        0x4 ./Drivers/STM32F7xx_HAL_Driver/Src/stm32f7xx_hal.o
                0x20000018                uwTickPrio
 .data.uwTickFreq
                0x2000001c        0x1 ./Drivers/STM32F7xx_HAL_Driver/Src/stm32f7xx_hal.o
                0x2000001c                uwTickFreq
 *(.RamFunc)
 *(.RamFunc*)
                0x20000020                        . = ALIGN (0x4)
 *fill*         0x2000001d        0x3 
                0x20000020                        _edata = .

.igot.plt       0x20000020        0x0 load address 0x0800349c
 .igot.plt      0x20000020        0x0 C:/ST/STM32CubeIDE_1.16.1/STM32CubeIDE/plugins/com.st.stm32cube.ide.mcu.externaltools.gnu-tools-for-stm32.13.3.rel1.win32_1.0.0.202411081344/tools/bin/../lib/gcc/arm-none-eabi/13.3.1/thumb/v7e-m+dp/hard/crtbegin.o

.RxDecripSection
                0x20000020       0xa0 load address 0x0800349c
 .RxDecripSection
                0x20000020       0xa0 ./Core/Src/main.o
                0x20000020                DMARxDscrTab

.TxDecripSection
                0x200000c0       0xa0 load address 0x0800353c
 .TxDecripSection
                0x200000c0       0xa0 ./Core/Src/main.o
                0x200000c0                DMATxDscrTab
                0x20000160                        . = ALIGN (0x4)

.bss            0x20000160      0x1c8 load address 0x080035dc
                0x20000160                        _sbss = .
                0x20000160                        __bss_start__ = _sbss
 *(.bss)
 .bss           0x20000160       0x1c C:/ST/STM32CubeIDE_1.16.1/STM32CubeIDE/plugins/com.st.stm32cube.ide.mcu.externaltools.gnu-tools-for-stm32.13.3.rel1.win32_1.0.0.202411081344/tools/bin/../lib/gcc/arm-none-eabi/13.3.1/thumb/v7e-m+dp/hard/crtbegin.o
 *(.bss*)
 .bss.cubeTxHeader
                0x2000017c       0x18 ./Core/Src/main.o
                0x2000017c                cubeTxHeader
 .bss.cubeRxHeader
                0x20000194       0x1c ./Core/Src/main.o
                0x20000194                cubeRxHeader
 .bss.RxHeader  0x200001b0       0x1c ./Core/Src/main.o
                0x200001b0                RxHeader
 .bss.can_data  0x200001cc        0x8 ./Core/Src/main.o
                0x200001cc                can_data
 .bss.can_mag_data
                0x200001d4        0x8 ./Core/Src/main.o
                0x200001d4                can_mag_data
 .bss.TxConfig  0x200001dc       0x38 ./Core/Src/main.o
                0x200001dc                TxConfig
 .bss.hcan1     0x20000214       0x28 ./Core/Src/main.o
                0x20000214                hcan1
 .bss.hcan2     0x2000023c       0x28 ./Core/Src/main.o
                0x2000023c                hcan2
 .bss.heth      0x20000264       0xb0 ./Core/Src/main.o
                0x20000264                heth
 .bss.ext_id    0x20000314        0x4 ./Core/Src/main.o
                0x20000314                ext_id
 .bss.MACAddr.0
                0x20000318        0x6 ./Core/Src/main.o
 *fill*         0x2000031e        0x2 
 .bss.HAL_RCC_CAN1_CLK_ENABLED
                0x20000320        0x4 ./Core/Src/stm32f7xx_hal_msp.o
 .bss.uwTick    0x20000324        0x4 ./Drivers/STM32F7xx_HAL_Driver/Src/stm32f7xx_hal.o
                0x20000324                uwTick
 *(COMMON)
                0x20000328                        . = ALIGN (0x4)
                0x20000328                        _ebss = .
                0x20000328                        __bss_end__ = _ebss

._user_heap_stack
                0x20000328      0x600 load address 0x080035dc
                0x20000328                        . = ALIGN (0x8)
                [!provide]                        PROVIDE (end = .)
                0x20000328                        PROVIDE (_end = .)
                0x20000528                        . = (. + _Min_Heap_Size)
 *fill*         0x20000328      0x200 
                0x20000928                        . = (. + _Min_Stack_Size)
 *fill*         0x20000528      0x400 
                0x20000928                        . = ALIGN (0x8)

/DISCARD/
 libc.a(*)
 libm.a(*)
 libgcc.a(*)

.ARM.attributes
                0x00000000       0x2e
 *(.ARM.attributes)
 .ARM.attributes
                0x00000000       0x20 C:/ST/STM32CubeIDE_1.16.1/STM32CubeIDE/plugins/com.st.stm32cube.ide.mcu.externaltools.gnu-tools-for-stm32.13.3.rel1.win32_1.0.0.202411081344/tools/bin/../lib/gcc/arm-none-eabi/13.3.1/thumb/v7e-m+dp/hard/crti.o
 .ARM.attributes
                0x00000020       0x32 C:/ST/STM32CubeIDE_1.16.1/STM32CubeIDE/plugins/com.st.stm32cube.ide.mcu.externaltools.gnu-tools-for-stm32.13.3.rel1.win32_1.0.0.202411081344/tools/bin/../lib/gcc/arm-none-eabi/13.3.1/thumb/v7e-m+dp/hard/crtbegin.o
 .ARM.attributes
                0x00000052       0x32 ./Core/Src/main.o
 .ARM.attributes
                0x00000084       0x32 ./Core/Src/stm32f7xx_hal_msp.o
 .ARM.attributes
                0x000000b6       0x32 ./Core/Src/stm32f7xx_it.o
 .ARM.attributes
                0x000000e8       0x32 ./Core/Src/system_stm32f7xx.o
 .ARM.attributes
                0x0000011a       0x21 ./Core/Startup/startup_stm32f767zitx.o
 .ARM.attributes
                0x0000013b       0x32 ./Drivers/STM32F7xx_HAL_Driver/Src/stm32f7xx_hal.o
 .ARM.attributes
                0x0000016d       0x32 ./Drivers/STM32F7xx_HAL_Driver/Src/stm32f7xx_hal_can.o
 .ARM.attributes
                0x0000019f       0x32 ./Drivers/STM32F7xx_HAL_Driver/Src/stm32f7xx_hal_cortex.o
 .ARM.attributes
                0x000001d1       0x32 ./Drivers/STM32F7xx_HAL_Driver/Src/stm32f7xx_hal_eth.o
 .ARM.attributes
                0x00000203       0x32 ./Drivers/STM32F7xx_HAL_Driver/Src/stm32f7xx_hal_gpio.o
 .ARM.attributes
                0x00000235       0x32 ./Drivers/STM32F7xx_HAL_Driver/Src/stm32f7xx_hal_pwr_ex.o
 .ARM.attributes
                0x00000267       0x32 ./Drivers/STM32F7xx_HAL_Driver/Src/stm32f7xx_hal_rcc.o
 .ARM.attributes
                0x00000299       0x32 C:/ST/STM32CubeIDE_1.16.1/STM32CubeIDE/plugins/com.st.stm32cube.ide.mcu.externaltools.gnu-tools-for-stm32.13.3.rel1.win32_1.0.0.202411081344/tools/bin/../lib/gcc/arm-none-eabi/13.3.1/../../../../arm-none-eabi/lib/thumb/v7e-m+dp/hard\libc_nano.a(libc_a-memset.o)
 .ARM.attributes
                0x000002cb       0x32 C:/ST/STM32CubeIDE_1.16.1/STM32CubeIDE/plugins/com.st.stm32cube.ide.mcu.externaltools.gnu-tools-for-stm32.13.3.rel1.win32_1.0.0.202411081344/tools/bin/../lib/gcc/arm-none-eabi/13.3.1/../../../../arm-none-eabi/lib/thumb/v7e-m+dp/hard\libc_nano.a(libc_a-init.o)
 .ARM.attributes
                0x000002fd       0x32 C:/ST/STM32CubeIDE_1.16.1/STM32CubeIDE/plugins/com.st.stm32cube.ide.mcu.externaltools.gnu-tools-for-stm32.13.3.rel1.win32_1.0.0.202411081344/tools/bin/../lib/gcc/arm-none-eabi/13.3.1/../../../../arm-none-eabi/lib/thumb/v7e-m+dp/hard\libc_nano.a(libc_a-memcpy-stub.o)
 .ARM.attributes
                0x0000032f       0x20 C:/ST/STM32CubeIDE_1.16.1/STM32CubeIDE/plugins/com.st.stm32cube.ide.mcu.externaltools.gnu-tools-for-stm32.13.3.rel1.win32_1.0.0.202411081344/tools/bin/../lib/gcc/arm-none-eabi/13.3.1/thumb/v7e-m+dp/hard\libgcc.a(_aeabi_uldivmod.o)
 .ARM.attributes
                0x0000034f       0x32 C:/ST/STM32CubeIDE_1.16.1/STM32CubeIDE/plugins/com.st.stm32cube.ide.mcu.externaltools.gnu-tools-for-stm32.13.3.rel1.win32_1.0.0.202411081344/tools/bin/../lib/gcc/arm-none-eabi/13.3.1/thumb/v7e-m+dp/hard\libgcc.a(_udivmoddi4.o)
 .ARM.attributes
                0x00000381       0x20 C:/ST/STM32CubeIDE_1.16.1/STM32CubeIDE/plugins/com.st.stm32cube.ide.mcu.externaltools.gnu-tools-for-stm32.13.3.rel1.win32_1.0.0.202411081344/tools/bin/../lib/gcc/arm-none-eabi/13.3.1/thumb/v7e-m+dp/hard\libgcc.a(_dvmd_tls.o)
 .ARM.attributes
                0x000003a1       0x20 C:/ST/STM32CubeIDE_1.16.1/STM32CubeIDE/plugins/com.st.stm32cube.ide.mcu.externaltools.gnu-tools-for-stm32.13.3.rel1.win32_1.0.0.202411081344/tools/bin/../lib/gcc/arm-none-eabi/13.3.1/thumb/v7e-m+dp/hard/crtn.o
OUTPUT(magnetometer_emulator.elf elf32-littlearm)
LOAD linker stubs
LOAD C:/ST/STM32CubeIDE_1.16.1/STM32CubeIDE/plugins/com.st.stm32cube.ide.mcu.externaltools.gnu-tools-for-stm32.13.3.rel1.win32_1.0.0.202411081344/tools/bin/../lib/gcc/arm-none-eabi/13.3.1/../../../../arm-none-eabi/lib/thumb/v7e-m+dp/hard\libc.a
LOAD C:/ST/STM32CubeIDE_1.16.1/STM32CubeIDE/plugins/com.st.stm32cube.ide.mcu.externaltools.gnu-tools-for-stm32.13.3.rel1.win32_1.0.0.202411081344/tools/bin/../lib/gcc/arm-none-eabi/13.3.1/../../../../arm-none-eabi/lib/thumb/v7e-m+dp/hard\libm.a
LOAD C:/ST/STM32CubeIDE_1.16.1/STM32CubeIDE/plugins/com.st.stm32cube.ide.mcu.externaltools.gnu-tools-for-stm32.13.3.rel1.win32_1.0.0.202411081344/tools/bin/../lib/gcc/arm-none-eabi/13.3.1/thumb/v7e-m+dp/hard\libgcc.a

.debug_info     0x00000000     0x9f10
 .debug_info    0x00000000     0x1997 ./Core/Src/main.o
 .debug_info    0x00001997     0x155a ./Core/Src/stm32f7xx_hal_msp.o
 .debug_info    0x00002ef1      0x529 ./Core/Src/stm32f7xx_it.o
 .debug_info    0x0000341a      0x6ed ./Core/Src/system_stm32f7xx.o
 .debug_info    0x00003b07       0x30 ./Core/Startup/startup_stm32f767zitx.o
 .debug_info    0x00003b37      0xa4c ./Drivers/STM32F7xx_HAL_Driver/Src/stm32f7xx_hal.o
 .debug_info    0x00004583      0xf0c ./Drivers/STM32F7xx_HAL_Driver/Src/stm32f7xx_hal_can.o
 .debug_info    0x0000548f      0xfc0 ./Drivers/STM32F7xx_HAL_Driver/Src/stm32f7xx_hal_cortex.o
 .debug_info    0x0000644f     0x21b6 ./Drivers/STM32F7xx_HAL_Driver/Src/stm32f7xx_hal_eth.o
 .debug_info    0x00008605      0x6f3 ./Drivers/STM32F7xx_HAL_Driver/Src/stm32f7xx_hal_gpio.o
 .debug_info    0x00008cf8      0x8cd ./Drivers/STM32F7xx_HAL_Driver/Src/stm32f7xx_hal_pwr_ex.o
 .debug_info    0x000095c5      0x94b ./Drivers/STM32F7xx_HAL_Driver/Src/stm32f7xx_hal_rcc.o

.debug_abbrev   0x00000000     0x1a1b
 .debug_abbrev  0x00000000      0x380 ./Core/Src/main.o
 .debug_abbrev  0x00000380      0x232 ./Core/Src/stm32f7xx_hal_msp.o
 .debug_abbrev  0x000005b2      0x1b7 ./Core/Src/stm32f7xx_it.o
 .debug_abbrev  0x00000769      0x13b ./Core/Src/system_stm32f7xx.o
 .debug_abbrev  0x000008a4       0x24 ./Core/Startup/startup_stm32f767zitx.o
 .debug_abbrev  0x000008c8      0x213 ./Drivers/STM32F7xx_HAL_Driver/Src/stm32f7xx_hal.o
 .debug_abbrev  0x00000adb      0x241 ./Drivers/STM32F7xx_HAL_Driver/Src/stm32f7xx_hal_can.o
 .debug_abbrev  0x00000d1c      0x31e ./Drivers/STM32F7xx_HAL_Driver/Src/stm32f7xx_hal_cortex.o
 .debug_abbrev  0x0000103a      0x35a ./Drivers/STM32F7xx_HAL_Driver/Src/stm32f7xx_hal_eth.o
 .debug_abbrev  0x00001394      0x1d4 ./Drivers/STM32F7xx_HAL_Driver/Src/stm32f7xx_hal_gpio.o
 .debug_abbrev  0x00001568      0x1d5 ./Drivers/STM32F7xx_HAL_Driver/Src/stm32f7xx_hal_pwr_ex.o
 .debug_abbrev  0x0000173d      0x2de ./Drivers/STM32F7xx_HAL_Driver/Src/stm32f7xx_hal_rcc.o

.debug_aranges  0x00000000      0x838
 .debug_aranges
                0x00000000       0x80 ./Core/Src/main.o
 .debug_aranges
                0x00000080       0x40 ./Core/Src/stm32f7xx_hal_msp.o
 .debug_aranges
                0x000000c0       0x70 ./Core/Src/stm32f7xx_it.o
 .debug_aranges
                0x00000130       0x28 ./Core/Src/system_stm32f7xx.o
 .debug_aranges
                0x00000158       0x28 ./Core/Startup/startup_stm32f767zitx.o
 .debug_aranges
                0x00000180      0x110 ./Drivers/STM32F7xx_HAL_Driver/Src/stm32f7xx_hal.o
 .debug_aranges
                0x00000290      0x138 ./Drivers/STM32F7xx_HAL_Driver/Src/stm32f7xx_hal_can.o
 .debug_aranges
                0x000003c8      0x128 ./Drivers/STM32F7xx_HAL_Driver/Src/stm32f7xx_hal_cortex.o
 .debug_aranges
                0x000004f0      0x1e8 ./Drivers/STM32F7xx_HAL_Driver/Src/stm32f7xx_hal_eth.o
 .debug_aranges
                0x000006d8       0x58 ./Drivers/STM32F7xx_HAL_Driver/Src/stm32f7xx_hal_gpio.o
 .debug_aranges
                0x00000730       0x80 ./Drivers/STM32F7xx_HAL_Driver/Src/stm32f7xx_hal_pwr_ex.o
 .debug_aranges
                0x000007b0       0x88 ./Drivers/STM32F7xx_HAL_Driver/Src/stm32f7xx_hal_rcc.o

.debug_rnglists
                0x00000000      0x628
 .debug_rnglists
                0x00000000       0x61 ./Core/Src/main.o
 .debug_rnglists
                0x00000061       0x2e ./Core/Src/stm32f7xx_hal_msp.o
 .debug_rnglists
                0x0000008f       0x4f ./Core/Src/stm32f7xx_it.o
 .debug_rnglists
                0x000000de       0x1a ./Core/Src/system_stm32f7xx.o
 .debug_rnglists
                0x000000f8       0x19 ./Core/Startup/startup_stm32f767zitx.o
 .debug_rnglists
                0x00000111       0xc7 ./Drivers/STM32F7xx_HAL_Driver/Src/stm32f7xx_hal.o
 .debug_rnglists
                0x000001d8       0xee ./Drivers/STM32F7xx_HAL_Driver/Src/stm32f7xx_hal_can.o
 .debug_rnglists
                0x000002c6       0xda ./Drivers/STM32F7xx_HAL_Driver/Src/stm32f7xx_hal_cortex.o
 .debug_rnglists
                0x000003a0      0x183 ./Drivers/STM32F7xx_HAL_Driver/Src/stm32f7xx_hal_eth.o
 .debug_rnglists
                0x00000523       0x3f ./Drivers/STM32F7xx_HAL_Driver/Src/stm32f7xx_hal_gpio.o
 .debug_rnglists
                0x00000562       0x5f ./Drivers/STM32F7xx_HAL_Driver/Src/stm32f7xx_hal_pwr_ex.o
 .debug_rnglists
                0x000005c1       0x67 ./Drivers/STM32F7xx_HAL_Driver/Src/stm32f7xx_hal_rcc.o

.debug_macro    0x00000000    0x271e5
 .debug_macro   0x00000000      0x2a7 ./Core/Src/main.o
 .debug_macro   0x000002a7      0xaf0 ./Core/Src/main.o
 .debug_macro   0x00000d97      0x293 ./Core/Src/main.o
 .debug_macro   0x0000102a       0x2e ./Core/Src/main.o
 .debug_macro   0x00001058       0x3b ./Core/Src/main.o
 .debug_macro   0x00001093       0x22 ./Core/Src/main.o
 .debug_macro   0x000010b5       0x8e ./Core/Src/main.o
 .debug_macro   0x00001143       0x51 ./Core/Src/main.o
 .debug_macro   0x00001194      0x103 ./Core/Src/main.o
 .debug_macro   0x00001297       0x6a ./Core/Src/main.o
 .debug_macro   0x00001301      0x1df ./Core/Src/main.o
 .debug_macro   0x000014e0       0x1c ./Core/Src/main.o
 .debug_macro   0x000014fc       0x22 ./Core/Src/main.o
 .debug_macro   0x0000151e       0xd9 ./Core/Src/main.o
 .debug_macro   0x000015f7     0x12cd ./Core/Src/main.o
 .debug_macro   0x000028c4      0x11f ./Core/Src/main.o
 .debug_macro   0x000029e3       0x19 ./Core/Src/main.o
 .debug_macro   0x000029fc    0x1aa23 ./Core/Src/main.o
 .debug_macro   0x0001d41f       0x6d ./Core/Src/main.o
 .debug_macro   0x0001d48c     0x375e ./Core/Src/main.o
 .debug_macro   0x00020bea      0x190 ./Core/Src/main.o
 .debug_macro   0x00020d7a       0x63 ./Core/Src/main.o
 .debug_macro   0x00020ddd     0x1add ./Core/Src/main.o
 .debug_macro   0x000228ba      0x6c4 ./Core/Src/main.o
 .debug_macro   0x00022f7e      0x18b ./Core/Src/main.o
 .debug_macro   0x00023109      0x115 ./Core/Src/main.o
 .debug_macro   0x0002321e      0x26e ./Core/Src/main.o
 .debug_macro   0x0002348c       0xa5 ./Core/Src/main.o
 .debug_macro   0x00023531      0x24f ./Core/Src/main.o
 .debug_macro   0x00023780       0x71 ./Core/Src/main.o
 .debug_macro   0x000237f1       0x58 ./Core/Src/main.o
 .debug_macro   0x00023849      0x236 ./Core/Src/main.o
 .debug_macro   0x00023a7f      0x40f ./Core/Src/main.o
 .debug_macro   0x00023e8e      0xb99 ./Core/Src/main.o
 .debug_macro   0x00024a27      0x14e ./Core/Src/main.o
 .debug_macro   0x00024b75      0x3db ./Core/Src/main.o
 .debug_macro   0x00024f50       0x12 ./Core/Src/main.o
 .debug_macro   0x00024f62      0x22c ./Core/Src/main.o
 .debug_macro   0x0002518e       0x61 ./Core/Src/main.o
 .debug_macro   0x000251ef       0xa5 ./Core/Src/main.o
 .debug_macro   0x00025294      0x12e ./Core/Src/main.o
 .debug_macro   0x000253c2      0x108 ./Core/Src/main.o
 .debug_macro   0x000254ca       0x35 ./Core/Src/main.o
 .debug_macro   0x000254ff      0x15b ./Core/Src/main.o
 .debug_macro   0x0002565a       0x61 ./Core/Src/main.o
 .debug_macro   0x000256bb       0x29 ./Core/Src/main.o
 .debug_macro   0x000256e4       0x43 ./Core/Src/main.o
 .debug_macro   0x00025727       0x34 ./Core/Src/main.o
 .debug_macro   0x0002575b      0x370 ./Core/Src/main.o
 .debug_macro   0x00025acb       0x16 ./Core/Src/main.o
 .debug_macro   0x00025ae1       0x4a ./Core/Src/main.o
 .debug_macro   0x00025b2b       0x34 ./Core/Src/main.o
 .debug_macro   0x00025b5f       0x10 ./Core/Src/main.o
 .debug_macro   0x00025b6f       0x58 ./Core/Src/main.o
 .debug_macro   0x00025bc7       0x8e ./Core/Src/main.o
 .debug_macro   0x00025c55       0x1c ./Core/Src/main.o
 .debug_macro   0x00025c71      0x185 ./Core/Src/main.o
 .debug_macro   0x00025df6       0x10 ./Core/Src/main.o
 .debug_macro   0x00025e06       0x3c ./Core/Src/main.o
 .debug_macro   0x00025e42       0x20 ./Core/Src/main.o
 .debug_macro   0x00025e62      0x1d9 ./Core/Src/stm32f7xx_hal_msp.o
 .debug_macro   0x0002603b      0x1e3 ./Core/Src/stm32f7xx_it.o
 .debug_macro   0x0002621e      0x1cf ./Core/Src/system_stm32f7xx.o
 .debug_macro   0x000263ed      0x1f3 ./Drivers/STM32F7xx_HAL_Driver/Src/stm32f7xx_hal.o
 .debug_macro   0x000265e0      0x1de ./Drivers/STM32F7xx_HAL_Driver/Src/stm32f7xx_hal_can.o
 .debug_macro   0x000267be      0x1cf ./Drivers/STM32F7xx_HAL_Driver/Src/stm32f7xx_hal_cortex.o
 .debug_macro   0x0002698d      0x2a9 ./Drivers/STM32F7xx_HAL_Driver/Src/stm32f7xx_hal_eth.o
 .debug_macro   0x00026c36      0x1d5 ./Drivers/STM32F7xx_HAL_Driver/Src/stm32f7xx_hal_gpio.o
 .debug_macro   0x00026e0b      0x1e7 ./Drivers/STM32F7xx_HAL_Driver/Src/stm32f7xx_hal_pwr_ex.o
 .debug_macro   0x00026ff2      0x1f3 ./Drivers/STM32F7xx_HAL_Driver/Src/stm32f7xx_hal_rcc.o

.debug_line     0x00000000     0x8db3
 .debug_line    0x00000000      0xbc3 ./Core/Src/main.o
 .debug_line    0x00000bc3      0x877 ./Core/Src/stm32f7xx_hal_msp.o
 .debug_line    0x0000143a      0x81d ./Core/Src/stm32f7xx_it.o
 .debug_line    0x00001c57      0x7af ./Core/Src/system_stm32f7xx.o
 .debug_line    0x00002406       0x7a ./Core/Startup/startup_stm32f767zitx.o
 .debug_line    0x00002480      0xa92 ./Drivers/STM32F7xx_HAL_Driver/Src/stm32f7xx_hal.o
 .debug_line    0x00002f12     0x11f6 ./Drivers/STM32F7xx_HAL_Driver/Src/stm32f7xx_hal_can.o
 .debug_line    0x00004108      0xce2 ./Drivers/STM32F7xx_HAL_Driver/Src/stm32f7xx_hal_cortex.o
 .debug_line    0x00004dea     0x1a42 ./Drivers/STM32F7xx_HAL_Driver/Src/stm32f7xx_hal_eth.o
 .debug_line    0x0000682c      0xbbc ./Drivers/STM32F7xx_HAL_Driver/Src/stm32f7xx_hal_gpio.o
 .debug_line    0x000073e8      0xa32 ./Drivers/STM32F7xx_HAL_Driver/Src/stm32f7xx_hal_pwr_ex.o
 .debug_line    0x00007e1a      0xf99 ./Drivers/STM32F7xx_HAL_Driver/Src/stm32f7xx_hal_rcc.o

.debug_str      0x00000000    0xf32c2
 .debug_str     0x00000000    0xf32c2 ./Core/Src/main.o
                              0xf0d83 (size before relaxing)
 .debug_str     0x000f32c2    0xedca2 ./Core/Src/stm32f7xx_hal_msp.o
 .debug_str     0x000f32c2    0xecff1 ./Core/Src/stm32f7xx_it.o
 .debug_str     0x000f32c2    0xecf09 ./Core/Src/system_stm32f7xx.o
 .debug_str     0x000f32c2       0x8a ./Core/Startup/startup_stm32f767zitx.o
 .debug_str     0x000f32c2    0xed949 ./Drivers/STM32F7xx_HAL_Driver/Src/stm32f7xx_hal.o
 .debug_str     0x000f32c2    0xed517 ./Drivers/STM32F7xx_HAL_Driver/Src/stm32f7xx_hal_can.o
 .debug_str     0x000f32c2    0xed92b ./Drivers/STM32F7xx_HAL_Driver/Src/stm32f7xx_hal_cortex.o
 .debug_str     0x000f32c2    0xee745 ./Drivers/STM32F7xx_HAL_Driver/Src/stm32f7xx_hal_eth.o
 .debug_str     0x000f32c2    0xecfc7 ./Drivers/STM32F7xx_HAL_Driver/Src/stm32f7xx_hal_gpio.o
 .debug_str     0x000f32c2    0xed178 ./Drivers/STM32F7xx_HAL_Driver/Src/stm32f7xx_hal_pwr_ex.o
 .debug_str     0x000f32c2    0xed284 ./Drivers/STM32F7xx_HAL_Driver/Src/stm32f7xx_hal_rcc.o

.comment        0x00000000       0x43
 .comment       0x00000000       0x43 ./Core/Src/main.o
                                 0x44 (size before relaxing)
 .comment       0x00000043       0x44 ./Core/Src/stm32f7xx_hal_msp.o
 .comment       0x00000043       0x44 ./Core/Src/stm32f7xx_it.o
 .comment       0x00000043       0x44 ./Core/Src/system_stm32f7xx.o
 .comment       0x00000043       0x44 ./Drivers/STM32F7xx_HAL_Driver/Src/stm32f7xx_hal.o
 .comment       0x00000043       0x44 ./Drivers/STM32F7xx_HAL_Driver/Src/stm32f7xx_hal_can.o
 .comment       0x00000043       0x44 ./Drivers/STM32F7xx_HAL_Driver/Src/stm32f7xx_hal_cortex.o
 .comment       0x00000043       0x44 ./Drivers/STM32F7xx_HAL_Driver/Src/stm32f7xx_hal_eth.o
 .comment       0x00000043       0x44 ./Drivers/STM32F7xx_HAL_Driver/Src/stm32f7xx_hal_gpio.o
 .comment       0x00000043       0x44 ./Drivers/STM32F7xx_HAL_Driver/Src/stm32f7xx_hal_pwr_ex.o
 .comment       0x00000043       0x44 ./Drivers/STM32F7xx_HAL_Driver/Src/stm32f7xx_hal_rcc.o

.debug_frame    0x00000000     0x2150
 .debug_frame   0x00000000      0x1d4 ./Core/Src/main.o
 .debug_frame   0x000001d4       0xc8 ./Core/Src/stm32f7xx_hal_msp.o
 .debug_frame   0x0000029c      0x140 ./Core/Src/stm32f7xx_it.o
 .debug_frame   0x000003dc       0x58 ./Core/Src/system_stm32f7xx.o
 .debug_frame   0x00000434      0x3f4 ./Drivers/STM32F7xx_HAL_Driver/Src/stm32f7xx_hal.o
 .debug_frame   0x00000828      0x5a0 ./Drivers/STM32F7xx_HAL_Driver/Src/stm32f7xx_hal_can.o
 .debug_frame   0x00000dc8      0x4e8 ./Drivers/STM32F7xx_HAL_Driver/Src/stm32f7xx_hal_cortex.o
 .debug_frame   0x000012b0      0x8c0 ./Drivers/STM32F7xx_HAL_Driver/Src/stm32f7xx_hal_eth.o
 .debug_frame   0x00001b70      0x14c ./Drivers/STM32F7xx_HAL_Driver/Src/stm32f7xx_hal_gpio.o
 .debug_frame   0x00001cbc      0x1c8 ./Drivers/STM32F7xx_HAL_Driver/Src/stm32f7xx_hal_pwr_ex.o
 .debug_frame   0x00001e84      0x1f8 ./Drivers/STM32F7xx_HAL_Driver/Src/stm32f7xx_hal_rcc.o
 .debug_frame   0x0000207c       0x20 C:/ST/STM32CubeIDE_1.16.1/STM32CubeIDE/plugins/com.st.stm32cube.ide.mcu.externaltools.gnu-tools-for-stm32.13.3.rel1.win32_1.0.0.202411081344/tools/bin/../lib/gcc/arm-none-eabi/13.3.1/../../../../arm-none-eabi/lib/thumb/v7e-m+dp/hard\libc_nano.a(libc_a-memset.o)
 .debug_frame   0x0000209c       0x2c C:/ST/STM32CubeIDE_1.16.1/STM32CubeIDE/plugins/com.st.stm32cube.ide.mcu.externaltools.gnu-tools-for-stm32.13.3.rel1.win32_1.0.0.202411081344/tools/bin/../lib/gcc/arm-none-eabi/13.3.1/../../../../arm-none-eabi/lib/thumb/v7e-m+dp/hard\libc_nano.a(libc_a-init.o)
 .debug_frame   0x000020c8       0x28 C:/ST/STM32CubeIDE_1.16.1/STM32CubeIDE/plugins/com.st.stm32cube.ide.mcu.externaltools.gnu-tools-for-stm32.13.3.rel1.win32_1.0.0.202411081344/tools/bin/../lib/gcc/arm-none-eabi/13.3.1/../../../../arm-none-eabi/lib/thumb/v7e-m+dp/hard\libc_nano.a(libc_a-memcpy-stub.o)
 .debug_frame   0x000020f0       0x2c C:/ST/STM32CubeIDE_1.16.1/STM32CubeIDE/plugins/com.st.stm32cube.ide.mcu.externaltools.gnu-tools-for-stm32.13.3.rel1.win32_1.0.0.202411081344/tools/bin/../lib/gcc/arm-none-eabi/13.3.1/thumb/v7e-m+dp/hard\libgcc.a(_aeabi_uldivmod.o)
 .debug_frame   0x0000211c       0x34 C:/ST/STM32CubeIDE_1.16.1/STM32CubeIDE/plugins/com.st.stm32cube.ide.mcu.externaltools.gnu-tools-for-stm32.13.3.rel1.win32_1.0.0.202411081344/tools/bin/../lib/gcc/arm-none-eabi/13.3.1/thumb/v7e-m+dp/hard\libgcc.a(_udivmoddi4.o)

.debug_line_str
                0x00000000       0x6e
 .debug_line_str
                0x00000000       0x6e ./Core/Startup/startup_stm32f767zitx.o
