C:/Users/Chinnapop/Downloads/Git-test-DEMO/Git-test-DEMO/TSC1A_EM/ext_lib/sw-bundle-master-v4.3.0.16/libcubeobc/src/cubeObc_cubeComputer.c:28:11:cubeObc_cubeComputer_pollForFtpState	32	static
C:/Users/Chinnapop/Downloads/Git-test-DEMO/Git-test-DEMO/TSC1A_EM/ext_lib/sw-bundle-master-v4.3.0.16/libcubeobc/src/cubeObc_cubeComputer.c:65:11:cubeObc_cubeComputer_pollForFtpUpgradeState	32	static
C:/Users/Chinnapop/Downloads/Git-test-DEMO/Git-test-DEMO/TSC1A_EM/ext_lib/sw-bundle-master-v4.3.0.16/libcubeobc/src/cubeObc_cubeComputer.c:102:11:cubeObc_cubeComputer_uploadCubeSpaceFile	200	static
C:/Users/Chinnapop/Downloads/Git-test-DEMO/Git-test-DEMO/TSC1A_EM/ext_lib/sw-bundle-master-v4.3.0.16/libcubeobc/src/cubeObc_cubeComputer.c:175:11:cubeObc_cubeComputer_upgrade	184	static
C:/Users/Chinnapop/Downloads/Git-test-DEMO/Git-test-DEMO/TSC1A_EM/ext_lib/sw-bundle-master-v4.3.0.16/libcubeobc/src/cubeObc_cubeComputer.c:235:11:cubeObc_cubeComputer_getFileInfo	184	static
C:/Users/Chinnapop/Downloads/Git-test-DEMO/Git-test-DEMO/TSC1A_EM/ext_lib/sw-bundle-master-v4.3.0.16/libcubeobc/src/cubeObc_cubeComputer.c:278:11:cubeObc_cubeComputer_imagePollForState	32	static
C:/Users/Chinnapop/Downloads/Git-test-DEMO/Git-test-DEMO/TSC1A_EM/ext_lib/sw-bundle-master-v4.3.0.16/libcubeobc/src/cubeObc_cubeComputer.c:315:11:cubeObc_cubeComputer_imageGetInfoFirstLast	64	static
C:/Users/Chinnapop/Downloads/Git-test-DEMO/Git-test-DEMO/TSC1A_EM/ext_lib/sw-bundle-master-v4.3.0.16/libcubeobc/src/cubeObc_cubeComputer.c:385:11:cubeObc_cubeComputer_imageGetInfo	64	static
C:/Users/Chinnapop/Downloads/Git-test-DEMO/Git-test-DEMO/TSC1A_EM/ext_lib/sw-bundle-master-v4.3.0.16/libcubeobc/src/cubeObc_cubeComputer.c:457:11:cubeObc_cubeComputer_imageCaptureStore	48	static
C:/Users/Chinnapop/Downloads/Git-test-DEMO/Git-test-DEMO/TSC1A_EM/ext_lib/sw-bundle-master-v4.3.0.16/libcubeobc/src/cubeObc_cubeComputer.c:506:11:cubeObc_cubeComputer_imageDownloadDirect	48	static
C:/Users/Chinnapop/Downloads/Git-test-DEMO/Git-test-DEMO/TSC1A_EM/ext_lib/sw-bundle-master-v4.3.0.16/libcubeobc/src/cubeObc_cubeComputer.c:548:11:cubeObc_cubeComputer_imageDownloadStored	48	static
C:/Users/Chinnapop/Downloads/Git-test-DEMO/Git-test-DEMO/TSC1A_EM/ext_lib/sw-bundle-master-v4.3.0.16/libcubeobc/src/cubeObc_cubeComputer.c:590:11:cubeObc_cubeComputer_eventPollForState	32	static
C:/Users/Chinnapop/Downloads/Git-test-DEMO/Git-test-DEMO/TSC1A_EM/ext_lib/sw-bundle-master-v4.3.0.16/libcubeobc/src/cubeObc_cubeComputer.c:627:11:cubeObc_cubeComputer_eventDownload	40	static
C:/Users/Chinnapop/Downloads/Git-test-DEMO/Git-test-DEMO/TSC1A_EM/ext_lib/sw-bundle-master-v4.3.0.16/libcubeobc/src/cubeObc_cubeComputer.c:654:11:cubeObc_cubeComputer_tlmIncludeLogId	24	static
C:/Users/Chinnapop/Downloads/Git-test-DEMO/Git-test-DEMO/TSC1A_EM/ext_lib/sw-bundle-master-v4.3.0.16/libcubeobc/src/cubeObc_cubeComputer.c:668:11:cubeObc_cubeComputer_tlmPollForState	32	static
C:/Users/Chinnapop/Downloads/Git-test-DEMO/Git-test-DEMO/TSC1A_EM/ext_lib/sw-bundle-master-v4.3.0.16/libcubeobc/src/cubeObc_cubeComputer.c:705:11:cubeObc_cubeComputer_tlmDownload	40	static
