C:/Users/Chinnapop/Downloads/Git-test-DEMO/Git-test-DEMO/TSC1A_EM/ext_lib/sw-bundle-master-v4.3.0.16/libcubeobc/api/src/tctlmCubeNodeControlProgramPst3sQuad1.c:21:11:tctlmCubeNodeControlProgramPstsQuad1_setPst3sPortMap	64	static
C:/Users/Chinnapop/Downloads/Git-test-DEMO/Git-test-DEMO/TSC1A_EM/ext_lib/sw-bundle-master-v4.3.0.16/libcubeobc/api/src/tctlmCubeNodeControlProgramPst3sQuad1.c:62:11:tctlmCubeNodeControlProgramPstsQuad1_getPst3sConfig2	72	static
C:/Users/Chinnapop/Downloads/Git-test-DEMO/Git-test-DEMO/TSC1A_EM/ext_lib/sw-bundle-master-v4.3.0.16/libcubeobc/api/src/tctlmCubeNodeControlProgramPst3sQuad1.c:203:11:tctlmCubeNodeControlProgramPstsQuad1_getPst3sHousekeeping3	72	static
C:/Users/Chinnapop/Downloads/Git-test-DEMO/Git-test-DEMO/TSC1A_EM/ext_lib/sw-bundle-master-v4.3.0.16/libcubeobc/api/src/tctlmCubeNodeControlProgramPst3sQuad1.c:343:11:tctlmCubeNodeControlProgramPstsQuad1_getPst3sHousekeeping1	72	static
C:/Users/Chinnapop/Downloads/Git-test-DEMO/Git-test-DEMO/TSC1A_EM/ext_lib/sw-bundle-master-v4.3.0.16/libcubeobc/api/src/tctlmCubeNodeControlProgramPst3sQuad1.c:483:11:tctlmCubeNodeControlProgramPstsQuad1_getPst3sAttitude2	96	static
C:/Users/Chinnapop/Downloads/Git-test-DEMO/Git-test-DEMO/TSC1A_EM/ext_lib/sw-bundle-master-v4.3.0.16/libcubeobc/api/src/tctlmCubeNodeControlProgramPst3sQuad1.c:674:11:tctlmCubeNodeControlProgramPstsQuad1_getPst3sTlm3	112	static
C:/Users/Chinnapop/Downloads/Git-test-DEMO/Git-test-DEMO/TSC1A_EM/ext_lib/sw-bundle-master-v4.3.0.16/libcubeobc/api/src/tctlmCubeNodeControlProgramPst3sQuad1.c:1003:11:tctlmCubeNodeControlProgramPstsQuad1_getPst3sTlm1	112	static
C:/Users/Chinnapop/Downloads/Git-test-DEMO/Git-test-DEMO/TSC1A_EM/ext_lib/sw-bundle-master-v4.3.0.16/libcubeobc/api/src/tctlmCubeNodeControlProgramPst3sQuad1.c:1332:11:tctlmCubeNodeControlProgramPstsQuad1_getPst3sPortMap	64	static
C:/Users/Chinnapop/Downloads/Git-test-DEMO/Git-test-DEMO/TSC1A_EM/ext_lib/sw-bundle-master-v4.3.0.16/libcubeobc/api/src/tctlmCubeNodeControlProgramPst3sQuad1.c:1415:11:tctlmCubeNodeControlProgramPstsQuad1_getPst3sTlm2	112	static
C:/Users/Chinnapop/Downloads/Git-test-DEMO/Git-test-DEMO/TSC1A_EM/ext_lib/sw-bundle-master-v4.3.0.16/libcubeobc/api/src/tctlmCubeNodeControlProgramPst3sQuad1.c:1744:11:tctlmCubeNodeControlProgramPstsQuad1_getPst3sAttitude1	96	static
C:/Users/Chinnapop/Downloads/Git-test-DEMO/Git-test-DEMO/TSC1A_EM/ext_lib/sw-bundle-master-v4.3.0.16/libcubeobc/api/src/tctlmCubeNodeControlProgramPst3sQuad1.c:1935:11:tctlmCubeNodeControlProgramPstsQuad1_getPst3sAttitude3	96	static
C:/Users/Chinnapop/Downloads/Git-test-DEMO/Git-test-DEMO/TSC1A_EM/ext_lib/sw-bundle-master-v4.3.0.16/libcubeobc/api/src/tctlmCubeNodeControlProgramPst3sQuad1.c:2126:11:tctlmCubeNodeControlProgramPstsQuad1_getPst3sHousekeeping2	72	static
C:/Users/Chinnapop/Downloads/Git-test-DEMO/Git-test-DEMO/TSC1A_EM/ext_lib/sw-bundle-master-v4.3.0.16/libcubeobc/api/src/tctlmCubeNodeControlProgramPst3sQuad1.c:2266:11:tctlmCubeNodeControlProgramPstsQuad1_getPst3sConfig1	72	static
C:/Users/Chinnapop/Downloads/Git-test-DEMO/Git-test-DEMO/TSC1A_EM/ext_lib/sw-bundle-master-v4.3.0.16/libcubeobc/api/src/tctlmCubeNodeControlProgramPst3sQuad1.c:2407:11:tctlmCubeNodeControlProgramPstsQuad1_getPst3sConfig3	72	static
