C:/Users/Chinnapop/Downloads/Git-test-DEMO/Git-test-DEMO/TSC1A_EM/ext_lib/sw-bundle-master-v4.3.0.16/libcubeobc/api/src/tctlmCubeNodeControlProgramNssrwlQuad1.c:21:11:tctlmCubeNodeControlProgramNssrwlQuad1_setNssRwlPortMap	64	static
C:/Users/Chinnapop/Downloads/Git-test-DEMO/Git-test-DEMO/TSC1A_EM/ext_lib/sw-bundle-master-v4.3.0.16/libcubeobc/api/src/tctlmCubeNodeControlProgramNssrwlQuad1.c:62:11:tctlmCubeNodeControlProgramNssrwlQuad1_getNssRwlTlmSystem2	64	static
C:/Users/Chinnapop/Downloads/Git-test-DEMO/Git-test-DEMO/TSC1A_EM/ext_lib/sw-bundle-master-v4.3.0.16/libcubeobc/api/src/tctlmCubeNodeControlProgramNssrwlQuad1.c:176:11:tctlmCubeNodeControlProgramNssrwlQuad1_getNssRwlTlmExtended2	64	static
C:/Users/Chinnapop/Downloads/Git-test-DEMO/Git-test-DEMO/TSC1A_EM/ext_lib/sw-bundle-master-v4.3.0.16/libcubeobc/api/src/tctlmCubeNodeControlProgramNssrwlQuad1.c:231:11:tctlmCubeNodeControlProgramNssrwlQuad1_getNssRwlTlmStandard2	96	static
C:/Users/Chinnapop/Downloads/Git-test-DEMO/Git-test-DEMO/TSC1A_EM/ext_lib/sw-bundle-master-v4.3.0.16/libcubeobc/api/src/tctlmCubeNodeControlProgramNssrwlQuad1.c:442:11:tctlmCubeNodeControlProgramNssrwlQuad1_getNssRwlWheelSpeed2	64	static
C:/Users/Chinnapop/Downloads/Git-test-DEMO/Git-test-DEMO/TSC1A_EM/ext_lib/sw-bundle-master-v4.3.0.16/libcubeobc/api/src/tctlmCubeNodeControlProgramNssrwlQuad1.c:492:11:tctlmCubeNodeControlProgramNssrwlQuad1_getNssRwlWheelSpeed1	64	static
C:/Users/Chinnapop/Downloads/Git-test-DEMO/Git-test-DEMO/TSC1A_EM/ext_lib/sw-bundle-master-v4.3.0.16/libcubeobc/api/src/tctlmCubeNodeControlProgramNssrwlQuad1.c:542:11:tctlmCubeNodeControlProgramNssrwlQuad1_getNssRwlWheelSpeed3	64	static
C:/Users/Chinnapop/Downloads/Git-test-DEMO/Git-test-DEMO/TSC1A_EM/ext_lib/sw-bundle-master-v4.3.0.16/libcubeobc/api/src/tctlmCubeNodeControlProgramNssrwlQuad1.c:592:11:tctlmCubeNodeControlProgramNssrwlQuad1_getNssRwlTlmStandard1	96	static
C:/Users/Chinnapop/Downloads/Git-test-DEMO/Git-test-DEMO/TSC1A_EM/ext_lib/sw-bundle-master-v4.3.0.16/libcubeobc/api/src/tctlmCubeNodeControlProgramNssrwlQuad1.c:803:11:tctlmCubeNodeControlProgramNssrwlQuad1_getNssRwlTlmStandard3	96	static
C:/Users/Chinnapop/Downloads/Git-test-DEMO/Git-test-DEMO/TSC1A_EM/ext_lib/sw-bundle-master-v4.3.0.16/libcubeobc/api/src/tctlmCubeNodeControlProgramNssrwlQuad1.c:1014:11:tctlmCubeNodeControlProgramNssrwlQuad1_getNssRwlTlmExtended1	64	static
C:/Users/Chinnapop/Downloads/Git-test-DEMO/Git-test-DEMO/TSC1A_EM/ext_lib/sw-bundle-master-v4.3.0.16/libcubeobc/api/src/tctlmCubeNodeControlProgramNssrwlQuad1.c:1069:11:tctlmCubeNodeControlProgramNssrwlQuad1_getNssRwlTlmExtended3	64	static
C:/Users/Chinnapop/Downloads/Git-test-DEMO/Git-test-DEMO/TSC1A_EM/ext_lib/sw-bundle-master-v4.3.0.16/libcubeobc/api/src/tctlmCubeNodeControlProgramNssrwlQuad1.c:1124:11:tctlmCubeNodeControlProgramNssrwlQuad1_getNssRwlTlmSystem1	64	static
C:/Users/Chinnapop/Downloads/Git-test-DEMO/Git-test-DEMO/TSC1A_EM/ext_lib/sw-bundle-master-v4.3.0.16/libcubeobc/api/src/tctlmCubeNodeControlProgramNssrwlQuad1.c:1238:11:tctlmCubeNodeControlProgramNssrwlQuad1_getNssRwlTlmSystem3	64	static
C:/Users/Chinnapop/Downloads/Git-test-DEMO/Git-test-DEMO/TSC1A_EM/ext_lib/sw-bundle-master-v4.3.0.16/libcubeobc/api/src/tctlmCubeNodeControlProgramNssrwlQuad1.c:1352:11:tctlmCubeNodeControlProgramNssrwlQuad1_getNssRwlPortMap	64	static
