C:/Users/Chinnapop/Downloads/Git-test-DEMO/Git-test-DEMO/TSC1A_EM/ext_lib/sw-bundle-master-v4.3.0.16/libcubeobc/api/src/tctlmCubeWheelControlProgram3.c:21:11:tctlmCubeWheelControlProgram3_setMotorPower	64	static
C:/Users/Chinnapop/Downloads/Git-test-DEMO/Git-test-DEMO/TSC1A_EM/ext_lib/sw-bundle-master-v4.3.0.16/libcubeobc/api/src/tctlmCubeWheelControlProgram3.c:54:11:tctlmCubeWheelControlProgram3_setBackupGain	64	static
C:/Users/Chinnapop/Downloads/Git-test-DEMO/Git-test-DEMO/TSC1A_EM/ext_lib/sw-bundle-master-v4.3.0.16/libcubeobc/api/src/tctlmCubeWheelControlProgram3.c:90:11:tctlmCubeWheelControlProgram3_setClearErrors	56	static
C:/Users/Chinnapop/Downloads/Git-test-DEMO/Git-test-DEMO/TSC1A_EM/ext_lib/sw-bundle-master-v4.3.0.16/libcubeobc/api/src/tctlmCubeWheelControlProgram3.c:110:11:tctlmCubeWheelControlProgram3_setWheelTorqueRef	64	static
C:/Users/Chinnapop/Downloads/Git-test-DEMO/Git-test-DEMO/TSC1A_EM/ext_lib/sw-bundle-master-v4.3.0.16/libcubeobc/api/src/tctlmCubeWheelControlProgram3.c:142:11:tctlmCubeWheelControlProgram3_setWheelSpeedRef	64	static
C:/Users/Chinnapop/Downloads/Git-test-DEMO/Git-test-DEMO/TSC1A_EM/ext_lib/sw-bundle-master-v4.3.0.16/libcubeobc/api/src/tctlmCubeWheelControlProgram3.c:174:11:tctlmCubeWheelControlProgram3_setWheelDuty	64	static
C:/Users/Chinnapop/Downloads/Git-test-DEMO/Git-test-DEMO/TSC1A_EM/ext_lib/sw-bundle-master-v4.3.0.16/libcubeobc/api/src/tctlmCubeWheelControlProgram3.c:206:11:tctlmCubeWheelControlProgram3_setBackupWheelMode	64	static
C:/Users/Chinnapop/Downloads/Git-test-DEMO/Git-test-DEMO/TSC1A_EM/ext_lib/sw-bundle-master-v4.3.0.16/libcubeobc/api/src/tctlmCubeWheelControlProgram3.c:239:11:tctlmCubeWheelControlProgram3_setMainGain	64	static
C:/Users/Chinnapop/Downloads/Git-test-DEMO/Git-test-DEMO/TSC1A_EM/ext_lib/sw-bundle-master-v4.3.0.16/libcubeobc/api/src/tctlmCubeWheelControlProgram3.c:275:11:tctlmCubeWheelControlProgram3_setPWMGain	64	static
C:/Users/Chinnapop/Downloads/Git-test-DEMO/Git-test-DEMO/TSC1A_EM/ext_lib/sw-bundle-master-v4.3.0.16/libcubeobc/api/src/tctlmCubeWheelControlProgram3.c:307:11:tctlmCubeWheelControlProgram3_setWheelTravelRef	64	static
C:/Users/Chinnapop/Downloads/Git-test-DEMO/Git-test-DEMO/TSC1A_EM/ext_lib/sw-bundle-master-v4.3.0.16/libcubeobc/api/src/tctlmCubeWheelControlProgram3.c:341:11:tctlmCubeWheelControlProgram3_setWheelRefRampRateLimit	64	static
C:/Users/Chinnapop/Downloads/Git-test-DEMO/Git-test-DEMO/TSC1A_EM/ext_lib/sw-bundle-master-v4.3.0.16/libcubeobc/api/src/tctlmCubeWheelControlProgram3.c:376:11:tctlmCubeWheelControlProgram3_getWheelPosData	80	static
C:/Users/Chinnapop/Downloads/Git-test-DEMO/Git-test-DEMO/TSC1A_EM/ext_lib/sw-bundle-master-v4.3.0.16/libcubeobc/api/src/tctlmCubeWheelControlProgram3.c:464:11:tctlmCubeWheelControlProgram3_getWheelModel	64	static
C:/Users/Chinnapop/Downloads/Git-test-DEMO/Git-test-DEMO/TSC1A_EM/ext_lib/sw-bundle-master-v4.3.0.16/libcubeobc/api/src/tctlmCubeWheelControlProgram3.c:514:11:tctlmCubeWheelControlProgram3_getWheelTorque	72	static
C:/Users/Chinnapop/Downloads/Git-test-DEMO/Git-test-DEMO/TSC1A_EM/ext_lib/sw-bundle-master-v4.3.0.16/libcubeobc/api/src/tctlmCubeWheelControlProgram3.c:575:11:tctlmCubeWheelControlProgram3_getWheelTorqueRef	64	static
C:/Users/Chinnapop/Downloads/Git-test-DEMO/Git-test-DEMO/TSC1A_EM/ext_lib/sw-bundle-master-v4.3.0.16/libcubeobc/api/src/tctlmCubeWheelControlProgram3.c:625:11:tctlmCubeWheelControlProgram3_getControlMode	64	static
C:/Users/Chinnapop/Downloads/Git-test-DEMO/Git-test-DEMO/TSC1A_EM/ext_lib/sw-bundle-master-v4.3.0.16/libcubeobc/api/src/tctlmCubeWheelControlProgram3.c:675:11:tctlmCubeWheelControlProgram3_getWheelSpeed	72	static
C:/Users/Chinnapop/Downloads/Git-test-DEMO/Git-test-DEMO/TSC1A_EM/ext_lib/sw-bundle-master-v4.3.0.16/libcubeobc/api/src/tctlmCubeWheelControlProgram3.c:736:11:tctlmCubeWheelControlProgram3_getHealthTlm	72	static
C:/Users/Chinnapop/Downloads/Git-test-DEMO/Git-test-DEMO/TSC1A_EM/ext_lib/sw-bundle-master-v4.3.0.16/libcubeobc/api/src/tctlmCubeWheelControlProgram3.c:835:11:tctlmCubeWheelControlProgram3_getWheelData	80	static
C:/Users/Chinnapop/Downloads/Git-test-DEMO/Git-test-DEMO/TSC1A_EM/ext_lib/sw-bundle-master-v4.3.0.16/libcubeobc/api/src/tctlmCubeWheelControlProgram3.c:923:11:tctlmCubeWheelControlProgram3_getPWMGain	64	static
C:/Users/Chinnapop/Downloads/Git-test-DEMO/Git-test-DEMO/TSC1A_EM/ext_lib/sw-bundle-master-v4.3.0.16/libcubeobc/api/src/tctlmCubeWheelControlProgram3.c:973:11:tctlmCubeWheelControlProgram3_getBackupGain	72	static
C:/Users/Chinnapop/Downloads/Git-test-DEMO/Git-test-DEMO/TSC1A_EM/ext_lib/sw-bundle-master-v4.3.0.16/libcubeobc/api/src/tctlmCubeWheelControlProgram3.c:1045:11:tctlmCubeWheelControlProgram3_getMainGain	72	static
C:/Users/Chinnapop/Downloads/Git-test-DEMO/Git-test-DEMO/TSC1A_EM/ext_lib/sw-bundle-master-v4.3.0.16/libcubeobc/api/src/tctlmCubeWheelControlProgram3.c:1117:11:tctlmCubeWheelControlProgram3_getStatusErrorFlags	72	static
C:/Users/Chinnapop/Downloads/Git-test-DEMO/Git-test-DEMO/TSC1A_EM/ext_lib/sw-bundle-master-v4.3.0.16/libcubeobc/api/src/tctlmCubeWheelControlProgram3.c:1212:11:tctlmCubeWheelControlProgram3_getWheelDuty	64	static
C:/Users/Chinnapop/Downloads/Git-test-DEMO/Git-test-DEMO/TSC1A_EM/ext_lib/sw-bundle-master-v4.3.0.16/libcubeobc/api/src/tctlmCubeWheelControlProgram3.c:1262:11:tctlmCubeWheelControlProgram3_getWheelSpeedRef	64	static
C:/Users/Chinnapop/Downloads/Git-test-DEMO/Git-test-DEMO/TSC1A_EM/ext_lib/sw-bundle-master-v4.3.0.16/libcubeobc/api/src/tctlmCubeWheelControlProgram3.c:1312:11:tctlmCubeWheelControlProgram3_getMotorPower	64	static
C:/Users/Chinnapop/Downloads/Git-test-DEMO/Git-test-DEMO/TSC1A_EM/ext_lib/sw-bundle-master-v4.3.0.16/libcubeobc/api/src/tctlmCubeWheelControlProgram3.c:1358:11:tctlmCubeWheelControlProgram3_getBackupWheelMode	64	static
C:/Users/Chinnapop/Downloads/Git-test-DEMO/Git-test-DEMO/TSC1A_EM/ext_lib/sw-bundle-master-v4.3.0.16/libcubeobc/api/src/tctlmCubeWheelControlProgram3.c:1404:11:tctlmCubeWheelControlProgram3_getStator	72	static
C:/Users/Chinnapop/Downloads/Git-test-DEMO/Git-test-DEMO/TSC1A_EM/ext_lib/sw-bundle-master-v4.3.0.16/libcubeobc/api/src/tctlmCubeWheelControlProgram3.c:1465:11:tctlmCubeWheelControlProgram3_getWheelRefRampRateLimit	64	static
