C:/Users/Chinnapop/Downloads/Git-test-DEMO/Git-test-DEMO/TSC1A_EM/ext_lib/sw-bundle-master-v4.3.0.16/libcubeobc/api/src/tctlmCubeSenseControlProgram5.c:21:11:tctlmCubeSenseControlProgram5_setDetectionAreaRowSelect	64	static
C:/Users/Chinnapop/Downloads/Git-test-DEMO/Git-test-DEMO/TSC1A_EM/ext_lib/sw-bundle-master-v4.3.0.16/libcubeobc/api/src/tctlmCubeSenseControlProgram5.c:53:11:tctlmCubeSenseControlProgram5_setCamThreshold	64	static
C:/Users/Chinnapop/Downloads/Git-test-DEMO/Git-test-DEMO/TSC1A_EM/ext_lib/sw-bundle-master-v4.3.0.16/libcubeobc/api/src/tctlmCubeSenseControlProgram5.c:85:11:tctlmCubeSenseControlProgram5_setCamBoresight	64	static
C:/Users/Chinnapop/Downloads/Git-test-DEMO/Git-test-DEMO/TSC1A_EM/ext_lib/sw-bundle-master-v4.3.0.16/libcubeobc/api/src/tctlmCubeSenseControlProgram5.c:121:11:tctlmCubeSenseControlProgram5_setImageTransferSetup	64	static
C:/Users/Chinnapop/Downloads/Git-test-DEMO/Git-test-DEMO/TSC1A_EM/ext_lib/sw-bundle-master-v4.3.0.16/libcubeobc/api/src/tctlmCubeSenseControlProgram5.c:160:11:tctlmCubeSenseControlProgram5_setClearOvercurrentFlags	56	static
C:/Users/Chinnapop/Downloads/Git-test-DEMO/Git-test-DEMO/TSC1A_EM/ext_lib/sw-bundle-master-v4.3.0.16/libcubeobc/api/src/tctlmCubeSenseControlProgram5.c:180:11:tctlmCubeSenseControlProgram5_setCaptureDetect	56	static
C:/Users/Chinnapop/Downloads/Git-test-DEMO/Git-test-DEMO/TSC1A_EM/ext_lib/sw-bundle-master-v4.3.0.16/libcubeobc/api/src/tctlmCubeSenseControlProgram5.c:200:11:tctlmCubeSenseControlProgram5_setCamLensDistortion	64	static
C:/Users/Chinnapop/Downloads/Git-test-DEMO/Git-test-DEMO/TSC1A_EM/ext_lib/sw-bundle-master-v4.3.0.16/libcubeobc/api/src/tctlmCubeSenseControlProgram5.c:240:11:tctlmCubeSenseControlProgram5_setDetect	56	static
C:/Users/Chinnapop/Downloads/Git-test-DEMO/Git-test-DEMO/TSC1A_EM/ext_lib/sw-bundle-master-v4.3.0.16/libcubeobc/api/src/tctlmCubeSenseControlProgram5.c:260:11:tctlmCubeSenseControlProgram5_setImageCapture	64	static
C:/Users/Chinnapop/Downloads/Git-test-DEMO/Git-test-DEMO/TSC1A_EM/ext_lib/sw-bundle-master-v4.3.0.16/libcubeobc/api/src/tctlmCubeSenseControlProgram5.c:293:11:tctlmCubeSenseControlProgram5_setCamMask	64	static
C:/Users/Chinnapop/Downloads/Git-test-DEMO/Git-test-DEMO/TSC1A_EM/ext_lib/sw-bundle-master-v4.3.0.16/libcubeobc/api/src/tctlmCubeSenseControlProgram5.c:336:11:tctlmCubeSenseControlProgram5_getCamBoresight	88	static
C:/Users/Chinnapop/Downloads/Git-test-DEMO/Git-test-DEMO/TSC1A_EM/ext_lib/sw-bundle-master-v4.3.0.16/libcubeobc/api/src/tctlmCubeSenseControlProgram5.c:393:11:tctlmCubeSenseControlProgram5_getSensorResultTrigger	88	static
C:/Users/Chinnapop/Downloads/Git-test-DEMO/Git-test-DEMO/TSC1A_EM/ext_lib/sw-bundle-master-v4.3.0.16/libcubeobc/api/src/tctlmCubeSenseControlProgram5.c:473:11:tctlmCubeSenseControlProgram5_getCamMasks	64	static
C:/Users/Chinnapop/Downloads/Git-test-DEMO/Git-test-DEMO/TSC1A_EM/ext_lib/sw-bundle-master-v4.3.0.16/libcubeobc/api/src/tctlmCubeSenseControlProgram5.c:612:11:tctlmCubeSenseControlProgram5_getSensorResultsTimestamp	64	static
C:/Users/Chinnapop/Downloads/Git-test-DEMO/Git-test-DEMO/TSC1A_EM/ext_lib/sw-bundle-master-v4.3.0.16/libcubeobc/api/src/tctlmCubeSenseControlProgram5.c:667:11:tctlmCubeSenseControlProgram5_getCamLensDistortion	80	static
C:/Users/Chinnapop/Downloads/Git-test-DEMO/Git-test-DEMO/TSC1A_EM/ext_lib/sw-bundle-master-v4.3.0.16/libcubeobc/api/src/tctlmCubeSenseControlProgram5.c:761:11:tctlmCubeSenseControlProgram5_getSensorResults	88	static
C:/Users/Chinnapop/Downloads/Git-test-DEMO/Git-test-DEMO/TSC1A_EM/ext_lib/sw-bundle-master-v4.3.0.16/libcubeobc/api/src/tctlmCubeSenseControlProgram5.c:841:11:tctlmCubeSenseControlProgram5_getAutoCamSensorRaw	88	static
C:/Users/Chinnapop/Downloads/Git-test-DEMO/Git-test-DEMO/TSC1A_EM/ext_lib/sw-bundle-master-v4.3.0.16/libcubeobc/api/src/tctlmCubeSenseControlProgram5.c:898:11:tctlmCubeSenseControlProgram5_getDetectionAreaRow	64	static
