C:/Users/Chinnapop/Downloads/Git-test-DEMO/Git-test-DEMO/TSC1A_EM/ext_lib/sw-bundle-master-v4.3.0.16/libcubeobc/api/src/tctlmCubeIrControlProgram1.c:21:11:tctlmCubeIrControlProgram1_setRequestDeadPixel	64	static
C:/Users/Chinnapop/Downloads/Git-test-DEMO/Git-test-DEMO/TSC1A_EM/ext_lib/sw-bundle-master-v4.3.0.16/libcubeobc/api/src/tctlmCubeIrControlProgram1.c:53:11:tctlmCubeIrControlProgram1_setImageTransferSetup	64	static
C:/Users/Chinnapop/Downloads/Git-test-DEMO/Git-test-DEMO/TSC1A_EM/ext_lib/sw-bundle-master-v4.3.0.16/libcubeobc/api/src/tctlmCubeIrControlProgram1.c:89:11:tctlmCubeIrControlProgram1_setConfiguration	64	static
C:/Users/Chinnapop/Downloads/Git-test-DEMO/Git-test-DEMO/TSC1A_EM/ext_lib/sw-bundle-master-v4.3.0.16/libcubeobc/api/src/tctlmCubeIrControlProgram1.c:183:11:tctlmCubeIrControlProgram1_setDeadPixels	64	static
C:/Users/Chinnapop/Downloads/Git-test-DEMO/Git-test-DEMO/TSC1A_EM/ext_lib/sw-bundle-master-v4.3.0.16/libcubeobc/api/src/tctlmCubeIrControlProgram1.c:224:11:tctlmCubeIrControlProgram1_getRequestedDeadPixel	64	static
C:/Users/Chinnapop/Downloads/Git-test-DEMO/Git-test-DEMO/TSC1A_EM/ext_lib/sw-bundle-master-v4.3.0.16/libcubeobc/api/src/tctlmCubeIrControlProgram1.c:283:11:tctlmCubeIrControlProgram1_getHealthTlm	72	static
C:/Users/Chinnapop/Downloads/Git-test-DEMO/Git-test-DEMO/TSC1A_EM/ext_lib/sw-bundle-master-v4.3.0.16/libcubeobc/api/src/tctlmCubeIrControlProgram1.c:382:11:tctlmCubeIrControlProgram1_getMeasurementAndTrigger	88	static
C:/Users/Chinnapop/Downloads/Git-test-DEMO/Git-test-DEMO/TSC1A_EM/ext_lib/sw-bundle-master-v4.3.0.16/libcubeobc/api/src/tctlmCubeIrControlProgram1.c:469:11:tctlmCubeIrControlProgram1_getMeasurement	88	static
C:/Users/Chinnapop/Downloads/Git-test-DEMO/Git-test-DEMO/TSC1A_EM/ext_lib/sw-bundle-master-v4.3.0.16/libcubeobc/api/src/tctlmCubeIrControlProgram1.c:556:11:tctlmCubeIrControlProgram1_getMeasurementMetadata	72	static
C:/Users/Chinnapop/Downloads/Git-test-DEMO/Git-test-DEMO/TSC1A_EM/ext_lib/sw-bundle-master-v4.3.0.16/libcubeobc/api/src/tctlmCubeIrControlProgram1.c:663:11:tctlmCubeIrControlProgram1_getConfiguration	120	static
C:/Users/Chinnapop/Downloads/Git-test-DEMO/Git-test-DEMO/TSC1A_EM/ext_lib/sw-bundle-master-v4.3.0.16/libcubeobc/api/src/tctlmCubeIrControlProgram1.c:944:11:tctlmCubeIrControlProgram1_getProfileTiming	72	static
