C:/Users/Chinnapop/Downloads/Git-test-DEMO/Git-test-DEMO/TSC1A_EM/ext_lib/sw-bundle-master-v4.3.0.16/libcubeobc/api/src/tctlmCubeNodeControlProgramLitefufors1.c:21:11:tctlmCubeNodeControlProgramLitefufors1_setUforsPortMap	64	static
C:/Users/Chinnapop/Downloads/Git-test-DEMO/Git-test-DEMO/TSC1A_EM/ext_lib/sw-bundle-master-v4.3.0.16/libcubeobc/api/src/tctlmCubeNodeControlProgramLitefufors1.c:57:11:tctlmCubeNodeControlProgramLitefufors1_setUforsPower	64	static
C:/Users/Chinnapop/Downloads/Git-test-DEMO/Git-test-DEMO/TSC1A_EM/ext_lib/sw-bundle-master-v4.3.0.16/libcubeobc/api/src/tctlmCubeNodeControlProgramLitefufors1.c:92:11:tctlmCubeNodeControlProgramLitefufors1_setNodeSvcSettings	64	static
C:/Users/Chinnapop/Downloads/Git-test-DEMO/Git-test-DEMO/TSC1A_EM/ext_lib/sw-bundle-master-v4.3.0.16/libcubeobc/api/src/tctlmCubeNodeControlProgramLitefufors1.c:125:11:tctlmCubeNodeControlProgramLitefufors1_setUforsSvcSettings	64	static
C:/Users/Chinnapop/Downloads/Git-test-DEMO/Git-test-DEMO/TSC1A_EM/ext_lib/sw-bundle-master-v4.3.0.16/libcubeobc/api/src/tctlmCubeNodeControlProgramLitefufors1.c:165:11:tctlmCubeNodeControlProgramLitefufors1_getUforsTlmZ	72	static
C:/Users/Chinnapop/Downloads/Git-test-DEMO/Git-test-DEMO/TSC1A_EM/ext_lib/sw-bundle-master-v4.3.0.16/libcubeobc/api/src/tctlmCubeNodeControlProgramLitefufors1.c:264:11:tctlmCubeNodeControlProgramLitefufors1_getUforsTlmX	72	static
C:/Users/Chinnapop/Downloads/Git-test-DEMO/Git-test-DEMO/TSC1A_EM/ext_lib/sw-bundle-master-v4.3.0.16/libcubeobc/api/src/tctlmCubeNodeControlProgramLitefufors1.c:363:11:tctlmCubeNodeControlProgramLitefufors1_getUforsSvcStatus	72	static
C:/Users/Chinnapop/Downloads/Git-test-DEMO/Git-test-DEMO/TSC1A_EM/ext_lib/sw-bundle-master-v4.3.0.16/libcubeobc/api/src/tctlmCubeNodeControlProgramLitefufors1.c:498:11:tctlmCubeNodeControlProgramLitefufors1_getUforsSvcSettings	64	static
C:/Users/Chinnapop/Downloads/Git-test-DEMO/Git-test-DEMO/TSC1A_EM/ext_lib/sw-bundle-master-v4.3.0.16/libcubeobc/api/src/tctlmCubeNodeControlProgramLitefufors1.c:560:11:tctlmCubeNodeControlProgramLitefufors1_getNodeSvcSettings	64	static
C:/Users/Chinnapop/Downloads/Git-test-DEMO/Git-test-DEMO/TSC1A_EM/ext_lib/sw-bundle-master-v4.3.0.16/libcubeobc/api/src/tctlmCubeNodeControlProgramLitefufors1.c:606:11:tctlmCubeNodeControlProgramLitefufors1_getUforsPortMap	64	static
C:/Users/Chinnapop/Downloads/Git-test-DEMO/Git-test-DEMO/TSC1A_EM/ext_lib/sw-bundle-master-v4.3.0.16/libcubeobc/api/src/tctlmCubeNodeControlProgramLitefufors1.c:689:11:tctlmCubeNodeControlProgramLitefufors1_getNodeSvcStatus	64	static
C:/Users/Chinnapop/Downloads/Git-test-DEMO/Git-test-DEMO/TSC1A_EM/ext_lib/sw-bundle-master-v4.3.0.16/libcubeobc/api/src/tctlmCubeNodeControlProgramLitefufors1.c:754:11:tctlmCubeNodeControlProgramLitefufors1_getUforsTlm	96	static
C:/Users/Chinnapop/Downloads/Git-test-DEMO/Git-test-DEMO/TSC1A_EM/ext_lib/sw-bundle-master-v4.3.0.16/libcubeobc/api/src/tctlmCubeNodeControlProgramLitefufors1.c:973:11:tctlmCubeNodeControlProgramLitefufors1_getUforsTlmY	72	static
