C:/Users/Chinnapop/Downloads/Git-test-DEMO/Git-test-DEMO/TSC1A_EM/ext_lib/sw-bundle-master-v4.3.0.16/libcubeobc/api/src/tctlmCubeNodeControlProgramPst3sCommon1.c:21:11:tctlmCubeNodeControlProgramPstsCommon1_setPst3sDynamicMode	64	static
C:/Users/Chinnapop/Downloads/Git-test-DEMO/Git-test-DEMO/TSC1A_EM/ext_lib/sw-bundle-master-v4.3.0.16/libcubeobc/api/src/tctlmCubeNodeControlProgramPst3sCommon1.c:57:11:tctlmCubeNodeControlProgramPstsCommon1_setPst3sSaaMode	64	static
C:/Users/Chinnapop/Downloads/Git-test-DEMO/Git-test-DEMO/TSC1A_EM/ext_lib/sw-bundle-master-v4.3.0.16/libcubeobc/api/src/tctlmCubeNodeControlProgramPst3sCommon1.c:93:11:tctlmCubeNodeControlProgramPstsCommon1_setPst3sSvcSettings	64	static
C:/Users/Chinnapop/Downloads/Git-test-DEMO/Git-test-DEMO/TSC1A_EM/ext_lib/sw-bundle-master-v4.3.0.16/libcubeobc/api/src/tctlmCubeNodeControlProgramPst3sCommon1.c:131:11:tctlmCubeNodeControlProgramPstsCommon1_setPst3sPower	64	static
C:/Users/Chinnapop/Downloads/Git-test-DEMO/Git-test-DEMO/TSC1A_EM/ext_lib/sw-bundle-master-v4.3.0.16/libcubeobc/api/src/tctlmCubeNodeControlProgramPst3sCommon1.c:171:11:tctlmCubeNodeControlProgramPstsCommon1_setPst3sQuaternionFiltering	64	static
C:/Users/Chinnapop/Downloads/Git-test-DEMO/Git-test-DEMO/TSC1A_EM/ext_lib/sw-bundle-master-v4.3.0.16/libcubeobc/api/src/tctlmCubeNodeControlProgramPst3sCommon1.c:207:11:tctlmCubeNodeControlProgramPstsCommon1_setPst3sSecondCalibration	64	static
C:/Users/Chinnapop/Downloads/Git-test-DEMO/Git-test-DEMO/TSC1A_EM/ext_lib/sw-bundle-master-v4.3.0.16/libcubeobc/api/src/tctlmCubeNodeControlProgramPst3sCommon1.c:242:11:tctlmCubeNodeControlProgramPstsCommon1_setPst3sExposure	64	static
C:/Users/Chinnapop/Downloads/Git-test-DEMO/Git-test-DEMO/TSC1A_EM/ext_lib/sw-bundle-master-v4.3.0.16/libcubeobc/api/src/tctlmCubeNodeControlProgramPst3sCommon1.c:277:11:tctlmCubeNodeControlProgramPstsCommon1_setPst3sNumberNavigationStars	64	static
C:/Users/Chinnapop/Downloads/Git-test-DEMO/Git-test-DEMO/TSC1A_EM/ext_lib/sw-bundle-master-v4.3.0.16/libcubeobc/api/src/tctlmCubeNodeControlProgramPst3sCommon1.c:312:11:tctlmCubeNodeControlProgramPstsCommon1_setPst3sFourStarSearchThreshold	64	static
C:/Users/Chinnapop/Downloads/Git-test-DEMO/Git-test-DEMO/TSC1A_EM/ext_lib/sw-bundle-master-v4.3.0.16/libcubeobc/api/src/tctlmCubeNodeControlProgramPst3sCommon1.c:347:11:tctlmCubeNodeControlProgramPstsCommon1_setPst3sTrackingModeThreshold	64	static
C:/Users/Chinnapop/Downloads/Git-test-DEMO/Git-test-DEMO/TSC1A_EM/ext_lib/sw-bundle-master-v4.3.0.16/libcubeobc/api/src/tctlmCubeNodeControlProgramPst3sCommon1.c:382:11:tctlmCubeNodeControlProgramPstsCommon1_setPst3sSystemReset	64	static
C:/Users/Chinnapop/Downloads/Git-test-DEMO/Git-test-DEMO/TSC1A_EM/ext_lib/sw-bundle-master-v4.3.0.16/libcubeobc/api/src/tctlmCubeNodeControlProgramPst3sCommon1.c:415:11:tctlmCubeNodeControlProgramPstsCommon1_setPst3sImageFixedThreshold	64	static
C:/Users/Chinnapop/Downloads/Git-test-DEMO/Git-test-DEMO/TSC1A_EM/ext_lib/sw-bundle-master-v4.3.0.16/libcubeobc/api/src/tctlmCubeNodeControlProgramPst3sCommon1.c:450:11:tctlmCubeNodeControlProgramPstsCommon1_setNodeSvcSettings	64	static
C:/Users/Chinnapop/Downloads/Git-test-DEMO/Git-test-DEMO/TSC1A_EM/ext_lib/sw-bundle-master-v4.3.0.16/libcubeobc/api/src/tctlmCubeNodeControlProgramPst3sCommon1.c:483:11:tctlmCubeNodeControlProgramPstsCommon1_setPst3sSaaThreshold	64	static
C:/Users/Chinnapop/Downloads/Git-test-DEMO/Git-test-DEMO/TSC1A_EM/ext_lib/sw-bundle-master-v4.3.0.16/libcubeobc/api/src/tctlmCubeNodeControlProgramPst3sCommon1.c:518:11:tctlmCubeNodeControlProgramPstsCommon1_setPst3sEdacOff	64	static
C:/Users/Chinnapop/Downloads/Git-test-DEMO/Git-test-DEMO/TSC1A_EM/ext_lib/sw-bundle-master-v4.3.0.16/libcubeobc/api/src/tctlmCubeNodeControlProgramPst3sCommon1.c:554:11:tctlmCubeNodeControlProgramPstsCommon1_getNodeSvcStatus	64	static
C:/Users/Chinnapop/Downloads/Git-test-DEMO/Git-test-DEMO/TSC1A_EM/ext_lib/sw-bundle-master-v4.3.0.16/libcubeobc/api/src/tctlmCubeNodeControlProgramPst3sCommon1.c:624:11:tctlmCubeNodeControlProgramPstsCommon1_getPst3sConfig0	72	static
C:/Users/Chinnapop/Downloads/Git-test-DEMO/Git-test-DEMO/TSC1A_EM/ext_lib/sw-bundle-master-v4.3.0.16/libcubeobc/api/src/tctlmCubeNodeControlProgramPst3sCommon1.c:765:11:tctlmCubeNodeControlProgramPstsCommon1_getPst3sAttitude0	96	static
C:/Users/Chinnapop/Downloads/Git-test-DEMO/Git-test-DEMO/TSC1A_EM/ext_lib/sw-bundle-master-v4.3.0.16/libcubeobc/api/src/tctlmCubeNodeControlProgramPst3sCommon1.c:956:11:tctlmCubeNodeControlProgramPstsCommon1_getPst3sSvcStatus	72	static
C:/Users/Chinnapop/Downloads/Git-test-DEMO/Git-test-DEMO/TSC1A_EM/ext_lib/sw-bundle-master-v4.3.0.16/libcubeobc/api/src/tctlmCubeNodeControlProgramPst3sCommon1.c:1167:11:tctlmCubeNodeControlProgramPstsCommon1_getPst3sTlm0	112	static
C:/Users/Chinnapop/Downloads/Git-test-DEMO/Git-test-DEMO/TSC1A_EM/ext_lib/sw-bundle-master-v4.3.0.16/libcubeobc/api/src/tctlmCubeNodeControlProgramPst3sCommon1.c:1496:11:tctlmCubeNodeControlProgramPstsCommon1_getPst3sHousekeeping0	72	static
C:/Users/Chinnapop/Downloads/Git-test-DEMO/Git-test-DEMO/TSC1A_EM/ext_lib/sw-bundle-master-v4.3.0.16/libcubeobc/api/src/tctlmCubeNodeControlProgramPst3sCommon1.c:1636:11:tctlmCubeNodeControlProgramPstsCommon1_getPst3sSvcSettings	64	static
C:/Users/Chinnapop/Downloads/Git-test-DEMO/Git-test-DEMO/TSC1A_EM/ext_lib/sw-bundle-master-v4.3.0.16/libcubeobc/api/src/tctlmCubeNodeControlProgramPst3sCommon1.c:1709:11:tctlmCubeNodeControlProgramPstsCommon1_getNodeSvcSettings	64	static
