C:/Users/Chinnapop/Downloads/Git-test-DEMO/Git-test-DEMO/TSC1A_EM/ext_lib/sw-bundle-master-v4.3.0.16/libcubeobc/api/src/tctlmCubeMagControlProgramCommon1.c:21:11:tctlmCubeMagControlProgramCommon1_setConfig	64	static
C:/Users/Chinnapop/Downloads/Git-test-DEMO/Git-test-DEMO/TSC1A_EM/ext_lib/sw-bundle-master-v4.3.0.16/libcubeobc/api/src/tctlmCubeMagControlProgramCommon1.c:60:11:tctlmCubeMagControlProgramCommon1_setMmcConfig	64	static
C:/Users/Chinnapop/Downloads/Git-test-DEMO/Git-test-DEMO/TSC1A_EM/ext_lib/sw-bundle-master-v4.3.0.16/libcubeobc/api/src/tctlmCubeMagControlProgramCommon1.c:108:11:tctlmCubeMagControlProgramCommon1_setSamplePrimary	56	static
C:/Users/Chinnapop/Downloads/Git-test-DEMO/Git-test-DEMO/TSC1A_EM/ext_lib/sw-bundle-master-v4.3.0.16/libcubeobc/api/src/tctlmCubeMagControlProgramCommon1.c:128:11:tctlmCubeMagControlProgramCommon1_setMmcCalibration	64	static
C:/Users/Chinnapop/Downloads/Git-test-DEMO/Git-test-DEMO/TSC1A_EM/ext_lib/sw-bundle-master-v4.3.0.16/libcubeobc/api/src/tctlmCubeMagControlProgramCommon1.c:185:11:tctlmCubeMagControlProgramCommon1_getMmcCalibration	112	static
C:/Users/Chinnapop/Downloads/Git-test-DEMO/Git-test-DEMO/TSC1A_EM/ext_lib/sw-bundle-master-v4.3.0.16/libcubeobc/api/src/tctlmCubeMagControlProgramCommon1.c:356:11:tctlmCubeMagControlProgramCommon1_getConfig	72	static
C:/Users/Chinnapop/Downloads/Git-test-DEMO/Git-test-DEMO/TSC1A_EM/ext_lib/sw-bundle-master-v4.3.0.16/libcubeobc/api/src/tctlmCubeMagControlProgramCommon1.c:435:11:tctlmCubeMagControlProgramCommon1_getPrimaryMagMeasurementRaw	80	static
C:/Users/Chinnapop/Downloads/Git-test-DEMO/Git-test-DEMO/TSC1A_EM/ext_lib/sw-bundle-master-v4.3.0.16/libcubeobc/api/src/tctlmCubeMagControlProgramCommon1.c:514:11:tctlmCubeMagControlProgramCommon1_getState	64	static
C:/Users/Chinnapop/Downloads/Git-test-DEMO/Git-test-DEMO/TSC1A_EM/ext_lib/sw-bundle-master-v4.3.0.16/libcubeobc/api/src/tctlmCubeMagControlProgramCommon1.c:586:11:tctlmCubeMagControlProgramCommon1_getMmcConfig	72	static
C:/Users/Chinnapop/Downloads/Git-test-DEMO/Git-test-DEMO/TSC1A_EM/ext_lib/sw-bundle-master-v4.3.0.16/libcubeobc/api/src/tctlmCubeMagControlProgramCommon1.c:703:11:tctlmCubeMagControlProgramCommon1_getPrimaryMagMeasurement	80	static
C:/Users/Chinnapop/Downloads/Git-test-DEMO/Git-test-DEMO/TSC1A_EM/ext_lib/sw-bundle-master-v4.3.0.16/libcubeobc/api/src/tctlmCubeMagControlProgramCommon1.c:782:11:tctlmCubeMagControlProgramCommon1_getPrimaryMagTemp	64	static
C:/Users/Chinnapop/Downloads/Git-test-DEMO/Git-test-DEMO/TSC1A_EM/ext_lib/sw-bundle-master-v4.3.0.16/libcubeobc/api/src/tctlmCubeMagControlProgramCommon1.c:832:11:tctlmCubeMagControlProgramCommon1_getPrimaryMagDiagnostics	64	static
