Archive member included to satisfy reference by file (symbol)

C:/ST/STM32CubeIDE_2.1.1/STM32CubeIDE/plugins/com.st.stm32cube.ide.mcu.externaltools.gnu-tools-for-stm32.14.3.rel1.win32_1.0.100.202602081740/tools/bin/../lib/gcc/arm-none-eabi/14.3.1/../../../../arm-none-eabi/lib/thumb/v7e-m+dp/hard\libc_nano.a(libc_a-exit.o)
                              C:/ST/STM32CubeIDE_2.1.1/STM32CubeIDE/plugins/com.st.stm32cube.ide.mcu.externaltools.gnu-tools-for-stm32.14.3.rel1.win32_1.0.100.202602081740/tools/bin/../lib/gcc/arm-none-eabi/14.3.1/../../../../arm-none-eabi/lib/thumb/v7e-m+dp/hard/crt0.o (exit)
C:/ST/STM32CubeIDE_2.1.1/STM32CubeIDE/plugins/com.st.stm32cube.ide.mcu.externaltools.gnu-tools-for-stm32.14.3.rel1.win32_1.0.100.202602081740/tools/bin/../lib/gcc/arm-none-eabi/14.3.1/../../../../arm-none-eabi/lib/thumb/v7e-m+dp/hard\libc_nano.a(libc_a-findfp.o)
                              ./Middlewares/Third_Party/FreeRTOS/Source/tasks.o (__sf)
C:/ST/STM32CubeIDE_2.1.1/STM32CubeIDE/plugins/com.st.stm32cube.ide.mcu.externaltools.gnu-tools-for-stm32.14.3.rel1.win32_1.0.100.202602081740/tools/bin/../lib/gcc/arm-none-eabi/14.3.1/../../../../arm-none-eabi/lib/thumb/v7e-m+dp/hard\libc_nano.a(libc_a-fwalk.o)
                              C:/ST/STM32CubeIDE_2.1.1/STM32CubeIDE/plugins/com.st.stm32cube.ide.mcu.externaltools.gnu-tools-for-stm32.14.3.rel1.win32_1.0.100.202602081740/tools/bin/../lib/gcc/arm-none-eabi/14.3.1/../../../../arm-none-eabi/lib/thumb/v7e-m+dp/hard\libc_nano.a(libc_a-findfp.o) (_fwalk_sglue)
C:/ST/STM32CubeIDE_2.1.1/STM32CubeIDE/plugins/com.st.stm32cube.ide.mcu.externaltools.gnu-tools-for-stm32.14.3.rel1.win32_1.0.100.202602081740/tools/bin/../lib/gcc/arm-none-eabi/14.3.1/../../../../arm-none-eabi/lib/thumb/v7e-m+dp/hard\libc_nano.a(libc_a-stdio.o)
                              C:/ST/STM32CubeIDE_2.1.1/STM32CubeIDE/plugins/com.st.stm32cube.ide.mcu.externaltools.gnu-tools-for-stm32.14.3.rel1.win32_1.0.100.202602081740/tools/bin/../lib/gcc/arm-none-eabi/14.3.1/../../../../arm-none-eabi/lib/thumb/v7e-m+dp/hard\libc_nano.a(libc_a-findfp.o) (__sread)
C:/ST/STM32CubeIDE_2.1.1/STM32CubeIDE/plugins/com.st.stm32cube.ide.mcu.externaltools.gnu-tools-for-stm32.14.3.rel1.win32_1.0.100.202602081740/tools/bin/../lib/gcc/arm-none-eabi/14.3.1/../../../../arm-none-eabi/lib/thumb/v7e-m+dp/hard\libc_nano.a(libc_a-memset.o)
                              C:/ST/STM32CubeIDE_2.1.1/STM32CubeIDE/plugins/com.st.stm32cube.ide.mcu.externaltools.gnu-tools-for-stm32.14.3.rel1.win32_1.0.100.202602081740/tools/bin/../lib/gcc/arm-none-eabi/14.3.1/../../../../arm-none-eabi/lib/thumb/v7e-m+dp/hard/crt0.o (memset)
C:/ST/STM32CubeIDE_2.1.1/STM32CubeIDE/plugins/com.st.stm32cube.ide.mcu.externaltools.gnu-tools-for-stm32.14.3.rel1.win32_1.0.100.202602081740/tools/bin/../lib/gcc/arm-none-eabi/14.3.1/../../../../arm-none-eabi/lib/thumb/v7e-m+dp/hard\libc_nano.a(libc_a-closer.o)
                              C:/ST/STM32CubeIDE_2.1.1/STM32CubeIDE/plugins/com.st.stm32cube.ide.mcu.externaltools.gnu-tools-for-stm32.14.3.rel1.win32_1.0.100.202602081740/tools/bin/../lib/gcc/arm-none-eabi/14.3.1/../../../../arm-none-eabi/lib/thumb/v7e-m+dp/hard\libc_nano.a(libc_a-stdio.o) (_close_r)
C:/ST/STM32CubeIDE_2.1.1/STM32CubeIDE/plugins/com.st.stm32cube.ide.mcu.externaltools.gnu-tools-for-stm32.14.3.rel1.win32_1.0.100.202602081740/tools/bin/../lib/gcc/arm-none-eabi/14.3.1/../../../../arm-none-eabi/lib/thumb/v7e-m+dp/hard\libc_nano.a(libc_a-reent.o)
                              ./Middlewares/Third_Party/FreeRTOS/Source/tasks.o (_reclaim_reent)
C:/ST/STM32CubeIDE_2.1.1/STM32CubeIDE/plugins/com.st.stm32cube.ide.mcu.externaltools.gnu-tools-for-stm32.14.3.rel1.win32_1.0.100.202602081740/tools/bin/../lib/gcc/arm-none-eabi/14.3.1/../../../../arm-none-eabi/lib/thumb/v7e-m+dp/hard\libc_nano.a(libc_a-impure.o)
                              ./Middlewares/Third_Party/FreeRTOS/Source/tasks.o (_impure_ptr)
C:/ST/STM32CubeIDE_2.1.1/STM32CubeIDE/plugins/com.st.stm32cube.ide.mcu.externaltools.gnu-tools-for-stm32.14.3.rel1.win32_1.0.100.202602081740/tools/bin/../lib/gcc/arm-none-eabi/14.3.1/../../../../arm-none-eabi/lib/thumb/v7e-m+dp/hard\libc_nano.a(libc_a-lseekr.o)
                              C:/ST/STM32CubeIDE_2.1.1/STM32CubeIDE/plugins/com.st.stm32cube.ide.mcu.externaltools.gnu-tools-for-stm32.14.3.rel1.win32_1.0.100.202602081740/tools/bin/../lib/gcc/arm-none-eabi/14.3.1/../../../../arm-none-eabi/lib/thumb/v7e-m+dp/hard\libc_nano.a(libc_a-stdio.o) (_lseek_r)
C:/ST/STM32CubeIDE_2.1.1/STM32CubeIDE/plugins/com.st.stm32cube.ide.mcu.externaltools.gnu-tools-for-stm32.14.3.rel1.win32_1.0.100.202602081740/tools/bin/../lib/gcc/arm-none-eabi/14.3.1/../../../../arm-none-eabi/lib/thumb/v7e-m+dp/hard\libc_nano.a(libc_a-readr.o)
[...]
Memory Configuration

Name             Origin             Length             Attributes
RAM              0x20000000         0x00080000         xrw
FLASH            0x08000000         0x00200000         xr
*default*        0x00000000         0xffffffff

Linker script and memory map

LOAD C:/ST/STM32CubeIDE_2.1.1/STM32CubeIDE/plugins/com.st.stm32cube.ide.mcu.externaltools.gnu-tools-for-stm32.14.3.rel1.win32_1.0.100.202602081740/tools/bin/../lib/gcc/arm-none-eabi/14.3.1/thumb/v7e-m+dp/hard/crti.o
LOAD C:/ST/STM32CubeIDE_2.1.1/STM32CubeIDE/plugins/com.st.stm32cube.ide.mcu.externaltools.gnu-tools-for-stm32.14.3.rel1.win32_1.0.100.202602081740/tools/bin/../lib/gcc/arm-none-eabi/14.3.1/thumb/v7e-m+dp/hard/crtbegin.o
LOAD C:/ST/STM32CubeIDE_2.1.1/STM32CubeIDE/plugins/com.st.stm32cube.ide.mcu.externaltools.gnu-tools-for-stm32.14.3.rel1.win32_1.0.100.202602081740/tools/bin/../lib/gcc/arm-none-eabi/14.3.1/../../../../arm-none-eabi/lib/thumb/v7e-m+dp/hard/crt0.o
LOAD ./Core/Src/dma.o
LOAD ./Core/Src/freertos.o
LOAD ./Core/Src/gpio.o
LOAD ./Core/Src/main.o
LOAD ./Core/Src/stm32f7xx_hal_msp.o
LOAD ./Core/Src/stm32f7xx_hal_timebase_tim.o
LOAD ./Core/Src/stm32f7xx_it.o
LOAD ./Core/Src/syscalls.o
LOAD ./Core/Src/sysmem.o
LOAD ./Core/Src/system_stm32f7xx.o
LOAD ./Core/Src/usart.o
LOAD ./Core/Startup/startup_stm32f767zitx.o
LOAD ./Drivers/STM32F7xx_HAL_Driver/Src/stm32f7xx_hal.o
LOAD ./Drivers/STM32F7xx_HAL_Driver/Src/stm32f7xx_hal_cortex.o
LOAD ./Drivers/STM32F7xx_HAL_Driver/Src/stm32f7xx_hal_dma.o
LOAD ./Drivers/STM32F7xx_HAL_Driver/Src/stm32f7xx_hal_dma_ex.o
LOAD ./Drivers/STM32F7xx_HAL_Driver/Src/stm32f7xx_hal_exti.o
LOAD ./Drivers/STM32F7xx_HAL_Driver/Src/stm32f7xx_hal_flash.o
LOAD ./Drivers/STM32F7xx_HAL_Driver/Src/stm32f7xx_hal_flash_ex.o
LOAD ./Drivers/STM32F7xx_HAL_Driver/Src/stm32f7xx_hal_gpio.o
LOAD ./Drivers/STM32F7xx_HAL_Driver/Src/stm32f7xx_hal_i2c.o
LOAD ./Drivers/STM32F7xx_HAL_Driver/Src/stm32f7xx_hal_i2c_ex.o
LOAD ./Drivers/STM32F7xx_HAL_Driver/Src/stm32f7xx_hal_pwr.o
LOAD ./Drivers/STM32F7xx_HAL_Driver/Src/stm32f7xx_hal_pwr_ex.o
LOAD ./Drivers/STM32F7xx_HAL_Driver/Src/stm32f7xx_hal_rcc.o
LOAD ./Drivers/STM32F7xx_HAL_Driver/Src/stm32f7xx_hal_rcc_ex.o
LOAD ./Drivers/STM32F7xx_HAL_Driver/Src/stm32f7xx_hal_tim.o
LOAD ./Drivers/STM32F7xx_HAL_Driver/Src/stm32f7xx_hal_tim_ex.o
LOAD ./Drivers/STM32F7xx_HAL_Driver/Src/stm32f7xx_hal_uart.o
LOAD ./Drivers/STM32F7xx_HAL_Driver/Src/stm32f7xx_hal_uart_ex.o
LOAD ./Middlewares/Third_Party/FreeRTOS/Source/CMSIS_RTOS_V2/cmsis_os2.o
LOAD ./Middlewares/Third_Party/FreeRTOS/Source/croutine.o
LOAD ./Middlewares/Third_Party/FreeRTOS/Source/event_groups.o
LOAD ./Middlewares/Third_Party/FreeRTOS/Source/list.o
LOAD ./Middlewares/Third_Party/FreeRTOS/Source/queue.o
LOAD ./Middlewares/Third_Party/FreeRTOS/Source/stream_buffer.o
LOAD ./Middlewares/Third_Party/FreeRTOS/Source/tasks.o
LOAD ./Middlewares/Third_Party/FreeRTOS/Source/timers.o
LOAD ./Middlewares/Third_Party/FreeRTOS/Source/portable/GCC/ARM_CM7/r0p1/port.o
LOAD ./Middlewares/Third_Party/FreeRTOS/Source/portable/MemMang/heap_4.o
START GROUP
LOAD C:/ST/STM32CubeIDE_2.1.1/STM32CubeIDE/plugins/com.st.stm32cube.ide.mcu.externaltools.gnu-tools-for-stm32.14.3.rel1.win32_1.0.100.202602081740/tools/bin/../lib/gcc/arm-none-eabi/14.3.1/../../../../arm-none-eabi/lib/thumb/v7e-m+dp/hard\libstdc++_nano.a
LOAD C:/ST/STM32CubeIDE_2.1.1/STM32CubeIDE/plugins/com.st.stm32cube.ide.mcu.externaltools.gnu-tools-for-stm32.14.3.rel1.win32_1.0.100.202602081740/tools/bin/../lib/gcc/arm-none-eabi/14.3.1/../../../../arm-none-eabi/lib/thumb/v7e-m+dp/hard\libsupc++_nano.a
END GROUP
LOAD C:/ST/STM32CubeIDE_2.1.1/STM32CubeIDE/plugins/com.st.stm32cube.ide.mcu.externaltools.gnu-tools-for-stm32.14.3.rel1.win32_1.0.100.202602081740/tools/bin/../lib/gcc/arm-none-eabi/14.3.1/../../../../arm-none-eabi/lib/thumb/v7e-m+dp/hard\libstdc++_nano.a
LOAD C:/ST/STM32CubeIDE_2.1.1/STM32CubeIDE/plugins/com.st.stm32cube.ide.mcu.externaltools.gnu-tools-for-stm32.14.3.rel1.win32_1.0.100.202602081740/tools/bin/../lib/gcc/arm-none-eabi/14.3.1/../../../../arm-none-eabi/lib/thumb/v7e-m+dp/hard\libm.a
LOAD C:/ST/STM32CubeIDE_2.1.1/STM32CubeIDE/plugins/com.st.stm32cube.ide.mcu.externaltools.gnu-tools-for-stm32.14.3.rel1.win32_1.0.100.202602081740/tools/bin/../lib/gcc/arm-none-eabi/14.3.1/../../../../arm-none-eabi/lib/thumb/v7e-m+dp/hard\libc_nano.a
START GROUP
LOAD C:/ST/STM32CubeIDE_2.1.1/STM32CubeIDE/plugins/com.st.stm32cube.ide.mcu.externaltools.gnu-tools-for-stm32.14.3.rel1.win32_1.0.100.202602081740/tools/bin/../lib/gcc/arm-none-eabi/14.3.1/thumb/v7e-m+dp/hard\libgcc.a
LOAD C:/ST/STM32CubeIDE_2.1.1/STM32CubeIDE/plugins/com.st.stm32cube.ide.mcu.externaltools.gnu-tools-for-stm32.14.3.rel1.win32_1.0.100.202602081740/tools/bin/../lib/gcc/arm-none-eabi/14.3.1/../../../../arm-none-eabi/lib/thumb/v7e-m+dp/hard\libc_nano.a
END GROUP
START GROUP
LOAD C:/ST/STM32CubeIDE_2.1.1/STM32CubeIDE/plugins/com.st.stm32cube.ide.mcu.externaltools.gnu-tools-for-stm32.14.3.rel1.win32_1.0.100.202602081740/tools/bin/../lib/gcc/arm-none-eabi/14.3.1/thumb/v7e-m+dp/hard\libgcc.a
LOAD C:/ST/STM32CubeIDE_2.1.1/STM32CubeIDE/plugins/com.st.stm32cube.ide.mcu.externaltools.gnu-tools-for-stm32.14.3.rel1.win32_1.0.100.202602081740/tools/bin/../lib/gcc/arm-none-eabi/14.3.1/../../../../arm-none-eabi/lib/thumb/v7e-m+dp/hard\libc_nano.a
END GROUP
LOAD C:/ST/STM32CubeIDE_2.1.1/STM32CubeIDE/plugins/com.st.stm32cube.ide.mcu.externaltools.gnu-tools-for-stm32.14.3.rel1.win32_1.0.100.202602081740/tools/bin/../lib/gcc/arm-none-eabi/14.3.1/thumb/v7e-m+dp/hard/crtend.o
LOAD C:/ST/STM32CubeIDE_2.1.1/STM32CubeIDE/plugins/com.st.stm32cube.ide.mcu.externaltools.gnu-tools-for-stm32.14.3.rel1.win32_1.0.100.202602081740/tools/bin/../lib/gcc/arm-none-eabi/14.3.1/thumb/v7e-m+dp/hard/crtn.o
                0x20080000                        _estack = (ORIGIN (RAM) + LENGTH (RAM))
                0x00000200                        _Min_Heap_Size = 0x200
                0x00000400                        _Min_Stack_Size = 0x400

.isr_vector     0x08000000      0x1f8
                0x08000000                        . = ALIGN (0x4)
 *(.isr_vector)
 .isr_vector    0x08000000      0x1f8 ./Core/Startup/startup_stm32f767zitx.o
                0x08000000                g_pfnVectors
                0x080001f8                        . = ALIGN (0x4)

.text           0x08000200     0x6e64
                0x08000200                        . = ALIGN (0x4)
 *(.text)
 .text          0x08000200       0x40 C:/ST/STM32CubeIDE_2.1.1/STM32CubeIDE/plugins/com.st.stm32cube.ide.mcu.externaltools.gnu-tools-for-stm32.14.3.rel1.win32_1.0.100.202602081740/tools/bin/../lib/gcc/arm-none-eabi/14.3.1/thumb/v7e-m+dp/hard/crtbegin.o
 .text          0x08000240       0x30 C:/ST/STM32CubeIDE_2.1.1/STM32CubeIDE/plugins/com.st.stm32cube.ide.mcu.externaltools.gnu-tools-for-stm32.14.3.rel1.win32_1.0.100.202602081740/tools/bin/../lib/gcc/arm-none-eabi/14.3.1/thumb/v7e-m+dp/hard\libgcc.a(_aeabi_uldivmod.o)
                0x08000240                __aeabi_uldivmod
 .text          0x08000270      0x2f8 C:/ST/STM32CubeIDE_2.1.1/STM32CubeIDE/plugins/com.st.stm32cube.ide.mcu.externaltools.gnu-tools-for-stm32.14.3.rel1.win32_1.0.100.202602081740/tools/bin/../lib/gcc/arm-none-eabi/14.3.1/thumb/v7e-m+dp/hard\libgcc.a(_udivmoddi4.o)
                0x08000270                __udivmoddi4
 .text          0x08000568        0x4 C:/ST/STM32CubeIDE_2.1.1/STM32CubeIDE/plugins/com.st.stm32cube.ide.mcu.externaltools.gnu-tools-for-stm32.14.3.rel1.win32_1.0.100.202602081740/tools/bin/../lib/gcc/arm-none-eabi/14.3.1/thumb/v7e-m+dp/hard\libgcc.a(_dvmd_tls.o)
                0x08000568                __aeabi_idiv0
                0x08000568                __aeabi_ldiv0
 *(.text*)
 .text.MX_DMA_Init
                0x0800056c       0x3c ./Core/Src/dma.o
                0x0800056c                MX_DMA_Init
 .text._Z16MX_FREERTOS_Initv
                0x080005a8       0x24 ./Core/Src/freertos.o
                0x080005a8                MX_FREERTOS_Init()
 .text._Z16StartDefaultTaskPv
                0x080005cc       0x10 ./Core/Src/freertos.o
                0x080005cc                StartDefaultTask(void*)
 .text.MX_GPIO_Init
                0x080005dc       0x48 ./Core/Src/gpio.o
                0x080005dc                MX_GPIO_Init
 .text.SCB_EnableICache
                0x08000624       0x4c ./Core/Src/main.o
 .text.SCB_EnableDCache
                0x08000670       0x9c ./Core/Src/main.o
 .text.main     0x0800070c       0x30 ./Core/Src/main.o
                0x0800070c                main
 .text._Z18SystemClock_Configv
                0x0800073c      0x100 ./Core/Src/main.o
                0x0800073c                SystemClock_Config()
 .text.HAL_TIM_PeriodElapsedCallback
                0x0800083c       0x24 ./Core/Src/main.o
                0x0800083c                HAL_TIM_PeriodElapsedCallback
 .text.Error_Handler
                0x08000860        0xc ./Core/Src/main.o
                0x08000860                Error_Handler
 .text.HAL_MspInit
                0x0800086c       0x50 ./Core/Src/stm32f7xx_hal_msp.o
                0x0800086c                HAL_MspInit
 .text.HAL_InitTick
                0x080008bc       0xf4 ./Core/Src/stm32f7xx_hal_timebase_tim.o
                0x080008bc                HAL_InitTick
 .text.NMI_Handler
                0x080009b0        0xc ./Core/Src/stm32f7xx_it.o
                0x080009b0                NMI_Handler
 .text.HardFault_Handler
                0x080009bc        0x8 ./Core/Src/stm32f7xx_it.o
                0x080009bc                HardFault_Handler
 .text.MemManage_Handler
                0x080009c4        0x8 ./Core/Src/stm32f7xx_it.o
                0x080009c4                MemManage_Handler
 .text.BusFault_Handler
                0x080009cc        0x8 ./Core/Src/stm32f7xx_it.o
                0x080009cc                BusFault_Handler
 .text.UsageFault_Handler
                0x080009d4        0x8 ./Core/Src/stm32f7xx_it.o
                0x080009d4                UsageFault_Handler
 .text.DebugMon_Handler
                0x080009dc        0xe ./Core/Src/stm32f7xx_it.o
                0x080009dc                DebugMon_Handler
 *fill*         0x080009ea        0x2 
 .text.DMA1_Stream1_IRQHandler
                0x080009ec       0x14 ./Core/Src/stm32f7xx_it.o
                0x080009ec                DMA1_Stream1_IRQHandler
 .text.USART3_IRQHandler
                0x08000a00       0x14 ./Core/Src/stm32f7xx_it.o
                0x08000a00                USART3_IRQHandler
 .text.TIM6_DAC_IRQHandler
                0x08000a14       0x14 ./Core/Src/stm32f7xx_it.o
                0x08000a14                TIM6_DAC_IRQHandler
 .text.SystemInit
                0x08000a28       0x24 ./Core/Src/system_stm32f7xx.o
                0x08000a28                SystemInit
 .text.MX_USART3_UART_Init
                0x08000a4c       0x60 ./Core/Src/usart.o
                0x08000a4c                MX_USART3_UART_Init
 .text.HAL_UART_MspInit
                0x08000aac      0x138 ./Core/Src/usart.o
                0x08000aac                HAL_UART_MspInit
 .text.Reset_Handler
                0x08000be4       0x50 ./Core/Startup/startup_stm32f767zitx.o
                0x08000be4                Reset_Handler
 .text.Default_Handler
                0x08000c34        0x2 ./Core/Startup/startup_stm32f767zitx.o
                0x08000c34                RTC_Alarm_IRQHandler
                0x08000c34                EXTI2_IRQHandler
                0x08000c34                TIM8_CC_IRQHandler
                0x08000c34                UART8_IRQHandler
                0x08000c34                SPI4_IRQHandler
                0x08000c34                TIM1_CC_IRQHandler
                0x08000c34                DMA2_Stream5_IRQHandler
                0x08000c34                JPEG_IRQHandler
                0x08000c34                DMA1_Stream5_IRQHandler
                0x08000c34                CAN3_RX1_IRQHandler
                0x08000c34                PVD_IRQHandler
                0x08000c34                TAMP_STAMP_IRQHandler
                0x08000c34                CAN2_RX1_IRQHandler
                0x08000c34                EXTI3_IRQHandler
                0x08000c34                TIM8_TRG_COM_TIM14_IRQHandler
                0x08000c34                DFSDM1_FLT1_IRQHandler
                0x08000c34                TIM1_UP_TIM10_IRQHandler
                0x08000c34                TIM8_UP_TIM13_IRQHandler
                0x08000c34                I2C3_ER_IRQHandler
                0x08000c34                DFSDM1_FLT2_IRQHandler
                0x08000c34                EXTI0_IRQHandler
                0x08000c34                I2C2_EV_IRQHandler
                0x08000c34                DMA1_Stream2_IRQHandler
                0x08000c34                CAN1_RX0_IRQHandler
                0x08000c34                FPU_IRQHandler
                0x08000c34                OTG_HS_WKUP_IRQHandler
                0x08000c34                CAN3_SCE_IRQHandler
                0x08000c34                LTDC_ER_IRQHandler
                0x08000c34                CAN2_SCE_IRQHandler
                0x08000c34                DMA2_Stream2_IRQHandler
                0x08000c34                SPI1_IRQHandler
                0x08000c34                TIM1_BRK_TIM9_IRQHandler
                0x08000c34                DCMI_IRQHandler
                0x08000c34                CAN2_RX0_IRQHandler
                0x08000c34                DMA2_Stream3_IRQHandler
                0x08000c34                SAI2_IRQHandler
                0x08000c34                DFSDM1_FLT3_IRQHandler
                0x08000c34                USART6_IRQHandler
                0x08000c34                CAN3_RX0_IRQHandler
                0x08000c34                CAN1_RX1_IRQHandler
                0x08000c34                UART5_IRQHandler
                0x08000c34                DMA2_Stream0_IRQHandler
                0x08000c34                TIM4_IRQHandler
                0x08000c34                QUADSPI_IRQHandler
                0x08000c34                I2C1_EV_IRQHandler
                0x08000c34                DMA1_Stream6_IRQHandler
                0x08000c34                UART4_IRQHandler
                0x08000c34                TIM3_IRQHandler
                0x08000c34                RCC_IRQHandler
                0x08000c34                TIM8_BRK_TIM12_IRQHandler
                0x08000c34                Default_Handler
                0x08000c34                CEC_IRQHandler
                0x08000c34                EXTI15_10_IRQHandler
                0x08000c34                ADC_IRQHandler
                0x08000c34                DMA1_Stream7_IRQHandler
                0x08000c34                SPI5_IRQHandler
                0x08000c34                TIM7_IRQHandler
                0x08000c34                SDMMC1_IRQHandler
                0x08000c34                CAN2_TX_IRQHandler
                0x08000c34                TIM5_IRQHandler
                0x08000c34                DMA2_Stream7_IRQHandler
                0x08000c34                I2C3_EV_IRQHandler
                0x08000c34                EXTI9_5_IRQHandler
                0x08000c34                RTC_WKUP_IRQHandler
                0x08000c34                LTDC_IRQHandler
                0x08000c34                ETH_WKUP_IRQHandler
                0x08000c34                SPDIF_RX_IRQHandler
                0x08000c34                SPI2_IRQHandler
                0x08000c34                OTG_HS_EP1_IN_IRQHandler
                0x08000c34                DMA1_Stream0_IRQHandler
                0x08000c34                CAN1_TX_IRQHandler
                0x08000c34                EXTI4_IRQHandler
                0x08000c34                RNG_IRQHandler
                0x08000c34                ETH_IRQHandler
                0x08000c34                OTG_HS_EP1_OUT_IRQHandler
                0x08000c34                WWDG_IRQHandler
                0x08000c34                SPI6_IRQHandler
                0x08000c34                MDIOS_IRQHandler
                0x08000c34                I2C4_EV_IRQHandler
                0x08000c34                CAN3_TX_IRQHandler
                0x08000c34                TIM2_IRQHandler
                0x08000c34                OTG_FS_WKUP_IRQHandler
                0x08000c34                TIM1_TRG_COM_TIM11_IRQHandler
                0x08000c34                OTG_HS_IRQHandler
                0x08000c34                DMA2D_IRQHandler
                0x08000c34                EXTI1_IRQHandler
                0x08000c34                SDMMC2_IRQHandler
                0x08000c34                UART7_IRQHandler
                0x08000c34                USART2_IRQHandler
                0x08000c34                DFSDM1_FLT0_IRQHandler
                0x08000c34                I2C2_ER_IRQHandler
                0x08000c34                DMA2_Stream1_IRQHandler
                0x08000c34                CAN1_SCE_IRQHandler
                0x08000c34                FLASH_IRQHandler
                0x08000c34                DMA2_Stream4_IRQHandler
                0x08000c34                USART1_IRQHandler
                0x08000c34                OTG_FS_IRQHandler
                0x08000c34                SPI3_IRQHandler
                0x08000c34                DMA1_Stream4_IRQHandler
                0x08000c34                I2C1_ER_IRQHandler
                0x08000c34                FMC_IRQHandler
                0x08000c34                LPTIM1_IRQHandler
                0x08000c34                I2C4_ER_IRQHandler
                0x08000c34                DMA2_Stream6_IRQHandler
                0x08000c34                SAI1_IRQHandler
                0x08000c34                DMA1_Stream3_IRQHandler
 .text.HAL_Init
                0x08000c36       0x1a ./Drivers/STM32F7xx_HAL_Driver/Src/stm32f7xx_hal.o
                0x08000c36                HAL_Init
 .text.HAL_IncTick
                0x08000c50       0x28 ./Drivers/STM32F7xx_HAL_Driver/Src/stm32f7xx_hal.o
                0x08000c50                HAL_IncTick
 .text.HAL_GetTick
                0x08000c78       0x18 ./Drivers/STM32F7xx_HAL_Driver/Src/stm32f7xx_hal.o
                0x08000c78                HAL_GetTick
 .text.__NVIC_SetPriorityGrouping
                0x08000c90       0x48 ./Drivers/STM32F7xx_HAL_Driver/Src/stm32f7xx_hal_cortex.o
 .text.__NVIC_GetPriorityGrouping
                0x08000cd8       0x1c ./Drivers/STM32F7xx_HAL_Driver/Src/stm32f7xx_hal_cortex.o
 .text.__NVIC_EnableIRQ
                0x08000cf4       0x3c ./Drivers/STM32F7xx_HAL_Driver/Src/stm32f7xx_hal_cortex.o
 .text.__NVIC_SetPriority
                0x08000d30       0x54 ./Drivers/STM32F7xx_HAL_Driver/Src/stm32f7xx_hal_cortex.o
 .text.NVIC_EncodePriority
                0x08000d84       0x66 ./Drivers/STM32F7xx_HAL_Driver/Src/stm32f7xx_hal_cortex.o
 .text.HAL_NVIC_SetPriorityGrouping
                0x08000dea       0x16 ./Drivers/STM32F7xx_HAL_Driver/Src/stm32f7xx_hal_cortex.o
                0x08000dea                HAL_NVIC_SetPriorityGrouping
 .text.HAL_NVIC_SetPriority
                0x08000e00       0x38 ./Drivers/STM32F7xx_HAL_Driver/Src/stm32f7xx_hal_cortex.o
                0x08000e00                HAL_NVIC_SetPriority
 .text.HAL_NVIC_EnableIRQ
                0x08000e38       0x1c ./Drivers/STM32F7xx_HAL_Driver/Src/stm32f7xx_hal_cortex.o
                0x08000e38                HAL_NVIC_EnableIRQ
 .text.HAL_DMA_Init
                0x08000e54      0x15c ./Drivers/STM32F7xx_HAL_Driver/Src/stm32f7xx_hal_dma.o
                0x08000e54                HAL_DMA_Init
 .text.HAL_DMA_Abort
                0x08000fb0       0xe0 ./Drivers/STM32F7xx_HAL_Driver/Src/stm32f7xx_hal_dma.o
                0x08000fb0                HAL_DMA_Abort
 .text.HAL_DMA_Abort_IT
                0x08001090       0x44 ./Drivers/STM32F7xx_HAL_Driver/Src/stm32f7xx_hal_dma.o
                0x08001090                HAL_DMA_Abort_IT
 .text.HAL_DMA_IRQHandler
                0x080010d4      0x314 ./Drivers/STM32F7xx_HAL_Driver/Src/stm32f7xx_hal_dma.o
                0x080010d4                HAL_DMA_IRQHandler
 .text.DMA_CalcBaseAndBitshift
                0x080013e8       0x6c ./Drivers/STM32F7xx_HAL_Driver/Src/stm32f7xx_hal_dma.o
 .text.DMA_CheckFifoParam
                0x08001454       0xf8 ./Drivers/STM32F7xx_HAL_Driver/Src/stm32f7xx_hal_dma.o
 .text.HAL_GPIO_Init
                0x0800154c      0x358 ./Drivers/STM32F7xx_HAL_Driver/Src/stm32f7xx_hal_gpio.o
                0x0800154c                HAL_GPIO_Init
 .text.HAL_PWREx_EnableOverDrive
                0x080018a4       0xa0 ./Drivers/STM32F7xx_HAL_Driver/Src/stm32f7xx_hal_pwr_ex.o
                0x080018a4                HAL_PWREx_EnableOverDrive
 .text.HAL_RCC_OscConfig
                0x08001944      0x55c ./Drivers/STM32F7xx_HAL_Driver/Src/stm32f7xx_hal_rcc.o
                0x08001944                HAL_RCC_OscConfig
 .text.HAL_RCC_ClockConfig
                0x08001ea0      0x1d8 ./Drivers/STM32F7xx_HAL_Driver/Src/stm32f7xx_hal_rcc.o
                0x08001ea0                HAL_RCC_ClockConfig
 .text.HAL_RCC_EnableCSS
                0x08002078       0x20 ./Drivers/STM32F7xx_HAL_Driver/Src/stm32f7xx_hal_rcc.o
                0x08002078                HAL_RCC_EnableCSS
 .text.HAL_RCC_GetSysClockFreq
                0x08002098      0x20c ./Drivers/STM32F7xx_HAL_Driver/Src/stm32f7xx_hal_rcc.o
                0x08002098                HAL_RCC_GetSysClockFreq
 .text.HAL_RCC_GetHCLKFreq
                0x080022a4       0x18 ./Drivers/STM32F7xx_HAL_Driver/Src/stm32f7xx_hal_rcc.o
                0x080022a4                HAL_RCC_GetHCLKFreq
 .text.HAL_RCC_GetPCLK1Freq
                0x080022bc       0x28 ./Drivers/STM32F7xx_HAL_Driver/Src/stm32f7xx_hal_rcc.o
                0x080022bc                HAL_RCC_GetPCLK1Freq
 .text.HAL_RCC_GetPCLK2Freq
                0x080022e4       0x28 ./Drivers/STM32F7xx_HAL_Driver/Src/stm32f7xx_hal_rcc.o
                0x080022e4                HAL_RCC_GetPCLK2Freq
 .text.HAL_RCC_GetClockConfig
                0x0800230c       0x64 ./Drivers/STM32F7xx_HAL_Driver/Src/stm32f7xx_hal_rcc.o
                0x0800230c                HAL_RCC_GetClockConfig
 .text.HAL_RCC_NMI_IRQHandler
                0x08002370       0x28 ./Drivers/STM32F7xx_HAL_Driver/Src/stm32f7xx_hal_rcc.o
                0x08002370                HAL_RCC_NMI_IRQHandler
 .text.HAL_RCC_CSSCallback
                0x08002398        0xe ./Drivers/STM32F7xx_HAL_Driver/Src/stm32f7xx_hal_rcc.o
                0x08002398                HAL_RCC_CSSCallback
 *fill*         0x080023a6        0x2 
 .text.HAL_RCCEx_PeriphCLKConfig
                0x080023a8      0x850 ./Drivers/STM32F7xx_HAL_Driver/Src/stm32f7xx_hal_rcc_ex.o
                0x080023a8                HAL_RCCEx_PeriphCLKConfig
 .text.HAL_TIM_Base_Init
                0x08002bf8       0xae ./Drivers/STM32F7xx_HAL_Driver/Src/stm32f7xx_hal_tim.o
                0x08002bf8                HAL_TIM_Base_Init
 .text.HAL_TIM_Base_MspInit
                0x08002ca6       0x14 ./Drivers/STM32F7xx_HAL_Driver/Src/stm32f7xx_hal_tim.o
                0x08002ca6                HAL_TIM_Base_MspInit
 *fill*         0x08002cba        0x2 
 .text.HAL_TIM_Base_Start_IT
                0x08002cbc       0xf0 ./Drivers/STM32F7xx_HAL_Driver/Src/stm32f7xx_hal_tim.o
                0x08002cbc                HAL_TIM_Base_Start_IT
 .text.HAL_TIM_IRQHandler
                0x08002dac      0x20e ./Drivers/STM32F7xx_HAL_Driver/Src/stm32f7xx_hal_tim.o
                0x08002dac                HAL_TIM_IRQHandler
 .text.HAL_TIM_OC_DelayElapsedCallback
                0x08002fba       0x14 ./Drivers/STM32F7xx_HAL_Driver/Src/stm32f7xx_hal_tim.o
                0x08002fba                HAL_TIM_OC_DelayElapsedCallback
 .text.HAL_TIM_IC_CaptureCallback
                0x08002fce       0x14 ./Drivers/STM32F7xx_HAL_Driver/Src/stm32f7xx_hal_tim.o
                0x08002fce                HAL_TIM_IC_CaptureCallback
 .text.HAL_TIM_PWM_PulseFinishedCallback
                0x08002fe2       0x14 ./Drivers/STM32F7xx_HAL_Driver/Src/stm32f7xx_hal_tim.o
                0x08002fe2                HAL_TIM_PWM_PulseFinishedCallback
 .text.HAL_TIM_TriggerCallback
                0x08002ff6       0x14 ./Drivers/STM32F7xx_HAL_Driver/Src/stm32f7xx_hal_tim.o
                0x08002ff6                HAL_TIM_TriggerCallback
 *fill*         0x0800300a        0x2 
 .text.TIM_Base_SetConfig
                0x0800300c      0x14c ./Drivers/STM32F7xx_HAL_Driver/Src/stm32f7xx_hal_tim.o
                0x0800300c                TIM_Base_SetConfig
 .text.HAL_TIMEx_CommutCallback
                0x08003158       0x14 ./Drivers/STM32F7xx_HAL_Driver/Src/stm32f7xx_hal_tim_ex.o
                0x08003158                HAL_TIMEx_CommutCallback
 .text.HAL_TIMEx_BreakCallback
                0x0800316c       0x14 ./Drivers/STM32F7xx_HAL_Driver/Src/stm32f7xx_hal_tim_ex.o
                0x0800316c                HAL_TIMEx_BreakCallback
 .text.HAL_TIMEx_Break2Callback
                0x08003180       0x14 ./Drivers/STM32F7xx_HAL_Driver/Src/stm32f7xx_hal_tim_ex.o
                0x08003180                HAL_TIMEx_Break2Callback
 .text.HAL_UART_Init
                0x08003194       0x9c ./Drivers/STM32F7xx_HAL_Driver/Src/stm32f7xx_hal_uart.o
                0x08003194                HAL_UART_Init
 .text.HAL_UART_IRQHandler
                0x08003230      0x604 ./Drivers/STM32F7xx_HAL_Driver/Src/stm32f7xx_hal_uart.o
                0x08003230                HAL_UART_IRQHandler
 .text.HAL_UART_TxCpltCallback
                0x08003834       0x14 ./Drivers/STM32F7xx_HAL_Driver/Src/stm32f7xx_hal_uart.o
                0x08003834                HAL_UART_TxCpltCallback
 .text.HAL_UART_ErrorCallback
                0x08003848       0x14 ./Drivers/STM32F7xx_HAL_Driver/Src/stm32f7xx_hal_uart.o
                0x08003848                HAL_UART_ErrorCallback
 .text.HAL_UARTEx_RxEventCallback
                0x0800385c       0x18 ./Drivers/STM32F7xx_HAL_Driver/Src/stm32f7xx_hal_uart.o
                0x0800385c                HAL_UARTEx_RxEventCallback
 .text.HAL_UARTEx_WakeupCallback
                0x08003874       0x14 ./Drivers/STM32F7xx_HAL_Driver/Src/stm32f7xx_hal_uart.o
                0x08003874                HAL_UARTEx_WakeupCallback
 .text.UART_SetConfig
                0x08003888      0x4c8 ./Drivers/STM32F7xx_HAL_Driver/Src/stm32f7xx_hal_uart.o
                0x08003888                UART_SetConfig
 .text.UART_AdvFeatureConfig
                0x08003d50      0x144 ./Drivers/STM32F7xx_HAL_Driver/Src/stm32f7xx_hal_uart.o
                0x08003d50                UART_AdvFeatureConfig
 .text.UART_CheckIdleState
                0x08003e94      0x150 ./Drivers/STM32F7xx_HAL_Driver/Src/stm32f7xx_hal_uart.o
                0x08003e94                UART_CheckIdleState
 .text.UART_WaitOnFlagUntilTimeout
                0x08003fe4       0xda ./Drivers/STM32F7xx_HAL_Driver/Src/stm32f7xx_hal_uart.o
                0x08003fe4                UART_WaitOnFlagUntilTimeout
 .text.UART_EndRxTransfer
                0x080040be       0xc8 ./Drivers/STM32F7xx_HAL_Driver/Src/stm32f7xx_hal_uart.o
 .text.UART_DMAAbortOnError
                0x08004186       0x24 ./Drivers/STM32F7xx_HAL_Driver/Src/stm32f7xx_hal_uart.o
 .text.UART_EndTransmit_IT
                0x080041aa       0x54 ./Drivers/STM32F7xx_HAL_Driver/Src/stm32f7xx_hal_uart.o
 .text.SVC_Setup
                0x080041fe        0xe ./Middlewares/Third_Party/FreeRTOS/Source/CMSIS_RTOS_V2/cmsis_os2.o
 .text.osKernelInitialize
                0x0800420c       0x68 ./Middlewares/Third_Party/FreeRTOS/Source/CMSIS_RTOS_V2/cmsis_os2.o
                0x0800420c                osKernelInitialize
 .text.osKernelStart
                0x08004274       0x6c ./Middlewares/Third_Party/FreeRTOS/Source/CMSIS_RTOS_V2/cmsis_os2.o
                0x08004274                osKernelStart
 .text.osThreadNew
                0x080042e0      0x14c ./Middlewares/Third_Party/FreeRTOS/Source/CMSIS_RTOS_V2/cmsis_os2.o
                0x080042e0                osThreadNew
 .text.osDelay  0x0800442c       0x5c ./Middlewares/Third_Party/FreeRTOS/Source/CMSIS_RTOS_V2/cmsis_os2.o
                0x0800442c                osDelay
 .text.vApplicationGetIdleTaskMemory
                0x08004488       0x34 ./Middlewares/Third_Party/FreeRTOS/Source/CMSIS_RTOS_V2/cmsis_os2.o
                0x08004488                vApplicationGetIdleTaskMemory
 .text.vApplicationGetTimerTaskMemory
                0x080044bc       0x34 ./Middlewares/Third_Party/FreeRTOS/Source/CMSIS_RTOS_V2/cmsis_os2.o
                0x080044bc                vApplicationGetTimerTaskMemory
 .text.vListInitialise
                0x080044f0       0x40 ./Middlewares/Third_Party/FreeRTOS/Source/list.o
                0x080044f0                vListInitialise
 .text.vListInitialiseItem
                0x08004530       0x1a ./Middlewares/Third_Party/FreeRTOS/Source/list.o
                0x08004530                vListInitialiseItem
 .text.vListInsertEnd
                0x0800454a       0x48 ./Middlewares/Third_Party/FreeRTOS/Source/list.o
                0x0800454a                vListInsertEnd
 .text.vListInsert
                0x08004592       0x72 ./Middlewares/Third_Party/FreeRTOS/Source/list.o
                0x08004592                vListInsert
 .text.uxListRemove
                0x08004604       0x54 ./Middlewares/Third_Party/FreeRTOS/Source/list.o
                0x08004604                uxListRemove
 .text.xQueueGenericReset
                0x08004658       0xd8 ./Middlewares/Third_Party/FreeRTOS/Source/queue.o
                0x08004658                xQueueGenericReset
 .text.xQueueGenericCreateStatic
                0x08004730      0x10e ./Middlewares/Third_Party/FreeRTOS/Source/queue.o
                0x08004730                xQueueGenericCreateStatic
 .text.prvInitialiseNewQueue
                0x0800483e       0x46 ./Middlewares/Third_Party/FreeRTOS/Source/queue.o
 .text.xQueueGenericSend
                0x08004884      0x214 ./Middlewares/Third_Party/FreeRTOS/Source/queue.o
                0x08004884                xQueueGenericSend
 .text.xQueueGenericSendFromISR
                0x08004a98      0x146 ./Middlewares/Third_Party/FreeRTOS/Source/queue.o
                0x08004a98                xQueueGenericSendFromISR
 *fill*         0x08004bde        0x2 
 .text.xQueueReceive
                0x08004be0      0x1d0 ./Middlewares/Third_Party/FreeRTOS/Source/queue.o
                0x08004be0                xQueueReceive
 .text.prvCopyDataToQueue
                0x08004db0       0xd4 ./Middlewares/Third_Party/FreeRTOS/Source/queue.o
 .text.prvCopyDataFromQueue
                0x08004e84       0x4c ./Middlewares/Third_Party/FreeRTOS/Source/queue.o
 .text.prvUnlockQueue
                0x08004ed0       0xa4 ./Middlewares/Third_Party/FreeRTOS/Source/queue.o
 .text.prvIsQueueEmpty
                0x08004f74       0x2c ./Middlewares/Third_Party/FreeRTOS/Source/queue.o
 .text.prvIsQueueFull
                0x08004fa0       0x30 ./Middlewares/Third_Party/FreeRTOS/Source/queue.o
 .text.vQueueAddToRegistry
                0x08004fd0       0x54 ./Middlewares/Third_Party/FreeRTOS/Source/queue.o
                0x08004fd0                vQueueAddToRegistry
 .text.vQueueWaitForMessageRestricted
                0x08005024       0x68 ./Middlewares/Third_Party/FreeRTOS/Source/queue.o
                0x08005024                vQueueWaitForMessageRestricted
 .text.xTaskCreateStatic
                0x0800508c       0xcc ./Middlewares/Third_Party/FreeRTOS/Source/tasks.o
                0x0800508c                xTaskCreateStatic
 .text.xTaskCreate
                0x08005158       0x8a ./Middlewares/Third_Party/FreeRTOS/Source/tasks.o
                0x08005158                xTaskCreate
 *fill*         0x080051e2        0x2 
 .text.prvInitialiseNewTask
                0x080051e4      0x154 ./Middlewares/Third_Party/FreeRTOS/Source/tasks.o
 .text.prvAddNewTaskToReadyList
                0x08005338       0xe0 ./Middlewares/Third_Party/FreeRTOS/Source/tasks.o
 .text.vTaskDelay
                0x08005418       0x70 ./Middlewares/Third_Party/FreeRTOS/Source/tasks.o
                0x08005418                vTaskDelay
 .text.vTaskStartScheduler
                0x08005488       0xe8 ./Middlewares/Third_Party/FreeRTOS/Source/tasks.o
                0x08005488                vTaskStartScheduler
 .text.vTaskSuspendAll
                0x08005570       0x1c ./Middlewares/Third_Party/FreeRTOS/Source/tasks.o
                0x08005570                vTaskSuspendAll
 .text.xTaskResumeAll
                0x0800558c      0x140 ./Middlewares/Third_Party/FreeRTOS/Source/tasks.o
                0x0800558c                xTaskResumeAll
 .text.xTaskGetTickCount
                0x080056cc       0x20 ./Middlewares/Third_Party/FreeRTOS/Source/tasks.o
                0x080056cc                xTaskGetTickCount
 .text.xTaskIncrementTick
                0x080056ec      0x178 ./Middlewares/Third_Party/FreeRTOS/Source/tasks.o
                0x080056ec                xTaskIncrementTick
 .text.vTaskSwitchContext
                0x08005864       0xd0 ./Middlewares/Third_Party/FreeRTOS/Source/tasks.o
                0x08005864                vTaskSwitchContext
 .text.vTaskPlaceOnEventList
                0x08005934       0x50 ./Middlewares/Third_Party/FreeRTOS/Source/tasks.o
                0x08005934                vTaskPlaceOnEventList
 .text.vTaskPlaceOnEventListRestricted
                0x08005984       0x5c ./Middlewares/Third_Party/FreeRTOS/Source/tasks.o
                0x08005984                vTaskPlaceOnEventListRestricted
 .text.xTaskRemoveFromEventList
                0x080059e0       0xcc ./Middlewares/Third_Party/FreeRTOS/Source/tasks.o
                0x080059e0                xTaskRemoveFromEventList
 .text.vTaskInternalSetTimeOutState
                0x08005aac       0x2c ./Middlewares/Third_Party/FreeRTOS/Source/tasks.o
                0x08005aac                vTaskInternalSetTimeOutState
 .text.xTaskCheckForTimeOut
                0x08005ad8       0xd0 ./Middlewares/Third_Party/FreeRTOS/Source/tasks.o
                0x08005ad8                xTaskCheckForTimeOut
 .text.vTaskMissedYield
                0x08005ba8       0x18 ./Middlewares/Third_Party/FreeRTOS/Source/tasks.o
                0x08005ba8                vTaskMissedYield
 .text.prvIdleTask
                0x08005bc0       0x30 ./Middlewares/Third_Party/FreeRTOS/Source/tasks.o
 .text.prvInitialiseTaskLists
                0x08005bf0       0x80 ./Middlewares/Third_Party/FreeRTOS/Source/tasks.o
 .text.prvCheckTasksWaitingTermination
                0x08005c70       0x5c ./Middlewares/Third_Party/FreeRTOS/Source/tasks.o
 .text.prvDeleteTCB
                0x08005ccc       0x6e ./Middlewares/Third_Party/FreeRTOS/Source/tasks.o
 *fill*         0x08005d3a        0x2 
 .text.prvResetNextTaskUnblockTime
                0x08005d3c       0x40 ./Middlewares/Third_Party/FreeRTOS/Source/tasks.o
 .text.xTaskGetSchedulerState
                0x08005d7c       0x3c ./Middlewares/Third_Party/FreeRTOS/Source/tasks.o
                0x08005d7c                xTaskGetSchedulerState
 .text.xTaskPriorityDisinherit
                0x08005db8       0xe8 ./Middlewares/Third_Party/FreeRTOS/Source/tasks.o
                0x08005db8                xTaskPriorityDisinherit
 .text.prvAddCurrentTaskToDelayedList
                0x08005ea0       0xa8 ./Middlewares/Third_Party/FreeRTOS/Source/tasks.o
 .text.xTimerCreateTimerTask
                0x08005f48       0x98 ./Middlewares/Third_Party/FreeRTOS/Source/timers.o
                0x08005f48                xTimerCreateTimerTask
 .text.xTimerGenericCommand
                0x08005fe0       0xa0 ./Middlewares/Third_Party/FreeRTOS/Source/timers.o
                0x08005fe0                xTimerGenericCommand
 .text.prvProcessExpiredTimer
                0x08006080       0xa0 ./Middlewares/Third_Party/FreeRTOS/Source/timers.o
 .text.prvTimerTask
                0x08006120       0x26 ./Middlewares/Third_Party/FreeRTOS/Source/timers.o
 *fill*         0x08006146        0x2 
 .text.prvProcessTimerOrBlockTask
                0x08006148       0x9c ./Middlewares/Third_Party/FreeRTOS/Source/timers.o
 .text.prvGetNextExpireTime
                0x080061e4       0x48 ./Middlewares/Third_Party/FreeRTOS/Source/timers.o
 .text.prvSampleTimeNow
                0x0800622c       0x40 ./Middlewares/Third_Party/FreeRTOS/Source/timers.o
 .text.prvInsertTimerInActiveList
                0x0800626c       0x84 ./Middlewares/Third_Party/FreeRTOS/Source/timers.o
 .text.prvProcessReceivedCommands
                0x080062f0      0x1d8 ./Middlewares/Third_Party/FreeRTOS/Source/timers.o
 .text.prvSwitchTimerLists
                0x080064c8       0xd0 ./Middlewares/Third_Party/FreeRTOS/Source/timers.o
 .text.prvCheckForValidListAndQueue
                0x08006598       0x80 ./Middlewares/Third_Party/FreeRTOS/Source/timers.o
 .text.pxPortInitialiseStack
                0x08006618       0x68 ./Middlewares/Third_Party/FreeRTOS/Source/portable/GCC/ARM_CM7/r0p1/port.o
                0x08006618                pxPortInitialiseStack
 .text.prvTaskExitError
                0x08006680       0x64 ./Middlewares/Third_Party/FreeRTOS/Source/portable/GCC/ARM_CM7/r0p1/port.o
 *fill*         0x080066e4        0xc 
 .text.SVC_Handler
                0x080066f0       0x28 ./Middlewares/Third_Party/FreeRTOS/Source/portable/GCC/ARM_CM7/r0p1/port.o
                0x080066f0                SVC_Handler
 .text.prvPortStartFirstTask
                0x08006718       0x28 ./Middlewares/Third_Party/FreeRTOS/Source/portable/GCC/ARM_CM7/r0p1/port.o
 .text.xPortStartScheduler
                0x08006740       0xfc ./Middlewares/Third_Party/FreeRTOS/Source/portable/GCC/ARM_CM7/r0p1/port.o
                0x08006740                xPortStartScheduler
 .text.vPortEnterCritical
                0x0800683c       0x6c ./Middlewares/Third_Party/FreeRTOS/Source/portable/GCC/ARM_CM7/r0p1/port.o
                0x0800683c                vPortEnterCritical
 .text.vPortExitCritical
                0x080068a8       0x58 ./Middlewares/Third_Party/FreeRTOS/Source/portable/GCC/ARM_CM7/r0p1/port.o
                0x080068a8                vPortExitCritical
 .text.PendSV_Handler
                0x08006900       0x68 ./Middlewares/Third_Party/FreeRTOS/Source/portable/GCC/ARM_CM7/r0p1/port.o
                0x08006900                PendSV_Handler
 .text.SysTick_Handler
                0x08006968       0x48 ./Middlewares/Third_Party/FreeRTOS/Source/portable/GCC/ARM_CM7/r0p1/port.o
                0x08006968                SysTick_Handler
 .text.vPortSetupTimerInterrupt
                0x080069b0       0x48 ./Middlewares/Third_Party/FreeRTOS/Source/portable/GCC/ARM_CM7/r0p1/port.o
                0x080069b0                vPortSetupTimerInterrupt
 .text.vPortEnableVFP
                0x080069f8       0x14 ./Middlewares/Third_Party/FreeRTOS/Source/portable/GCC/ARM_CM7/r0p1/port.o
 .text.vPortValidateInterruptPriority
                0x08006a0c       0x8c ./Middlewares/Third_Party/FreeRTOS/Source/portable/GCC/ARM_CM7/r0p1/port.o
                0x08006a0c                vPortValidateInterruptPriority
 .text.pvPortMalloc
                0x08006a98      0x19c ./Middlewares/Third_Party/FreeRTOS/Source/portable/MemMang/heap_4.o
                0x08006a98                pvPortMalloc
 .text.vPortFree
                0x08006c34       0xc0 ./Middlewares/Third_Party/FreeRTOS/Source/portable/MemMang/heap_4.o
                0x08006c34                vPortFree
 .text.prvHeapInit
                0x08006cf4       0xc4 ./Middlewares/Third_Party/FreeRTOS/Source/portable/MemMang/heap_4.o
 .text.prvInsertBlockIntoFreeList
                0x08006db8       0xb4 ./Middlewares/Third_Party/FreeRTOS/Source/portable/MemMang/heap_4.o
 .text.memset   0x08006e6c       0x10 C:/ST/STM32CubeIDE_2.1.1/STM32CubeIDE/plugins/com.st.stm32cube.ide.mcu.externaltools.gnu-tools-for-stm32.14.3.rel1.win32_1.0.100.202602081740/tools/bin/../lib/gcc/arm-none-eabi/14.3.1/../../../../arm-none-eabi/lib/thumb/v7e-m+dp/hard\libc_nano.a(libc_a-memset.o)
                0x08006e6c                memset
 .text._reclaim_reent
                0x08006e7c       0xbc C:/ST/STM32CubeIDE_2.1.1/STM32CubeIDE/plugins/com.st.stm32cube.ide.mcu.externaltools.gnu-tools-for-stm32.14.3.rel1.win32_1.0.100.202602081740/tools/bin/../lib/gcc/arm-none-eabi/14.3.1/../../../../arm-none-eabi/lib/thumb/v7e-m+dp/hard\libc_nano.a(libc_a-reent.o)
                0x08006e7c                _reclaim_reent
 .text.__libc_init_array
                0x08006f38       0x48 C:/ST/STM32CubeIDE_2.1.1/STM32CubeIDE/plugins/com.st.stm32cube.ide.mcu.externaltools.gnu-tools-for-stm32.14.3.rel1.win32_1.0.100.202602081740/tools/bin/../lib/gcc/arm-none-eabi/14.3.1/../../../../arm-none-eabi/lib/thumb/v7e-m+dp/hard\libc_nano.a(libc_a-init.o)
                0x08006f38                __libc_init_array
 .text.__retarget_lock_acquire_recursive
                0x08006f80        0x2 C:/ST/STM32CubeIDE_2.1.1/STM32CubeIDE/plugins/com.st.stm32cube.ide.mcu.externaltools.gnu-tools-for-stm32.14.3.rel1.win32_1.0.100.202602081740/tools/bin/../lib/gcc/arm-none-eabi/14.3.1/../../../../arm-none-eabi/lib/thumb/v7e-m+dp/hard\libc_nano.a(libc_a-lock.o)
                0x08006f80                __retarget_lock_acquire_recursive
 .text.__retarget_lock_release_recursive
                0x08006f82        0x2 C:/ST/STM32CubeIDE_2.1.1/STM32CubeIDE/plugins/com.st.stm32cube.ide.mcu.externaltools.gnu-tools-for-stm32.14.3.rel1.win32_1.0.100.202602081740/tools/bin/../lib/gcc/arm-none-eabi/14.3.1/../../../../arm-none-eabi/lib/thumb/v7e-m+dp/hard\libc_nano.a(libc_a-lock.o)
                0x08006f82                __retarget_lock_release_recursive
 .text.memcpy   0x08006f84       0x1c C:/ST/STM32CubeIDE_2.1.1/STM32CubeIDE/plugins/com.st.stm32cube.ide.mcu.externaltools.gnu-tools-for-stm32.14.3.rel1.win32_1.0.100.202602081740/tools/bin/../lib/gcc/arm-none-eabi/14.3.1/../../../../arm-none-eabi/lib/thumb/v7e-m+dp/hard\libc_nano.a(libc_a-memcpy-stub.o)
                0x08006f84                memcpy
 .text._free_r  0x08006fa0       0x94 C:/ST/STM32CubeIDE_2.1.1/STM32CubeIDE/plugins/com.st.stm32cube.ide.mcu.externaltools.gnu-tools-for-stm32.14.3.rel1.win32_1.0.100.202602081740/tools/bin/../lib/gcc/arm-none-eabi/14.3.1/../../../../arm-none-eabi/lib/thumb/v7e-m+dp/hard\libc_nano.a(libc_a-freer.o)
                0x08006fa0                _free_r
 .text.__malloc_lock
                0x08007034        0xc C:/ST/STM32CubeIDE_2.1.1/STM32CubeIDE/plugins/com.st.stm32cube.ide.mcu.externaltools.gnu-tools-for-stm32.14.3.rel1.win32_1.0.100.202602081740/tools/bin/../lib/gcc/arm-none-eabi/14.3.1/../../../../arm-none-eabi/lib/thumb/v7e-m+dp/hard\libc_nano.a(libc_a-mlock.o)
                0x08007034                __malloc_lock
 .text.__malloc_unlock
                0x08007040        0xc C:/ST/STM32CubeIDE_2.1.1/STM32CubeIDE/plugins/com.st.stm32cube.ide.mcu.externaltools.gnu-tools-for-stm32.14.3.rel1.win32_1.0.100.202602081740/tools/bin/../lib/gcc/arm-none-eabi/14.3.1/../../../../arm-none-eabi/lib/thumb/v7e-m+dp/hard\libc_nano.a(libc_a-mlock.o)
                0x08007040                __malloc_unlock
 *(.glue_7)
 .glue_7        0x0800704c        0x0 linker stubs
 *(.glue_7t)
 .glue_7t       0x0800704c        0x0 linker stubs
 *(.eh_frame)
 .eh_frame      0x0800704c        0x0 C:/ST/STM32CubeIDE_2.1.1/STM32CubeIDE/plugins/com.st.stm32cube.ide.mcu.externaltools.gnu-tools-for-stm32.14.3.rel1.win32_1.0.100.202602081740/tools/bin/../lib/gcc/arm-none-eabi/14.3.1/thumb/v7e-m+dp/hard/crtbegin.o
 *(.init)
 .init          0x0800704c        0x4 C:/ST/STM32CubeIDE_2.1.1/STM32CubeIDE/plugins/com.st.stm32cube.ide.mcu.externaltools.gnu-tools-for-stm32.14.3.rel1.win32_1.0.100.202602081740/tools/bin/../lib/gcc/arm-none-eabi/14.3.1/thumb/v7e-m+dp/hard/crti.o
                0x0800704c                _init
 .init          0x08007050        0x8 C:/ST/STM32CubeIDE_2.1.1/STM32CubeIDE/plugins/com.st.stm32cube.ide.mcu.externaltools.gnu-tools-for-stm32.14.3.rel1.win32_1.0.100.202602081740/tools/bin/../lib/gcc/arm-none-eabi/14.3.1/thumb/v7e-m+dp/hard/crtn.o
 *(.fini)
 .fini          0x08007058        0x4 C:/ST/STM32CubeIDE_2.1.1/STM32CubeIDE/plugins/com.st.stm32cube.ide.mcu.externaltools.gnu-tools-for-stm32.14.3.rel1.win32_1.0.100.202602081740/tools/bin/../lib/gcc/arm-none-eabi/14.3.1/thumb/v7e-m+dp/hard/crti.o
                0x08007058                _fini
 .fini          0x0800705c        0x8 C:/ST/STM32CubeIDE_2.1.1/STM32CubeIDE/plugins/com.st.stm32cube.ide.mcu.externaltools.gnu-tools-for-stm32.14.3.rel1.win32_1.0.100.202602081740/tools/bin/../lib/gcc/arm-none-eabi/14.3.1/thumb/v7e-m+dp/hard/crtn.o
                0x08007064                        . = ALIGN (0x4)
                0x08007064                        _etext = .

.vfp11_veneer   0x08007064        0x0
 .vfp11_veneer  0x08007064        0x0 linker stubs

.v4_bx          0x08007064        0x0
 .v4_bx         0x08007064        0x0 linker stubs

.iplt           0x08007064        0x0
 .iplt          0x08007064        0x0 C:/ST/STM32CubeIDE_2.1.1/STM32CubeIDE/plugins/com.st.stm32cube.ide.mcu.externaltools.gnu-tools-for-stm32.14.3.rel1.win32_1.0.100.202602081740/tools/bin/../lib/gcc/arm-none-eabi/14.3.1/thumb/v7e-m+dp/hard/crtbegin.o

.rodata         0x08007064       0x68
                0x08007064                        . = ALIGN (0x4)
 *(.rodata)
 .rodata        0x08007064        0xc ./Core/Src/freertos.o
 .rodata        0x08007070        0x5 ./Middlewares/Third_Party/FreeRTOS/Source/tasks.o
 *fill*         0x08007075        0x3 
 .rodata        0x08007078        0xd ./Middlewares/Third_Party/FreeRTOS/Source/timers.o
 *(.rodata*)
 *fill*         0x08007085        0x3 
 .rodata._ZL22defaultTask_attributes
                0x08007088       0x24 ./Core/Src/freertos.o
 .rodata.AHBPrescTable
                0x080070ac       0x10 ./Core/Src/system_stm32f7xx.o
                0x080070ac                AHBPrescTable
 .rodata.APBPrescTable
                0x080070bc        0x8 ./Core/Src/system_stm32f7xx.o
                0x080070bc                APBPrescTable
 .rodata.flagBitshiftOffset.0
                0x080070c4        0x8 ./Drivers/STM32F7xx_HAL_Driver/Src/stm32f7xx_hal_dma.o
                0x080070cc                        . = ALIGN (0x4)

.ARM.extab      0x080070cc        0x0
                0x080070cc                        . = ALIGN (0x4)
 *(.ARM.extab* .gnu.linkonce.armextab.*)
                0x080070cc                        . = ALIGN (0x4)

.ARM            0x080070cc        0x8
                0x080070cc                        . = ALIGN (0x4)
                0x080070cc                        __exidx_start = .
 *(.ARM.exidx*)
 .ARM.exidx     0x080070cc        0x8 C:/ST/STM32CubeIDE_2.1.1/STM32CubeIDE/plugins/com.st.stm32cube.ide.mcu.externaltools.gnu-tools-for-stm32.14.3.rel1.win32_1.0.100.202602081740/tools/bin/../lib/gcc/arm-none-eabi/14.3.1/thumb/v7e-m+dp/hard\libgcc.a(_udivmoddi4.o)
                0x080070d4                        __exidx_end = .
                0x080070d4                        . = ALIGN (0x4)

.preinit_array  0x080070d4        0x0
                0x080070d4                        . = ALIGN (0x4)
                0x080070d4                        PROVIDE (__preinit_array_start = .)
 *(.preinit_array*)
                0x080070d4                        PROVIDE (__preinit_array_end = .)
                0x080070d4                        . = ALIGN (0x4)

.init_array     0x080070d4        0x4
                0x080070d4                        . = ALIGN (0x4)
                0x080070d4                        PROVIDE (__init_array_start = .)
 *(SORT_BY_NAME(.init_array.*))
 *(.init_array*)
 .init_array    0x080070d4        0x4 C:/ST/STM32CubeIDE_2.1.1/STM32CubeIDE/plugins/com.st.stm32cube.ide.mcu.externaltools.gnu-tools-for-stm32.14.3.rel1.win32_1.0.100.202602081740/tools/bin/../lib/gcc/arm-none-eabi/14.3.1/thumb/v7e-m+dp/hard/crtbegin.o
                0x080070d8                        PROVIDE (__init_array_end = .)
                0x080070d8                        . = ALIGN (0x4)

.fini_array     0x080070d8        0x4
                0x080070d8                        . = ALIGN (0x4)
                [!provide]                        PROVIDE (__fini_array_start = .)
 *(SORT_BY_NAME(.fini_array.*))
 *(.fini_array*)
 .fini_array    0x080070d8        0x4 C:/ST/STM32CubeIDE_2.1.1/STM32CubeIDE/plugins/com.st.stm32cube.ide.mcu.externaltools.gnu-tools-for-stm32.14.3.rel1.win32_1.0.100.202602081740/tools/bin/../lib/gcc/arm-none-eabi/14.3.1/thumb/v7e-m+dp/hard/crtbegin.o
                [!provide]                        PROVIDE (__fini_array_end = .)
                0x080070dc                        . = ALIGN (0x4)
                0x080070dc                        _sidata = LOADADDR (.data)

.rel.dyn        0x080070dc        0x0
 .rel.iplt      0x080070dc        0x0 C:/ST/STM32CubeIDE_2.1.1/STM32CubeIDE/plugins/com.st.stm32cube.ide.mcu.externaltools.gnu-tools-for-stm32.14.3.rel1.win32_1.0.100.202602081740/tools/bin/../lib/gcc/arm-none-eabi/14.3.1/thumb/v7e-m+dp/hard/crtbegin.o

.data           0x20000000       0x60 load address 0x080070dc
                0x20000000                        . = ALIGN (0x4)
                0x20000000                        _sdata = .
 *(.data)
 *(.data*)
 .data.SystemCoreClock
                0x20000000        0x4 ./Core/Src/system_stm32f7xx.o
                0x20000000                SystemCoreClock
 .data.uwTickPrio
                0x20000004        0x4 ./Drivers/STM32F7xx_HAL_Driver/Src/stm32f7xx_hal.o
                0x20000004                uwTickPrio
 .data.uwTickFreq
                0x20000008        0x1 ./Drivers/STM32F7xx_HAL_Driver/Src/stm32f7xx_hal.o
                0x20000008                uwTickFreq
 *fill*         0x20000009        0x3 
 .data.uxCriticalNesting
                0x2000000c        0x4 ./Middlewares/Third_Party/FreeRTOS/Source/portable/GCC/ARM_CM7/r0p1/port.o
 .data._impure_ptr
                0x20000010        0x4 C:/ST/STM32CubeIDE_2.1.1/STM32CubeIDE/plugins/com.st.stm32cube.ide.mcu.externaltools.gnu-tools-for-stm32.14.3.rel1.win32_1.0.100.202602081740/tools/bin/../lib/gcc/arm-none-eabi/14.3.1/../../../../arm-none-eabi/lib/thumb/v7e-m+dp/hard\libc_nano.a(libc_a-impure.o)
                0x20000010                _impure_ptr
 .data._impure_data
                0x20000014       0x4c C:/ST/STM32CubeIDE_2.1.1/STM32CubeIDE/plugins/com.st.stm32cube.ide.mcu.externaltools.gnu-tools-for-stm32.14.3.rel1.win32_1.0.100.202602081740/tools/bin/../lib/gcc/arm-none-eabi/14.3.1/../../../../arm-none-eabi/lib/thumb/v7e-m+dp/hard\libc_nano.a(libc_a-impure.o)
                0x20000014                _impure_data
 *(.RamFunc)
 *(.RamFunc*)
                0x20000060                        . = ALIGN (0x4)
                0x20000060                        _edata = .

.igot.plt       0x20000060        0x0 load address 0x0800713c
 .igot.plt      0x20000060        0x0 C:/ST/STM32CubeIDE_2.1.1/STM32CubeIDE/plugins/com.st.stm32cube.ide.mcu.externaltools.gnu-tools-for-stm32.14.3.rel1.win32_1.0.100.202602081740/tools/bin/../lib/gcc/arm-none-eabi/14.3.1/thumb/v7e-m+dp/hard/crtbegin.o
                0x20000060                        . = ALIGN (0x4)

.bss            0x20000060     0xd9c8 load address 0x0800713c
                0x20000060                        _sbss = .
                0x20000060                        __bss_start__ = _sbss
 *(.bss)
 .bss           0x20000060       0x1c C:/ST/STM32CubeIDE_2.1.1/STM32CubeIDE/plugins/com.st.stm32cube.ide.mcu.externaltools.gnu-tools-for-stm32.14.3.rel1.win32_1.0.100.202602081740/tools/bin/../lib/gcc/arm-none-eabi/14.3.1/thumb/v7e-m+dp/hard/crtbegin.o
 *(.bss*)
 .bss.defaultTaskHandle
                0x2000007c        0x4 ./Core/Src/freertos.o
                0x2000007c                defaultTaskHandle
 .bss.htim6     0x20000080       0x4c ./Core/Src/stm32f7xx_hal_timebase_tim.o
                0x20000080                htim6
 .bss.huart3    0x200000cc       0x88 ./Core/Src/usart.o
                0x200000cc                huart3
 .bss.hdma_usart3_rx
                0x20000154       0x60 ./Core/Src/usart.o
                0x20000154                hdma_usart3_rx
 .bss.uwTick    0x200001b4        0x4 ./Drivers/STM32F7xx_HAL_Driver/Src/stm32f7xx_hal.o
                0x200001b4                uwTick
 .bss.KernelState
                0x200001b8        0x4 ./Middlewares/Third_Party/FreeRTOS/Source/CMSIS_RTOS_V2/cmsis_os2.o
 .bss.Idle_TCB  0x200001bc       0xa8 ./Middlewares/Third_Party/FreeRTOS/Source/CMSIS_RTOS_V2/cmsis_os2.o
 .bss.Idle_Stack
                0x20000264      0x400 ./Middlewares/Third_Party/FreeRTOS/Source/CMSIS_RTOS_V2/cmsis_os2.o
 .bss.Timer_TCB
                0x20000664       0xa8 ./Middlewares/Third_Party/FreeRTOS/Source/CMSIS_RTOS_V2/cmsis_os2.o
 .bss.Timer_Stack
                0x2000070c      0x800 ./Middlewares/Third_Party/FreeRTOS/Source/CMSIS_RTOS_V2/cmsis_os2.o
 .bss.xQueueRegistry
                0x20000f0c       0x40 ./Middlewares/Third_Party/FreeRTOS/Source/queue.o
                0x20000f0c                xQueueRegistry
 .bss.pxCurrentTCB
                0x20000f4c        0x4 ./Middlewares/Third_Party/FreeRTOS/Source/tasks.o
                0x20000f4c                pxCurrentTCB
 .bss.pxReadyTasksLists
                0x20000f50      0x460 ./Middlewares/Third_Party/FreeRTOS/Source/tasks.o
 .bss.xDelayedTaskList1
                0x200013b0       0x14 ./Middlewares/Third_Party/FreeRTOS/Source/tasks.o
 .bss.xDelayedTaskList2
                0x200013c4       0x14 ./Middlewares/Third_Party/FreeRTOS/Source/tasks.o
 .bss.pxDelayedTaskList
                0x200013d8        0x4 ./Middlewares/Third_Party/FreeRTOS/Source/tasks.o
 .bss.pxOverflowDelayedTaskList
                0x200013dc        0x4 ./Middlewares/Third_Party/FreeRTOS/Source/tasks.o
 .bss.xPendingReadyList
                0x200013e0       0x14 ./Middlewares/Third_Party/FreeRTOS/Source/tasks.o
 .bss.xTasksWaitingTermination
                0x200013f4       0x14 ./Middlewares/Third_Party/FreeRTOS/Source/tasks.o
 .bss.uxDeletedTasksWaitingCleanUp
                0x20001408        0x4 ./Middlewares/Third_Party/FreeRTOS/Source/tasks.o
 .bss.xSuspendedTaskList
                0x2000140c       0x14 ./Middlewares/Third_Party/FreeRTOS/Source/tasks.o
 .bss.uxCurrentNumberOfTasks
                0x20001420        0x4 ./Middlewares/Third_Party/FreeRTOS/Source/tasks.o
 .bss.xTickCount
                0x20001424        0x4 ./Middlewares/Third_Party/FreeRTOS/Source/tasks.o
 .bss.uxTopReadyPriority
                0x20001428        0x4 ./Middlewares/Third_Party/FreeRTOS/Source/tasks.o
 .bss.xSchedulerRunning
                0x2000142c        0x4 ./Middlewares/Third_Party/FreeRTOS/Source/tasks.o
 .bss.uxPendedTicks
                0x20001430        0x4 ./Middlewares/Third_Party/FreeRTOS/Source/tasks.o
 .bss.xYieldPending
                0x20001434        0x4 ./Middlewares/Third_Party/FreeRTOS/Source/tasks.o
 .bss.xNumOfOverflows
                0x20001438        0x4 ./Middlewares/Third_Party/FreeRTOS/Source/tasks.o
 .bss.uxTaskNumber
                0x2000143c        0x4 ./Middlewares/Third_Party/FreeRTOS/Source/tasks.o
 .bss.xNextTaskUnblockTime
                0x20001440        0x4 ./Middlewares/Third_Party/FreeRTOS/Source/tasks.o
 .bss.xIdleTaskHandle
                0x20001444        0x4 ./Middlewares/Third_Party/FreeRTOS/Source/tasks.o
 .bss.uxSchedulerSuspended
                0x20001448        0x4 ./Middlewares/Third_Party/FreeRTOS/Source/tasks.o
 .bss.xActiveTimerList1
                0x2000144c       0x14 ./Middlewares/Third_Party/FreeRTOS/Source/timers.o
 .bss.xActiveTimerList2
                0x20001460       0x14 ./Middlewares/Third_Party/FreeRTOS/Source/timers.o
 .bss.pxCurrentTimerList
                0x20001474        0x4 ./Middlewares/Third_Party/FreeRTOS/Source/timers.o
 .bss.pxOverflowTimerList
                0x20001478        0x4 ./Middlewares/Third_Party/FreeRTOS/Source/timers.o
 .bss.xTimerQueue
                0x2000147c        0x4 ./Middlewares/Third_Party/FreeRTOS/Source/timers.o
 .bss.xTimerTaskHandle
                0x20001480        0x4 ./Middlewares/Third_Party/FreeRTOS/Source/timers.o
 .bss.xLastTime.2
                0x20001484        0x4 ./Middlewares/Third_Party/FreeRTOS/Source/timers.o
 .bss.ucStaticTimerQueueStorage.1
                0x20001488       0xa0 ./Middlewares/Third_Party/FreeRTOS/Source/timers.o
 .bss.xStaticTimerQueue.0
                0x20001528       0x50 ./Middlewares/Third_Party/FreeRTOS/Source/timers.o
 .bss.ucMaxSysCallPriority
                0x20001578        0x1 ./Middlewares/Third_Party/FreeRTOS/Source/portable/GCC/ARM_CM7/r0p1/port.o
 *fill*         0x20001579        0x3 
 .bss.ulMaxPRIGROUPValue
                0x2000157c        0x4 ./Middlewares/Third_Party/FreeRTOS/Source/portable/GCC/ARM_CM7/r0p1/port.o
 .bss.ucHeap    0x20001580     0xc350 ./Middlewares/Third_Party/FreeRTOS/Source/portable/MemMang/heap_4.o
 .bss.xStart    0x2000d8d0        0x8 ./Middlewares/Third_Party/FreeRTOS/Source/portable/MemMang/heap_4.o
 .bss.pxEnd     0x2000d8d8        0x4 ./Middlewares/Third_Party/FreeRTOS/Source/portable/MemMang/heap_4.o
 .bss.xFreeBytesRemaining
                0x2000d8dc        0x4 ./Middlewares/Third_Party/FreeRTOS/Source/portable/MemMang/heap_4.o
 .bss.xMinimumEverFreeBytesRemaining
                0x2000d8e0        0x4 ./Middlewares/Third_Party/FreeRTOS/Source/portable/MemMang/heap_4.o
 .bss.xBlockAllocatedBit
                0x2000d8e4        0x4 ./Middlewares/Third_Party/FreeRTOS/Source/portable/MemMang/heap_4.o
 .bss.__sf      0x2000d8e8      0x138 C:/ST/STM32CubeIDE_2.1.1/STM32CubeIDE/plugins/com.st.stm32cube.ide.mcu.externaltools.gnu-tools-for-stm32.14.3.rel1.win32_1.0.100.202602081740/tools/bin/../lib/gcc/arm-none-eabi/14.3.1/../../../../arm-none-eabi/lib/thumb/v7e-m+dp/hard\libc_nano.a(libc_a-findfp.o)
                0x2000d8e8                __sf
 .bss.__lock___malloc_recursive_mutex
                0x2000da20        0x1 C:/ST/STM32CubeIDE_2.1.1/STM32CubeIDE/plugins/com.st.stm32cube.ide.mcu.externaltools.gnu-tools-for-stm32.14.3.rel1.win32_1.0.100.202602081740/tools/bin/../lib/gcc/arm-none-eabi/14.3.1/../../../../arm-none-eabi/lib/thumb/v7e-m+dp/hard\libc_nano.a(libc_a-lock.o)
                0x2000da20                __lock___malloc_recursive_mutex
 *fill*         0x2000da21        0x3 
 .bss.__malloc_free_list
                0x2000da24        0x4 C:/ST/STM32CubeIDE_2.1.1/STM32CubeIDE/plugins/com.st.stm32cube.ide.mcu.externaltools.gnu-tools-for-stm32.14.3.rel1.win32_1.0.100.202602081740/tools/bin/../lib/gcc/arm-none-eabi/14.3.1/../../../../arm-none-eabi/lib/thumb/v7e-m+dp/hard\libc_nano.a(libc_a-mallocr.o)
                0x2000da24                __malloc_free_list
 *(COMMON)
                0x2000da28                        . = ALIGN (0x4)
                0x2000da28                        _ebss = .
                0x2000da28                        __bss_end__ = _ebss

._user_heap_stack
                0x2000da28      0x600 load address 0x0800713c
                0x2000da28                        . = ALIGN (0x8)
                [!provide]                        PROVIDE (end = .)
                0x2000da28                        PROVIDE (_end = .)
                0x2000dc28                        . = (. + _Min_Heap_Size)
 *fill*         0x2000da28      0x200 
                0x2000e028                        . = (. + _Min_Stack_Size)
 *fill*         0x2000dc28      0x400 
                0x2000e028                        . = ALIGN (0x8)

/DISCARD/
 libc.a(*)
 libm.a(*)
 libgcc.a(*)

.ARM.attributes
                0x00000000       0x2e
 *(.ARM.attributes)
 .ARM.attributes
                0x00000000       0x20 C:/ST/STM32CubeIDE_2.1.1/STM32CubeIDE/plugins/com.st.stm32cube.ide.mcu.externaltools.gnu-tools-for-stm32.14.3.rel1.win32_1.0.100.202602081740/tools/bin/../lib/gcc/arm-none-eabi/14.3.1/thumb/v7e-m+dp/hard/crti.o
 .ARM.attributes
                0x00000020       0x32 C:/ST/STM32CubeIDE_2.1.1/STM32CubeIDE/plugins/com.st.stm32cube.ide.mcu.externaltools.gnu-tools-for-stm32.14.3.rel1.win32_1.0.100.202602081740/tools/bin/../lib/gcc/arm-none-eabi/14.3.1/thumb/v7e-m+dp/hard/crtbegin.o
 .ARM.attributes
                0x00000052       0x32 ./Core/Src/dma.o
 .ARM.attributes
                0x00000084       0x32 ./Core/Src/freertos.o
 .ARM.attributes
                0x000000b6       0x32 ./Core/Src/gpio.o
 .ARM.attributes
                0x000000e8       0x32 ./Core/Src/main.o
 .ARM.attributes
                0x0000011a       0x32 ./Core/Src/stm32f7xx_hal_msp.o
 .ARM.attributes
                0x0000014c       0x32 ./Core/Src/stm32f7xx_hal_timebase_tim.o
 .ARM.attributes
                0x0000017e       0x32 ./Core/Src/stm32f7xx_it.o
 .ARM.attributes
                0x000001b0       0x32 ./Core/Src/system_stm32f7xx.o
 .ARM.attributes
                0x000001e2       0x32 ./Core/Src/usart.o
 .ARM.attributes
                0x00000214       0x21 ./Core/Startup/startup_stm32f767zitx.o
 .ARM.attributes
                0x00000235       0x32 ./Drivers/STM32F7xx_HAL_Driver/Src/stm32f7xx_hal.o
 .ARM.attributes
                0x00000267       0x32 ./Drivers/STM32F7xx_HAL_Driver/Src/stm32f7xx_hal_cortex.o
 .ARM.attributes
                0x00000299       0x32 ./Drivers/STM32F7xx_HAL_Driver/Src/stm32f7xx_hal_dma.o
 .ARM.attributes
                0x000002cb       0x32 ./Drivers/STM32F7xx_HAL_Driver/Src/stm32f7xx_hal_gpio.o
 .ARM.attributes
                0x000002fd       0x32 ./Drivers/STM32F7xx_HAL_Driver/Src/stm32f7xx_hal_pwr_ex.o
 .ARM.attributes
                0x0000032f       0x32 ./Drivers/STM32F7xx_HAL_Driver/Src/stm32f7xx_hal_rcc.o
 .ARM.attributes
                0x00000361       0x32 ./Drivers/STM32F7xx_HAL_Driver/Src/stm32f7xx_hal_rcc_ex.o
 .ARM.attributes
                0x00000393       0x32 ./Drivers/STM32F7xx_HAL_Driver/Src/stm32f7xx_hal_tim.o
 .ARM.attributes
                0x000003c5       0x32 ./Drivers/STM32F7xx_HAL_Driver/Src/stm32f7xx_hal_tim_ex.o
 .ARM.attributes
                0x000003f7       0x32 ./Drivers/STM32F7xx_HAL_Driver/Src/stm32f7xx_hal_uart.o
 .ARM.attributes
                0x00000429       0x32 ./Middlewares/Third_Party/FreeRTOS/Source/CMSIS_RTOS_V2/cmsis_os2.o
 .ARM.attributes
                0x0000045b       0x32 ./Middlewares/Third_Party/FreeRTOS/Source/list.o
 .ARM.attributes
                0x0000048d       0x32 ./Middlewares/Third_Party/FreeRTOS/Source/queue.o
 .ARM.attributes
                0x000004bf       0x32 ./Middlewares/Third_Party/FreeRTOS/Source/tasks.o
 .ARM.attributes
                0x000004f1       0x32 ./Middlewares/Third_Party/FreeRTOS/Source/timers.o
 .ARM.attributes
                0x00000523       0x32 ./Middlewares/Third_Party/FreeRTOS/Source/portable/GCC/ARM_CM7/r0p1/port.o
 .ARM.attributes
                0x00000555       0x32 ./Middlewares/Third_Party/FreeRTOS/Source/portable/MemMang/heap_4.o
 .ARM.attributes
                0x00000587       0x32 C:/ST/STM32CubeIDE_2.1.1/STM32CubeIDE/plugins/com.st.stm32cube.ide.mcu.externaltools.gnu-tools-for-stm32.14.3.rel1.win32_1.0.100.202602081740/tools/bin/../lib/gcc/arm-none-eabi/14.3.1/../../../../arm-none-eabi/lib/thumb/v7e-m+dp/hard\libc_nano.a(libc_a-findfp.o)
 .ARM.attributes
                0x000005b9       0x32 C:/ST/STM32CubeIDE_2.1.1/STM32CubeIDE/plugins/com.st.stm32cube.ide.mcu.externaltools.gnu-tools-for-stm32.14.3.rel1.win32_1.0.100.202602081740/tools/bin/../lib/gcc/arm-none-eabi/14.3.1/../../../../arm-none-eabi/lib/thumb/v7e-m+dp/hard\libc_nano.a(libc_a-memset.o)
 .ARM.attributes
                0x000005eb       0x32 C:/ST/STM32CubeIDE_2.1.1/STM32CubeIDE/plugins/com.st.stm32cube.ide.mcu.externaltools.gnu-tools-for-stm32.14.3.rel1.win32_1.0.100.202602081740/tools/bin/../lib/gcc/arm-none-eabi/14.3.1/../../../../arm-none-eabi/lib/thumb/v7e-m+dp/hard\libc_nano.a(libc_a-reent.o)
 .ARM.attributes
                0x0000061d       0x32 C:/ST/STM32CubeIDE_2.1.1/STM32CubeIDE/plugins/com.st.stm32cube.ide.mcu.externaltools.gnu-tools-for-stm32.14.3.rel1.win32_1.0.100.202602081740/tools/bin/../lib/gcc/arm-none-eabi/14.3.1/../../../../arm-none-eabi/lib/thumb/v7e-m+dp/hard\libc_nano.a(libc_a-impure.o)
 .ARM.attributes
                0x0000064f       0x32 C:/ST/STM32CubeIDE_2.1.1/STM32CubeIDE/plugins/com.st.stm32cube.ide.mcu.externaltools.gnu-tools-for-stm32.14.3.rel1.win32_1.0.100.202602081740/tools/bin/../lib/gcc/arm-none-eabi/14.3.1/../../../../arm-none-eabi/lib/thumb/v7e-m+dp/hard\libc_nano.a(libc_a-init.o)
 .ARM.attributes
                0x00000681       0x32 C:/ST/STM32CubeIDE_2.1.1/STM32CubeIDE/plugins/com.st.stm32cube.ide.mcu.externaltools.gnu-tools-for-stm32.14.3.rel1.win32_1.0.100.202602081740/tools/bin/../lib/gcc/arm-none-eabi/14.3.1/../../../../arm-none-eabi/lib/thumb/v7e-m+dp/hard\libc_nano.a(libc_a-lock.o)
 .ARM.attributes
                0x000006b3       0x32 C:/ST/STM32CubeIDE_2.1.1/STM32CubeIDE/plugins/com.st.stm32cube.ide.mcu.externaltools.gnu-tools-for-stm32.14.3.rel1.win32_1.0.100.202602081740/tools/bin/../lib/gcc/arm-none-eabi/14.3.1/../../../../arm-none-eabi/lib/thumb/v7e-m+dp/hard\libc_nano.a(libc_a-memcpy-stub.o)
 .ARM.attributes
                0x000006e5       0x32 C:/ST/STM32CubeIDE_2.1.1/STM32CubeIDE/plugins/com.st.stm32cube.ide.mcu.externaltools.gnu-tools-for-stm32.14.3.rel1.win32_1.0.100.202602081740/tools/bin/../lib/gcc/arm-none-eabi/14.3.1/../../../../arm-none-eabi/lib/thumb/v7e-m+dp/hard\libc_nano.a(libc_a-freer.o)
 .ARM.attributes
                0x00000717       0x32 C:/ST/STM32CubeIDE_2.1.1/STM32CubeIDE/plugins/com.st.stm32cube.ide.mcu.externaltools.gnu-tools-for-stm32.14.3.rel1.win32_1.0.100.202602081740/tools/bin/../lib/gcc/arm-none-eabi/14.3.1/../../../../arm-none-eabi/lib/thumb/v7e-m+dp/hard\libc_nano.a(libc_a-mallocr.o)
 .ARM.attributes
                0x00000749       0x32 C:/ST/STM32CubeIDE_2.1.1/STM32CubeIDE/plugins/com.st.stm32cube.ide.mcu.externaltools.gnu-tools-for-stm32.14.3.rel1.win32_1.0.100.202602081740/tools/bin/../lib/gcc/arm-none-eabi/14.3.1/../../../../arm-none-eabi/lib/thumb/v7e-m+dp/hard\libc_nano.a(libc_a-mlock.o)
 .ARM.attributes
                0x0000077b       0x20 C:/ST/STM32CubeIDE_2.1.1/STM32CubeIDE/plugins/com.st.stm32cube.ide.mcu.externaltools.gnu-tools-for-stm32.14.3.rel1.win32_1.0.100.202602081740/tools/bin/../lib/gcc/arm-none-eabi/14.3.1/thumb/v7e-m+dp/hard\libgcc.a(_aeabi_uldivmod.o)
 .ARM.attributes
                0x0000079b       0x32 C:/ST/STM32CubeIDE_2.1.1/STM32CubeIDE/plugins/com.st.stm32cube.ide.mcu.externaltools.gnu-tools-for-stm32.14.3.rel1.win32_1.0.100.202602081740/tools/bin/../lib/gcc/arm-none-eabi/14.3.1/thumb/v7e-m+dp/hard\libgcc.a(_udivmoddi4.o)
 .ARM.attributes
                0x000007cd       0x20 C:/ST/STM32CubeIDE_2.1.1/STM32CubeIDE/plugins/com.st.stm32cube.ide.mcu.externaltools.gnu-tools-for-stm32.14.3.rel1.win32_1.0.100.202602081740/tools/bin/../lib/gcc/arm-none-eabi/14.3.1/thumb/v7e-m+dp/hard\libgcc.a(_dvmd_tls.o)
 .ARM.attributes
                0x000007ed       0x20 C:/ST/STM32CubeIDE_2.1.1/STM32CubeIDE/plugins/com.st.stm32cube.ide.mcu.externaltools.gnu-tools-for-stm32.14.3.rel1.win32_1.0.100.202602081740/tools/bin/../lib/gcc/arm-none-eabi/14.3.1/thumb/v7e-m+dp/hard/crtn.o
OUTPUT(f7-fsw.elf elf32-littlearm)
LOAD linker stubs
LOAD C:/ST/STM32CubeIDE_2.1.1/STM32CubeIDE/plugins/com.st.stm32cube.ide.mcu.externaltools.gnu-tools-for-stm32.14.3.rel1.win32_1.0.100.202602081740/tools/bin/../lib/gcc/arm-none-eabi/14.3.1/../../../../arm-none-eabi/lib/thumb/v7e-m+dp/hard\libc.a
LOAD C:/ST/STM32CubeIDE_2.1.1/STM32CubeIDE/plugins/com.st.stm32cube.ide.mcu.externaltools.gnu-tools-for-stm32.14.3.rel1.win32_1.0.100.202602081740/tools/bin/../lib/gcc/arm-none-eabi/14.3.1/../../../../arm-none-eabi/lib/thumb/v7e-m+dp/hard\libm.a
LOAD C:/ST/STM32CubeIDE_2.1.1/STM32CubeIDE/plugins/com.st.stm32cube.ide.mcu.externaltools.gnu-tools-for-stm32.14.3.rel1.win32_1.0.100.202602081740/tools/bin/../lib/gcc/arm-none-eabi/14.3.1/thumb/v7e-m+dp/hard\libgcc.a

.debug_info     0x00000000    0x1bb02
 .debug_info    0x00000000      0x573 ./Core/Src/dma.o
 .debug_info    0x00000573      0x463 ./Core/Src/freertos.o
 .debug_info    0x000009d6      0x28d ./Core/Src/gpio.o
 .debug_info    0x00000c63     0x10e1 ./Core/Src/main.o
 .debug_info    0x00001d44      0x57d ./Core/Src/stm32f7xx_hal_msp.o
 .debug_info    0x000022c1      0xd1d ./Core/Src/stm32f7xx_hal_timebase_tim.o
 .debug_info    0x00002fde      0xad4 ./Core/Src/stm32f7xx_it.o
 .debug_info    0x00003ab2      0x6ed ./Core/Src/system_stm32f7xx.o
 .debug_info    0x0000419f      0xfd0 ./Core/Src/usart.o
 .debug_info    0x0000516f       0x30 ./Core/Startup/startup_stm32f767zitx.o
 .debug_info    0x0000519f      0xa4c ./Drivers/STM32F7xx_HAL_Driver/Src/stm32f7xx_hal.o
 .debug_info    0x00005beb      0xfc0 ./Drivers/STM32F7xx_HAL_Driver/Src/stm32f7xx_hal_cortex.o
 .debug_info    0x00006bab      0x8e7 ./Drivers/STM32F7xx_HAL_Driver/Src/stm32f7xx_hal_dma.o
 .debug_info    0x00007492      0x6f3 ./Drivers/STM32F7xx_HAL_Driver/Src/stm32f7xx_hal_gpio.o
 .debug_info    0x00007b85      0x8cd ./Drivers/STM32F7xx_HAL_Driver/Src/stm32f7xx_hal_pwr_ex.o
 .debug_info    0x00008452      0x94b ./Drivers/STM32F7xx_HAL_Driver/Src/stm32f7xx_hal_rcc.o
 .debug_info    0x00008d9d      0x6e1 ./Drivers/STM32F7xx_HAL_Driver/Src/stm32f7xx_hal_rcc_ex.o
 .debug_info    0x0000947e     0x2ad5 ./Drivers/STM32F7xx_HAL_Driver/Src/stm32f7xx_hal_tim.o
 .debug_info    0x0000bf53     0x16bb ./Drivers/STM32F7xx_HAL_Driver/Src/stm32f7xx_hal_tim_ex.o
 .debug_info    0x0000d60e     0x3b13 ./Drivers/STM32F7xx_HAL_Driver/Src/stm32f7xx_hal_uart.o
 .debug_info    0x00011121     0x4059 ./Middlewares/Third_Party/FreeRTOS/Source/CMSIS_RTOS_V2/cmsis_os2.o
 .debug_info    0x0001517a      0x2af ./Middlewares/Third_Party/FreeRTOS/Source/list.o
 .debug_info    0x00015429     0x1b68 ./Middlewares/Third_Party/FreeRTOS/Source/queue.o
 .debug_info    0x00016f91     0x2818 ./Middlewares/Third_Party/FreeRTOS/Source/tasks.o
 .debug_info    0x000197a9     0x1aef ./Middlewares/Third_Party/FreeRTOS/Source/timers.o
 .debug_info    0x0001b298      0x4a7 ./Middlewares/Third_Party/FreeRTOS/Source/portable/GCC/ARM_CM7/r0p1/port.o
 .debug_info    0x0001b73f      0x3c3 ./Middlewares/Third_Party/FreeRTOS/Source/portable/MemMang/heap_4.o

.debug_abbrev   0x00000000     0x3b2e
 .debug_abbrev  0x00000000      0x10e ./Core/Src/dma.o
 .debug_abbrev  0x0000010e      0x141 ./Core/Src/freertos.o
 .debug_abbrev  0x0000024f       0xd8 ./Core/Src/gpio.o
 .debug_abbrev  0x00000327      0x2f4 ./Core/Src/main.o
 .debug_abbrev  0x0000061b      0x119 ./Core/Src/stm32f7xx_hal_msp.o
 .debug_abbrev  0x00000734      0x1f4 ./Core/Src/stm32f7xx_hal_timebase_tim.o
 .debug_abbrev  0x00000928      0x19b ./Core/Src/stm32f7xx_it.o
 .debug_abbrev  0x00000ac3      0x13b ./Core/Src/system_stm32f7xx.o
 .debug_abbrev  0x00000bfe      0x22b ./Core/Src/usart.o
 .debug_abbrev  0x00000e29       0x24 ./Core/Startup/startup_stm32f767zitx.o
 .debug_abbrev  0x00000e4d      0x213 ./Drivers/STM32F7xx_HAL_Driver/Src/stm32f7xx_hal.o
 .debug_abbrev  0x00001060      0x31e ./Drivers/STM32F7xx_HAL_Driver/Src/stm32f7xx_hal_cortex.o
 .debug_abbrev  0x0000137e      0x264 ./Drivers/STM32F7xx_HAL_Driver/Src/stm32f7xx_hal_dma.o
 .debug_abbrev  0x000015e2      0x1d4 ./Drivers/STM32F7xx_HAL_Driver/Src/stm32f7xx_hal_gpio.o
 .debug_abbrev  0x000017b6      0x1d5 ./Drivers/STM32F7xx_HAL_Driver/Src/stm32f7xx_hal_pwr_ex.o
 .debug_abbrev  0x0000198b      0x2de ./Drivers/STM32F7xx_HAL_Driver/Src/stm32f7xx_hal_rcc.o
 .debug_abbrev  0x00001c69      0x1c9 ./Drivers/STM32F7xx_HAL_Driver/Src/stm32f7xx_hal_rcc_ex.o
 .debug_abbrev  0x00001e32      0x278 ./Drivers/STM32F7xx_HAL_Driver/Src/stm32f7xx_hal_tim.o
 .debug_abbrev  0x000020aa      0x283 ./Drivers/STM32F7xx_HAL_Driver/Src/stm32f7xx_hal_tim_ex.o
 .debug_abbrev  0x0000232d      0x2e6 ./Drivers/STM32F7xx_HAL_Driver/Src/stm32f7xx_hal_uart.o
 .debug_abbrev  0x00002613      0x496 ./Middlewares/Third_Party/FreeRTOS/Source/CMSIS_RTOS_V2/cmsis_os2.o
 .debug_abbrev  0x00002aa9       0xf5 ./Middlewares/Third_Party/FreeRTOS/Source/list.o
 .debug_abbrev  0x00002b9e      0x3b6 ./Middlewares/Third_Party/FreeRTOS/Source/queue.o
 .debug_abbrev  0x00002f54      0x3fe ./Middlewares/Third_Party/FreeRTOS/Source/tasks.o
 .debug_abbrev  0x00003352      0x368 ./Middlewares/Third_Party/FreeRTOS/Source/timers.o
 .debug_abbrev  0x000036ba      0x26f ./Middlewares/Third_Party/FreeRTOS/Source/portable/GCC/ARM_CM7/r0p1/port.o
 .debug_abbrev  0x00003929      0x205 ./Middlewares/Third_Party/FreeRTOS/Source/portable/MemMang/heap_4.o

.debug_aranges  0x00000000     0x1558
 .debug_aranges
                0x00000000       0x20 ./Core/Src/dma.o
 .debug_aranges
                0x00000020       0x28 ./Core/Src/freertos.o
 .debug_aranges
                0x00000048       0x20 ./Core/Src/gpio.o
 .debug_aranges
                0x00000068       0x48 ./Core/Src/main.o
 .debug_aranges
                0x000000b0       0x20 ./Core/Src/stm32f7xx_hal_msp.o
 .debug_aranges
                0x000000d0       0x30 ./Core/Src/stm32f7xx_hal_timebase_tim.o
 .debug_aranges
                0x00000100       0x60 ./Core/Src/stm32f7xx_it.o
 .debug_aranges
                0x00000160       0x28 ./Core/Src/system_stm32f7xx.o
 .debug_aranges
                0x00000188       0x30 ./Core/Src/usart.o
 .debug_aranges
                0x000001b8       0x28 ./Core/Startup/startup_stm32f767zitx.o
 .debug_aranges
                0x000001e0      0x110 ./Drivers/STM32F7xx_HAL_Driver/Src/stm32f7xx_hal.o
 .debug_aranges
                0x000002f0      0x128 ./Drivers/STM32F7xx_HAL_Driver/Src/stm32f7xx_hal_cortex.o
 .debug_aranges
                0x00000418       0x90 ./Drivers/STM32F7xx_HAL_Driver/Src/stm32f7xx_hal_dma.o
 .debug_aranges
                0x000004a8       0x58 ./Drivers/STM32F7xx_HAL_Driver/Src/stm32f7xx_hal_gpio.o
 .debug_aranges
                0x00000500       0x80 ./Drivers/STM32F7xx_HAL_Driver/Src/stm32f7xx_hal_pwr_ex.o
 .debug_aranges
                0x00000580       0x88 ./Drivers/STM32F7xx_HAL_Driver/Src/stm32f7xx_hal_rcc.o
 .debug_aranges
                0x00000608       0x50 ./Drivers/STM32F7xx_HAL_Driver/Src/stm32f7xx_hal_rcc_ex.o
 .debug_aranges
                0x00000658      0x3e0 ./Drivers/STM32F7xx_HAL_Driver/Src/stm32f7xx_hal_tim.o
 .debug_aranges
                0x00000a38      0x180 ./Drivers/STM32F7xx_HAL_Driver/Src/stm32f7xx_hal_tim_ex.o
 .debug_aranges
                0x00000bb8      0x230 ./Drivers/STM32F7xx_HAL_Driver/Src/stm32f7xx_hal_uart.o
 .debug_aranges
                0x00000de8      0x228 ./Middlewares/Third_Party/FreeRTOS/Source/CMSIS_RTOS_V2/cmsis_os2.o
 .debug_aranges
                0x00001010       0x40 ./Middlewares/Third_Party/FreeRTOS/Source/list.o
 .debug_aranges
                0x00001050      0x158 ./Middlewares/Third_Party/FreeRTOS/Source/queue.o
 .debug_aranges
                0x000011a8      0x1f8 ./Middlewares/Third_Party/FreeRTOS/Source/tasks.o
 .debug_aranges
                0x000013a0       0xe8 ./Middlewares/Third_Party/FreeRTOS/Source/timers.o
 .debug_aranges
                0x00001488       0x80 ./Middlewares/Third_Party/FreeRTOS/Source/portable/GCC/ARM_CM7/r0p1/port.o
 .debug_aranges
                0x00001508       0x50 ./Middlewares/Third_Party/FreeRTOS/Source/portable/MemMang/heap_4.o

.debug_rnglists
                0x00000000     0x1096
 .debug_rnglists
                0x00000000       0x13 ./Core/Src/dma.o
 .debug_rnglists
                0x00000013       0x19 ./Core/Src/freertos.o
 .debug_rnglists
                0x0000002c       0x13 ./Core/Src/gpio.o
 .debug_rnglists
                0x0000003f       0x33 ./Core/Src/main.o
 .debug_rnglists
                0x00000072       0x13 ./Core/Src/stm32f7xx_hal_msp.o
 .debug_rnglists
                0x00000085       0x20 ./Core/Src/stm32f7xx_hal_timebase_tim.o
 .debug_rnglists
                0x000000a5       0x43 ./Core/Src/stm32f7xx_it.o
 .debug_rnglists
                0x000000e8       0x1a ./Core/Src/system_stm32f7xx.o
 .debug_rnglists
                0x00000102       0x20 ./Core/Src/usart.o
 .debug_rnglists
                0x00000122       0x19 ./Core/Startup/startup_stm32f767zitx.o
 .debug_rnglists
                0x0000013b       0xc7 ./Drivers/STM32F7xx_HAL_Driver/Src/stm32f7xx_hal.o
 .debug_rnglists
                0x00000202       0xda ./Drivers/STM32F7xx_HAL_Driver/Src/stm32f7xx_hal_cortex.o
 .debug_rnglists
                0x000002dc       0x70 ./Drivers/STM32F7xx_HAL_Driver/Src/stm32f7xx_hal_dma.o
 .debug_rnglists
                0x0000034c       0x3f ./Drivers/STM32F7xx_HAL_Driver/Src/stm32f7xx_hal_gpio.o
 .debug_rnglists
                0x0000038b       0x5f ./Drivers/STM32F7xx_HAL_Driver/Src/stm32f7xx_hal_pwr_ex.o
 .debug_rnglists
                0x000003ea       0x67 ./Drivers/STM32F7xx_HAL_Driver/Src/stm32f7xx_hal_rcc.o
 .debug_rnglists
                0x00000451       0x3c ./Drivers/STM32F7xx_HAL_Driver/Src/stm32f7xx_hal_rcc_ex.o
 .debug_rnglists
                0x0000048d      0x328 ./Drivers/STM32F7xx_HAL_Driver/Src/stm32f7xx_hal_tim.o
 .debug_rnglists
                0x000007b5      0x138 ./Drivers/STM32F7xx_HAL_Driver/Src/stm32f7xx_hal_tim_ex.o
 .debug_rnglists
                0x000008ed      0x1e0 ./Drivers/STM32F7xx_HAL_Driver/Src/stm32f7xx_hal_uart.o
 .debug_rnglists
                0x00000acd      0x1b5 ./Middlewares/Third_Party/FreeRTOS/Source/CMSIS_RTOS_V2/cmsis_os2.o
 .debug_rnglists
                0x00000c82       0x2b ./Middlewares/Third_Party/FreeRTOS/Source/list.o
 .debug_rnglists
                0x00000cad      0x10a ./Middlewares/Third_Party/FreeRTOS/Source/queue.o
 .debug_rnglists
                0x00000db7      0x195 ./Middlewares/Third_Party/FreeRTOS/Source/tasks.o
 .debug_rnglists
                0x00000f4c       0xb2 ./Middlewares/Third_Party/FreeRTOS/Source/timers.o
 .debug_rnglists
                0x00000ffe       0x5d ./Middlewares/Third_Party/FreeRTOS/Source/portable/GCC/ARM_CM7/r0p1/port.o
 .debug_rnglists
                0x0000105b       0x3b ./Middlewares/Third_Party/FreeRTOS/Source/portable/MemMang/heap_4.o

.debug_macro    0x00000000    0x2bff4
 .debug_macro   0x00000000      0x1de ./Core/Src/dma.o
 .debug_macro   0x000001de      0xaf0 ./Core/Src/dma.o
 .debug_macro   0x00000cce      0x28d ./Core/Src/dma.o
 .debug_macro   0x00000f5b       0x2e ./Core/Src/dma.o
 .debug_macro   0x00000f89       0x3b ./Core/Src/dma.o
 .debug_macro   0x00000fc4       0x22 ./Core/Src/dma.o
 .debug_macro   0x00000fe6       0x8e ./Core/Src/dma.o
 .debug_macro   0x00001074       0x51 ./Core/Src/dma.o
 .debug_macro   0x000010c5      0x103 ./Core/Src/dma.o
 .debug_macro   0x000011c8       0x6a ./Core/Src/dma.o
 .debug_macro   0x00001232      0x1df ./Core/Src/dma.o
 .debug_macro   0x00001411       0x1c ./Core/Src/dma.o
 .debug_macro   0x0000142d       0x22 ./Core/Src/dma.o
 .debug_macro   0x0000144f       0xd9 ./Core/Src/dma.o
 .debug_macro   0x00001528     0x12cd ./Core/Src/dma.o
 .debug_macro   0x000027f5      0x11f ./Core/Src/dma.o
 .debug_macro   0x00002914       0x19 ./Core/Src/dma.o
 .debug_macro   0x0000292d    0x1aa23 ./Core/Src/dma.o
 .debug_macro   0x0001d350       0x6d ./Core/Src/dma.o
 .debug_macro   0x0001d3bd     0x375e ./Core/Src/dma.o
 .debug_macro   0x00020b1b      0x190 ./Core/Src/dma.o
 .debug_macro   0x00020cab       0x63 ./Core/Src/dma.o
 .debug_macro   0x00020d0e     0x1add ./Core/Src/dma.o
 .debug_macro   0x000227eb      0x6c4 ./Core/Src/dma.o
 .debug_macro   0x00022eaf      0x18b ./Core/Src/dma.o
 .debug_macro   0x0002303a      0x115 ./Core/Src/dma.o
 .debug_macro   0x0002314f      0x26e ./Core/Src/dma.o
 .debug_macro   0x000233bd       0xa5 ./Core/Src/dma.o
 .debug_macro   0x00023462      0x24f ./Core/Src/dma.o
 .debug_macro   0x000236b1       0x71 ./Core/Src/dma.o
 .debug_macro   0x00023722       0x58 ./Core/Src/dma.o
 .debug_macro   0x0002377a      0x236 ./Core/Src/dma.o
 .debug_macro   0x000239b0      0x14e ./Core/Src/dma.o
 .debug_macro   0x00023afe      0x3db ./Core/Src/dma.o
 .debug_macro   0x00023ed9       0x12 ./Core/Src/dma.o
 .debug_macro   0x00023eeb      0x12e ./Core/Src/dma.o
 .debug_macro   0x00024019      0x108 ./Core/Src/dma.o
 .debug_macro   0x00024121       0x35 ./Core/Src/dma.o
 .debug_macro   0x00024156      0xa91 ./Core/Src/dma.o
 .debug_macro   0x00024be7       0xa9 ./Core/Src/dma.o
 .debug_macro   0x00024c90      0x5ba ./Core/Src/dma.o
 .debug_macro   0x0002524a       0x44 ./Core/Src/dma.o
 .debug_macro   0x0002528e      0x15b ./Core/Src/dma.o
 .debug_macro   0x000253e9      0x313 ./Core/Src/freertos.o
 .debug_macro   0x000256fc      0xbc8 ./Core/Src/freertos.o
 .debug_macro   0x000262c4      0x197 ./Core/Src/freertos.o
 .debug_macro   0x0002645b       0x1c ./Core/Src/freertos.o
 .debug_macro   0x00026477      0x13d ./Core/Src/freertos.o
 .debug_macro   0x000265b4      0x15a ./Core/Src/freertos.o
 .debug_macro   0x0002670e       0xc9 ./Core/Src/freertos.o
 .debug_macro   0x000267d7       0x1c ./Core/Src/freertos.o
 .debug_macro   0x000267f3       0x26 ./Core/Src/freertos.o
 .debug_macro   0x00026819       0x61 ./Core/Src/freertos.o
 .debug_macro   0x0002687a       0x29 ./Core/Src/freertos.o
 .debug_macro   0x000268a3       0x43 ./Core/Src/freertos.o
 .debug_macro   0x000268e6       0x34 ./Core/Src/freertos.o
 .debug_macro   0x0002691a      0x380 ./Core/Src/freertos.o
 .debug_macro   0x00026c9a       0x16 ./Core/Src/freertos.o
 .debug_macro   0x00026cb0       0x4a ./Core/Src/freertos.o
 .debug_macro   0x00026cfa       0x34 ./Core/Src/freertos.o
 .debug_macro   0x00026d2e       0x10 ./Core/Src/freertos.o
 .debug_macro   0x00026d3e       0x58 ./Core/Src/freertos.o
 .debug_macro   0x00026d96       0x8e ./Core/Src/freertos.o
 .debug_macro   0x00026e24       0x16 ./Core/Src/freertos.o
 .debug_macro   0x00026e3a      0x17e ./Core/Src/freertos.o
 .debug_macro   0x00026fb8       0x10 ./Core/Src/freertos.o
 .debug_macro   0x00026fc8       0x3c ./Core/Src/freertos.o
 .debug_macro   0x00027004      0x4aa ./Core/Src/freertos.o
 .debug_macro   0x000274ae       0xb5 ./Core/Src/freertos.o
 .debug_macro   0x00027563       0xaa ./Core/Src/freertos.o
 .debug_macro   0x0002760d     0x12cd ./Core/Src/freertos.o
 .debug_macro   0x000288da       0x5d ./Core/Src/freertos.o
 .debug_macro   0x00028937       0x6c ./Core/Src/freertos.o
 .debug_macro   0x000289a3       0x74 ./Core/Src/freertos.o
 .debug_macro   0x00028a17       0xdd ./Core/Src/freertos.o
 .debug_macro   0x00028af4      0x1de ./Core/Src/gpio.o
 .debug_macro   0x00028cd2      0x33b ./Core/Src/main.o
 .debug_macro   0x0002900d      0x13d ./Core/Src/main.o
 .debug_macro   0x0002914a       0x66 ./Core/Src/main.o
 .debug_macro   0x000291b0      0x1d4 ./Core/Src/stm32f7xx_hal_msp.o
 .debug_macro   0x00029384      0x1ca ./Core/Src/stm32f7xx_hal_timebase_tim.o
 .debug_macro   0x0002954e      0x1de ./Core/Src/stm32f7xx_it.o
 .debug_macro   0x0002972c      0x1ca ./Core/Src/system_stm32f7xx.o
 .debug_macro   0x000298f6      0x1de ./Core/Src/usart.o
 .debug_macro   0x00029ad4      0x1ee ./Drivers/STM32F7xx_HAL_Driver/Src/stm32f7xx_hal.o
 .debug_macro   0x00029cc2      0x1ca ./Drivers/STM32F7xx_HAL_Driver/Src/stm32f7xx_hal_cortex.o
 .debug_macro   0x00029e8c      0x1d0 ./Drivers/STM32F7xx_HAL_Driver/Src/stm32f7xx_hal_dma.o
 .debug_macro   0x0002a05c      0x1d0 ./Drivers/STM32F7xx_HAL_Driver/Src/stm32f7xx_hal_gpio.o
 .debug_macro   0x0002a22c      0x1e2 ./Drivers/STM32F7xx_HAL_Driver/Src/stm32f7xx_hal_pwr_ex.o
 .debug_macro   0x0002a40e      0x1ee ./Drivers/STM32F7xx_HAL_Driver/Src/stm32f7xx_hal_rcc.o
 .debug_macro   0x0002a5fc      0x1ca ./Drivers/STM32F7xx_HAL_Driver/Src/stm32f7xx_hal_rcc_ex.o
 .debug_macro   0x0002a7c6      0x1cb ./Drivers/STM32F7xx_HAL_Driver/Src/stm32f7xx_hal_tim.o
 .debug_macro   0x0002a991      0x1ca ./Drivers/STM32F7xx_HAL_Driver/Src/stm32f7xx_hal_tim_ex.o
 .debug_macro   0x0002ab5b      0x1e7 ./Drivers/STM32F7xx_HAL_Driver/Src/stm32f7xx_hal_uart.o
 .debug_macro   0x0002ad42      0x259 ./Middlewares/Third_Party/FreeRTOS/Source/CMSIS_RTOS_V2/cmsis_os2.o
 .debug_macro   0x0002af9b       0x10 ./Middlewares/Third_Party/FreeRTOS/Source/CMSIS_RTOS_V2/cmsis_os2.o
 .debug_macro   0x0002afab       0x20 ./Middlewares/Third_Party/FreeRTOS/Source/CMSIS_RTOS_V2/cmsis_os2.o
 .debug_macro   0x0002afcb       0x10 ./Middlewares/Third_Party/FreeRTOS/Source/CMSIS_RTOS_V2/cmsis_os2.o
 .debug_macro   0x0002afdb       0xd3 ./Middlewares/Third_Party/FreeRTOS/Source/CMSIS_RTOS_V2/cmsis_os2.o
 .debug_macro   0x0002b0ae       0x16 ./Middlewares/Third_Party/FreeRTOS/Source/CMSIS_RTOS_V2/cmsis_os2.o
 .debug_macro   0x0002b0c4       0x91 ./Middlewares/Third_Party/FreeRTOS/Source/CMSIS_RTOS_V2/cmsis_os2.o
 .debug_macro   0x0002b155       0x8d ./Middlewares/Third_Party/FreeRTOS/Source/CMSIS_RTOS_V2/cmsis_os2.o
 .debug_macro   0x0002b1e2       0x9a ./Middlewares/Third_Party/FreeRTOS/Source/CMSIS_RTOS_V2/cmsis_os2.o
 .debug_macro   0x0002b27c      0x199 ./Middlewares/Third_Party/FreeRTOS/Source/list.o
 .debug_macro   0x0002b415      0x228 ./Middlewares/Third_Party/FreeRTOS/Source/queue.o
 .debug_macro   0x0002b63d       0x16 ./Middlewares/Third_Party/FreeRTOS/Source/queue.o
 .debug_macro   0x0002b653       0x87 ./Middlewares/Third_Party/FreeRTOS/Source/queue.o
 .debug_macro   0x0002b6da      0x291 ./Middlewares/Third_Party/FreeRTOS/Source/tasks.o
 .debug_macro   0x0002b96b       0x10 ./Middlewares/Third_Party/FreeRTOS/Source/tasks.o
 .debug_macro   0x0002b97b      0x1ee ./Middlewares/Third_Party/FreeRTOS/Source/timers.o
 .debug_macro   0x0002bb69       0x97 ./Middlewares/Third_Party/FreeRTOS/Source/timers.o
 .debug_macro   0x0002bc00      0x234 ./Middlewares/Third_Party/FreeRTOS/Source/portable/GCC/ARM_CM7/r0p1/port.o
 .debug_macro   0x0002be34      0x1c0 ./Middlewares/Third_Party/FreeRTOS/Source/portable/MemMang/heap_4.o

.debug_line     0x00000000    0x1b1be
 .debug_line    0x00000000      0x740 ./Core/Src/dma.o
 .debug_line    0x00000740      0x9f9 ./Core/Src/freertos.o
 .debug_line    0x00001139      0x741 ./Core/Src/gpio.o
 .debug_line    0x0000187a      0xbc1 ./Core/Src/main.o
 .debug_line    0x0000243b      0x745 ./Core/Src/stm32f7xx_hal_msp.o
 .debug_line    0x00002b80      0x7c2 ./Core/Src/stm32f7xx_hal_timebase_tim.o
 .debug_line    0x00003342      0x800 ./Core/Src/stm32f7xx_it.o
 .debug_line    0x00003b42      0x7b8 ./Core/Src/system_stm32f7xx.o
 .debug_line    0x000042fa      0x7fc ./Core/Src/usart.o
 .debug_line    0x00004af6       0x7a ./Core/Startup/startup_stm32f767zitx.o
 .debug_line    0x00004b70      0xa9e ./Drivers/STM32F7xx_HAL_Driver/Src/stm32f7xx_hal.o
 .debug_line    0x0000560e      0xceb ./Drivers/STM32F7xx_HAL_Driver/Src/stm32f7xx_hal_cortex.o
 .debug_line    0x000062f9      0xfb5 ./Drivers/STM32F7xx_HAL_Driver/Src/stm32f7xx_hal_dma.o
 .debug_line    0x000072ae      0xbc2 ./Drivers/STM32F7xx_HAL_Driver/Src/stm32f7xx_hal_gpio.o
 .debug_line    0x00007e70      0xa3b ./Drivers/STM32F7xx_HAL_Driver/Src/stm32f7xx_hal_pwr_ex.o
 .debug_line    0x000088ab      0xfa2 ./Drivers/STM32F7xx_HAL_Driver/Src/stm32f7xx_hal_rcc.o
 .debug_line    0x0000984d      0xeee ./Drivers/STM32F7xx_HAL_Driver/Src/stm32f7xx_hal_rcc_ex.o
 .debug_line    0x0000a73b     0x3d0c ./Drivers/STM32F7xx_HAL_Driver/Src/stm32f7xx_hal_tim.o
 .debug_line    0x0000e447     0x1b71 ./Drivers/STM32F7xx_HAL_Driver/Src/stm32f7xx_hal_tim_ex.o
 .debug_line    0x0000ffb8     0x2d57 ./Drivers/STM32F7xx_HAL_Driver/Src/stm32f7xx_hal_uart.o
 .debug_line    0x00012d0f     0x27dc ./Middlewares/Third_Party/FreeRTOS/Source/CMSIS_RTOS_V2/cmsis_os2.o
 .debug_line    0x000154eb      0x7a0 ./Middlewares/Third_Party/FreeRTOS/Source/list.o
 .debug_line    0x00015c8b     0x178f ./Middlewares/Third_Party/FreeRTOS/Source/queue.o
 .debug_line    0x0001741a     0x1d16 ./Middlewares/Third_Party/FreeRTOS/Source/tasks.o
 .debug_line    0x00019130      0xdf4 ./Middlewares/Third_Party/FreeRTOS/Source/timers.o
 .debug_line    0x00019f24      0x93f ./Middlewares/Third_Party/FreeRTOS/Source/portable/GCC/ARM_CM7/r0p1/port.o
 .debug_line    0x0001a863      0x95b ./Middlewares/Third_Party/FreeRTOS/Source/portable/MemMang/heap_4.o

.debug_str      0x00000000   0x103f35
 .debug_str     0x00000000   0x103f35 ./Core/Src/dma.o
                              0xf26a7 (size before relaxing)
 .debug_str     0x00103f35    0xfa365 ./Core/Src/freertos.o
 .debug_str     0x00103f35    0xf2039 ./Core/Src/gpio.o
 .debug_str     0x00103f35    0xfa983 ./Core/Src/main.o
 .debug_str     0x00103f35    0xf2697 ./Core/Src/stm32f7xx_hal_msp.o
 .debug_str     0x00103f35    0xf2d73 ./Core/Src/stm32f7xx_hal_timebase_tim.o
 .debug_str     0x00103f35    0xf27dc ./Core/Src/stm32f7xx_it.o
 .debug_str     0x00103f35    0xf21b2 ./Core/Src/system_stm32f7xx.o
 .debug_str     0x00103f35    0xf2f73 ./Core/Src/usart.o
 .debug_str     0x00103f35       0x81 ./Core/Startup/startup_stm32f767zitx.o
 .debug_str     0x00103f35    0xf2bf2 ./Drivers/STM32F7xx_HAL_Driver/Src/stm32f7xx_hal.o
 .debug_str     0x00103f35    0xf2bd4 ./Drivers/STM32F7xx_HAL_Driver/Src/stm32f7xx_hal_cortex.o
 .debug_str     0x00103f35    0xf24f1 ./Drivers/STM32F7xx_HAL_Driver/Src/stm32f7xx_hal_dma.o
 .debug_str     0x00103f35    0xf2270 ./Drivers/STM32F7xx_HAL_Driver/Src/stm32f7xx_hal_gpio.o
 .debug_str     0x00103f35    0xf2421 ./Drivers/STM32F7xx_HAL_Driver/Src/stm32f7xx_hal_pwr_ex.o
 .debug_str     0x00103f35    0xf252d ./Drivers/STM32F7xx_HAL_Driver/Src/stm32f7xx_hal_rcc.o
 .debug_str     0x00103f35    0xf2490 ./Drivers/STM32F7xx_HAL_Driver/Src/stm32f7xx_hal_rcc_ex.o
 .debug_str     0x00103f35    0xf34d5 ./Drivers/STM32F7xx_HAL_Driver/Src/stm32f7xx_hal_tim.o
 .debug_str     0x00103f35    0xf2ddb ./Drivers/STM32F7xx_HAL_Driver/Src/stm32f7xx_hal_tim_ex.o
 .debug_str     0x00103f35    0xf2e7b ./Drivers/STM32F7xx_HAL_Driver/Src/stm32f7xx_hal_uart.o
 .debug_str     0x00103f35     0xf009 ./Middlewares/Third_Party/FreeRTOS/Source/CMSIS_RTOS_V2/cmsis_os2.o
 .debug_str     0x00103f35     0xaa93 ./Middlewares/Third_Party/FreeRTOS/Source/list.o
 .debug_str     0x00103f35     0xc5b9 ./Middlewares/Third_Party/FreeRTOS/Source/queue.o
 .debug_str     0x00103f35     0xd393 ./Middlewares/Third_Party/FreeRTOS/Source/tasks.o
 .debug_str     0x00103f35     0xce06 ./Middlewares/Third_Party/FreeRTOS/Source/timers.o
 .debug_str     0x00103f35     0xb74c ./Middlewares/Third_Party/FreeRTOS/Source/portable/GCC/ARM_CM7/r0p1/port.o
 .debug_str     0x00103f35     0xb2b0 ./Middlewares/Third_Party/FreeRTOS/Source/portable/MemMang/heap_4.o

.comment        0x00000000       0x43
 .comment       0x00000000       0x43 ./Core/Src/dma.o
                                 0x44 (size before relaxing)
 .comment       0x00000043       0x44 ./Core/Src/freertos.o
 .comment       0x00000043       0x44 ./Core/Src/gpio.o
 .comment       0x00000043       0x44 ./Core/Src/main.o
 .comment       0x00000043       0x44 ./Core/Src/stm32f7xx_hal_msp.o
 .comment       0x00000043       0x44 ./Core/Src/stm32f7xx_hal_timebase_tim.o
 .comment       0x00000043       0x44 ./Core/Src/stm32f7xx_it.o
 .comment       0x00000043       0x44 ./Core/Src/system_stm32f7xx.o
 .comment       0x00000043       0x44 ./Core/Src/usart.o
 .comment       0x00000043       0x44 ./Drivers/STM32F7xx_HAL_Driver/Src/stm32f7xx_hal.o
 .comment       0x00000043       0x44 ./Drivers/STM32F7xx_HAL_Driver/Src/stm32f7xx_hal_cortex.o
 .comment       0x00000043       0x44 ./Drivers/STM32F7xx_HAL_Driver/Src/stm32f7xx_hal_dma.o
 .comment       0x00000043       0x44 ./Drivers/STM32F7xx_HAL_Driver/Src/stm32f7xx_hal_gpio.o
 .comment       0x00000043       0x44 ./Drivers/STM32F7xx_HAL_Driver/Src/stm32f7xx_hal_pwr_ex.o
 .comment       0x00000043       0x44 ./Drivers/STM32F7xx_HAL_Driver/Src/stm32f7xx_hal_rcc.o
 .comment       0x00000043       0x44 ./Drivers/STM32F7xx_HAL_Driver/Src/stm32f7xx_hal_rcc_ex.o
 .comment       0x00000043       0x44 ./Drivers/STM32F7xx_HAL_Driver/Src/stm32f7xx_hal_tim.o
 .comment       0x00000043       0x44 ./Drivers/STM32F7xx_HAL_Driver/Src/stm32f7xx_hal_tim_ex.o
 .comment       0x00000043       0x44 ./Drivers/STM32F7xx_HAL_Driver/Src/stm32f7xx_hal_uart.o
 .comment       0x00000043       0x44 ./Middlewares/Third_Party/FreeRTOS/Source/CMSIS_RTOS_V2/cmsis_os2.o
 .comment       0x00000043       0x44 ./Middlewares/Third_Party/FreeRTOS/Source/list.o
 .comment       0x00000043       0x44 ./Middlewares/Third_Party/FreeRTOS/Source/queue.o
 .comment       0x00000043       0x44 ./Middlewares/Third_Party/FreeRTOS/Source/tasks.o
 .comment       0x00000043       0x44 ./Middlewares/Third_Party/FreeRTOS/Source/timers.o
 .comment       0x00000043       0x44 ./Middlewares/Third_Party/FreeRTOS/Source/portable/GCC/ARM_CM7/r0p1/port.o
 .comment       0x00000043       0x44 ./Middlewares/Third_Party/FreeRTOS/Source/portable/MemMang/heap_4.o

.debug_frame    0x00000000     0x578c
 .debug_frame   0x00000000       0x34 ./Core/Src/dma.o
 .debug_frame   0x00000034       0x4c ./Core/Src/freertos.o
 .debug_frame   0x00000080       0x34 ./Core/Src/gpio.o
 .debug_frame   0x000000b4       0xcc ./Core/Src/main.o
 .debug_frame   0x00000180       0x34 ./Core/Src/stm32f7xx_hal_msp.o
 .debug_frame   0x000001b4       0x6c ./Core/Src/stm32f7xx_hal_timebase_tim.o
 .debug_frame   0x00000220       0xfc ./Core/Src/stm32f7xx_it.o
 .debug_frame   0x0000031c       0x50 ./Core/Src/system_stm32f7xx.o
 .debug_frame   0x0000036c       0x78 ./Core/Src/usart.o
 .debug_frame   0x000003e4      0x38c ./Drivers/STM32F7xx_HAL_Driver/Src/stm32f7xx_hal.o
 .debug_frame   0x00000770      0x49c ./Drivers/STM32F7xx_HAL_Driver/Src/stm32f7xx_hal_cortex.o
 .debug_frame   0x00000c0c      0x230 ./Drivers/STM32F7xx_HAL_Driver/Src/stm32f7xx_hal_dma.o
 .debug_frame   0x00000e3c      0x130 ./Drivers/STM32F7xx_HAL_Driver/Src/stm32f7xx_hal_gpio.o
 .debug_frame   0x00000f6c      0x1ac ./Drivers/STM32F7xx_HAL_Driver/Src/stm32f7xx_hal_pwr_ex.o
 .debug_frame   0x00001118      0x1e0 ./Drivers/STM32F7xx_HAL_Driver/Src/stm32f7xx_hal_rcc.o
 .debug_frame   0x000012f8      0x110 ./Drivers/STM32F7xx_HAL_Driver/Src/stm32f7xx_hal_rcc_ex.o
 .debug_frame   0x00001408     0x1144 ./Drivers/STM32F7xx_HAL_Driver/Src/stm32f7xx_hal_tim.o
 .debug_frame   0x0000254c      0x66c ./Drivers/STM32F7xx_HAL_Driver/Src/stm32f7xx_hal_tim_ex.o
 .debug_frame   0x00002bb8      0x998 ./Drivers/STM32F7xx_HAL_Driver/Src/stm32f7xx_hal_uart.o
 .debug_frame   0x00003550      0x954 ./Middlewares/Third_Party/FreeRTOS/Source/CMSIS_RTOS_V2/cmsis_os2.o
 .debug_frame   0x00003ea4       0xc4 ./Middlewares/Third_Party/FreeRTOS/Source/list.o
 .debug_frame   0x00003f68      0x5c4 ./Middlewares/Third_Party/FreeRTOS/Source/queue.o
 .debug_frame   0x0000452c      0x868 ./Middlewares/Third_Party/FreeRTOS/Source/tasks.o
 .debug_frame   0x00004d94      0x3c0 ./Middlewares/Third_Party/FreeRTOS/Source/timers.o