../Core/Src/main.c:117:10:encode_id	1
../Core/Src/main.c:128:6:decode_id	1
../Core/Src/main.c:138:6:CAN_Filters_Config	3
../Core/Src/main.c:220:6:can_tx_multiframe	6
../Core/Src/main.c:264:5:main	1
../Core/Src/main.c:322:6:SystemClock_Config	4
../Core/Src/main.c:380:13:MX_CAN1_Init	2
../Core/Src/main.c:417:13:MX_CAN2_Init	2
../Core/Src/main.c:454:13:MX_ETH_Init	2
../Core/Src/main.c:503:13:MX_GPIO_Init	1
../Core/Src/main.c:524:6:HAL_CAN_RxFifo0MsgPendingCallback	4
../Core/Src/main.c:547:6:HAL_CAN_RxFifo1MsgPendingCallback	5
../Core/Src/main.c:585:6:Error_Handler	1
