../Core/Src/main.c:127:6:send_uart	1
../Core/Src/main.c:137:6:find_txtfile	6
../Core/Src/main.c:177:5:is_dup_filename	3
../Core/Src/main.c:188:5:is_filename_in_index	3
../Core/Src/main.c:199:5:check_filename_w_index	5
../Core/Src/main.c:230:6:find_txtfile_w_crc3	14
../Core/Src/main.c:355:6:check_crc_from_index	12
../Core/Src/main.c:454:6:utc2rtc_ja	9
../Core/Src/main.c:599:6:create_new_file_w_timestamp	1
../Core/Src/main.c:618:6:choose_file_name	1
../Core/Src/main.c:635:5:bufsize	2
../Core/Src/main.c:643:6:add_2_indexFile	5
../Core/Src/main.c:685:6:add_22_indexFile	6
../Core/Src/main.c:733:6:bufclear	1
../Core/Src/main.c:743:6:bufclear_custom	1
../Core/Src/main.c:755:6:mount_sd_card	2
../Core/Src/main.c:785:6:delete_file_in_sd_card	2
../Core/Src/main.c:801:5:main	2
../Core/Src/main.c:920:6:SystemClock_Config	4
../Core/Src/main.c:974:13:MX_CRC_Init	2
../Core/Src/main.c:1005:13:MX_ETH_Init	2
../Core/Src/main.c:1054:13:MX_SPI1_Init	2
../Core/Src/main.c:1094:13:MX_USART3_UART_Init	2
../Core/Src/main.c:1129:13:MX_USB_OTG_FS_PCD_Init	2
../Core/Src/main.c:1164:13:MX_GPIO_Init	1
../Core/Src/main.c:1222:6:Error_Handler	1
