Archive member included to satisfy reference by file (symbol)

C:/ST/STM32CubeIDE_1.16.1/STM32CubeIDE/plugins/com.st.stm32cube.ide.mcu.externaltools.gnu-tools-for-stm32.13.3.rel1.win32_1.0.0.202411081344/tools/bin/../lib/gcc/arm-none-eabi/13.3.1/../../../../arm-none-eabi/lib/thumb/v7e-m+fp/hard\libc_nano.a(libc_a-exit.o)
                              C:/ST/STM32CubeIDE_1.16.1/STM32CubeIDE/plugins/com.st.stm32cube.ide.mcu.externaltools.gnu-tools-for-stm32.13.3.rel1.win32_1.0.0.202411081344/tools/bin/../lib/gcc/arm-none-eabi/13.3.1/../../../../arm-none-eabi/lib/thumb/v7e-m+fp/hard/crt0.o (exit)
C:/ST/STM32CubeIDE_1.16.1/STM32CubeIDE/plugins/com.st.stm32cube.ide.mcu.externaltools.gnu-tools-for-stm32.13.3.rel1.win32_1.0.0.202411081344/tools/bin/../lib/gcc/arm-none-eabi/13.3.1/../../../../arm-none-eabi/lib/thumb/v7e-m+fp/hard\libc_nano.a(libc_a-findfp.o)
                              C:/ST/STM32CubeIDE_1.16.1/STM32CubeIDE/plugins/com.st.stm32cube.ide.mcu.externaltools.gnu-tools-for-stm32.13.3.rel1.win32_1.0.0.202411081344/tools/bin/../lib/gcc/arm-none-eabi/13.3.1/../../../../arm-none-eabi/lib/thumb/v7e-m+fp/hard\libc_nano.a(libc_a-exit.o) (__stdio_exit_handler)
C:/ST/STM32CubeIDE_1.16.1/STM32CubeIDE/plugins/com.st.stm32cube.ide.mcu.externaltools.gnu-tools-for-stm32.13.3.rel1.win32_1.0.0.202411081344/tools/bin/../lib/gcc/arm-none-eabi/13.3.1/../../../../arm-none-eabi/lib/thumb/v7e-m+fp/hard\libc_nano.a(libc_a-fwalk.o)
                              C:/ST/STM32CubeIDE_1.16.1/STM32CubeIDE/plugins/com.st.stm32cube.ide.mcu.externaltools.gnu-tools-for-stm32.13.3.rel1.win32_1.0.0.202411081344/tools/bin/../lib/gcc/arm-none-eabi/13.3.1/../../../../arm-none-eabi/lib/thumb/v7e-m+fp/hard\libc_nano.a(libc_a-findfp.o) (_fwalk_sglue)
C:/ST/STM32CubeIDE_1.16.1/STM32CubeIDE/plugins/com.st.stm32cube.ide.mcu.externaltools.gnu-tools-for-stm32.13.3.rel1.win32_1.0.0.202411081344/tools/bin/../lib/gcc/arm-none-eabi/13.3.1/../../../../arm-none-eabi/lib/thumb/v7e-m+fp/hard\libc_nano.a(libc_a-stdio.o)
                              C:/ST/STM32CubeIDE_1.16.1/STM32CubeIDE/plugins/com.st.stm32cube.ide.mcu.externaltools.gnu-tools-for-stm32.13.3.rel1.win32_1.0.0.202411081344/tools/bin/../lib/gcc/arm-none-eabi/13.3.1/../../../../arm-none-eabi/lib/thumb/v7e-m+fp/hard\libc_nano.a(libc_a-findfp.o) (__sread)
C:/ST/STM32CubeIDE_1.16.1/STM32CubeIDE/plugins/com.st.stm32cube.ide.mcu.externaltools.gnu-tools-for-stm32.13.3.rel1.win32_1.0.0.202411081344/tools/bin/../lib/gcc/arm-none-eabi/13.3.1/../../../../arm-none-eabi/lib/thumb/v7e-m+fp/hard\libc_nano.a(libc_a-memset.o)
                              C:/ST/STM32CubeIDE_1.16.1/STM32CubeIDE/plugins/com.st.stm32cube.ide.mcu.externaltools.gnu-tools-for-stm32.13.3.rel1.win32_1.0.0.202411081344/tools/bin/../lib/gcc/arm-none-eabi/13.3.1/../../../../arm-none-eabi/lib/thumb/v7e-m+fp/hard/crt0.o (memset)
C:/ST/STM32CubeIDE_1.16.1/STM32CubeIDE/plugins/com.st.stm32cube.ide.mcu.externaltools.gnu-tools-for-stm32.13.3.rel1.win32_1.0.0.202411081344/tools/bin/../lib/gcc/arm-none-eabi/13.3.1/../../../../arm-none-eabi/lib/thumb/v7e-m+fp/hard\libc_nano.a(libc_a-closer.o)
                              C:/ST/STM32CubeIDE_1.16.1/STM32CubeIDE/plugins/com.st.stm32cube.ide.mcu.externaltools.gnu-tools-for-stm32.13.3.rel1.win32_1.0.0.202411081344/tools/bin/../lib/gcc/arm-none-eabi/13.3.1/../../../../arm-none-eabi/lib/thumb/v7e-m+fp/hard\libc_nano.a(libc_a-stdio.o) (_close_r)
C:/ST/STM32CubeIDE_1.16.1/STM32CubeIDE/plugins/com.st.stm32cube.ide.mcu.externaltools.gnu-tools-for-stm32.13.3.rel1.win32_1.0.0.202411081344/tools/bin/../lib/gcc/arm-none-eabi/13.3.1/../../../../arm-none-eabi/lib/thumb/v7e-m+fp/hard\libc_nano.a(libc_a-reent.o)
                              C:/ST/STM32CubeIDE_1.16.1/STM32CubeIDE/plugins/com.st.stm32cube.ide.mcu.externaltools.gnu-tools-for-stm32.13.3.rel1.win32_1.0.0.202411081344/tools/bin/../lib/gcc/arm-none-eabi/13.3.1/../../../../arm-none-eabi/lib/thumb/v7e-m+fp/hard\libc_nano.a(libc_a-closer.o) (errno)
C:/ST/STM32CubeIDE_1.16.1/STM32CubeIDE/plugins/com.st.stm32cube.ide.mcu.externaltools.gnu-tools-for-stm32.13.3.rel1.win32_1.0.0.202411081344/tools/bin/../lib/gcc/arm-none-eabi/13.3.1/../../../../arm-none-eabi/lib/thumb/v7e-m+fp/hard\libc_nano.a(libc_a-impure.o)
                              C:/ST/STM32CubeIDE_1.16.1/STM32CubeIDE/plugins/com.st.stm32cube.ide.mcu.externaltools.gnu-tools-for-stm32.13.3.rel1.win32_1.0.0.202411081344/tools/bin/../lib/gcc/arm-none-eabi/13.3.1/../../../../arm-none-eabi/lib/thumb/v7e-m+fp/hard\libc_nano.a(libc_a-reent.o) (_impure_ptr)
C:/ST/STM32CubeIDE_1.16.1/STM32CubeIDE/plugins/com.st.stm32cube.ide.mcu.externaltools.gnu-tools-for-stm32.13.3.rel1.win32_1.0.0.202411081344/tools/bin/../lib/gcc/arm-none-eabi/13.3.1/../../../../arm-none-eabi/lib/thumb/v7e-m+fp/hard\libc_nano.a(libc_a-lseekr.o)
[...]
Memory Configuration

Name             Origin             Length             Attributes
RAM              0x20000000         0x00040000         xrw
FLASH            0x08000000         0x00080000         xr
*default*        0x00000000         0xffffffff

Linker script and memory map

LOAD C:/ST/STM32CubeIDE_1.16.1/STM32CubeIDE/plugins/com.st.stm32cube.ide.mcu.externaltools.gnu-tools-for-stm32.13.3.rel1.win32_1.0.0.202411081344/tools/bin/../lib/gcc/arm-none-eabi/13.3.1/thumb/v7e-m+fp/hard/crti.o
LOAD C:/ST/STM32CubeIDE_1.16.1/STM32CubeIDE/plugins/com.st.stm32cube.ide.mcu.externaltools.gnu-tools-for-stm32.13.3.rel1.win32_1.0.0.202411081344/tools/bin/../lib/gcc/arm-none-eabi/13.3.1/thumb/v7e-m+fp/hard/crtbegin.o
LOAD C:/ST/STM32CubeIDE_1.16.1/STM32CubeIDE/plugins/com.st.stm32cube.ide.mcu.externaltools.gnu-tools-for-stm32.13.3.rel1.win32_1.0.0.202411081344/tools/bin/../lib/gcc/arm-none-eabi/13.3.1/../../../../arm-none-eabi/lib/thumb/v7e-m+fp/hard/crt0.o
LOAD ./Core/Src/main.o
LOAD ./Core/Src/stm32f7xx_hal_msp.o
LOAD ./Core/Src/stm32f7xx_it.o
LOAD ./Core/Src/syscalls.o
LOAD ./Core/Src/sysmem.o
LOAD ./Core/Src/system_stm32f7xx.o
LOAD ./Core/Startup/startup_stm32f722zetx.o
LOAD ./Drivers/STM32F7xx_HAL_Driver/Src/stm32f7xx_hal.o
LOAD ./Drivers/STM32F7xx_HAL_Driver/Src/stm32f7xx_hal_can.o
LOAD ./Drivers/STM32F7xx_HAL_Driver/Src/stm32f7xx_hal_cortex.o
LOAD ./Drivers/STM32F7xx_HAL_Driver/Src/stm32f7xx_hal_dma.o
LOAD ./Drivers/STM32F7xx_HAL_Driver/Src/stm32f7xx_hal_dma_ex.o
LOAD ./Drivers/STM32F7xx_HAL_Driver/Src/stm32f7xx_hal_exti.o
LOAD ./Drivers/STM32F7xx_HAL_Driver/Src/stm32f7xx_hal_flash.o
LOAD ./Drivers/STM32F7xx_HAL_Driver/Src/stm32f7xx_hal_flash_ex.o
LOAD ./Drivers/STM32F7xx_HAL_Driver/Src/stm32f7xx_hal_gpio.o
LOAD ./Drivers/STM32F7xx_HAL_Driver/Src/stm32f7xx_hal_i2c.o
LOAD ./Drivers/STM32F7xx_HAL_Driver/Src/stm32f7xx_hal_i2c_ex.o
LOAD ./Drivers/STM32F7xx_HAL_Driver/Src/stm32f7xx_hal_pwr.o
LOAD ./Drivers/STM32F7xx_HAL_Driver/Src/stm32f7xx_hal_pwr_ex.o
LOAD ./Drivers/STM32F7xx_HAL_Driver/Src/stm32f7xx_hal_rcc.o
LOAD ./Drivers/STM32F7xx_HAL_Driver/Src/stm32f7xx_hal_rcc_ex.o
START GROUP
LOAD C:/ST/STM32CubeIDE_1.16.1/STM32CubeIDE/plugins/com.st.stm32cube.ide.mcu.externaltools.gnu-tools-for-stm32.13.3.rel1.win32_1.0.0.202411081344/tools/bin/../lib/gcc/arm-none-eabi/13.3.1/../../../../arm-none-eabi/lib/thumb/v7e-m+fp/hard\libc_nano.a
LOAD C:/ST/STM32CubeIDE_1.16.1/STM32CubeIDE/plugins/com.st.stm32cube.ide.mcu.externaltools.gnu-tools-for-stm32.13.3.rel1.win32_1.0.0.202411081344/tools/bin/../lib/gcc/arm-none-eabi/13.3.1/../../../../arm-none-eabi/lib/thumb/v7e-m+fp/hard\libm.a
END GROUP
START GROUP
LOAD C:/ST/STM32CubeIDE_1.16.1/STM32CubeIDE/plugins/com.st.stm32cube.ide.mcu.externaltools.gnu-tools-for-stm32.13.3.rel1.win32_1.0.0.202411081344/tools/bin/../lib/gcc/arm-none-eabi/13.3.1/thumb/v7e-m+fp/hard\libgcc.a
LOAD C:/ST/STM32CubeIDE_1.16.1/STM32CubeIDE/plugins/com.st.stm32cube.ide.mcu.externaltools.gnu-tools-for-stm32.13.3.rel1.win32_1.0.0.202411081344/tools/bin/../lib/gcc/arm-none-eabi/13.3.1/../../../../arm-none-eabi/lib/thumb/v7e-m+fp/hard\libc_nano.a
END GROUP
START GROUP
LOAD C:/ST/STM32CubeIDE_1.16.1/STM32CubeIDE/plugins/com.st.stm32cube.ide.mcu.externaltools.gnu-tools-for-stm32.13.3.rel1.win32_1.0.0.202411081344/tools/bin/../lib/gcc/arm-none-eabi/13.3.1/thumb/v7e-m+fp/hard\libgcc.a
LOAD C:/ST/STM32CubeIDE_1.16.1/STM32CubeIDE/plugins/com.st.stm32cube.ide.mcu.externaltools.gnu-tools-for-stm32.13.3.rel1.win32_1.0.0.202411081344/tools/bin/../lib/gcc/arm-none-eabi/13.3.1/../../../../arm-none-eabi/lib/thumb/v7e-m+fp/hard\libc_nano.a
LOAD C:/ST/STM32CubeIDE_1.16.1/STM32CubeIDE/plugins/com.st.stm32cube.ide.mcu.externaltools.gnu-tools-for-stm32.13.3.rel1.win32_1.0.0.202411081344/tools/bin/../lib/gcc/arm-none-eabi/13.3.1/../../../../arm-none-eabi/lib/thumb/v7e-m+fp/hard\libnosys.a
END GROUP
START GROUP
LOAD C:/ST/STM32CubeIDE_1.16.1/STM32CubeIDE/plugins/com.st.stm32cube.ide.mcu.externaltools.gnu-tools-for-stm32.13.3.rel1.win32_1.0.0.202411081344/tools/bin/../lib/gcc/arm-none-eabi/13.3.1/thumb/v7e-m+fp/hard\libgcc.a
LOAD C:/ST/STM32CubeIDE_1.16.1/STM32CubeIDE/plugins/com.st.stm32cube.ide.mcu.externaltools.gnu-tools-for-stm32.13.3.rel1.win32_1.0.0.202411081344/tools/bin/../lib/gcc/arm-none-eabi/13.3.1/../../../../arm-none-eabi/lib/thumb/v7e-m+fp/hard\libc_nano.a
LOAD C:/ST/STM32CubeIDE_1.16.1/STM32CubeIDE/plugins/com.st.stm32cube.ide.mcu.externaltools.gnu-tools-for-stm32.13.3.rel1.win32_1.0.0.202411081344/tools/bin/../lib/gcc/arm-none-eabi/13.3.1/../../../../arm-none-eabi/lib/thumb/v7e-m+fp/hard\libnosys.a
END GROUP
LOAD C:/ST/STM32CubeIDE_1.16.1/STM32CubeIDE/plugins/com.st.stm32cube.ide.mcu.externaltools.gnu-tools-for-stm32.13.3.rel1.win32_1.0.0.202411081344/tools/bin/../lib/gcc/arm-none-eabi/13.3.1/thumb/v7e-m+fp/hard/crtend.o
LOAD C:/ST/STM32CubeIDE_1.16.1/STM32CubeIDE/plugins/com.st.stm32cube.ide.mcu.externaltools.gnu-tools-for-stm32.13.3.rel1.win32_1.0.0.202411081344/tools/bin/../lib/gcc/arm-none-eabi/13.3.1/thumb/v7e-m+fp/hard/crtn.o
                0x20040000                        _estack = (ORIGIN (RAM) + LENGTH (RAM))
                0x00000200                        _Min_Heap_Size = 0x200
                0x00000400                        _Min_Stack_Size = 0x400

.isr_vector     0x08000000      0x1e0
                0x08000000                        . = ALIGN (0x4)
 *(.isr_vector)
 .isr_vector    0x08000000      0x1e0 ./Core/Startup/startup_stm32f722zetx.o
                0x08000000                g_pfnVectors
                0x080001e0                        . = ALIGN (0x4)

.text           0x080001e0     0x2438
                0x080001e0                        . = ALIGN (0x4)
 *(.text)
 .text          0x080001e0       0x40 C:/ST/STM32CubeIDE_1.16.1/STM32CubeIDE/plugins/com.st.stm32cube.ide.mcu.externaltools.gnu-tools-for-stm32.13.3.rel1.win32_1.0.0.202411081344/tools/bin/../lib/gcc/arm-none-eabi/13.3.1/thumb/v7e-m+fp/hard/crtbegin.o
 .text          0x08000220       0x30 C:/ST/STM32CubeIDE_1.16.1/STM32CubeIDE/plugins/com.st.stm32cube.ide.mcu.externaltools.gnu-tools-for-stm32.13.3.rel1.win32_1.0.0.202411081344/tools/bin/../lib/gcc/arm-none-eabi/13.3.1/thumb/v7e-m+fp/hard\libgcc.a(_aeabi_uldivmod.o)
                0x08000220                __aeabi_uldivmod
 .text          0x08000250      0x2f8 C:/ST/STM32CubeIDE_1.16.1/STM32CubeIDE/plugins/com.st.stm32cube.ide.mcu.externaltools.gnu-tools-for-stm32.13.3.rel1.win32_1.0.0.202411081344/tools/bin/../lib/gcc/arm-none-eabi/13.3.1/thumb/v7e-m+fp/hard\libgcc.a(_udivmoddi4.o)
                0x08000250                __udivmoddi4
 .text          0x08000548        0x4 C:/ST/STM32CubeIDE_1.16.1/STM32CubeIDE/plugins/com.st.stm32cube.ide.mcu.externaltools.gnu-tools-for-stm32.13.3.rel1.win32_1.0.0.202411081344/tools/bin/../lib/gcc/arm-none-eabi/13.3.1/thumb/v7e-m+fp/hard\libgcc.a(_dvmd_tls.o)
                0x08000548                __aeabi_idiv0
                0x08000548                __aeabi_ldiv0
 *(.text*)
 .text.main     0x0800054c       0x68 ./Core/Src/main.o
                0x0800054c                main
 .text.SystemClock_Config
                0x080005b4       0xdc ./Core/Src/main.o
                0x080005b4                SystemClock_Config
 .text.MX_CAN1_Init
                0x08000690       0x6c ./Core/Src/main.o
 .text.MX_GPIO_Init
                0x080006fc       0x48 ./Core/Src/main.o
 .text.HAL_CAN_RxFifo0MsgPendingCallback
                0x08000744       0x60 ./Core/Src/main.o
                0x08000744                HAL_CAN_RxFifo0MsgPendingCallback
 .text.can_filter_config
                0x080007a4       0xa8 ./Core/Src/main.o
                0x080007a4                can_filter_config
 .text.Error_Handler
                0x0800084c        0xc ./Core/Src/main.o
                0x0800084c                Error_Handler
 .text.HAL_MspInit
                0x08000858       0x48 ./Core/Src/stm32f7xx_hal_msp.o
                0x08000858                HAL_MspInit
 .text.HAL_CAN_MspInit
                0x080008a0       0xb8 ./Core/Src/stm32f7xx_hal_msp.o
                0x080008a0                HAL_CAN_MspInit
 .text.NMI_Handler
                0x08000958        0xc ./Core/Src/stm32f7xx_it.o
                0x08000958                NMI_Handler
 .text.HardFault_Handler
                0x08000964        0x8 ./Core/Src/stm32f7xx_it.o
                0x08000964                HardFault_Handler
 .text.MemManage_Handler
                0x0800096c        0x8 ./Core/Src/stm32f7xx_it.o
                0x0800096c                MemManage_Handler
 .text.BusFault_Handler
                0x08000974        0x8 ./Core/Src/stm32f7xx_it.o
                0x08000974                BusFault_Handler
 .text.UsageFault_Handler
                0x0800097c        0x8 ./Core/Src/stm32f7xx_it.o
                0x0800097c                UsageFault_Handler
 .text.SVC_Handler
                0x08000984        0xe ./Core/Src/stm32f7xx_it.o
                0x08000984                SVC_Handler
 .text.DebugMon_Handler
                0x08000992        0xe ./Core/Src/stm32f7xx_it.o
                0x08000992                DebugMon_Handler
 .text.PendSV_Handler
                0x080009a0        0xe ./Core/Src/stm32f7xx_it.o
                0x080009a0                PendSV_Handler
 .text.SysTick_Handler
                0x080009ae        0xc ./Core/Src/stm32f7xx_it.o
                0x080009ae                SysTick_Handler
 *fill*         0x080009ba        0x2 
 .text.CAN1_TX_IRQHandler
                0x080009bc       0x14 ./Core/Src/stm32f7xx_it.o
                0x080009bc                CAN1_TX_IRQHandler
 .text.CAN1_RX0_IRQHandler
                0x080009d0       0x14 ./Core/Src/stm32f7xx_it.o
                0x080009d0                CAN1_RX0_IRQHandler
 .text.CAN1_RX1_IRQHandler
                0x080009e4       0x14 ./Core/Src/stm32f7xx_it.o
                0x080009e4                CAN1_RX1_IRQHandler
 .text.SystemInit
                0x080009f8       0x24 ./Core/Src/system_stm32f7xx.o
                0x080009f8                SystemInit
 .text.Reset_Handler
                0x08000a1c       0x50 ./Core/Startup/startup_stm32f722zetx.o
                0x08000a1c                Reset_Handler
 .text.Default_Handler
                0x08000a6c        0x2 ./Core/Startup/startup_stm32f722zetx.o
                0x08000a6c                RTC_Alarm_IRQHandler
                0x08000a6c                EXTI2_IRQHandler
                0x08000a6c                TIM8_CC_IRQHandler
                0x08000a6c                UART8_IRQHandler
                0x08000a6c                SPI4_IRQHandler
                0x08000a6c                TIM1_CC_IRQHandler
                0x08000a6c                DMA2_Stream5_IRQHandler
                0x08000a6c                DMA1_Stream5_IRQHandler
                0x08000a6c                PVD_IRQHandler
                0x08000a6c                TAMP_STAMP_IRQHandler
                0x08000a6c                EXTI3_IRQHandler
                0x08000a6c                TIM8_TRG_COM_TIM14_IRQHandler
                0x08000a6c                TIM1_UP_TIM10_IRQHandler
                0x08000a6c                TIM8_UP_TIM13_IRQHandler
                0x08000a6c                I2C3_ER_IRQHandler
                0x08000a6c                EXTI0_IRQHandler
                0x08000a6c                I2C2_EV_IRQHandler
                0x08000a6c                DMA1_Stream2_IRQHandler
                0x08000a6c                FPU_IRQHandler
                0x08000a6c                OTG_HS_WKUP_IRQHandler
                0x08000a6c                DMA2_Stream2_IRQHandler
                0x08000a6c                SPI1_IRQHandler
                0x08000a6c                TIM6_DAC_IRQHandler
                0x08000a6c                TIM1_BRK_TIM9_IRQHandler
                0x08000a6c                DMA2_Stream3_IRQHandler
                0x08000a6c                SAI2_IRQHandler
                0x08000a6c                USART6_IRQHandler
                0x08000a6c                USART3_IRQHandler
                0x08000a6c                UART5_IRQHandler
                0x08000a6c                DMA2_Stream0_IRQHandler
                0x08000a6c                TIM4_IRQHandler
                0x08000a6c                QUADSPI_IRQHandler
                0x08000a6c                I2C1_EV_IRQHandler
                0x08000a6c                DMA1_Stream6_IRQHandler
                0x08000a6c                DMA1_Stream1_IRQHandler
                0x08000a6c                UART4_IRQHandler
                0x08000a6c                TIM3_IRQHandler
                0x08000a6c                RCC_IRQHandler
                0x08000a6c                TIM8_BRK_TIM12_IRQHandler
                0x08000a6c                Default_Handler
                0x08000a6c                EXTI15_10_IRQHandler
                0x08000a6c                ADC_IRQHandler
                0x08000a6c                DMA1_Stream7_IRQHandler
                0x08000a6c                SPI5_IRQHandler
                0x08000a6c                TIM7_IRQHandler
                0x08000a6c                SDMMC1_IRQHandler
                0x08000a6c                TIM5_IRQHandler
                0x08000a6c                DMA2_Stream7_IRQHandler
                0x08000a6c                I2C3_EV_IRQHandler
                0x08000a6c                EXTI9_5_IRQHandler
                0x08000a6c                RTC_WKUP_IRQHandler
                0x08000a6c                SPI2_IRQHandler
                0x08000a6c                OTG_HS_EP1_IN_IRQHandler
                0x08000a6c                DMA1_Stream0_IRQHandler
                0x08000a6c                EXTI4_IRQHandler
                0x08000a6c                RNG_IRQHandler
                0x08000a6c                OTG_HS_EP1_OUT_IRQHandler
                0x08000a6c                WWDG_IRQHandler
                0x08000a6c                TIM2_IRQHandler
                0x08000a6c                OTG_FS_WKUP_IRQHandler
                0x08000a6c                TIM1_TRG_COM_TIM11_IRQHandler
                0x08000a6c                OTG_HS_IRQHandler
                0x08000a6c                EXTI1_IRQHandler
                0x08000a6c                SDMMC2_IRQHandler
                0x08000a6c                UART7_IRQHandler
                0x08000a6c                USART2_IRQHandler
                0x08000a6c                I2C2_ER_IRQHandler
                0x08000a6c                DMA2_Stream1_IRQHandler
                0x08000a6c                CAN1_SCE_IRQHandler
                0x08000a6c                FLASH_IRQHandler
                0x08000a6c                DMA2_Stream4_IRQHandler
                0x08000a6c                USART1_IRQHandler
                0x08000a6c                OTG_FS_IRQHandler
                0x08000a6c                SPI3_IRQHandler
                0x08000a6c                DMA1_Stream4_IRQHandler
                0x08000a6c                I2C1_ER_IRQHandler
                0x08000a6c                FMC_IRQHandler
                0x08000a6c                LPTIM1_IRQHandler
                0x08000a6c                DMA2_Stream6_IRQHandler
                0x08000a6c                SAI1_IRQHandler
                0x08000a6c                DMA1_Stream3_IRQHandler
 .text.HAL_Init
                0x08000a6e       0x1a ./Drivers/STM32F7xx_HAL_Driver/Src/stm32f7xx_hal.o
                0x08000a6e                HAL_Init
 .text.HAL_InitTick
                0x08000a88       0x60 ./Drivers/STM32F7xx_HAL_Driver/Src/stm32f7xx_hal.o
                0x08000a88                HAL_InitTick
 .text.HAL_IncTick
                0x08000ae8       0x28 ./Drivers/STM32F7xx_HAL_Driver/Src/stm32f7xx_hal.o
                0x08000ae8                HAL_IncTick
 .text.HAL_GetTick
                0x08000b10       0x18 ./Drivers/STM32F7xx_HAL_Driver/Src/stm32f7xx_hal.o
                0x08000b10                HAL_GetTick
 .text.HAL_CAN_Init
                0x08000b28      0x1f6 ./Drivers/STM32F7xx_HAL_Driver/Src/stm32f7xx_hal_can.o
                0x08000b28                HAL_CAN_Init
 .text.HAL_CAN_ConfigFilter
                0x08000d1e      0x194 ./Drivers/STM32F7xx_HAL_Driver/Src/stm32f7xx_hal_can.o
                0x08000d1e                HAL_CAN_ConfigFilter
 .text.HAL_CAN_Start
                0x08000eb2       0x88 ./Drivers/STM32F7xx_HAL_Driver/Src/stm32f7xx_hal_can.o
                0x08000eb2                HAL_CAN_Start
 .text.HAL_CAN_GetRxMessage
                0x08000f3a      0x244 ./Drivers/STM32F7xx_HAL_Driver/Src/stm32f7xx_hal_can.o
                0x08000f3a                HAL_CAN_GetRxMessage
 .text.HAL_CAN_ActivateNotification
                0x0800117e       0x4c ./Drivers/STM32F7xx_HAL_Driver/Src/stm32f7xx_hal_can.o
                0x0800117e                HAL_CAN_ActivateNotification
 .text.HAL_CAN_IRQHandler
                0x080011ca      0x36e ./Drivers/STM32F7xx_HAL_Driver/Src/stm32f7xx_hal_can.o
                0x080011ca                HAL_CAN_IRQHandler
 .text.HAL_CAN_TxMailbox0CompleteCallback
                0x08001538       0x14 ./Drivers/STM32F7xx_HAL_Driver/Src/stm32f7xx_hal_can.o
                0x08001538                HAL_CAN_TxMailbox0CompleteCallback
 .text.HAL_CAN_TxMailbox1CompleteCallback
                0x0800154c       0x14 ./Drivers/STM32F7xx_HAL_Driver/Src/stm32f7xx_hal_can.o
                0x0800154c                HAL_CAN_TxMailbox1CompleteCallback
 .text.HAL_CAN_TxMailbox2CompleteCallback
                0x08001560       0x14 ./Drivers/STM32F7xx_HAL_Driver/Src/stm32f7xx_hal_can.o
                0x08001560                HAL_CAN_TxMailbox2CompleteCallback
 .text.HAL_CAN_TxMailbox0AbortCallback
                0x08001574       0x14 ./Drivers/STM32F7xx_HAL_Driver/Src/stm32f7xx_hal_can.o
                0x08001574                HAL_CAN_TxMailbox0AbortCallback
 .text.HAL_CAN_TxMailbox1AbortCallback
                0x08001588       0x14 ./Drivers/STM32F7xx_HAL_Driver/Src/stm32f7xx_hal_can.o
                0x08001588                HAL_CAN_TxMailbox1AbortCallback
 .text.HAL_CAN_TxMailbox2AbortCallback
                0x0800159c       0x14 ./Drivers/STM32F7xx_HAL_Driver/Src/stm32f7xx_hal_can.o
                0x0800159c                HAL_CAN_TxMailbox2AbortCallback
 .text.HAL_CAN_RxFifo0FullCallback
                0x080015b0       0x14 ./Drivers/STM32F7xx_HAL_Driver/Src/stm32f7xx_hal_can.o
                0x080015b0                HAL_CAN_RxFifo0FullCallback
 .text.HAL_CAN_RxFifo1MsgPendingCallback
                0x080015c4       0x14 ./Drivers/STM32F7xx_HAL_Driver/Src/stm32f7xx_hal_can.o
                0x080015c4                HAL_CAN_RxFifo1MsgPendingCallback
 .text.HAL_CAN_RxFifo1FullCallback
                0x080015d8       0x14 ./Drivers/STM32F7xx_HAL_Driver/Src/stm32f7xx_hal_can.o
                0x080015d8                HAL_CAN_RxFifo1FullCallback
 .text.HAL_CAN_SleepCallback
                0x080015ec       0x14 ./Drivers/STM32F7xx_HAL_Driver/Src/stm32f7xx_hal_can.o
                0x080015ec                HAL_CAN_SleepCallback
 .text.HAL_CAN_WakeUpFromRxMsgCallback
                0x08001600       0x14 ./Drivers/STM32F7xx_HAL_Driver/Src/stm32f7xx_hal_can.o
                0x08001600                HAL_CAN_WakeUpFromRxMsgCallback
 .text.HAL_CAN_ErrorCallback
                0x08001614       0x14 ./Drivers/STM32F7xx_HAL_Driver/Src/stm32f7xx_hal_can.o
                0x08001614                HAL_CAN_ErrorCallback
 .text.__NVIC_SetPriorityGrouping
                0x08001628       0x48 ./Drivers/STM32F7xx_HAL_Driver/Src/stm32f7xx_hal_cortex.o
 .text.__NVIC_GetPriorityGrouping
                0x08001670       0x1c ./Drivers/STM32F7xx_HAL_Driver/Src/stm32f7xx_hal_cortex.o
 .text.__NVIC_EnableIRQ
                0x0800168c       0x3c ./Drivers/STM32F7xx_HAL_Driver/Src/stm32f7xx_hal_cortex.o
 .text.__NVIC_SetPriority
                0x080016c8       0x54 ./Drivers/STM32F7xx_HAL_Driver/Src/stm32f7xx_hal_cortex.o
 .text.NVIC_EncodePriority
                0x0800171c       0x66 ./Drivers/STM32F7xx_HAL_Driver/Src/stm32f7xx_hal_cortex.o
 *fill*         0x08001782        0x2 
 .text.SysTick_Config
                0x08001784       0x44 ./Drivers/STM32F7xx_HAL_Driver/Src/stm32f7xx_hal_cortex.o
 .text.HAL_NVIC_SetPriorityGrouping
                0x080017c8       0x16 ./Drivers/STM32F7xx_HAL_Driver/Src/stm32f7xx_hal_cortex.o
                0x080017c8                HAL_NVIC_SetPriorityGrouping
 .text.HAL_NVIC_SetPriority
                0x080017de       0x38 ./Drivers/STM32F7xx_HAL_Driver/Src/stm32f7xx_hal_cortex.o
                0x080017de                HAL_NVIC_SetPriority
 .text.HAL_NVIC_EnableIRQ
                0x08001816       0x1c ./Drivers/STM32F7xx_HAL_Driver/Src/stm32f7xx_hal_cortex.o
                0x08001816                HAL_NVIC_EnableIRQ
 .text.HAL_SYSTICK_Config
                0x08001832       0x18 ./Drivers/STM32F7xx_HAL_Driver/Src/stm32f7xx_hal_cortex.o
                0x08001832                HAL_SYSTICK_Config
 *fill*         0x0800184a        0x2 
 .text.HAL_GPIO_Init
                0x0800184c      0x338 ./Drivers/STM32F7xx_HAL_Driver/Src/stm32f7xx_hal_gpio.o
                0x0800184c                HAL_GPIO_Init
 .text.HAL_PWREx_EnableOverDrive
                0x08001b84       0xa0 ./Drivers/STM32F7xx_HAL_Driver/Src/stm32f7xx_hal_pwr_ex.o
                0x08001b84                HAL_PWREx_EnableOverDrive
 .text.HAL_RCC_OscConfig
                0x08001c24      0x548 ./Drivers/STM32F7xx_HAL_Driver/Src/stm32f7xx_hal_rcc.o
                0x08001c24                HAL_RCC_OscConfig
 .text.HAL_RCC_ClockConfig
                0x0800216c      0x1d8 ./Drivers/STM32F7xx_HAL_Driver/Src/stm32f7xx_hal_rcc.o
                0x0800216c                HAL_RCC_ClockConfig
 .text.HAL_RCC_EnableCSS
                0x08002344       0x20 ./Drivers/STM32F7xx_HAL_Driver/Src/stm32f7xx_hal_rcc.o
                0x08002344                HAL_RCC_EnableCSS
 .text.HAL_RCC_GetSysClockFreq
                0x08002364      0x20c ./Drivers/STM32F7xx_HAL_Driver/Src/stm32f7xx_hal_rcc.o
                0x08002364                HAL_RCC_GetSysClockFreq
 .text.HAL_RCC_NMI_IRQHandler
                0x08002570       0x28 ./Drivers/STM32F7xx_HAL_Driver/Src/stm32f7xx_hal_rcc.o
                0x08002570                HAL_RCC_NMI_IRQHandler
 .text.HAL_RCC_CSSCallback
                0x08002598        0xe ./Drivers/STM32F7xx_HAL_Driver/Src/stm32f7xx_hal_rcc.o
                0x08002598                HAL_RCC_CSSCallback
 .text.memset   0x080025a6       0x10 C:/ST/STM32CubeIDE_1.16.1/STM32CubeIDE/plugins/com.st.stm32cube.ide.mcu.externaltools.gnu-tools-for-stm32.13.3.rel1.win32_1.0.0.202411081344/tools/bin/../lib/gcc/arm-none-eabi/13.3.1/../../../../arm-none-eabi/lib/thumb/v7e-m+fp/hard\libc_nano.a(libc_a-memset.o)
                0x080025a6                memset
 *fill*         0x080025b6        0x2 
 .text.__libc_init_array
                0x080025b8       0x48 C:/ST/STM32CubeIDE_1.16.1/STM32CubeIDE/plugins/com.st.stm32cube.ide.mcu.externaltools.gnu-tools-for-stm32.13.3.rel1.win32_1.0.0.202411081344/tools/bin/../lib/gcc/arm-none-eabi/13.3.1/../../../../arm-none-eabi/lib/thumb/v7e-m+fp/hard\libc_nano.a(libc_a-init.o)
                0x080025b8                __libc_init_array
 *(.glue_7)
 .glue_7        0x08002600        0x0 linker stubs
 *(.glue_7t)
 .glue_7t       0x08002600        0x0 linker stubs
 *(.eh_frame)
 .eh_frame      0x08002600        0x0 C:/ST/STM32CubeIDE_1.16.1/STM32CubeIDE/plugins/com.st.stm32cube.ide.mcu.externaltools.gnu-tools-for-stm32.13.3.rel1.win32_1.0.0.202411081344/tools/bin/../lib/gcc/arm-none-eabi/13.3.1/thumb/v7e-m+fp/hard/crtbegin.o
 *(.init)
 .init          0x08002600        0x4 C:/ST/STM32CubeIDE_1.16.1/STM32CubeIDE/plugins/com.st.stm32cube.ide.mcu.externaltools.gnu-tools-for-stm32.13.3.rel1.win32_1.0.0.202411081344/tools/bin/../lib/gcc/arm-none-eabi/13.3.1/thumb/v7e-m+fp/hard/crti.o
                0x08002600                _init
 .init          0x08002604        0x8 C:/ST/STM32CubeIDE_1.16.1/STM32CubeIDE/plugins/com.st.stm32cube.ide.mcu.externaltools.gnu-tools-for-stm32.13.3.rel1.win32_1.0.0.202411081344/tools/bin/../lib/gcc/arm-none-eabi/13.3.1/thumb/v7e-m+fp/hard/crtn.o
 *(.fini)
 .fini          0x0800260c        0x4 C:/ST/STM32CubeIDE_1.16.1/STM32CubeIDE/plugins/com.st.stm32cube.ide.mcu.externaltools.gnu-tools-for-stm32.13.3.rel1.win32_1.0.0.202411081344/tools/bin/../lib/gcc/arm-none-eabi/13.3.1/thumb/v7e-m+fp/hard/crti.o
                0x0800260c                _fini
 .fini          0x08002610        0x8 C:/ST/STM32CubeIDE_1.16.1/STM32CubeIDE/plugins/com.st.stm32cube.ide.mcu.externaltools.gnu-tools-for-stm32.13.3.rel1.win32_1.0.0.202411081344/tools/bin/../lib/gcc/arm-none-eabi/13.3.1/thumb/v7e-m+fp/hard/crtn.o
                0x08002618                        . = ALIGN (0x4)
                0x08002618                        _etext = .

.vfp11_veneer   0x08002618        0x0
 .vfp11_veneer  0x08002618        0x0 linker stubs

.v4_bx          0x08002618        0x0
 .v4_bx         0x08002618        0x0 linker stubs

.iplt           0x08002618        0x0
 .iplt          0x08002618        0x0 C:/ST/STM32CubeIDE_1.16.1/STM32CubeIDE/plugins/com.st.stm32cube.ide.mcu.externaltools.gnu-tools-for-stm32.13.3.rel1.win32_1.0.0.202411081344/tools/bin/../lib/gcc/arm-none-eabi/13.3.1/thumb/v7e-m+fp/hard/crtbegin.o

.rodata         0x08002618       0x10
                0x08002618                        . = ALIGN (0x4)
 *(.rodata)
 *(.rodata*)
 .rodata.AHBPrescTable
                0x08002618       0x10 ./Core/Src/system_stm32f7xx.o
                0x08002618                AHBPrescTable
                0x08002628                        . = ALIGN (0x4)

.ARM.extab      0x08002628        0x0
                0x08002628                        . = ALIGN (0x4)
 *(.ARM.extab* .gnu.linkonce.armextab.*)
                0x08002628                        . = ALIGN (0x4)

.ARM            0x08002628        0x8
                0x08002628                        . = ALIGN (0x4)
                0x08002628                        __exidx_start = .
 *(.ARM.exidx*)
 .ARM.exidx     0x08002628        0x8 C:/ST/STM32CubeIDE_1.16.1/STM32CubeIDE/plugins/com.st.stm32cube.ide.mcu.externaltools.gnu-tools-for-stm32.13.3.rel1.win32_1.0.0.202411081344/tools/bin/../lib/gcc/arm-none-eabi/13.3.1/thumb/v7e-m+fp/hard\libgcc.a(_udivmoddi4.o)
                0x08002630                        __exidx_end = .
                0x08002630                        . = ALIGN (0x4)

.preinit_array  0x08002630        0x0
                0x08002630                        . = ALIGN (0x4)
                0x08002630                        PROVIDE (__preinit_array_start = .)
 *(.preinit_array*)
                0x08002630                        PROVIDE (__preinit_array_end = .)
                0x08002630                        . = ALIGN (0x4)

.init_array     0x08002630        0x4
                0x08002630                        . = ALIGN (0x4)
                0x08002630                        PROVIDE (__init_array_start = .)
 *(SORT_BY_NAME(.init_array.*))
 *(.init_array*)
 .init_array    0x08002630        0x4 C:/ST/STM32CubeIDE_1.16.1/STM32CubeIDE/plugins/com.st.stm32cube.ide.mcu.externaltools.gnu-tools-for-stm32.13.3.rel1.win32_1.0.0.202411081344/tools/bin/../lib/gcc/arm-none-eabi/13.3.1/thumb/v7e-m+fp/hard/crtbegin.o
                0x08002634                        PROVIDE (__init_array_end = .)
                0x08002634                        . = ALIGN (0x4)

.fini_array     0x08002634        0x4
                0x08002634                        . = ALIGN (0x4)
                [!provide]                        PROVIDE (__fini_array_start = .)
 *(SORT_BY_NAME(.fini_array.*))
 *(.fini_array*)
 .fini_array    0x08002634        0x4 C:/ST/STM32CubeIDE_1.16.1/STM32CubeIDE/plugins/com.st.stm32cube.ide.mcu.externaltools.gnu-tools-for-stm32.13.3.rel1.win32_1.0.0.202411081344/tools/bin/../lib/gcc/arm-none-eabi/13.3.1/thumb/v7e-m+fp/hard/crtbegin.o
                [!provide]                        PROVIDE (__fini_array_end = .)
                0x08002638                        . = ALIGN (0x4)
                0x08002638                        _sidata = LOADADDR (.data)

.rel.dyn        0x08002638        0x0
 .rel.iplt      0x08002638        0x0 C:/ST/STM32CubeIDE_1.16.1/STM32CubeIDE/plugins/com.st.stm32cube.ide.mcu.externaltools.gnu-tools-for-stm32.13.3.rel1.win32_1.0.0.202411081344/tools/bin/../lib/gcc/arm-none-eabi/13.3.1/thumb/v7e-m+fp/hard/crtbegin.o

.data           0x20000000        0xc load address 0x08002638
                0x20000000                        . = ALIGN (0x4)
                0x20000000                        _sdata = .
 *(.data)
 *(.data*)
 .data.SystemCoreClock
                0x20000000        0x4 ./Core/Src/system_stm32f7xx.o
                0x20000000                SystemCoreClock
 .data.uwTickPrio
                0x20000004        0x4 ./Drivers/STM32F7xx_HAL_Driver/Src/stm32f7xx_hal.o
                0x20000004                uwTickPrio
 .data.uwTickFreq
                0x20000008        0x1 ./Drivers/STM32F7xx_HAL_Driver/Src/stm32f7xx_hal.o
                0x20000008                uwTickFreq
 *(.RamFunc)
 *(.RamFunc*)
                0x2000000c                        . = ALIGN (0x4)
 *fill*         0x20000009        0x3 
                0x2000000c                        _edata = .

.igot.plt       0x2000000c        0x0 load address 0x08002644
 .igot.plt      0x2000000c        0x0 C:/ST/STM32CubeIDE_1.16.1/STM32CubeIDE/plugins/com.st.stm32cube.ide.mcu.externaltools.gnu-tools-for-stm32.13.3.rel1.win32_1.0.0.202411081344/tools/bin/../lib/gcc/arm-none-eabi/13.3.1/thumb/v7e-m+fp/hard/crtbegin.o
                0x2000000c                        . = ALIGN (0x4)

.bss            0x2000000c       0x80 load address 0x08002644
                0x2000000c                        _sbss = .
                0x2000000c                        __bss_start__ = _sbss
 *(.bss)
 .bss           0x2000000c       0x1c C:/ST/STM32CubeIDE_1.16.1/STM32CubeIDE/plugins/com.st.stm32cube.ide.mcu.externaltools.gnu-tools-for-stm32.13.3.rel1.win32_1.0.0.202411081344/tools/bin/../lib/gcc/arm-none-eabi/13.3.1/thumb/v7e-m+fp/hard/crtbegin.o
 *(.bss*)
 .bss.RxHeader  0x20000028       0x1c ./Core/Src/main.o
                0x20000028                RxHeader
 .bss.can_data  0x20000044        0x8 ./Core/Src/main.o
                0x20000044                can_data
 .bss.mag       0x2000004c        0xc ./Core/Src/main.o
                0x2000004c                mag
 .bss.hcan1     0x20000058       0x28 ./Core/Src/main.o
                0x20000058                hcan1
 .bss.start_time
                0x20000080        0x4 ./Core/Src/main.o
                0x20000080                start_time
 .bss.send_flag
                0x20000084        0x1 ./Core/Src/main.o
                0x20000084                send_flag
 *fill*         0x20000085        0x3 
 .bss.uwTick    0x20000088        0x4 ./Drivers/STM32F7xx_HAL_Driver/Src/stm32f7xx_hal.o
                0x20000088                uwTick
 *(COMMON)
                0x2000008c                        . = ALIGN (0x4)
                0x2000008c                        _ebss = .
                0x2000008c                        __bss_end__ = _ebss

._user_heap_stack
                0x2000008c      0x604 load address 0x08002644
                0x20000090                        . = ALIGN (0x8)
 *fill*         0x2000008c        0x4 
                [!provide]                        PROVIDE (end = .)
                0x20000090                        PROVIDE (_end = .)
                0x20000290                        . = (. + _Min_Heap_Size)
 *fill*         0x20000090      0x200 
                0x20000690                        . = (. + _Min_Stack_Size)
 *fill*         0x20000290      0x400 
                0x20000690                        . = ALIGN (0x8)

/DISCARD/
 libc.a(*)
 libm.a(*)
 libgcc.a(*)

.ARM.attributes
                0x00000000       0x30
 *(.ARM.attributes)
 .ARM.attributes
                0x00000000       0x22 C:/ST/STM32CubeIDE_1.16.1/STM32CubeIDE/plugins/com.st.stm32cube.ide.mcu.externaltools.gnu-tools-for-stm32.13.3.rel1.win32_1.0.0.202411081344/tools/bin/../lib/gcc/arm-none-eabi/13.3.1/thumb/v7e-m+fp/hard/crti.o
 .ARM.attributes
                0x00000022       0x34 C:/ST/STM32CubeIDE_1.16.1/STM32CubeIDE/plugins/com.st.stm32cube.ide.mcu.externaltools.gnu-tools-for-stm32.13.3.rel1.win32_1.0.0.202411081344/tools/bin/../lib/gcc/arm-none-eabi/13.3.1/thumb/v7e-m+fp/hard/crtbegin.o
 .ARM.attributes
                0x00000056       0x34 ./Core/Src/main.o
 .ARM.attributes
                0x0000008a       0x34 ./Core/Src/stm32f7xx_hal_msp.o
 .ARM.attributes
                0x000000be       0x34 ./Core/Src/stm32f7xx_it.o
 .ARM.attributes
                0x000000f2       0x34 ./Core/Src/system_stm32f7xx.o
 .ARM.attributes
                0x00000126       0x21 ./Core/Startup/startup_stm32f722zetx.o
 .ARM.attributes
                0x00000147       0x34 ./Drivers/STM32F7xx_HAL_Driver/Src/stm32f7xx_hal.o
 .ARM.attributes
                0x0000017b       0x34 ./Drivers/STM32F7xx_HAL_Driver/Src/stm32f7xx_hal_can.o
 .ARM.attributes
                0x000001af       0x34 ./Drivers/STM32F7xx_HAL_Driver/Src/stm32f7xx_hal_cortex.o
 .ARM.attributes
                0x000001e3       0x34 ./Drivers/STM32F7xx_HAL_Driver/Src/stm32f7xx_hal_gpio.o
 .ARM.attributes
                0x00000217       0x34 ./Drivers/STM32F7xx_HAL_Driver/Src/stm32f7xx_hal_pwr_ex.o
 .ARM.attributes
                0x0000024b       0x34 ./Drivers/STM32F7xx_HAL_Driver/Src/stm32f7xx_hal_rcc.o
 .ARM.attributes
                0x0000027f       0x34 C:/ST/STM32CubeIDE_1.16.1/STM32CubeIDE/plugins/com.st.stm32cube.ide.mcu.externaltools.gnu-tools-for-stm32.13.3.rel1.win32_1.0.0.202411081344/tools/bin/../lib/gcc/arm-none-eabi/13.3.1/../../../../arm-none-eabi/lib/thumb/v7e-m+fp/hard\libc_nano.a(libc_a-memset.o)
 .ARM.attributes
                0x000002b3       0x34 C:/ST/STM32CubeIDE_1.16.1/STM32CubeIDE/plugins/com.st.stm32cube.ide.mcu.externaltools.gnu-tools-for-stm32.13.3.rel1.win32_1.0.0.202411081344/tools/bin/../lib/gcc/arm-none-eabi/13.3.1/../../../../arm-none-eabi/lib/thumb/v7e-m+fp/hard\libc_nano.a(libc_a-init.o)
 .ARM.attributes
                0x000002e7       0x22 C:/ST/STM32CubeIDE_1.16.1/STM32CubeIDE/plugins/com.st.stm32cube.ide.mcu.externaltools.gnu-tools-for-stm32.13.3.rel1.win32_1.0.0.202411081344/tools/bin/../lib/gcc/arm-none-eabi/13.3.1/thumb/v7e-m+fp/hard\libgcc.a(_aeabi_uldivmod.o)
 .ARM.attributes
                0x00000309       0x34 C:/ST/STM32CubeIDE_1.16.1/STM32CubeIDE/plugins/com.st.stm32cube.ide.mcu.externaltools.gnu-tools-for-stm32.13.3.rel1.win32_1.0.0.202411081344/tools/bin/../lib/gcc/arm-none-eabi/13.3.1/thumb/v7e-m+fp/hard\libgcc.a(_udivmoddi4.o)
 .ARM.attributes
                0x0000033d       0x22 C:/ST/STM32CubeIDE_1.16.1/STM32CubeIDE/plugins/com.st.stm32cube.ide.mcu.externaltools.gnu-tools-for-stm32.13.3.rel1.win32_1.0.0.202411081344/tools/bin/../lib/gcc/arm-none-eabi/13.3.1/thumb/v7e-m+fp/hard\libgcc.a(_dvmd_tls.o)
 .ARM.attributes
                0x0000035f       0x22 C:/ST/STM32CubeIDE_1.16.1/STM32CubeIDE/plugins/com.st.stm32cube.ide.mcu.externaltools.gnu-tools-for-stm32.13.3.rel1.win32_1.0.0.202411081344/tools/bin/../lib/gcc/arm-none-eabi/13.3.1/thumb/v7e-m+fp/hard/crtn.o
OUTPUT(magneto_emu2.elf elf32-littlearm)
LOAD linker stubs
LOAD C:/ST/STM32CubeIDE_1.16.1/STM32CubeIDE/plugins/com.st.stm32cube.ide.mcu.externaltools.gnu-tools-for-stm32.13.3.rel1.win32_1.0.0.202411081344/tools/bin/../lib/gcc/arm-none-eabi/13.3.1/../../../../arm-none-eabi/lib/thumb/v7e-m+fp/hard\libc.a
LOAD C:/ST/STM32CubeIDE_1.16.1/STM32CubeIDE/plugins/com.st.stm32cube.ide.mcu.externaltools.gnu-tools-for-stm32.13.3.rel1.win32_1.0.0.202411081344/tools/bin/../lib/gcc/arm-none-eabi/13.3.1/../../../../arm-none-eabi/lib/thumb/v7e-m+fp/hard\libm.a
LOAD C:/ST/STM32CubeIDE_1.16.1/STM32CubeIDE/plugins/com.st.stm32cube.ide.mcu.externaltools.gnu-tools-for-stm32.13.3.rel1.win32_1.0.0.202411081344/tools/bin/../lib/gcc/arm-none-eabi/13.3.1/thumb/v7e-m+fp/hard\libgcc.a

.debug_info     0x00000000     0x656f
 .debug_info    0x00000000      0xddc ./Core/Src/main.o
 .debug_info    0x00000ddc      0xabf ./Core/Src/stm32f7xx_hal_msp.o
 .debug_info    0x0000189b      0x531 ./Core/Src/stm32f7xx_it.o
 .debug_info    0x00001dcc      0x6ed ./Core/Src/system_stm32f7xx.o
 .debug_info    0x000024b9       0x30 ./Core/Startup/startup_stm32f722zetx.o
 .debug_info    0x000024e9      0x990 ./Drivers/STM32F7xx_HAL_Driver/Src/stm32f7xx_hal.o
 .debug_info    0x00002e79      0xf10 ./Drivers/STM32F7xx_HAL_Driver/Src/stm32f7xx_hal_can.o
 .debug_info    0x00003d89      0xf36 ./Drivers/STM32F7xx_HAL_Driver/Src/stm32f7xx_hal_cortex.o
 .debug_info    0x00004cbf      0x6e7 ./Drivers/STM32F7xx_HAL_Driver/Src/stm32f7xx_hal_gpio.o
 .debug_info    0x000053a6      0x8cd ./Drivers/STM32F7xx_HAL_Driver/Src/stm32f7xx_hal_pwr_ex.o
 .debug_info    0x00005c73      0x8fc ./Drivers/STM32F7xx_HAL_Driver/Src/stm32f7xx_hal_rcc.o

.debug_abbrev   0x00000000     0x1531
 .debug_abbrev  0x00000000      0x2f2 ./Core/Src/main.o
 .debug_abbrev  0x000002f2      0x1d4 ./Core/Src/stm32f7xx_hal_msp.o
 .debug_abbrev  0x000004c6      0x18e ./Core/Src/stm32f7xx_it.o
 .debug_abbrev  0x00000654      0x13b ./Core/Src/system_stm32f7xx.o
 .debug_abbrev  0x0000078f       0x24 ./Core/Startup/startup_stm32f722zetx.o
 .debug_abbrev  0x000007b3      0x213 ./Drivers/STM32F7xx_HAL_Driver/Src/stm32f7xx_hal.o
 .debug_abbrev  0x000009c6      0x21c ./Drivers/STM32F7xx_HAL_Driver/Src/stm32f7xx_hal_can.o
 .debug_abbrev  0x00000be2      0x31e ./Drivers/STM32F7xx_HAL_Driver/Src/stm32f7xx_hal_cortex.o
 .debug_abbrev  0x00000f00      0x1d4 ./Drivers/STM32F7xx_HAL_Driver/Src/stm32f7xx_hal_gpio.o
 .debug_abbrev  0x000010d4      0x1d5 ./Drivers/STM32F7xx_HAL_Driver/Src/stm32f7xx_hal_pwr_ex.o
 .debug_abbrev  0x000012a9      0x288 ./Drivers/STM32F7xx_HAL_Driver/Src/stm32f7xx_hal_rcc.o

.debug_aranges  0x00000000      0x620
 .debug_aranges
                0x00000000       0x68 ./Core/Src/main.o
 .debug_aranges
                0x00000068       0x30 ./Core/Src/stm32f7xx_hal_msp.o
 .debug_aranges
                0x00000098       0x78 ./Core/Src/stm32f7xx_it.o
 .debug_aranges
                0x00000110       0x28 ./Core/Src/system_stm32f7xx.o
 .debug_aranges
                0x00000138       0x28 ./Core/Startup/startup_stm32f722zetx.o
 .debug_aranges
                0x00000160      0x100 ./Drivers/STM32F7xx_HAL_Driver/Src/stm32f7xx_hal.o
 .debug_aranges
                0x00000260      0x138 ./Drivers/STM32F7xx_HAL_Driver/Src/stm32f7xx_hal_can.o
 .debug_aranges
                0x00000398      0x128 ./Drivers/STM32F7xx_HAL_Driver/Src/stm32f7xx_hal_cortex.o
 .debug_aranges
                0x000004c0       0x58 ./Drivers/STM32F7xx_HAL_Driver/Src/stm32f7xx_hal_gpio.o
 .debug_aranges
                0x00000518       0x80 ./Drivers/STM32F7xx_HAL_Driver/Src/stm32f7xx_hal_pwr_ex.o
 .debug_aranges
                0x00000598       0x88 ./Drivers/STM32F7xx_HAL_Driver/Src/stm32f7xx_hal_rcc.o

.debug_rnglists
                0x00000000      0x47c
 .debug_rnglists
                0x00000000       0x4c ./Core/Src/main.o
 .debug_rnglists
                0x0000004c       0x20 ./Core/Src/stm32f7xx_hal_msp.o
 .debug_rnglists
                0x0000006c       0x55 ./Core/Src/stm32f7xx_it.o
 .debug_rnglists
                0x000000c1       0x1a ./Core/Src/system_stm32f7xx.o
 .debug_rnglists
                0x000000db       0x19 ./Core/Startup/startup_stm32f722zetx.o
 .debug_rnglists
                0x000000f4       0xbb ./Drivers/STM32F7xx_HAL_Driver/Src/stm32f7xx_hal.o
 .debug_rnglists
                0x000001af       0xee ./Drivers/STM32F7xx_HAL_Driver/Src/stm32f7xx_hal_can.o
 .debug_rnglists
                0x0000029d       0xda ./Drivers/STM32F7xx_HAL_Driver/Src/stm32f7xx_hal_cortex.o
 .debug_rnglists
                0x00000377       0x3f ./Drivers/STM32F7xx_HAL_Driver/Src/stm32f7xx_hal_gpio.o
 .debug_rnglists
                0x000003b6       0x5f ./Drivers/STM32F7xx_HAL_Driver/Src/stm32f7xx_hal_pwr_ex.o
 .debug_rnglists
                0x00000415       0x67 ./Drivers/STM32F7xx_HAL_Driver/Src/stm32f7xx_hal_rcc.o

.debug_macro    0x00000000    0x20e13
 .debug_macro   0x00000000      0x29c ./Core/Src/main.o
 .debug_macro   0x0000029c      0xad8 ./Core/Src/main.o
 .debug_macro   0x00000d74      0x28d ./Core/Src/main.o
 .debug_macro   0x00001001       0x2e ./Core/Src/main.o
 .debug_macro   0x0000102f       0x3b ./Core/Src/main.o
 .debug_macro   0x0000106a       0x22 ./Core/Src/main.o
 .debug_macro   0x0000108c       0x8e ./Core/Src/main.o
 .debug_macro   0x0000111a       0x51 ./Core/Src/main.o
 .debug_macro   0x0000116b      0x103 ./Core/Src/main.o
 .debug_macro   0x0000126e       0x6a ./Core/Src/main.o
 .debug_macro   0x000012d8      0x1df ./Core/Src/main.o
 .debug_macro   0x000014b7       0x1c ./Core/Src/main.o
 .debug_macro   0x000014d3       0x22 ./Core/Src/main.o
 .debug_macro   0x000014f5       0xd9 ./Core/Src/main.o
 .debug_macro   0x000015ce     0x12cd ./Core/Src/main.o
 .debug_macro   0x0000289b      0x11f ./Core/Src/main.o
 .debug_macro   0x000029ba       0x19 ./Core/Src/main.o
 .debug_macro   0x000029d3    0x15c67 ./Core/Src/main.o
 .debug_macro   0x0001863a       0x6d ./Core/Src/main.o
 .debug_macro   0x000186a7     0x375e ./Core/Src/main.o
 .debug_macro   0x0001be05      0x190 ./Core/Src/main.o
 .debug_macro   0x0001bf95       0x63 ./Core/Src/main.o
 .debug_macro   0x0001bff8     0x155e ./Core/Src/main.o
 .debug_macro   0x0001d556      0x6c4 ./Core/Src/main.o
 .debug_macro   0x0001dc1a      0x17e ./Core/Src/main.o
 .debug_macro   0x0001dd98      0x115 ./Core/Src/main.o
 .debug_macro   0x0001dead      0x1d8 ./Core/Src/main.o
 .debug_macro   0x0001e085       0xa5 ./Core/Src/main.o
 .debug_macro   0x0001e12a      0x24f ./Core/Src/main.o
 .debug_macro   0x0001e379       0x71 ./Core/Src/main.o
 .debug_macro   0x0001e3ea       0x58 ./Core/Src/main.o
 .debug_macro   0x0001e442      0x236 ./Core/Src/main.o
 .debug_macro   0x0001e678      0x408 ./Core/Src/main.o
 .debug_macro   0x0001ea80      0x154 ./Core/Src/main.o
 .debug_macro   0x0001ebd4      0x2c3 ./Core/Src/main.o
 .debug_macro   0x0001ee97       0x12 ./Core/Src/main.o
 .debug_macro   0x0001eea9      0x22c ./Core/Src/main.o
 .debug_macro   0x0001f0d5       0x61 ./Core/Src/main.o
 .debug_macro   0x0001f136       0xa5 ./Core/Src/main.o
 .debug_macro   0x0001f1db      0x12e ./Core/Src/main.o
 .debug_macro   0x0001f309      0x108 ./Core/Src/main.o
 .debug_macro   0x0001f411       0x35 ./Core/Src/main.o
 .debug_macro   0x0001f446      0x14d ./Core/Src/main.o
 .debug_macro   0x0001f593       0x61 ./Core/Src/main.o
 .debug_macro   0x0001f5f4       0x2a ./Core/Src/main.o
 .debug_macro   0x0001f61e       0x43 ./Core/Src/main.o
 .debug_macro   0x0001f661       0x34 ./Core/Src/main.o
 .debug_macro   0x0001f695      0x370 ./Core/Src/main.o
 .debug_macro   0x0001fa05       0x16 ./Core/Src/main.o
 .debug_macro   0x0001fa1b       0x4a ./Core/Src/main.o
 .debug_macro   0x0001fa65       0x34 ./Core/Src/main.o
 .debug_macro   0x0001fa99       0x10 ./Core/Src/main.o
 .debug_macro   0x0001faa9       0x58 ./Core/Src/main.o
 .debug_macro   0x0001fb01       0x8e ./Core/Src/main.o
 .debug_macro   0x0001fb8f       0x1c ./Core/Src/main.o
 .debug_macro   0x0001fbab      0x185 ./Core/Src/main.o
 .debug_macro   0x0001fd30       0x10 ./Core/Src/main.o
 .debug_macro   0x0001fd40       0x3c ./Core/Src/main.o
 .debug_macro   0x0001fd7c       0x20 ./Core/Src/main.o
 .debug_macro   0x0001fd9c      0x1ce ./Core/Src/stm32f7xx_hal_msp.o
 .debug_macro   0x0001ff6a      0x1d8 ./Core/Src/stm32f7xx_it.o
 .debug_macro   0x00020142      0x1c4 ./Core/Src/system_stm32f7xx.o
 .debug_macro   0x00020306      0x1e8 ./Drivers/STM32F7xx_HAL_Driver/Src/stm32f7xx_hal.o
 .debug_macro   0x000204ee      0x1d3 ./Drivers/STM32F7xx_HAL_Driver/Src/stm32f7xx_hal_can.o
 .debug_macro   0x000206c1      0x1c4 ./Drivers/STM32F7xx_HAL_Driver/Src/stm32f7xx_hal_cortex.o
 .debug_macro   0x00020885      0x1ca ./Drivers/STM32F7xx_HAL_Driver/Src/stm32f7xx_hal_gpio.o
 .debug_macro   0x00020a4f      0x1dc ./Drivers/STM32F7xx_HAL_Driver/Src/stm32f7xx_hal_pwr_ex.o
 .debug_macro   0x00020c2b      0x1e8 ./Drivers/STM32F7xx_HAL_Driver/Src/stm32f7xx_hal_rcc.o

.debug_line     0x00000000     0x7067
 .debug_line    0x00000000      0xb02 ./Core/Src/main.o
 .debug_line    0x00000b02      0x77a ./Core/Src/stm32f7xx_hal_msp.o
 .debug_line    0x0000127c      0x81e ./Core/Src/stm32f7xx_it.o
 .debug_line    0x00001a9a      0x798 ./Core/Src/system_stm32f7xx.o
 .debug_line    0x00002232       0x7a ./Core/Startup/startup_stm32f722zetx.o
 .debug_line    0x000022ac      0xa4b ./Drivers/STM32F7xx_HAL_Driver/Src/stm32f7xx_hal.o
 .debug_line    0x00002cf7     0x11cd ./Drivers/STM32F7xx_HAL_Driver/Src/stm32f7xx_hal_can.o
 .debug_line    0x00003ec4      0xccb ./Drivers/STM32F7xx_HAL_Driver/Src/stm32f7xx_hal_cortex.o
 .debug_line    0x00004b8f      0xb7d ./Drivers/STM32F7xx_HAL_Driver/Src/stm32f7xx_hal_gpio.o
 .debug_line    0x0000570c      0xa1b ./Drivers/STM32F7xx_HAL_Driver/Src/stm32f7xx_hal_pwr_ex.o
 .debug_line    0x00006127      0xf40 ./Drivers/STM32F7xx_HAL_Driver/Src/stm32f7xx_hal_rcc.o

.debug_str      0x00000000    0xcdfb5
 .debug_str     0x00000000    0xcdfb5 ./Core/Src/main.o
                              0xcccbf (size before relaxing)
 .debug_str     0x000cdfb5    0xc9c3d ./Core/Src/stm32f7xx_hal_msp.o
 .debug_str     0x000cdfb5    0xc9637 ./Core/Src/stm32f7xx_it.o
 .debug_str     0x000cdfb5    0xc9542 ./Core/Src/system_stm32f7xx.o
 .debug_str     0x000cdfb5       0x81 ./Core/Startup/startup_stm32f722zetx.o
 .debug_str     0x000cdfb5    0xc9e19 ./Drivers/STM32F7xx_HAL_Driver/Src/stm32f7xx_hal.o
 .debug_str     0x000cdfb5    0xc9b50 ./Drivers/STM32F7xx_HAL_Driver/Src/stm32f7xx_hal_can.o
 .debug_str     0x000cdfb5    0xc9e36 ./Drivers/STM32F7xx_HAL_Driver/Src/stm32f7xx_hal_cortex.o
 .debug_str     0x000cdfb5    0xc9600 ./Drivers/STM32F7xx_HAL_Driver/Src/stm32f7xx_hal_gpio.o
 .debug_str     0x000cdfb5    0xc97b1 ./Drivers/STM32F7xx_HAL_Driver/Src/stm32f7xx_hal_pwr_ex.o
 .debug_str     0x000cdfb5    0xc98ab ./Drivers/STM32F7xx_HAL_Driver/Src/stm32f7xx_hal_rcc.o

.comment        0x00000000       0x43
 .comment       0x00000000       0x43 ./Core/Src/main.o
                                 0x44 (size before relaxing)
 .comment       0x00000043       0x44 ./Core/Src/stm32f7xx_hal_msp.o
 .comment       0x00000043       0x44 ./Core/Src/stm32f7xx_it.o
 .comment       0x00000043       0x44 ./Core/Src/system_stm32f7xx.o
 .comment       0x00000043       0x44 ./Drivers/STM32F7xx_HAL_Driver/Src/stm32f7xx_hal.o
 .comment       0x00000043       0x44 ./Drivers/STM32F7xx_HAL_Driver/Src/stm32f7xx_hal_can.o
 .comment       0x00000043       0x44 ./Drivers/STM32F7xx_HAL_Driver/Src/stm32f7xx_hal_cortex.o
 .comment       0x00000043       0x44 ./Drivers/STM32F7xx_HAL_Driver/Src/stm32f7xx_hal_gpio.o
 .comment       0x00000043       0x44 ./Drivers/STM32F7xx_HAL_Driver/Src/stm32f7xx_hal_pwr_ex.o
 .comment       0x00000043       0x44 ./Drivers/STM32F7xx_HAL_Driver/Src/stm32f7xx_hal_rcc.o

.debug_frame    0x00000000     0x1798
 .debug_frame   0x00000000      0x170 ./Core/Src/main.o
 .debug_frame   0x00000170       0x80 ./Core/Src/stm32f7xx_hal_msp.o
 .debug_frame   0x000001f0      0x15c ./Core/Src/stm32f7xx_it.o
 .debug_frame   0x0000034c       0x58 ./Core/Src/system_stm32f7xx.o
 .debug_frame   0x000003a4      0x3b4 ./Drivers/STM32F7xx_HAL_Driver/Src/stm32f7xx_hal.o
 .debug_frame   0x00000758      0x5a0 ./Drivers/STM32F7xx_HAL_Driver/Src/stm32f7xx_hal_can.o
 .debug_frame   0x00000cf8      0x4e8 ./Drivers/STM32F7xx_HAL_Driver/Src/stm32f7xx_hal_cortex.o
 .debug_frame   0x000011e0      0x14c ./Drivers/STM32F7xx_HAL_Driver/Src/stm32f7xx_hal_gpio.o
 .debug_frame   0x0000132c      0x1c8 ./Drivers/STM32F7xx_HAL_Driver/Src/stm32f7xx_hal_pwr_ex.o
 .debug_frame   0x000014f4      0x1f8 ./Drivers/STM32F7xx_HAL_Driver/Src/stm32f7xx_hal_rcc.o
 .debug_frame   0x000016ec       0x20 C:/ST/STM32CubeIDE_1.16.1/STM32CubeIDE/plugins/com.st.stm32cube.ide.mcu.externaltools.gnu-tools-for-stm32.13.3.rel1.win32_1.0.0.202411081344/tools/bin/../lib/gcc/arm-none-eabi/13.3.1/../../../../arm-none-eabi/lib/thumb/v7e-m+fp/hard\libc_nano.a(libc_a-memset.o)
 .debug_frame   0x0000170c       0x2c C:/ST/STM32CubeIDE_1.16.1/STM32CubeIDE/plugins/com.st.stm32cube.ide.mcu.externaltools.gnu-tools-for-stm32.13.3.rel1.win32_1.0.0.202411081344/tools/bin/../lib/gcc/arm-none-eabi/13.3.1/../../../../arm-none-eabi/lib/thumb/v7e-m+fp/hard\libc_nano.a(libc_a-init.o)
 .debug_frame   0x00001738       0x2c C:/ST/STM32CubeIDE_1.16.1/STM32CubeIDE/plugins/com.st.stm32cube.ide.mcu.externaltools.gnu-tools-for-stm32.13.3.rel1.win32_1.0.0.202411081344/tools/bin/../lib/gcc/arm-none-eabi/13.3.1/thumb/v7e-m+fp/hard\libgcc.a(_aeabi_uldivmod.o)
 .debug_frame   0x00001764       0x34 C:/ST/STM32CubeIDE_1.16.1/STM32CubeIDE/plugins/com.st.stm32cube.ide.mcu.externaltools.gnu-tools-for-stm32.13.3.rel1.win32_1.0.0.202411081344/tools/bin/../lib/gcc/arm-none-eabi/13.3.1/thumb/v7e-m+fp/hard\libgcc.a(_udivmoddi4.o)

.debug_line_str
                0x00000000       0x65
 .debug_line_str
                0x00000000       0x65 ./Core/Startup/startup_stm32f722zetx.o
