../Drivers/CMSIS/Include/core_cm7.h:2229:22:SCB_EnableICache	4	static,ignoring_inline_asm
../Drivers/CMSIS/Include/core_cm7.h:2281:22:SCB_EnableDCache	24	static,ignoring_inline_asm
../Core/Src/main.c:75:5:main	8	static
../Core/Src/main.c:144:6:SystemClock_Config	88	static
../Core/Src/main.c:194:5:__io_putchar	16	static
../Core/Src/main.c:208:6:MPU_Config	24	static
../Core/Src/main.c:266:6:HAL_TIM_PeriodElapsedCallback	16	static
../Core/Src/main.c:285:6:Error_Handler	4	static,ignoring_inline_asm
