../Core/Src/main.c:108:5:main	16	static
../Core/Src/main.c:179:6:SystemClock_Config	88	static
../Core/Src/main.c:236:13:MX_CAN1_Init	8	static
../Core/Src/main.c:273:13:MX_GPIO_Init	16	static
../Core/Src/main.c:289:6:HAL_CAN_RxFifo0MsgPendingCallback	16	static
../Core/Src/main.c:318:6:can_filter_config	56	static
../Core/Src/main.c:375:6:reverse_bytes	24	static
../Core/Src/main.c:389:10:encode_id	24	static
../Core/Src/main.c:400:6:decode_id	16	static
../Core/Src/main.c:416:6:Error_Handler	4	static,ignoring_inline_asm
