2026-01-14 08:14:02,220 [INFO] Activator:176 - 


2026-01-14 08:14:02,230 [INFO] Activator:177 - !SESSION log4j initialized
2026-01-14 08:14:30,690 [INFO] LogOutputStream:77 - [STDOUT_REDIRECT] 
2026-01-14 08:14:32,617 [INFO] ApplicationProperties:184 - Using Application install path: C:\ST\STM32CubeIDE_1.16.1\STM32CubeIDE\plugins\com.st.stm32cube.common.mx_6.15.0.202507011659
2026-01-14 08:14:32,643 [INFO] DbMcusXml:78 - Set database path to: C:\ST\STM32CubeIDE_1.16.1\STM32CubeIDE\plugins\com.st.stm32cube.common.mx_6.15.0.202507011659\\db\/mcu/
2026-01-14 08:14:32,644 [INFO] ApiDb:274 - Set plugin database path to: C:\ST\STM32CubeIDE_1.16.1\STM32CubeIDE\plugins\com.st.stm32cube.common.mx_6.15.0.202507011659\\db\/plugins/boardmanager/
2026-01-14 08:14:32,644 [WARN] ApiDb:259 - Overriding images path with different value:  => C:\ST\STM32CubeIDE_1.16.1\STM32CubeIDE\plugins\com.st.stm32cube.common.mx_6.15.0.202507011659\\db\/plugins/mcufinder/images/
2026-01-14 08:14:32,662 [INFO] ApiDb:250 - Set database path to: C:\Users\Chinnapop\.stmcufinder\plugins\mcufinder//mcu/
2026-01-14 08:14:32,664 [INFO] DbMcusAds:125 - Set database path to: C:\Users\Chinnapop\.stmcufinder\plugins\mcufinder//mcu/
2026-01-14 08:14:32,668 [INFO] CrossReferenceDbSqlite:203 - Set database path to: C:\Users\Chinnapop\.stmcufinder\plugins\mcufinder//mcu/cs/
2026-01-14 08:14:32,846 [INFO] RulesReader:64 - Compatibility file has been processed (317 Rules)
2026-01-14 08:14:32,954 [INFO] DbMcusXml:78 - Set database path to: C:\ST\STM32CubeIDE_1.16.1\STM32CubeIDE\plugins\com.st.stm32cube.common.mx_6.15.0.202507011659\\db\/mcu/
2026-01-14 08:14:32,954 [INFO] ApiDb:274 - Set plugin database path to: C:\ST\STM32CubeIDE_1.16.1\STM32CubeIDE\plugins\com.st.stm32cube.common.mx_6.15.0.202507011659\\db\/plugins/boardmanager/
2026-01-14 08:14:32,955 [INFO] ApiDb:261 - Set plugin images path to: C:\ST\STM32CubeIDE_1.16.1\STM32CubeIDE\plugins\com.st.stm32cube.common.mx_6.15.0.202507011659\\db\/plugins/mcufinder/images/
2026-01-14 08:14:32,955 [WARN] DbFile:41 - Overriding database path with different value: C:\Users\Chinnapop\.stmcufinder\plugins\mcufinder/ => C:\Users\Chinnapop\.stmcufinder\plugins\mcufinder
2026-01-14 08:14:32,955 [INFO] ApiDb:250 - Set database path to: C:\Users\Chinnapop\.stmcufinder\plugins\mcufinder//mcu/
2026-01-14 08:14:32,956 [WARN] DbFile:41 - Overriding database path with different value: C:\Users\Chinnapop\.stmcufinder\plugins\mcufinder/ => C:\Users\Chinnapop\.stmcufinder\plugins\mcufinder
2026-01-14 08:14:32,956 [INFO] DbMcusAds:125 - Set database path to: C:\Users\Chinnapop\.stmcufinder\plugins\mcufinder//mcu/
2026-01-14 08:14:32,956 [WARN] DbFile:41 - Overriding database path with different value: C:\Users\Chinnapop\.stmcufinder\plugins\mcufinder/ => C:\Users\Chinnapop\.stmcufinder\plugins\mcufinder
2026-01-14 08:14:32,956 [WARN] DbFile:41 - Overriding database path with different value: C:\Users\Chinnapop\.stmcufinder\plugins\mcufinder/ => C:\Users\Chinnapop\.stmcufinder\plugins\mcufinder
2026-01-14 08:14:32,956 [INFO] CrossReferenceDbSqlite:203 - Set database path to: C:\Users\Chinnapop\.stmcufinder\plugins\mcufinder//mcu/cs/
2026-01-14 08:14:33,070 [INFO] MainPanel:274 - HeapMemory: 268435456
2026-01-14 08:14:33,241 [INFO] DbMcusXml:78 - Set database path to: C:\ST\STM32CubeIDE_1.16.1\STM32CubeIDE\plugins\com.st.stm32cube.common.mx_6.15.0.202507011659\\db\/mcu/
2026-01-14 08:14:33,241 [INFO] ApiDb:274 - Set plugin database path to: C:\ST\STM32CubeIDE_1.16.1\STM32CubeIDE\plugins\com.st.stm32cube.common.mx_6.15.0.202507011659\\db\/plugins/boardmanager/
2026-01-14 08:14:33,241 [INFO] ApiDb:261 - Set plugin images path to: C:\ST\STM32CubeIDE_1.16.1\STM32CubeIDE\plugins\com.st.stm32cube.common.mx_6.15.0.202507011659\\db\/plugins/mcufinder/images/
2026-01-14 08:14:33,242 [WARN] DbFile:41 - Overriding database path with different value: C:\Users\Chinnapop\.stmcufinder\plugins\mcufinder/ => C:\Users\Chinnapop\.stmcufinder\plugins\mcufinder
2026-01-14 08:14:33,242 [INFO] ApiDb:250 - Set database path to: C:\Users\Chinnapop\.stmcufinder\plugins\mcufinder//mcu/
2026-01-14 08:14:33,242 [WARN] DbFile:41 - Overriding database path with different value: C:\Users\Chinnapop\.stmcufinder\plugins\mcufinder/ => C:\Users\Chinnapop\.stmcufinder\plugins\mcufinder
2026-01-14 08:14:33,242 [INFO] DbMcusAds:125 - Set database path to: C:\Users\Chinnapop\.stmcufinder\plugins\mcufinder//mcu/
2026-01-14 08:14:33,242 [WARN] DbFile:41 - Overriding database path with different value: C:\Users\Chinnapop\.stmcufinder\plugins\mcufinder/ => C:\Users\Chinnapop\.stmcufinder\plugins\mcufinder
2026-01-14 08:14:33,242 [WARN] DbFile:41 - Overriding database path with different value: C:\Users\Chinnapop\.stmcufinder\plugins\mcufinder/ => C:\Users\Chinnapop\.stmcufinder\plugins\mcufinder
2026-01-14 08:14:33,242 [INFO] CrossReferenceDbSqlite:203 - Set database path to: C:\Users\Chinnapop\.stmcufinder\plugins\mcufinder//mcu/cs/
2026-01-14 08:14:33,259 [INFO] ApplicationProperties:184 - Using Application install path: C:\ST\STM32CubeIDE_1.16.1\STM32CubeIDE\plugins\com.st.stm32cube.common.mx_6.15.0.202507011659
2026-01-14 08:14:33,261 [INFO] PluginManage:196 - Search for loadable plugins [exclusion list=, ]
2026-01-14 08:14:33,262 [INFO] PluginManage:310 - Check plugin analytics
2026-01-14 08:14:33,429 [INFO] AnalyticsPlugin:253 - Accepted Software Licenses: 
2026-01-14 08:14:33,429 [INFO] AnalyticsPlugin:255 - Accepted CMSIS Pack Licenses: 
2026-01-14 08:14:33,429 [INFO] AnalyticsPlugin:257 - Accepted Firmware Licenses: FW.F7.1.17.0
2026-01-14 08:14:33,431 [INFO] PluginManage:359 - Loaded plugin analytics (category:tool,tabindex:-1)
2026-01-14 08:14:33,432 [INFO] PluginManage:310 - Check plugin cadmodel
2026-01-14 08:14:33,450 [INFO] CADModel:105 - Init CAD model plugin
2026-01-14 08:14:33,450 [INFO] PluginManage:359 - Loaded plugin cadmodel (category:power,tabindex:5)
2026-01-14 08:14:33,451 [INFO] PluginManage:310 - Check plugin clock
2026-01-14 08:14:33,473 [INFO] PluginManage:359 - Loaded plugin clock (category:base,tabindex:2)
2026-01-14 08:14:33,473 [INFO] PluginManage:310 - Check plugin ddr
2026-01-14 08:14:33,476 [INFO] PluginManage:359 - Loaded plugin ddr (category:tool,tabindex:6)
2026-01-14 08:14:33,476 [INFO] PluginManage:310 - Check plugin filemanager
2026-01-14 08:14:33,670 [INFO] PluginManage:359 - Loaded plugin filemanager (category:base,tabindex:10)
2026-01-14 08:14:33,670 [INFO] PluginManage:310 - Check plugin ipmanager
2026-01-14 08:14:33,678 [INFO] PluginManage:359 - Loaded plugin ipmanager (category:base,tabindex:5)
2026-01-14 08:14:33,679 [INFO] PluginManage:310 - Check plugin lpbam
2026-01-14 08:14:33,702 [INFO] PluginManage:359 - Loaded plugin lpbam (category:base,tabindex:0)
2026-01-14 08:14:33,703 [INFO] PluginManage:310 - Check plugin memorymap
2026-01-14 08:14:33,733 [INFO] PluginManage:359 - Loaded plugin memorymap (category:base,tabindex:4)
2026-01-14 08:14:33,734 [INFO] PluginManage:310 - Check plugin pinoutandconfiguration
2026-01-14 08:14:33,755 [INFO] PluginManage:359 - Loaded plugin pinoutandconfiguration (category:base,tabindex:1)
2026-01-14 08:14:33,756 [INFO] PluginManage:310 - Check plugin pinoutconfig
2026-01-14 08:14:33,854 [WARN] SupportedApi:132 - Cannot load RTOS API schema: s4s-elt-must-match.1: The content of 'definitions' must match (annotation?, (simpleType | complexType)?, (unique | key | keyref)*)). A problem was found starting at: attribute.
2026-01-14 08:14:34,042 [INFO] PluginManage:359 - Loaded plugin pinoutconfig (category:base,tabindex:0)
2026-01-14 08:14:34,042 [INFO] PluginManage:310 - Check plugin power
2026-01-14 08:14:34,066 [INFO] PluginManage:359 - Loaded plugin power (category:power,tabindex:4)
2026-01-14 08:14:34,066 [INFO] PluginManage:310 - Check plugin projectmanager
2026-01-14 08:14:34,095 [INFO] PluginManage:359 - Loaded plugin projectmanager (category:projectmanager,tabindex:4)
2026-01-14 08:14:34,095 [INFO] PluginManage:310 - Check plugin rif
2026-01-14 08:14:34,120 [INFO] PluginManage:359 - Loaded plugin rif (category:base,tabindex:3)
2026-01-14 08:14:34,120 [INFO] PluginManage:310 - Check plugin thirdparty
2026-01-14 08:14:34,530 [INFO] PluginManage:359 - Loaded plugin thirdparty (category:base,tabindex:-1)
2026-01-14 08:14:34,530 [INFO] PluginManage:310 - Check plugin tools
2026-01-14 08:14:34,530 [WARN] IntegrityCheckThread:84 - waiting for thirdparty lock release [integrity check]
2026-01-14 08:14:34,531 [INFO] IntegrityCheckThread:86 - entering critical section [integrity check]
2026-01-14 08:14:34,531 [INFO] ThirdPartyUpdaterWithRetryManager:70 - Updater plugin not ready yet. [1/15]
2026-01-14 08:14:34,589 [INFO] PluginManage:359 - Loaded plugin tools (category:base,tabindex:7)
2026-01-14 08:14:34,590 [INFO] PluginManage:310 - Check plugin tutovideos
2026-01-14 08:14:34,886 [INFO] PluginManage:359 - Loaded plugin tutovideos (category:base,tabindex:-1)
2026-01-14 08:14:34,886 [INFO] PluginManage:310 - Check plugin updater
2026-01-14 08:14:34,908 [INFO] PluginManage:359 - Loaded plugin updater (category:base,tabindex:12)
2026-01-14 08:14:34,908 [INFO] PluginManage:310 - Check plugin userauth
2026-01-14 08:14:34,913 [INFO] UserAuth:118 - Init User Auth plugin
2026-01-14 08:14:34,913 [INFO] PluginManage:359 - Loaded plugin userauth (category:base,tabindex:14)
2026-01-14 08:14:34,914 [INFO] PluginManage:283 - PluginManage : Loaded plugins [18]
2026-01-14 08:14:35,125 [INFO] PinOutPanel:1589 - setPackage(No Configuration,No Configuration)
2026-01-14 08:14:35,251 [INFO] CADModel:165 - CPN selected for project level
2026-01-14 08:14:35,251 [INFO] CADModel:114 - Register for checkConnection events
2026-01-14 08:14:35,294 [INFO] IPUIPlugin:80 - create IPUIPlugin
2026-01-14 08:14:35,294 [INFO] PluginManager:220 - loadIPPluginJar : add adc
2026-01-14 08:14:35,341 [INFO] IPUIPlugin:80 - create IPUIPlugin
2026-01-14 08:14:35,341 [INFO] PluginManager:220 - loadIPPluginJar : add aes
2026-01-14 08:14:35,390 [INFO] IPUIPlugin:80 - create IPUIPlugin
2026-01-14 08:14:35,391 [INFO] PluginManager:220 - loadIPPluginJar : add can
2026-01-14 08:14:35,433 [INFO] IPUIPlugin:80 - create IPUIPlugin
2026-01-14 08:14:35,434 [INFO] PluginManager:220 - loadIPPluginJar : add comp
2026-01-14 08:14:35,474 [INFO] IPUIPlugin:80 - create IPUIPlugin
2026-01-14 08:14:35,474 [INFO] PluginManager:220 - loadIPPluginJar : add cryp
2026-01-14 08:14:35,491 [INFO] IPUIPlugin:80 - create IPUIPlugin
2026-01-14 08:14:35,491 [INFO] PluginManager:220 - loadIPPluginJar : add ddr_ctrl_phy
2026-01-14 08:14:35,531 [INFO] IPUIPlugin:80 - create IPUIPlugin
2026-01-14 08:14:35,531 [INFO] PluginManager:220 - loadIPPluginJar : add dfsdm
2026-01-14 08:14:35,550 [INFO] IPUIPlugin:80 - create IPUIPlugin
2026-01-14 08:14:35,551 [INFO] PluginManager:220 - loadIPPluginJar : add dma
2026-01-14 08:14:35,612 [INFO] IPUIPlugin:80 - create IPUIPlugin
2026-01-14 08:14:35,612 [INFO] PluginManager:220 - loadIPPluginJar : add dma3
2026-01-14 08:14:35,672 [INFO] IPUIPlugin:80 - create IPUIPlugin
2026-01-14 08:14:35,672 [INFO] PluginManager:220 - loadIPPluginJar : add extmemmanager
2026-01-14 08:14:35,700 [INFO] IPUIPlugin:80 - create IPUIPlugin
2026-01-14 08:14:35,700 [INFO] PluginManager:220 - loadIPPluginJar : add fatfs
2026-01-14 08:14:35,765 [INFO] IPUIPlugin:80 - create IPUIPlugin
2026-01-14 08:14:35,765 [INFO] PluginManager:220 - loadIPPluginJar : add fmc
2026-01-14 08:14:35,793 [INFO] IPUIPlugin:80 - create IPUIPlugin
2026-01-14 08:14:35,793 [INFO] PluginManager:220 - loadIPPluginJar : add freertos
2026-01-14 08:14:35,835 [INFO] IPUIPlugin:80 - create IPUIPlugin
2026-01-14 08:14:35,835 [INFO] PluginManager:220 - loadIPPluginJar : add genericplugin
2026-01-14 08:14:35,949 [INFO] IPUIPlugin:80 - create IPUIPlugin
2026-01-14 08:14:35,949 [INFO] PluginManager:220 - loadIPPluginJar : add gfxmmu
2026-01-14 08:14:36,117 [INFO] IPUIPlugin:80 - create IPUIPlugin
2026-01-14 08:14:36,117 [INFO] PluginManager:220 - loadIPPluginJar : add gic
2026-01-14 08:14:36,134 [INFO] IPUIPlugin:80 - create IPUIPlugin
2026-01-14 08:14:36,134 [INFO] PluginManager:220 - loadIPPluginJar : add gpio
2026-01-14 08:14:36,253 [INFO] IPUIPlugin:80 - create IPUIPlugin
2026-01-14 08:14:36,254 [INFO] PluginManager:220 - loadIPPluginJar : add gtzc
2026-01-14 08:14:36,305 [INFO] IPUIPlugin:80 - create IPUIPlugin
2026-01-14 08:14:36,305 [INFO] PluginManager:220 - loadIPPluginJar : add hash
2026-01-14 08:14:36,371 [INFO] IPUIPlugin:80 - create IPUIPlugin
2026-01-14 08:14:36,371 [INFO] PluginManager:220 - loadIPPluginJar : add i2c
2026-01-14 08:14:36,429 [INFO] IPUIPlugin:80 - create IPUIPlugin
2026-01-14 08:14:36,429 [INFO] PluginManager:220 - loadIPPluginJar : add i2s
2026-01-14 08:14:36,481 [INFO] IPUIPlugin:80 - create IPUIPlugin
2026-01-14 08:14:36,481 [INFO] PluginManager:220 - loadIPPluginJar : add i3c
2026-01-14 08:14:36,598 [INFO] IPUIPlugin:80 - create IPUIPlugin
2026-01-14 08:14:36,599 [INFO] PluginManager:220 - loadIPPluginJar : add ipddr
2026-01-14 08:14:36,715 [INFO] IPUIPlugin:80 - create IPUIPlugin
2026-01-14 08:14:36,716 [INFO] PluginManager:220 - loadIPPluginJar : add linkedlist
2026-01-14 08:14:36,766 [INFO] IPUIPlugin:80 - create IPUIPlugin
2026-01-14 08:14:36,766 [INFO] PluginManager:220 - loadIPPluginJar : add lorawan
2026-01-14 08:14:36,819 [INFO] IPUIPlugin:80 - create IPUIPlugin
2026-01-14 08:14:36,819 [INFO] PluginManager:220 - loadIPPluginJar : add ltdc
2026-01-14 08:14:36,840 [INFO] IPUIPlugin:80 - create IPUIPlugin
2026-01-14 08:14:36,841 [INFO] PluginManager:220 - loadIPPluginJar : add mdma
2026-01-14 08:14:36,859 [INFO] IPUIPlugin:80 - create IPUIPlugin
2026-01-14 08:14:36,859 [INFO] PluginManager:220 - loadIPPluginJar : add nvic
2026-01-14 08:14:36,910 [INFO] IPUIPlugin:80 - create IPUIPlugin
2026-01-14 08:14:36,910 [INFO] PluginManager:220 - loadIPPluginJar : add opamp
2026-01-14 08:14:36,984 [INFO] IPUIPlugin:80 - create IPUIPlugin
2026-01-14 08:14:36,984 [INFO] PluginManager:220 - loadIPPluginJar : add openamp
2026-01-14 08:14:37,041 [INFO] IPUIPlugin:80 - create IPUIPlugin
2026-01-14 08:14:37,042 [INFO] PluginManager:220 - loadIPPluginJar : add pdm2pcm
2026-01-14 08:14:37,060 [INFO] IPUIPlugin:80 - create IPUIPlugin
2026-01-14 08:14:37,062 [INFO] PluginManager:220 - loadIPPluginJar : add plateformsettings
2026-01-14 08:14:37,095 [INFO] IPUIPlugin:80 - create IPUIPlugin
2026-01-14 08:14:37,095 [INFO] PluginManager:220 - loadIPPluginJar : add quadspi
2026-01-14 08:14:37,132 [INFO] IPUIPlugin:80 - create IPUIPlugin
2026-01-14 08:14:37,132 [INFO] PluginManager:220 - loadIPPluginJar : add radio
2026-01-14 08:14:37,151 [INFO] IPUIPlugin:80 - create IPUIPlugin
2026-01-14 08:14:37,151 [INFO] PluginManager:220 - loadIPPluginJar : add resmgrutility
2026-01-14 08:14:37,209 [INFO] IPUIPlugin:80 - create IPUIPlugin
2026-01-14 08:14:37,209 [INFO] PluginManager:220 - loadIPPluginJar : add sai
2026-01-14 08:14:37,269 [INFO] IPUIPlugin:80 - create IPUIPlugin
2026-01-14 08:14:37,269 [INFO] PluginManager:220 - loadIPPluginJar : add spi
2026-01-14 08:14:37,369 [INFO] IPUIPlugin:80 - create IPUIPlugin
2026-01-14 08:14:37,369 [INFO] PluginManager:220 - loadIPPluginJar : add stm32_wpan
2026-01-14 08:14:37,404 [INFO] IPUIPlugin:80 - create IPUIPlugin
2026-01-14 08:14:37,405 [INFO] PluginManager:220 - loadIPPluginJar : add tim
2026-01-14 08:14:37,477 [INFO] IPUIPlugin:80 - create IPUIPlugin
2026-01-14 08:14:37,478 [INFO] PluginManager:220 - loadIPPluginJar : add touchsensing
2026-01-14 08:14:37,510 [INFO] IPUIPlugin:80 - create IPUIPlugin
2026-01-14 08:14:37,510 [INFO] PluginManager:220 - loadIPPluginJar : add tracer_emb
2026-01-14 08:14:37,532 [INFO] ThirdPartyUpdaterWithRetryManager:70 - Updater plugin not ready yet. [2/15]
2026-01-14 08:14:37,545 [INFO] IPUIPlugin:80 - create IPUIPlugin
2026-01-14 08:14:37,545 [INFO] PluginManager:220 - loadIPPluginJar : add ts
2026-01-14 08:14:37,576 [INFO] IPUIPlugin:80 - create IPUIPlugin
2026-01-14 08:14:37,577 [INFO] PluginManager:220 - loadIPPluginJar : add tsc
2026-01-14 08:14:37,605 [INFO] IPUIPlugin:80 - create IPUIPlugin
2026-01-14 08:14:37,605 [INFO] PluginManager:220 - loadIPPluginJar : add ucpd
2026-01-14 08:14:37,655 [INFO] IPUIPlugin:80 - create IPUIPlugin
2026-01-14 08:14:37,656 [INFO] PluginManager:220 - loadIPPluginJar : add usart
2026-01-14 08:14:37,713 [INFO] IPUIPlugin:80 - create IPUIPlugin
2026-01-14 08:14:37,713 [INFO] PluginManager:220 - loadIPPluginJar : add usbx
2026-01-14 08:14:37,841 [FATAL] Updater:351 - Updater called before beeing initialized
2026-01-14 08:14:37,890 [INFO] RulesReader:64 - Compatibility file has been processed (317 Rules)
2026-01-14 08:14:37,909 [INFO] RulesReader:64 - Compatibility file has been processed (317 Rules)
2026-01-14 08:14:37,929 [INFO] CADModel:165 - CPN selected for project level
2026-01-14 08:14:37,930 [INFO] CADModel:114 - Register for checkConnection events
2026-01-14 08:14:37,930 [FATAL] Updater:351 - Updater called before beeing initialized
2026-01-14 08:14:37,930 [ERROR] CADModel:125 - Updater not yet initialized, retry later 
2026-01-14 08:14:38,135 [FATAL] Updater:351 - Updater called before beeing initialized
2026-01-14 08:14:38,137 [INFO] CADModel:165 - CPN selected for project level
2026-01-14 08:14:38,137 [INFO] CADModel:114 - Register for checkConnection events
2026-01-14 08:14:38,137 [FATAL] Updater:351 - Updater called before beeing initialized
2026-01-14 08:14:38,137 [ERROR] CADModel:125 - Updater not yet initialized, retry later 
2026-01-14 08:14:38,141 [FATAL] Updater:351 - Updater called before beeing initialized
2026-01-14 08:14:38,302 [FATAL] Updater:351 - Updater called before beeing initialized
2026-01-14 08:14:38,318 [INFO] DbMcusAds:53 - JSON generation date=Thu Jan 08 22:56:32 ICT 2026 (1767887792457)
2026-01-14 08:14:38,318 [FATAL] Updater:351 - Updater called before beeing initialized
2026-01-14 08:14:38,357 [WARN] DetailPanel:346 - Failed to get advertising image, set to default
2026-01-14 08:14:38,434 [FATAL] Updater:351 - Updater called before beeing initialized
2026-01-14 08:14:38,436 [FATAL] Updater:351 - Updater called before beeing initialized
2026-01-14 08:14:38,436 [FATAL] Updater:351 - Updater called before beeing initialized
2026-01-14 08:14:38,436 [WARN] DetailPanel:346 - Failed to get advertising image, set to default
2026-01-14 08:14:38,437 [FATAL] Updater:351 - Updater called before beeing initialized
2026-01-14 08:14:38,507 [ERROR] Updater:1198 - MainUpdater not yet initialized. External WinMGr cannot be set.
2026-01-14 08:14:38,519 [INFO] Updater:1134 - Updater Version found : 6.15.0
2026-01-14 08:14:38,539 [INFO] ApplicationProperties:184 - Using Application install path: C:\ST\STM32CubeIDE_1.16.1\STM32CubeIDE\plugins\com.st.stm32cube.common.mx_6.15.0.202507011659
2026-01-14 08:14:40,128 [ERROR] LogOutputStream:75 - [STDERR_REDIRECT] Jan 14, 2026 8:14:40 AM java.util.prefs.WindowsPreferences <init>
2026-01-14 08:14:40,130 [ERROR] LogOutputStream:75 - [STDERR_REDIRECT] WARNING: Could not open/create prefs root node Software\JavaSoft\Prefs at root 0xffffffff80000002. Windows RegCreateKeyEx(...) returned error code 5.
2026-01-14 08:14:40,130 [ERROR] LogOutputStream:75 - [STDERR_REDIRECT] 
2026-01-14 08:14:40,533 [INFO] ThirdPartyUpdaterWithRetryManager:70 - Updater plugin not ready yet. [3/15]
2026-01-14 08:14:41,026 [INFO] MainUpdater:2872 - connection check result : 10
2026-01-14 08:14:41,029 [INFO] MainUpdater:289 - Updater Check For Update Now.
2026-01-14 08:14:41,029 [INFO] MicroXplorer:498 - Change Database Version : DB.6.0.150
2026-01-14 08:14:41,078 [INFO] McuFinderGlobals:63 - Set McuFinder mode to 2 (CubeIDE integrated)
2026-01-14 08:14:41,087 [INFO] UserAuth:487 - Internet connection configuration mode: 1
2026-01-14 08:14:41,124 [INFO] JxBrowserEngine:152 - Initiate JxBrowser Engine with user profile folder
2026-01-14 08:14:41,258 [INFO] CheckServerUpdateThread:120 - End of CheckServer Thread
2026-01-14 08:14:42,805 [INFO] WebApp:169 - Instantiating new browser for Auth
2026-01-14 08:14:43,706 [INFO] WebApp:463 - Apply proxy settings
2026-01-14 08:14:43,706 [INFO] WebApp:548 - Chromium requires no authentication
2026-01-14 08:14:43,719 [INFO] WebApp:491 - Direct internet connection detected
2026-01-14 08:14:43,748 [INFO] WebApp:900 - Register for checkConnection events
2026-01-14 08:14:43,748 [INFO] WebApp:463 - Apply proxy settings
2026-01-14 08:14:43,748 [INFO] WebApp:548 - Chromium requires no authentication
2026-01-14 08:14:43,748 [INFO] WebApp:491 - Direct internet connection detected
2026-01-14 08:14:43,854 [WARN] PackLoader:240 - Cannot read IP mode file for STMicroelectronics.FP-SNS-MOTENVWB1.1.4.0
2026-01-14 08:14:43,882 [WARN] PackLoader:240 - Cannot read IP mode file for STMicroelectronics.FP-ATR-ASTRA1.2.0.2
2026-01-14 08:14:43,896 [WARN] PackLoader:240 - Cannot read IP mode file for STMicroelectronics.FP-ATR-ASTRA1.2.0.1
2026-01-14 08:14:43,922 [WARN] PackLoader:240 - Cannot read IP mode file for STMicroelectronics.X-CUBE-SMBUS.2.1.0
2026-01-14 08:14:43,958 [WARN] PackLoader:240 - Cannot read IP mode file for STMicroelectronics.X-CUBE-WB05N.1.1.0
2026-01-14 08:14:43,979 [INFO] WebApp:191 - Connection restablished
2026-01-14 08:14:43,980 [WARN] PackLoader:240 - Cannot read IP mode file for STMicroelectronics.X-CUBE-ST60.1.0.0
2026-01-14 08:14:44,043 [WARN] PackLoader:240 - Cannot read IP mode file for STMicroelectronics.X-CUBE-AZRTOS-F7.1.1.0
2026-01-14 08:14:44,139 [WARN] PackLoader:240 - Cannot read IP mode file for STMicroelectronics.X-CUBE-MEMS1.11.0.0
2026-01-14 08:14:44,179 [INFO] WebApp:225 - Starting web application
2026-01-14 08:14:44,179 [INFO] WebApp:593 - Web application path used C:\ST\STM32CubeIDE_1.16.1\STM32CubeIDE\plugins\com.st.stm32cube.common.mx_6.15.0.202507011659\db\plugins\mcufinder\reactClient1\index.html
2026-01-14 08:14:44,346 [WARN] PackLoader:240 - Cannot read IP mode file for STMicroelectronics.FP-SNS-MOTENV1.5.1.0
2026-01-14 08:14:44,371 [WARN] PackLoader:240 - Cannot read IP mode file for STMicroelectronics.FP-SNS-FLIGHT1.5.0.2
2026-01-14 08:14:44,444 [WARN] PackLoader:240 - Cannot read IP mode file for STMicroelectronics.X-CUBE-AZRTOS-H7.3.4.0
2026-01-14 08:14:44,478 [WARN] PackLoader:240 - Cannot read IP mode file for STMicroelectronics.X-CUBE-DISPLAY.3.0.0
2026-01-14 08:14:44,500 [WARN] PackLoader:240 - Cannot read IP mode file for STMicroelectronics.X-CUBE-BLE1.7.0.0
2026-01-14 08:14:44,520 [WARN] PackLoader:240 - Cannot read IP mode file for STMicroelectronics.X-CUBE-NFC10.1.0.0
2026-01-14 08:14:44,543 [WARN] PackLoader:240 - Cannot read IP mode file for STMicroelectronics.X-CUBE-BLEMGR.4.0.0
2026-01-14 08:14:44,562 [WARN] PackLoader:240 - Cannot read IP mode file for STMicroelectronics.X-CUBE-ST60.1.1.0
2026-01-14 08:14:44,582 [WARN] PackLoader:240 - Cannot read IP mode file for emotas.I-CUBE-CANOPEN.1.3.0
2026-01-14 08:14:44,601 [WARN] PackLoader:240 - Cannot read IP mode file for STMicroelectronics.X-CUBE-GNSS1.7.1.0
2026-01-14 08:14:44,622 [WARN] PackLoader:240 - Cannot read IP mode file for STMicroelectronics.X-CUBE-BLEMGR.3.1.0
2026-01-14 08:14:44,642 [WARN] PackLoader:240 - Cannot read IP mode file for STMicroelectronics.X-CUBE-AI.10.0.0
2026-01-14 08:14:44,664 [WARN] PackLoader:240 - Cannot read IP mode file for STMicroelectronics.FP-SNS-STBOX1.2.1.0
2026-01-14 08:14:44,683 [WARN] PackLoader:240 - Cannot read IP mode file for STMicroelectronics.FP-SNS-SMARTAG2.1.2.0
2026-01-14 08:14:44,699 [WARN] PackLoader:240 - Cannot read IP mode file for STMicroelectronics.FP-SNS-FLIGHT1.5.1.0
2026-01-14 08:14:44,704 [INFO] UserAuth:487 - Internet connection configuration mode: 1
2026-01-14 08:14:44,753 [WARN] PackLoader:240 - Cannot read IP mode file for STMicroelectronics.X-CUBE-MEMS1.11.1.0
2026-01-14 08:14:44,857 [INFO] LogOutputStream:77 - [STDOUT_REDIRECT] 1 : Invalid condition id : UX_CORESTACK_Condition cause : null
2026-01-14 08:14:44,859 [INFO] LogOutputStream:77 - [STDOUT_REDIRECT] 1 : Invalid condition id : UX_CORESTACK_Condition cause : null
2026-01-14 08:14:44,860 [INFO] LogOutputStream:77 - [STDOUT_REDIRECT] 1 : Invalid condition id : UX_CORESTACK_Condition cause : null
2026-01-14 08:14:44,862 [INFO] LogOutputStream:77 - [STDOUT_REDIRECT] 1 : Invalid condition id : UX_CORESTACK_Condition cause : null
2026-01-14 08:14:44,863 [INFO] LogOutputStream:77 - [STDOUT_REDIRECT] 1 : Invalid condition id : UX_CORESTACK_Condition cause : null
2026-01-14 08:14:44,865 [WARN] PackLoader:240 - Cannot read IP mode file for STMicroelectronics.X-CUBE-AZRTOS-WL.2.0.0
2026-01-14 08:14:44,884 [WARN] PackLoader:240 - Cannot read IP mode file for STMicroelectronics.FP-SNS-MOTENV1.5.0.0
2026-01-14 08:14:44,923 [WARN] PackLoader:240 - Cannot read IP mode file for STMicroelectronics.X-CUBE-AZRTOS-H7RS.1.2.0
2026-01-14 08:14:44,947 [WARN] PackLoader:240 - Cannot read IP mode file for wolfSSL.I-CUBE-wolfMQTT.1.19.0
2026-01-14 08:14:44,974 [WARN] PackLoader:240 - Cannot read IP mode file for WES.I-CUBE-Cesium.1.3.0
2026-01-14 08:14:44,992 [WARN] PackLoader:240 - Cannot read IP mode file for STMicroelectronics.X-CUBE-BLE2.3.3.0
2026-01-14 08:14:45,012 [WARN] PackLoader:240 - Cannot read IP mode file for STMicroelectronics.X-CUBE-NFC9.1.0.0
2026-01-14 08:14:45,031 [WARN] PackLoader:240 - Cannot read IP mode file for STMicroelectronics.X-CUBE-BLE1.7.1.0
2026-01-14 08:14:45,053 [WARN] PackLoader:240 - Cannot read IP mode file for STMicroelectronics.X-CUBE-TCPP.4.1.0
2026-01-14 08:14:45,073 [WARN] PackLoader:240 - Cannot read IP mode file for STMicroelectronics.X-CUBE-FREERTOS.1.4.0
2026-01-14 08:14:45,093 [WARN] PackLoader:240 - Cannot read IP mode file for STMicroelectronics.X-CUBE-EEPRMA1.5.2.0
2026-01-14 08:14:45,113 [WARN] PackLoader:240 - Cannot read IP mode file for STMicroelectronics.X-CUBE-ST67W61.1.1.0
2026-01-14 08:14:45,132 [WARN] PackLoader:240 - Cannot read IP mode file for STMicroelectronics.X-CUBE-AI.10.1.0
2026-01-14 08:14:45,183 [WARN] PackLoader:240 - Cannot read IP mode file for STMicroelectronics.X-CUBE-MEMS1.12.0.0
2026-01-14 08:14:45,292 [WARN] PackLoader:240 - Cannot read IP mode file for STMicroelectronics.X-CUBE-MEMS1.11.2.0
2026-01-14 08:14:45,455 [WARN] PackLoader:240 - Cannot read IP mode file for STMicroelectronics.X-CUBE-AZRTOS-G0.1.1.0
2026-01-14 08:14:45,476 [WARN] PackLoader:240 - Cannot read IP mode file for STMicroelectronics.X-CUBE-SAFEA1.1.2.2
2026-01-14 08:14:45,495 [WARN] PackLoader:240 - Cannot read IP mode file for STMicroelectronics.X-CUBE-NFC4.3.0.0
2026-01-14 08:14:45,518 [WARN] PackLoader:240 - Cannot read IP mode file for EmbeddedOffice.I-CUBE-FS-RTOS.1.0.1
2026-01-14 08:14:45,538 [WARN] PackLoader:240 - Cannot read IP mode file for STMicroelectronics.X-CUBE-WB05N.2.0.0
2026-01-14 08:14:45,556 [WARN] PackLoader:240 - Cannot read IP mode file for STMicroelectronics.X-CUBE-TCPP.4.2.0
2026-01-14 08:14:45,575 [WARN] PackLoader:240 - Cannot read IP mode file for RealThread.X-CUBE-RT-Thread_Nano.4.1.1
2026-01-14 08:14:45,593 [WARN] PackLoader:240 - Cannot read IP mode file for STMicroelectronics.FP-ATR-SIGFOX1.3.2.0
2026-01-14 08:14:45,611 [WARN] ConditionMgr:438 - getConditionDescription Invalid condition id : Cortex-A Device cause : null
2026-01-14 08:14:45,645 [WARN] ConditionMgr:1044 - genDependencies : Invalid condition id : Cortex-A Device cause : null
2026-01-14 08:14:45,645 [WARN] ConditionMgr:1044 - genDependencies : Invalid condition id : Cortex-A Device cause : null
2026-01-14 08:14:45,645 [WARN] ConditionMgr:1044 - genDependencies : Invalid condition id : Cortex-A Device cause : null
2026-01-14 08:14:45,666 [WARN] PackLoader:240 - Cannot read IP mode file for STMicroelectronics.X-CUBE-EEPRMA1.5.1.0
2026-01-14 08:14:45,683 [WARN] PackLoader:240 - Cannot read IP mode file for wolfSSL.I-CUBE-wolfSSL.5.7.4
2026-01-14 08:14:45,701 [WARN] PackLoader:240 - Cannot read IP mode file for ITTIA_DB.I-CUBE-ITTIADB.8.9.0
2026-01-14 08:14:45,723 [WARN] PackLoader:240 - Cannot read IP mode file for STMicroelectronics.X-CUBE-ST67W61.1.0.0
2026-01-14 08:14:45,739 [WARN] PackLoader:240 - Cannot read IP mode file for STMicroelectronics.X-CUBE-AI.10.2.0
2026-01-14 08:14:45,772 [WARN] PackLoader:240 - Cannot read IP mode file for SEGGER.I-CUBE-embOS.1.3.1
2026-01-14 08:14:45,805 [WARN] PackLoader:240 - Cannot read IP mode file for STMicroelectronics.X-CUBE-ALGOBUILD.1.4.0
2026-01-14 08:14:45,852 [WARN] PackLoader:240 - Cannot read IP mode file for STMicroelectronics.X-CUBE-MEMS1.11.3.0
2026-01-14 08:14:45,939 [WARN] PackLoader:240 - Cannot read IP mode file for STMicroelectronics.X-CUBE-AI.9.1.0
2026-01-14 08:14:45,954 [WARN] PackLoader:240 - Cannot read IP mode file for STMicroelectronics.X-CUBE-PM33A1.1.0.0
2026-01-14 08:14:45,982 [WARN] PackLoader:240 - Cannot read IP mode file for STMicroelectronics.X-CUBE-AZRTOS-F4.1.1.0
2026-01-14 08:14:46,000 [WARN] PackLoader:240 - Cannot read IP mode file for Avnet-IotConnect.X-CUBE-IoTC-DA16k-PMOD.1.0.0
2026-01-14 08:14:46,017 [WARN] PackLoader:240 - Cannot read IP mode file for STMicroelectronics.X-CUBE-ISPU.2.1.0
2026-01-14 08:14:46,043 [WARN] PackLoader:240 - Cannot read IP mode file for STMicroelectronics.X-CUBE-IPS.3.2.0
2026-01-14 08:14:46,068 [WARN] PackLoader:240 - Cannot read IP mode file for STMicroelectronics.X-CUBE-FREERTOS.1.2.0
2026-01-14 08:14:46,091 [WARN] PackLoader:240 - Cannot read IP mode file for STMicroelectronics.X-CUBE-NFC12.1.0.0
2026-01-14 08:14:46,121 [WARN] PackLoader:240 - Cannot read IP mode file for STMicroelectronics.X-CUBE-AZRTOS-L5.2.0.0
2026-01-14 08:14:46,141 [WARN] PackLoader:240 - Cannot read IP mode file for STMicroelectronics.X-CUBE-NFC6.3.1.0
2026-01-14 08:14:46,160 [WARN] PackLoader:240 - Cannot read IP mode file for STMicroelectronics.X-CUBE-DPower.1.2.0
2026-01-14 08:14:46,178 [WARN] PackLoader:240 - Cannot read IP mode file for STMicroelectronics.X-CUBE-FREERTOS.1.3.1
2026-01-14 08:14:46,193 [WARN] PackLoader:240 - Cannot read IP mode file for STMicroelectronics.X-CUBE-FREERTOS.1.3.0
2026-01-14 08:14:46,209 [WARN] PackLoader:240 - Cannot read IP mode file for STMicroelectronics.X-CUBE-NFC7.1.0.1
2026-01-14 08:14:46,229 [WARN] PackLoader:240 - Cannot read IP mode file for STMicroelectronics.X-CUBE-TOUCHGFX.4.26.0
2026-01-14 08:14:46,245 [WARN] PackLoader:240 - Cannot read IP mode file for STMicroelectronics.FP-SNS-STAIOTCFT.1.0.0
2026-01-14 08:14:46,263 [WARN] PackLoader:240 - Cannot read IP mode file for STMicroelectronics.X-CUBE-DPower.1.3.0
2026-01-14 08:14:46,294 [WARN] ConditionMgr:438 - getConditionDescription Invalid condition id : LAN8742 Phy interface Condition cause : null
2026-01-14 08:14:46,295 [WARN] PackLoader:240 - Cannot read IP mode file for STMicroelectronics.X-CUBE-AZRTOS-L4.2.0.0
2026-01-14 08:14:46,296 [WARN] ConditionMgr:1044 - genDependencies : Invalid condition id : LAN8742 Phy interface Condition cause : null
2026-01-14 08:14:46,296 [WARN] ConditionMgr:1044 - genDependencies : Invalid condition id : LAN8742 Phy interface Condition cause : null
2026-01-14 08:14:46,297 [WARN] ConditionMgr:1044 - genDependencies : Invalid condition id : LAN8742 Phy interface Condition cause : null
2026-01-14 08:14:46,315 [WARN] PackLoader:240 - Cannot read IP mode file for STMicroelectronics.X-CUBE-SFXS2LP1.4.0.0
2026-01-14 08:14:46,345 [WARN] PackLoader:240 - Cannot read IP mode file for STMicroelectronics.X-CUBE-AZRTOS-H7.3.3.0
2026-01-14 08:14:46,367 [WARN] PackLoader:240 - Cannot read IP mode file for STMicroelectronics.X-CUBE-BLEMGR.4.1.0
2026-01-14 08:14:46,388 [WARN] PackLoader:240 - Cannot read IP mode file for STMicroelectronics.X-CUBE-IPS.3.0.0
2026-01-14 08:14:46,414 [WARN] ConditionMgr:438 - getConditionDescription Invalid condition id : UX DEVICE CLASS RTOS Condition cause : null
2026-01-14 08:14:46,414 [WARN] ConditionMgr:438 - getConditionDescription Invalid condition id : UX DEVICE CLASS RTOS Condition cause : null
2026-01-14 08:14:46,415 [WARN] PackLoader:240 - Cannot read IP mode file for STMicroelectronics.X-CUBE-AZRTOS-WB.2.0.0
2026-01-14 08:14:46,416 [WARN] ConditionMgr:1044 - genDependencies : Invalid condition id : UX DEVICE CLASS RTOS Condition cause : null
2026-01-14 08:14:46,416 [WARN] ConditionMgr:1044 - genDependencies : Invalid condition id : UX DEVICE CLASS RTOS Condition cause : null
2026-01-14 08:14:46,416 [WARN] ConditionMgr:1044 - genDependencies : Invalid condition id : UX DEVICE CLASS RTOS Condition cause : null
2026-01-14 08:14:46,416 [WARN] ConditionMgr:1044 - genDependencies : Invalid condition id : UX DEVICE CLASS RTOS Condition cause : null
2026-01-14 08:14:46,416 [WARN] ConditionMgr:1044 - genDependencies : Invalid condition id : UX DEVICE CLASS RTOS Condition cause : null
2026-01-14 08:14:46,433 [WARN] PackLoader:240 - Cannot read IP mode file for STMicroelectronics.X-CUBE-GNSS1.7.0.0
2026-01-14 08:14:46,452 [WARN] PackLoader:240 - Cannot read IP mode file for STMicroelectronics.X-CUBE-GNSS1.7.0.1
2026-01-14 08:14:46,468 [WARN] PackLoader:240 - Cannot read IP mode file for STMicroelectronics.X-CUBE-TOUCHGFX.4.25.0
2026-01-14 08:14:46,483 [WARN] PackLoader:240 - Cannot read IP mode file for STMicroelectronics.FP-SNS-STBOX1.2.0.0
2026-01-14 08:14:46,504 [WARN] PackLoader:240 - Cannot read IP mode file for STMicroelectronics.X-CUBE-SUBG2.5.0.0
2026-01-14 08:14:46,535 [WARN] PackLoader:240 - Cannot read IP mode file for STMicroelectronics.X-CUBE-AZRTOS-H7RS.1.1.0
2026-01-14 08:14:46,551 [WARN] PackLoader:240 - Cannot read IP mode file for Cesanta.I-CUBE-Mongoose.7.13.0
2026-01-14 08:14:46,574 [WARN] PackLoader:240 - Cannot read IP mode file for STMicroelectronics.X-CUBE-AZRTOS-G4.2.0.0
2026-01-14 08:14:46,589 [WARN] PackLoader:240 - Cannot read IP mode file for STMicroelectronics.X-CUBE-NFC7.2.0.0
2026-01-14 08:14:46,607 [WARN] PackLoader:240 - Cannot read IP mode file for STMicroelectronics.X-CUBE-IPS.3.1.0
2026-01-14 08:14:46,624 [WARN] PackLoader:240 - Cannot read IP mode file for STMicroelectronics.X-CUBE-ALS.1.0.2
2026-01-14 08:14:46,639 [WARN] PackLoader:240 - Cannot read IP mode file for STMicroelectronics.X-CUBE-TOUCHGFX.4.24.2
2026-01-14 08:14:46,653 [WARN] PackLoader:240 - Cannot read IP mode file for STMicroelectronics.X-CUBE-TOUCHGFX.4.24.1
2026-01-14 08:14:46,669 [WARN] PackLoader:240 - Cannot read IP mode file for STMicroelectronics.X-CUBE-STSE01.1.0.0
2026-01-14 08:14:46,684 [WARN] PackLoader:240 - Cannot read IP mode file for wolfSSL.I-CUBE-wolfTPM.3.4.0
2026-01-14 08:14:46,699 [WARN] PackLoader:240 - Cannot read IP mode file for portGmbH.I-Cube-SoM-uGOAL.1.1.0
2026-01-14 08:14:46,729 [WARN] PackLoader:240 - Cannot read IP mode file for STMicroelectronics.X-CUBE-AZRTOS-H7RS.1.0.0
2026-01-14 08:14:46,746 [WARN] PackLoader:240 - Cannot read IP mode file for STMicroelectronics.FP-ATR-ASTRA1.2.0.0
2026-01-14 08:14:46,766 [WARN] PackLoader:240 - Cannot read IP mode file for STMicroelectronics.X-CUBE-TOF1.3.4.2
2026-01-14 08:14:46,788 [WARN] PackLoader:240 - Cannot read IP mode file for STMicroelectronics.X-CUBE-TOF1.3.4.3
2026-01-14 08:14:46,816 [WARN] PackLoader:240 - Cannot read IP mode file for Infineon.AIROC-Wi-Fi-Bluetooth-STM32.1.6.1
2026-01-14 08:14:46,830 [WARN] PackLoader:240 - Cannot read IP mode file for wolfSSL.I-CUBE-wolfSSH.1.4.17
2026-01-14 08:14:46,831 [INFO] ThirdParty:978 - Integrity check success = true
2026-01-14 08:14:46,831 [INFO] IntegrityCheckThread:100 - exiting critical section [integrity check]
2026-01-14 08:14:46,831 [INFO] IntegrityCheckThread:103 - End integrity checks thread
2026-01-14 08:24:43,141 [INFO] WebApp:194 - Connection lost
2026-01-14 08:24:43,364 [INFO] WebApp:191 - Connection restablished
2026-01-14 08:43:20,046 [INFO] WebApp:194 - Connection lost
2026-01-14 08:43:20,258 [INFO] WebApp:191 - Connection restablished
2026-01-14 09:01:49,853 [INFO] WebApp:194 - Connection lost
2026-01-14 09:01:50,076 [INFO] WebApp:191 - Connection restablished
2026-01-14 09:14:06,027 [INFO] WebApp:194 - Connection lost
2026-01-14 09:14:06,237 [INFO] WebApp:191 - Connection restablished
2026-01-14 09:38:54,013 [INFO] WebApp:194 - Connection lost
2026-01-14 09:38:54,191 [INFO] WebApp:191 - Connection restablished
2026-01-14 09:39:02,707 [INFO] WebApp:194 - Connection lost
2026-01-14 09:39:02,892 [INFO] WebApp:191 - Connection restablished
2026-01-14 09:39:07,525 [INFO] WebApp:194 - Connection lost
2026-01-14 09:39:07,711 [INFO] WebApp:191 - Connection restablished
2026-01-14 09:39:11,169 [INFO] WebApp:194 - Connection lost
2026-01-14 09:39:11,355 [INFO] WebApp:191 - Connection restablished
2026-01-14 09:39:14,471 [INFO] WebApp:194 - Connection lost
2026-01-14 09:39:14,677 [INFO] WebApp:191 - Connection restablished
2026-01-14 09:39:16,002 [INFO] WebApp:194 - Connection lost
2026-01-14 09:39:16,122 [INFO] WebApp:191 - Connection restablished
2026-01-14 09:39:19,522 [INFO] WebApp:194 - Connection lost
2026-01-14 09:39:19,700 [INFO] WebApp:191 - Connection restablished
2026-01-14 09:40:52,316 [INFO] WebApp:194 - Connection lost
2026-01-14 09:40:52,513 [INFO] WebApp:191 - Connection restablished
2026-01-14 09:44:25,029 [INFO] WebApp:194 - Connection lost
2026-01-14 09:44:25,313 [INFO] WebApp:191 - Connection restablished
2026-01-14 10:15:20,033 [INFO] WebApp:194 - Connection lost
2026-01-14 10:15:20,228 [INFO] WebApp:191 - Connection restablished
2026-01-14 10:46:12,034 [INFO] WebApp:194 - Connection lost
2026-01-14 10:46:12,293 [INFO] WebApp:191 - Connection restablished
2026-01-14 11:17:19,042 [INFO] WebApp:194 - Connection lost
2026-01-14 11:17:19,338 [INFO] WebApp:191 - Connection restablished
2026-01-14 11:48:18,054 [INFO] WebApp:194 - Connection lost
2026-01-14 11:48:18,315 [INFO] WebApp:191 - Connection restablished
2026-01-14 12:18:50,545 [INFO] WebApp:194 - Connection lost
2026-01-14 12:18:50,805 [INFO] WebApp:191 - Connection restablished
2026-01-14 12:45:58,046 [INFO] WebApp:194 - Connection lost
2026-01-14 12:45:58,355 [INFO] WebApp:191 - Connection restablished
2026-01-14 12:46:03,052 [INFO] WebApp:194 - Connection lost
2026-01-14 12:46:03,299 [INFO] WebApp:191 - Connection restablished
2026-01-14 12:46:52,641 [INFO] WebApp:194 - Connection lost
2026-01-14 12:46:52,867 [INFO] WebApp:191 - Connection restablished
2026-01-14 12:46:57,503 [INFO] WebApp:194 - Connection lost
2026-01-14 12:46:57,757 [INFO] WebApp:191 - Connection restablished
2026-01-14 12:47:00,671 [INFO] WebApp:194 - Connection lost
2026-01-14 12:47:00,890 [INFO] WebApp:191 - Connection restablished
2026-01-14 12:47:02,721 [INFO] WebApp:194 - Connection lost
2026-01-14 12:47:02,950 [INFO] WebApp:191 - Connection restablished
2026-01-14 12:47:07,503 [INFO] WebApp:194 - Connection lost
2026-01-14 12:47:07,757 [INFO] WebApp:191 - Connection restablished
2026-01-14 12:49:17,513 [INFO] WebApp:194 - Connection lost
2026-01-14 12:49:17,759 [INFO] WebApp:191 - Connection restablished
2026-01-14 12:53:06,526 [INFO] WebApp:194 - Connection lost
2026-01-14 12:53:06,774 [INFO] WebApp:191 - Connection restablished
2026-01-14 13:20:12,499 [INFO] WebApp:194 - Connection lost
2026-01-14 13:20:12,729 [INFO] WebApp:191 - Connection restablished
2026-01-14 13:45:15,060 [INFO] WebApp:194 - Connection lost
2026-01-14 13:45:15,310 [INFO] WebApp:191 - Connection restablished
2026-01-14 13:48:18,609 [INFO] WebApp:194 - Connection lost
2026-01-14 13:48:18,836 [INFO] WebApp:191 - Connection restablished
2026-01-14 13:48:23,521 [INFO] WebApp:194 - Connection lost
2026-01-14 13:48:23,754 [INFO] WebApp:191 - Connection restablished
2026-01-14 13:48:26,656 [INFO] WebApp:194 - Connection lost
2026-01-14 13:48:26,921 [INFO] WebApp:191 - Connection restablished
2026-01-14 13:48:28,719 [INFO] WebApp:194 - Connection lost
2026-01-14 13:48:28,956 [INFO] WebApp:191 - Connection restablished
2026-01-14 13:48:33,523 [INFO] WebApp:194 - Connection lost
2026-01-14 13:48:33,759 [INFO] WebApp:191 - Connection restablished
2026-01-14 13:50:56,507 [INFO] WebApp:194 - Connection lost
2026-01-14 13:50:56,738 [INFO] WebApp:191 - Connection restablished
2026-01-14 14:21:17,535 [INFO] WebApp:194 - Connection lost
2026-01-14 14:21:17,791 [INFO] WebApp:191 - Connection restablished
2026-01-14 14:52:22,527 [INFO] WebApp:194 - Connection lost
2026-01-14 14:52:22,773 [INFO] WebApp:191 - Connection restablished
2026-01-14 15:23:23,531 [INFO] WebApp:194 - Connection lost
2026-01-14 15:23:23,782 [INFO] WebApp:191 - Connection restablished
2026-01-14 15:53:58,522 [INFO] WebApp:194 - Connection lost
2026-01-14 15:53:58,779 [INFO] WebApp:191 - Connection restablished
2026-01-14 16:17:58,483 [INFO] WebApp:194 - Connection lost
2026-01-14 16:17:58,737 [INFO] WebApp:191 - Connection restablished
2026-01-14 16:24:34,531 [INFO] WebApp:194 - Connection lost
2026-01-14 16:24:34,765 [INFO] WebApp:191 - Connection restablished
2026-01-14 16:30:44,062 [INFO] WebApp:194 - Connection lost
2026-01-14 16:30:44,358 [INFO] WebApp:191 - Connection restablished
2026-01-14 16:34:40,396 [INFO] WebApp:194 - Connection lost
2026-01-14 16:34:40,639 [INFO] WebApp:191 - Connection restablished
2026-01-14 16:34:45,521 [INFO] WebApp:194 - Connection lost
2026-01-14 16:34:45,759 [INFO] WebApp:191 - Connection restablished
2026-01-14 16:34:48,650 [INFO] WebApp:194 - Connection lost
2026-01-14 16:34:48,881 [INFO] WebApp:191 - Connection restablished
2026-01-14 16:34:52,011 [INFO] WebApp:194 - Connection lost
2026-01-14 16:34:52,272 [INFO] WebApp:191 - Connection restablished
2026-01-14 16:34:55,513 [INFO] WebApp:194 - Connection lost
2026-01-14 16:34:55,740 [INFO] WebApp:191 - Connection restablished
2026-01-14 16:37:19,947 [ERROR] LogOutputStream:75 - [STDERR_REDIRECT] 
