2026-02-04 08:47:10,147 [INFO] Activator:176 - 


2026-02-04 08:47:10,157 [INFO] Activator:177 - !SESSION log4j initialized
2026-02-04 08:48:01,199 [INFO] LogOutputStream:77 - [STDOUT_REDIRECT] 
2026-02-04 08:48:08,054 [INFO] ApplicationProperties:184 - Using Application install path: C:\ST\STM32CubeIDE_1.16.1\STM32CubeIDE\plugins\com.st.stm32cube.common.mx_6.15.0.202507011659
2026-02-04 08:48:08,088 [INFO] DbMcusXml:78 - Set database path to: C:\ST\STM32CubeIDE_1.16.1\STM32CubeIDE\plugins\com.st.stm32cube.common.mx_6.15.0.202507011659\\db\/mcu/
2026-02-04 08:48:08,088 [INFO] ApiDb:274 - Set plugin database path to: C:\ST\STM32CubeIDE_1.16.1\STM32CubeIDE\plugins\com.st.stm32cube.common.mx_6.15.0.202507011659\\db\/plugins/boardmanager/
2026-02-04 08:48:08,093 [WARN] ApiDb:259 - Overriding images path with different value:  => C:\ST\STM32CubeIDE_1.16.1\STM32CubeIDE\plugins\com.st.stm32cube.common.mx_6.15.0.202507011659\\db\/plugins/mcufinder/images/
2026-02-04 08:48:08,103 [INFO] ApiDb:250 - Set database path to: C:\Users\Chinnapop\.stmcufinder\plugins\mcufinder//mcu/
2026-02-04 08:48:08,114 [INFO] DbMcusAds:125 - Set database path to: C:\Users\Chinnapop\.stmcufinder\plugins\mcufinder//mcu/
2026-02-04 08:48:08,114 [INFO] CrossReferenceDbSqlite:203 - Set database path to: C:\Users\Chinnapop\.stmcufinder\plugins\mcufinder//mcu/cs/
2026-02-04 08:48:08,479 [INFO] RulesReader:64 - Compatibility file has been processed (317 Rules)
2026-02-04 08:48:08,675 [INFO] DbMcusXml:78 - Set database path to: C:\ST\STM32CubeIDE_1.16.1\STM32CubeIDE\plugins\com.st.stm32cube.common.mx_6.15.0.202507011659\\db\/mcu/
2026-02-04 08:48:08,675 [INFO] ApiDb:274 - Set plugin database path to: C:\ST\STM32CubeIDE_1.16.1\STM32CubeIDE\plugins\com.st.stm32cube.common.mx_6.15.0.202507011659\\db\/plugins/boardmanager/
2026-02-04 08:48:08,675 [INFO] ApiDb:261 - Set plugin images path to: C:\ST\STM32CubeIDE_1.16.1\STM32CubeIDE\plugins\com.st.stm32cube.common.mx_6.15.0.202507011659\\db\/plugins/mcufinder/images/
2026-02-04 08:48:08,675 [WARN] DbFile:41 - Overriding database path with different value: C:\Users\Chinnapop\.stmcufinder\plugins\mcufinder/ => C:\Users\Chinnapop\.stmcufinder\plugins\mcufinder
2026-02-04 08:48:08,675 [INFO] ApiDb:250 - Set database path to: C:\Users\Chinnapop\.stmcufinder\plugins\mcufinder//mcu/
2026-02-04 08:48:08,675 [WARN] DbFile:41 - Overriding database path with different value: C:\Users\Chinnapop\.stmcufinder\plugins\mcufinder/ => C:\Users\Chinnapop\.stmcufinder\plugins\mcufinder
2026-02-04 08:48:08,675 [INFO] DbMcusAds:125 - Set database path to: C:\Users\Chinnapop\.stmcufinder\plugins\mcufinder//mcu/
2026-02-04 08:48:08,675 [WARN] DbFile:41 - Overriding database path with different value: C:\Users\Chinnapop\.stmcufinder\plugins\mcufinder/ => C:\Users\Chinnapop\.stmcufinder\plugins\mcufinder
2026-02-04 08:48:08,675 [WARN] DbFile:41 - Overriding database path with different value: C:\Users\Chinnapop\.stmcufinder\plugins\mcufinder/ => C:\Users\Chinnapop\.stmcufinder\plugins\mcufinder
2026-02-04 08:48:08,675 [INFO] CrossReferenceDbSqlite:203 - Set database path to: C:\Users\Chinnapop\.stmcufinder\plugins\mcufinder//mcu/cs/
2026-02-04 08:48:08,850 [INFO] MainPanel:274 - HeapMemory: 268435456
2026-02-04 08:48:09,061 [INFO] DbMcusXml:78 - Set database path to: C:\ST\STM32CubeIDE_1.16.1\STM32CubeIDE\plugins\com.st.stm32cube.common.mx_6.15.0.202507011659\\db\/mcu/
2026-02-04 08:48:09,062 [INFO] ApiDb:274 - Set plugin database path to: C:\ST\STM32CubeIDE_1.16.1\STM32CubeIDE\plugins\com.st.stm32cube.common.mx_6.15.0.202507011659\\db\/plugins/boardmanager/
2026-02-04 08:48:09,062 [INFO] ApiDb:261 - Set plugin images path to: C:\ST\STM32CubeIDE_1.16.1\STM32CubeIDE\plugins\com.st.stm32cube.common.mx_6.15.0.202507011659\\db\/plugins/mcufinder/images/
2026-02-04 08:48:09,062 [WARN] DbFile:41 - Overriding database path with different value: C:\Users\Chinnapop\.stmcufinder\plugins\mcufinder/ => C:\Users\Chinnapop\.stmcufinder\plugins\mcufinder
2026-02-04 08:48:09,063 [INFO] ApiDb:250 - Set database path to: C:\Users\Chinnapop\.stmcufinder\plugins\mcufinder//mcu/
2026-02-04 08:48:09,063 [WARN] DbFile:41 - Overriding database path with different value: C:\Users\Chinnapop\.stmcufinder\plugins\mcufinder/ => C:\Users\Chinnapop\.stmcufinder\plugins\mcufinder
2026-02-04 08:48:09,064 [INFO] DbMcusAds:125 - Set database path to: C:\Users\Chinnapop\.stmcufinder\plugins\mcufinder//mcu/
2026-02-04 08:48:09,064 [WARN] DbFile:41 - Overriding database path with different value: C:\Users\Chinnapop\.stmcufinder\plugins\mcufinder/ => C:\Users\Chinnapop\.stmcufinder\plugins\mcufinder
2026-02-04 08:48:09,064 [WARN] DbFile:41 - Overriding database path with different value: C:\Users\Chinnapop\.stmcufinder\plugins\mcufinder/ => C:\Users\Chinnapop\.stmcufinder\plugins\mcufinder
2026-02-04 08:48:09,064 [INFO] CrossReferenceDbSqlite:203 - Set database path to: C:\Users\Chinnapop\.stmcufinder\plugins\mcufinder//mcu/cs/
2026-02-04 08:48:09,104 [INFO] ApplicationProperties:184 - Using Application install path: C:\ST\STM32CubeIDE_1.16.1\STM32CubeIDE\plugins\com.st.stm32cube.common.mx_6.15.0.202507011659
2026-02-04 08:48:09,107 [INFO] PluginManage:196 - Search for loadable plugins [exclusion list=, ]
2026-02-04 08:48:09,109 [INFO] PluginManage:310 - Check plugin analytics
2026-02-04 08:48:14,462 [INFO] AnalyticsPlugin:253 - Accepted Software Licenses: 
2026-02-04 08:48:14,462 [INFO] AnalyticsPlugin:255 - Accepted CMSIS Pack Licenses: 
2026-02-04 08:48:14,462 [INFO] AnalyticsPlugin:257 - Accepted Firmware Licenses: FW.F7.1.17.0
2026-02-04 08:48:14,462 [INFO] PluginManage:359 - Loaded plugin analytics (category:tool,tabindex:-1)
2026-02-04 08:48:14,462 [INFO] PluginManage:310 - Check plugin cadmodel
2026-02-04 08:48:14,472 [INFO] CADModel:105 - Init CAD model plugin
2026-02-04 08:48:14,472 [INFO] PluginManage:359 - Loaded plugin cadmodel (category:power,tabindex:5)
2026-02-04 08:48:14,472 [INFO] PluginManage:310 - Check plugin clock
2026-02-04 08:48:14,493 [INFO] PluginManage:359 - Loaded plugin clock (category:base,tabindex:2)
2026-02-04 08:48:14,503 [INFO] PluginManage:310 - Check plugin ddr
2026-02-04 08:48:14,505 [INFO] PluginManage:359 - Loaded plugin ddr (category:tool,tabindex:6)
2026-02-04 08:48:14,505 [INFO] PluginManage:310 - Check plugin filemanager
2026-02-04 08:48:14,812 [INFO] PluginManage:359 - Loaded plugin filemanager (category:base,tabindex:10)
2026-02-04 08:48:14,812 [INFO] PluginManage:310 - Check plugin ipmanager
2026-02-04 08:48:14,822 [INFO] PluginManage:359 - Loaded plugin ipmanager (category:base,tabindex:5)
2026-02-04 08:48:14,822 [INFO] PluginManage:310 - Check plugin lpbam
2026-02-04 08:48:14,853 [INFO] PluginManage:359 - Loaded plugin lpbam (category:base,tabindex:0)
2026-02-04 08:48:14,853 [INFO] PluginManage:310 - Check plugin memorymap
2026-02-04 08:48:14,874 [INFO] PluginManage:359 - Loaded plugin memorymap (category:base,tabindex:4)
2026-02-04 08:48:14,874 [INFO] PluginManage:310 - Check plugin pinoutandconfiguration
2026-02-04 08:48:14,895 [INFO] PluginManage:359 - Loaded plugin pinoutandconfiguration (category:base,tabindex:1)
2026-02-04 08:48:14,895 [INFO] PluginManage:310 - Check plugin pinoutconfig
2026-02-04 08:48:15,117 [WARN] SupportedApi:132 - Cannot load RTOS API schema: s4s-elt-must-match.1: The content of 'definitions' must match (annotation?, (simpleType | complexType)?, (unique | key | keyref)*)). A problem was found starting at: attribute.
2026-02-04 08:48:15,420 [INFO] PluginManage:359 - Loaded plugin pinoutconfig (category:base,tabindex:0)
2026-02-04 08:48:15,421 [INFO] PluginManage:310 - Check plugin power
2026-02-04 08:48:15,434 [INFO] PluginManage:359 - Loaded plugin power (category:power,tabindex:4)
2026-02-04 08:48:15,435 [INFO] PluginManage:310 - Check plugin projectmanager
2026-02-04 08:48:15,470 [INFO] PluginManage:359 - Loaded plugin projectmanager (category:projectmanager,tabindex:4)
2026-02-04 08:48:15,470 [INFO] PluginManage:310 - Check plugin rif
2026-02-04 08:48:15,491 [INFO] PluginManage:359 - Loaded plugin rif (category:base,tabindex:3)
2026-02-04 08:48:15,491 [INFO] PluginManage:310 - Check plugin thirdparty
2026-02-04 08:48:15,792 [INFO] PluginManage:359 - Loaded plugin thirdparty (category:base,tabindex:-1)
2026-02-04 08:48:15,792 [WARN] IntegrityCheckThread:84 - waiting for thirdparty lock release [integrity check]
2026-02-04 08:48:15,792 [INFO] IntegrityCheckThread:86 - entering critical section [integrity check]
2026-02-04 08:48:15,792 [INFO] PluginManage:310 - Check plugin tools
2026-02-04 08:48:15,792 [INFO] ThirdPartyUpdaterWithRetryManager:70 - Updater plugin not ready yet. [1/15]
2026-02-04 08:48:15,802 [INFO] PluginManage:359 - Loaded plugin tools (category:base,tabindex:7)
2026-02-04 08:48:15,802 [INFO] PluginManage:310 - Check plugin tutovideos
2026-02-04 08:48:16,201 [INFO] PluginManage:359 - Loaded plugin tutovideos (category:base,tabindex:-1)
2026-02-04 08:48:16,201 [INFO] PluginManage:310 - Check plugin updater
2026-02-04 08:48:16,314 [INFO] PluginManage:359 - Loaded plugin updater (category:base,tabindex:12)
2026-02-04 08:48:16,314 [INFO] PluginManage:310 - Check plugin userauth
2026-02-04 08:48:16,324 [INFO] UserAuth:118 - Init User Auth plugin
2026-02-04 08:48:16,324 [INFO] PluginManage:359 - Loaded plugin userauth (category:base,tabindex:14)
2026-02-04 08:48:16,324 [INFO] PluginManage:283 - PluginManage : Loaded plugins [18]
2026-02-04 08:48:16,863 [INFO] PinOutPanel:1589 - setPackage(No Configuration,No Configuration)
2026-02-04 08:48:17,090 [INFO] CADModel:165 - CPN selected for project level
2026-02-04 08:48:17,090 [INFO] CADModel:114 - Register for checkConnection events
2026-02-04 08:48:17,124 [INFO] IPUIPlugin:80 - create IPUIPlugin
2026-02-04 08:48:17,124 [INFO] PluginManager:220 - loadIPPluginJar : add adc
2026-02-04 08:48:17,130 [INFO] IPUIPlugin:80 - create IPUIPlugin
2026-02-04 08:48:17,130 [INFO] PluginManager:220 - loadIPPluginJar : add aes
2026-02-04 08:48:17,137 [INFO] IPUIPlugin:80 - create IPUIPlugin
2026-02-04 08:48:17,138 [INFO] PluginManager:220 - loadIPPluginJar : add can
2026-02-04 08:48:17,143 [INFO] IPUIPlugin:80 - create IPUIPlugin
2026-02-04 08:48:17,144 [INFO] PluginManager:220 - loadIPPluginJar : add comp
2026-02-04 08:48:17,148 [INFO] IPUIPlugin:80 - create IPUIPlugin
2026-02-04 08:48:17,148 [INFO] PluginManager:220 - loadIPPluginJar : add cryp
2026-02-04 08:48:17,156 [INFO] IPUIPlugin:80 - create IPUIPlugin
2026-02-04 08:48:17,157 [INFO] PluginManager:220 - loadIPPluginJar : add ddr_ctrl_phy
2026-02-04 08:48:17,161 [INFO] IPUIPlugin:80 - create IPUIPlugin
2026-02-04 08:48:17,163 [INFO] PluginManager:220 - loadIPPluginJar : add dfsdm
2026-02-04 08:48:17,172 [INFO] IPUIPlugin:80 - create IPUIPlugin
2026-02-04 08:48:17,172 [INFO] PluginManager:220 - loadIPPluginJar : add dma
2026-02-04 08:48:17,181 [INFO] IPUIPlugin:80 - create IPUIPlugin
2026-02-04 08:48:17,182 [INFO] PluginManager:220 - loadIPPluginJar : add dma3
2026-02-04 08:48:17,187 [INFO] IPUIPlugin:80 - create IPUIPlugin
2026-02-04 08:48:17,187 [INFO] PluginManager:220 - loadIPPluginJar : add extmemmanager
2026-02-04 08:48:17,191 [INFO] IPUIPlugin:80 - create IPUIPlugin
2026-02-04 08:48:17,191 [INFO] PluginManager:220 - loadIPPluginJar : add fatfs
2026-02-04 08:48:17,203 [INFO] IPUIPlugin:80 - create IPUIPlugin
2026-02-04 08:48:17,205 [INFO] PluginManager:220 - loadIPPluginJar : add fmc
2026-02-04 08:48:17,221 [INFO] IPUIPlugin:80 - create IPUIPlugin
2026-02-04 08:48:17,222 [INFO] PluginManager:220 - loadIPPluginJar : add freertos
2026-02-04 08:48:17,226 [INFO] IPUIPlugin:80 - create IPUIPlugin
2026-02-04 08:48:17,226 [INFO] PluginManager:220 - loadIPPluginJar : add genericplugin
2026-02-04 08:48:17,231 [INFO] IPUIPlugin:80 - create IPUIPlugin
2026-02-04 08:48:17,231 [INFO] PluginManager:220 - loadIPPluginJar : add gfxmmu
2026-02-04 08:48:17,244 [INFO] IPUIPlugin:80 - create IPUIPlugin
2026-02-04 08:48:17,244 [INFO] PluginManager:220 - loadIPPluginJar : add gic
2026-02-04 08:48:17,250 [INFO] IPUIPlugin:80 - create IPUIPlugin
2026-02-04 08:48:17,251 [INFO] PluginManager:220 - loadIPPluginJar : add gpio
2026-02-04 08:48:17,255 [INFO] IPUIPlugin:80 - create IPUIPlugin
2026-02-04 08:48:17,255 [INFO] PluginManager:220 - loadIPPluginJar : add gtzc
2026-02-04 08:48:17,259 [INFO] IPUIPlugin:80 - create IPUIPlugin
2026-02-04 08:48:17,260 [INFO] PluginManager:220 - loadIPPluginJar : add hash
2026-02-04 08:48:17,265 [INFO] IPUIPlugin:80 - create IPUIPlugin
2026-02-04 08:48:17,266 [INFO] PluginManager:220 - loadIPPluginJar : add i2c
2026-02-04 08:48:17,270 [INFO] IPUIPlugin:80 - create IPUIPlugin
2026-02-04 08:48:17,271 [INFO] PluginManager:220 - loadIPPluginJar : add i2s
2026-02-04 08:48:17,285 [INFO] IPUIPlugin:80 - create IPUIPlugin
2026-02-04 08:48:17,286 [INFO] PluginManager:220 - loadIPPluginJar : add i3c
2026-02-04 08:48:17,293 [INFO] IPUIPlugin:80 - create IPUIPlugin
2026-02-04 08:48:17,294 [INFO] PluginManager:220 - loadIPPluginJar : add ipddr
2026-02-04 08:48:17,307 [INFO] IPUIPlugin:80 - create IPUIPlugin
2026-02-04 08:48:17,307 [INFO] PluginManager:220 - loadIPPluginJar : add linkedlist
2026-02-04 08:48:17,316 [INFO] IPUIPlugin:80 - create IPUIPlugin
2026-02-04 08:48:17,316 [INFO] PluginManager:220 - loadIPPluginJar : add lorawan
2026-02-04 08:48:17,319 [INFO] IPUIPlugin:80 - create IPUIPlugin
2026-02-04 08:48:17,320 [INFO] PluginManager:220 - loadIPPluginJar : add ltdc
2026-02-04 08:48:17,334 [INFO] IPUIPlugin:80 - create IPUIPlugin
2026-02-04 08:48:17,334 [INFO] PluginManager:220 - loadIPPluginJar : add mdma
2026-02-04 08:48:17,340 [INFO] IPUIPlugin:80 - create IPUIPlugin
2026-02-04 08:48:17,341 [INFO] PluginManager:220 - loadIPPluginJar : add nvic
2026-02-04 08:48:17,345 [INFO] IPUIPlugin:80 - create IPUIPlugin
2026-02-04 08:48:17,346 [INFO] PluginManager:220 - loadIPPluginJar : add opamp
2026-02-04 08:48:17,352 [INFO] IPUIPlugin:80 - create IPUIPlugin
2026-02-04 08:48:17,352 [INFO] PluginManager:220 - loadIPPluginJar : add openamp
2026-02-04 08:48:17,357 [INFO] IPUIPlugin:80 - create IPUIPlugin
2026-02-04 08:48:17,357 [INFO] PluginManager:220 - loadIPPluginJar : add pdm2pcm
2026-02-04 08:48:17,373 [INFO] IPUIPlugin:80 - create IPUIPlugin
2026-02-04 08:48:17,377 [INFO] PluginManager:220 - loadIPPluginJar : add plateformsettings
2026-02-04 08:48:17,380 [INFO] IPUIPlugin:80 - create IPUIPlugin
2026-02-04 08:48:17,380 [INFO] PluginManager:220 - loadIPPluginJar : add quadspi
2026-02-04 08:48:17,384 [INFO] IPUIPlugin:80 - create IPUIPlugin
2026-02-04 08:48:17,385 [INFO] PluginManager:220 - loadIPPluginJar : add radio
2026-02-04 08:48:17,390 [INFO] IPUIPlugin:80 - create IPUIPlugin
2026-02-04 08:48:17,390 [INFO] PluginManager:220 - loadIPPluginJar : add resmgrutility
2026-02-04 08:48:17,396 [INFO] IPUIPlugin:80 - create IPUIPlugin
2026-02-04 08:48:17,397 [INFO] PluginManager:220 - loadIPPluginJar : add sai
2026-02-04 08:48:17,401 [INFO] IPUIPlugin:80 - create IPUIPlugin
2026-02-04 08:48:17,402 [INFO] PluginManager:220 - loadIPPluginJar : add spi
2026-02-04 08:48:17,423 [INFO] IPUIPlugin:80 - create IPUIPlugin
2026-02-04 08:48:17,423 [INFO] PluginManager:220 - loadIPPluginJar : add stm32_wpan
2026-02-04 08:48:17,431 [INFO] IPUIPlugin:80 - create IPUIPlugin
2026-02-04 08:48:17,431 [INFO] PluginManager:220 - loadIPPluginJar : add tim
2026-02-04 08:48:17,441 [INFO] IPUIPlugin:80 - create IPUIPlugin
2026-02-04 08:48:17,442 [INFO] PluginManager:220 - loadIPPluginJar : add touchsensing
2026-02-04 08:48:17,452 [INFO] IPUIPlugin:80 - create IPUIPlugin
2026-02-04 08:48:17,457 [INFO] PluginManager:220 - loadIPPluginJar : add tracer_emb
2026-02-04 08:48:17,469 [INFO] IPUIPlugin:80 - create IPUIPlugin
2026-02-04 08:48:17,471 [INFO] PluginManager:220 - loadIPPluginJar : add ts
2026-02-04 08:48:17,478 [INFO] IPUIPlugin:80 - create IPUIPlugin
2026-02-04 08:48:17,478 [INFO] PluginManager:220 - loadIPPluginJar : add tsc
2026-02-04 08:48:17,487 [INFO] IPUIPlugin:80 - create IPUIPlugin
2026-02-04 08:48:17,487 [INFO] PluginManager:220 - loadIPPluginJar : add ucpd
2026-02-04 08:48:17,492 [INFO] IPUIPlugin:80 - create IPUIPlugin
2026-02-04 08:48:17,492 [INFO] PluginManager:220 - loadIPPluginJar : add usart
2026-02-04 08:48:17,498 [INFO] IPUIPlugin:80 - create IPUIPlugin
2026-02-04 08:48:17,499 [INFO] PluginManager:220 - loadIPPluginJar : add usbx
2026-02-04 08:48:17,703 [FATAL] Updater:351 - Updater called before beeing initialized
2026-02-04 08:48:17,821 [INFO] RulesReader:64 - Compatibility file has been processed (317 Rules)
2026-02-04 08:48:17,920 [INFO] RulesReader:64 - Compatibility file has been processed (317 Rules)
2026-02-04 08:48:17,946 [INFO] CADModel:165 - CPN selected for project level
2026-02-04 08:48:17,946 [INFO] CADModel:114 - Register for checkConnection events
2026-02-04 08:48:17,946 [FATAL] Updater:351 - Updater called before beeing initialized
2026-02-04 08:48:17,946 [ERROR] CADModel:125 - Updater not yet initialized, retry later 
2026-02-04 08:48:18,320 [FATAL] Updater:351 - Updater called before beeing initialized
2026-02-04 08:48:18,323 [INFO] CADModel:165 - CPN selected for project level
2026-02-04 08:48:18,323 [INFO] CADModel:114 - Register for checkConnection events
2026-02-04 08:48:18,323 [FATAL] Updater:351 - Updater called before beeing initialized
2026-02-04 08:48:18,323 [ERROR] CADModel:125 - Updater not yet initialized, retry later 
2026-02-04 08:48:18,329 [FATAL] Updater:351 - Updater called before beeing initialized
2026-02-04 08:48:18,686 [FATAL] Updater:351 - Updater called before beeing initialized
2026-02-04 08:48:18,693 [INFO] DbMcusAds:53 - JSON generation date=Thu Jan 08 22:57:51 ICT 2026 (1767887871456)
2026-02-04 08:48:18,693 [FATAL] Updater:351 - Updater called before beeing initialized
2026-02-04 08:48:18,769 [WARN] DetailPanel:346 - Failed to get advertising image, set to default
2026-02-04 08:48:18,811 [INFO] ThirdPartyUpdaterWithRetryManager:70 - Updater plugin not ready yet. [2/15]
2026-02-04 08:48:18,985 [FATAL] Updater:351 - Updater called before beeing initialized
2026-02-04 08:48:18,988 [FATAL] Updater:351 - Updater called before beeing initialized
2026-02-04 08:48:18,988 [FATAL] Updater:351 - Updater called before beeing initialized
2026-02-04 08:48:18,989 [WARN] DetailPanel:346 - Failed to get advertising image, set to default
2026-02-04 08:48:18,991 [FATAL] Updater:351 - Updater called before beeing initialized
2026-02-04 08:48:19,127 [ERROR] Updater:1198 - MainUpdater not yet initialized. External WinMGr cannot be set.
2026-02-04 08:48:19,132 [INFO] Updater:1134 - Updater Version found : 6.15.0
2026-02-04 08:48:19,170 [INFO] ApplicationProperties:184 - Using Application install path: C:\ST\STM32CubeIDE_1.16.1\STM32CubeIDE\plugins\com.st.stm32cube.common.mx_6.15.0.202507011659
2026-02-04 08:48:20,792 [ERROR] LogOutputStream:75 - [STDERR_REDIRECT] Feb 04, 2026 8:48:20 AM java.util.prefs.WindowsPreferences <init>
2026-02-04 08:48:20,799 [ERROR] LogOutputStream:75 - [STDERR_REDIRECT] WARNING: Could not open/create prefs root node Software\JavaSoft\Prefs at root 0xffffffff80000002. Windows RegCreateKeyEx(...) returned error code 5.
2026-02-04 08:48:20,799 [ERROR] LogOutputStream:75 - [STDERR_REDIRECT] 
2026-02-04 08:48:21,817 [FATAL] Updater:351 - Updater called before beeing initialized
2026-02-04 08:48:21,819 [ERROR] IntegrityCheckThread:130 - Cannot retrieve database content from updater: error 21
2026-02-04 08:48:21,821 [INFO] ThirdParty:978 - Integrity check success = false
2026-02-04 08:48:21,821 [INFO] IntegrityCheckThread:100 - exiting critical section [integrity check]
2026-02-04 08:48:21,823 [INFO] IntegrityCheckThread:103 - End integrity checks thread
2026-02-04 08:48:22,048 [INFO] MainUpdater:2872 - connection check result : 10
2026-02-04 08:48:22,048 [INFO] MainUpdater:289 - Updater Check For Update Now.
2026-02-04 08:48:22,048 [INFO] MicroXplorer:498 - Change Database Version : DB.6.0.150
2026-02-04 08:48:22,069 [INFO] McuFinderGlobals:63 - Set McuFinder mode to 2 (CubeIDE integrated)
2026-02-04 08:48:22,079 [INFO] UserAuth:487 - Internet connection configuration mode: 1
2026-02-04 08:48:22,161 [INFO] JxBrowserEngine:152 - Initiate JxBrowser Engine with user profile folder
2026-02-04 08:48:22,498 [INFO] CheckServerUpdateThread:120 - End of CheckServer Thread
2026-02-04 08:48:23,486 [INFO] WebApp:169 - Instantiating new browser for Auth
2026-02-04 08:48:24,713 [INFO] WebApp:463 - Apply proxy settings
2026-02-04 08:48:24,714 [INFO] WebApp:548 - Chromium requires no authentication
2026-02-04 08:48:24,733 [INFO] WebApp:491 - Direct internet connection detected
2026-02-04 08:48:24,801 [INFO] WebApp:900 - Register for checkConnection events
2026-02-04 08:48:24,801 [INFO] WebApp:463 - Apply proxy settings
2026-02-04 08:48:24,802 [INFO] WebApp:548 - Chromium requires no authentication
2026-02-04 08:48:24,803 [INFO] WebApp:491 - Direct internet connection detected
2026-02-04 08:48:25,122 [INFO] WebApp:191 - Connection restablished
2026-02-04 08:48:25,280 [INFO] WebApp:225 - Starting web application
2026-02-04 08:48:25,280 [INFO] WebApp:593 - Web application path used C:\ST\STM32CubeIDE_1.16.1\STM32CubeIDE\plugins\com.st.stm32cube.common.mx_6.15.0.202507011659\db\plugins\mcufinder\reactClient1\index.html
2026-02-04 08:48:25,469 [INFO] UserAuth:487 - Internet connection configuration mode: 1
2026-02-04 08:56:19,566 [INFO] WebApp:194 - Connection lost
2026-02-04 08:56:19,817 [INFO] WebApp:191 - Connection restablished
2026-02-04 09:26:50,591 [INFO] WebApp:194 - Connection lost
2026-02-04 09:26:50,850 [INFO] WebApp:191 - Connection restablished
2026-02-04 09:57:31,529 [INFO] WebApp:194 - Connection lost
2026-02-04 09:57:31,744 [INFO] WebApp:191 - Connection restablished
2026-02-04 10:09:48,031 [INFO] WebApp:194 - Connection lost
2026-02-04 10:09:48,309 [INFO] WebApp:191 - Connection restablished
2026-02-04 10:28:18,548 [INFO] WebApp:194 - Connection lost
2026-02-04 10:28:18,767 [INFO] WebApp:191 - Connection restablished
2026-02-04 10:59:10,547 [INFO] WebApp:194 - Connection lost
2026-02-04 10:59:10,788 [INFO] WebApp:191 - Connection restablished
2026-02-04 11:02:11,587 [INFO] WebApp:194 - Connection lost
2026-02-04 11:02:11,868 [INFO] WebApp:191 - Connection restablished
2026-02-04 11:02:17,042 [INFO] WebApp:194 - Connection lost
2026-02-04 11:02:17,291 [INFO] WebApp:191 - Connection restablished
2026-02-04 11:10:24,560 [INFO] WebApp:194 - Connection lost
2026-02-04 11:10:24,952 [INFO] WebApp:191 - Connection restablished
2026-02-04 11:41:33,529 [INFO] WebApp:194 - Connection lost
2026-02-04 11:41:33,777 [INFO] WebApp:191 - Connection restablished
2026-02-04 11:44:34,509 [INFO] WebApp:194 - Connection lost
2026-02-04 11:44:34,759 [INFO] WebApp:191 - Connection restablished
2026-02-04 12:12:48,089 [INFO] McuFinderGlobals:63 - Set McuFinder mode to 2 (CubeIDE integrated)
2026-02-04 12:12:48,154 [INFO] MainUpdater:2872 - connection check result : 10
2026-02-04 12:12:48,171 [INFO] MainUpdater:2872 - connection check result : 10
2026-02-04 12:12:48,650 [INFO] MicroXplorer:468 - Change Database Path : 
2026-02-04 12:12:48,650 [INFO] MicroXplorer:498 - Change Database Version : DB.6.0.150
2026-02-04 12:12:48,658 [WARN] ThirdParty:871 - waiting for thirdparty lock release [close project]
2026-02-04 12:12:48,658 [INFO] ThirdParty:873 - entering critical section [close project]
2026-02-04 12:12:48,699 [INFO] ThirdParty:883 - exiting critical section [close project]
2026-02-04 12:12:48,708 [INFO] PinOutPanel:1589 - setPackage(No Configuration,No Configuration)
2026-02-04 12:12:48,722 [INFO] UtilMem:75 - Begin LoadConfig() Used Memory: 779301008 Bytes (1073741824)
2026-02-04 12:12:48,835 [INFO] MicroXplorer:468 - Change Database Path : C:/Users/Chinnapop/.stm32cubemx/databases/DB.6.0.141/db/
2026-02-04 12:12:48,836 [INFO] MicroXplorer:498 - Change Database Version : DB.6.0.141
2026-02-04 12:15:25,034 [INFO] WebApp:194 - Connection lost
2026-02-04 12:15:25,310 [INFO] WebApp:191 - Connection restablished
2026-02-04 12:45:48,046 [INFO] WebApp:194 - Connection lost
2026-02-04 12:45:48,300 [INFO] WebApp:191 - Connection restablished
2026-02-04 13:16:15,022 [INFO] WebApp:194 - Connection lost
2026-02-04 13:16:15,259 [INFO] WebApp:191 - Connection restablished
2026-02-04 13:40:21,040 [INFO] WebApp:194 - Connection lost
2026-02-04 13:40:21,293 [INFO] WebApp:191 - Connection restablished
2026-02-04 13:40:26,609 [INFO] WebApp:194 - Connection lost
2026-02-04 13:40:26,831 [INFO] WebApp:191 - Connection restablished
2026-02-04 13:43:27,517 [INFO] WebApp:194 - Connection lost
2026-02-04 13:43:27,762 [INFO] WebApp:191 - Connection restablished
2026-02-04 13:43:32,505 [INFO] WebApp:194 - Connection lost
2026-02-04 13:43:32,797 [INFO] WebApp:191 - Connection restablished
2026-02-04 14:01:45,495 [INFO] WebApp:194 - Connection lost
2026-02-04 14:01:45,730 [INFO] WebApp:191 - Connection restablished
2026-02-04 14:32:02,549 [INFO] WebApp:194 - Connection lost
2026-02-04 14:32:02,825 [INFO] WebApp:191 - Connection restablished
2026-02-04 14:35:02,594 [INFO] WebApp:194 - Connection lost
2026-02-04 14:35:02,835 [INFO] WebApp:191 - Connection restablished
2026-02-04 15:04:53,581 [INFO] WebApp:194 - Connection lost
2026-02-04 15:04:53,848 [INFO] WebApp:191 - Connection restablished
2026-02-04 15:35:54,021 [INFO] WebApp:194 - Connection lost
2026-02-04 15:35:54,288 [INFO] WebApp:191 - Connection restablished
2026-02-04 16:06:16,568 [INFO] WebApp:194 - Connection lost
2026-02-04 16:06:16,865 [INFO] WebApp:191 - Connection restablished
2026-02-04 16:09:19,071 [INFO] WebApp:194 - Connection lost
2026-02-04 16:09:19,297 [INFO] WebApp:191 - Connection restablished
2026-02-04 16:32:14,861 [ERROR] LogOutputStream:75 - [STDERR_REDIRECT] 
