2025-05-08 08:21:05,231 [INFO] Activator:176 - 


2025-05-08 08:21:05,242 [INFO] Activator:177 - !SESSION log4j initialized
2025-05-08 08:21:11,918 [INFO] LogOutputStream:77 - [STDOUT_REDIRECT] 
2025-05-08 08:21:19,062 [INFO] ApplicationProperties:184 - Using Application install path: C:\ST\STM32CubeIDE_1.16.1\STM32CubeIDE\plugins\com.st.stm32cube.common.mx_6.13.0.202411220809
2025-05-08 08:21:19,080 [INFO] DbMcusXml:78 - Set database path to: C:\ST\STM32CubeIDE_1.16.1\STM32CubeIDE\plugins\com.st.stm32cube.common.mx_6.13.0.202411220809\\db\/mcu/
2025-05-08 08:21:19,080 [INFO] ApiDb:274 - Set plugin database path to: C:\ST\STM32CubeIDE_1.16.1\STM32CubeIDE\plugins\com.st.stm32cube.common.mx_6.13.0.202411220809\\db\/plugins/boardmanager/
2025-05-08 08:21:19,081 [WARN] ApiDb:259 - Overriding images path with different value:  => C:\ST\STM32CubeIDE_1.16.1\STM32CubeIDE\plugins\com.st.stm32cube.common.mx_6.13.0.202411220809\\db\/plugins/mcufinder/images/
2025-05-08 08:21:19,096 [INFO] ApiDb:250 - Set database path to: C:\Users\Chinnapop\.stmcufinder\plugins\mcufinder//mcu/
2025-05-08 08:21:19,097 [INFO] DbMcusAds:125 - Set database path to: C:\Users\Chinnapop\.stmcufinder\plugins\mcufinder//mcu/
2025-05-08 08:21:19,099 [INFO] CrossReferenceDbSqlite:203 - Set database path to: C:\Users\Chinnapop\.stmcufinder\plugins\mcufinder//mcu/cs/
2025-05-08 08:21:19,216 [INFO] RulesReader:64 - Compatibility file has been processed (297 Rules)
2025-05-08 08:21:19,338 [INFO] DbMcusXml:78 - Set database path to: C:\ST\STM32CubeIDE_1.16.1\STM32CubeIDE\plugins\com.st.stm32cube.common.mx_6.13.0.202411220809\\db\/mcu/
2025-05-08 08:21:19,338 [INFO] ApiDb:274 - Set plugin database path to: C:\ST\STM32CubeIDE_1.16.1\STM32CubeIDE\plugins\com.st.stm32cube.common.mx_6.13.0.202411220809\\db\/plugins/boardmanager/
2025-05-08 08:21:19,338 [INFO] ApiDb:261 - Set plugin images path to: C:\ST\STM32CubeIDE_1.16.1\STM32CubeIDE\plugins\com.st.stm32cube.common.mx_6.13.0.202411220809\\db\/plugins/mcufinder/images/
2025-05-08 08:21:19,338 [WARN] DbFile:41 - Overriding database path with different value: C:\Users\Chinnapop\.stmcufinder\plugins\mcufinder/ => C:\Users\Chinnapop\.stmcufinder\plugins\mcufinder
2025-05-08 08:21:19,339 [INFO] ApiDb:250 - Set database path to: C:\Users\Chinnapop\.stmcufinder\plugins\mcufinder//mcu/
2025-05-08 08:21:19,339 [WARN] DbFile:41 - Overriding database path with different value: C:\Users\Chinnapop\.stmcufinder\plugins\mcufinder/ => C:\Users\Chinnapop\.stmcufinder\plugins\mcufinder
2025-05-08 08:21:19,339 [INFO] DbMcusAds:125 - Set database path to: C:\Users\Chinnapop\.stmcufinder\plugins\mcufinder//mcu/
2025-05-08 08:21:19,339 [WARN] DbFile:41 - Overriding database path with different value: C:\Users\Chinnapop\.stmcufinder\plugins\mcufinder/ => C:\Users\Chinnapop\.stmcufinder\plugins\mcufinder
2025-05-08 08:21:19,339 [WARN] DbFile:41 - Overriding database path with different value: C:\Users\Chinnapop\.stmcufinder\plugins\mcufinder/ => C:\Users\Chinnapop\.stmcufinder\plugins\mcufinder
2025-05-08 08:21:19,339 [INFO] CrossReferenceDbSqlite:203 - Set database path to: C:\Users\Chinnapop\.stmcufinder\plugins\mcufinder//mcu/cs/
2025-05-08 08:21:19,407 [INFO] MainPanel:272 - HeapMemory: 268435456
2025-05-08 08:21:19,496 [INFO] DbMcusXml:78 - Set database path to: C:\ST\STM32CubeIDE_1.16.1\STM32CubeIDE\plugins\com.st.stm32cube.common.mx_6.13.0.202411220809\\db\/mcu/
2025-05-08 08:21:19,496 [INFO] ApiDb:274 - Set plugin database path to: C:\ST\STM32CubeIDE_1.16.1\STM32CubeIDE\plugins\com.st.stm32cube.common.mx_6.13.0.202411220809\\db\/plugins/boardmanager/
2025-05-08 08:21:19,496 [INFO] ApiDb:261 - Set plugin images path to: C:\ST\STM32CubeIDE_1.16.1\STM32CubeIDE\plugins\com.st.stm32cube.common.mx_6.13.0.202411220809\\db\/plugins/mcufinder/images/
2025-05-08 08:21:19,497 [WARN] DbFile:41 - Overriding database path with different value: C:\Users\Chinnapop\.stmcufinder\plugins\mcufinder/ => C:\Users\Chinnapop\.stmcufinder\plugins\mcufinder
2025-05-08 08:21:19,497 [INFO] ApiDb:250 - Set database path to: C:\Users\Chinnapop\.stmcufinder\plugins\mcufinder//mcu/
2025-05-08 08:21:19,497 [WARN] DbFile:41 - Overriding database path with different value: C:\Users\Chinnapop\.stmcufinder\plugins\mcufinder/ => C:\Users\Chinnapop\.stmcufinder\plugins\mcufinder
2025-05-08 08:21:19,497 [INFO] DbMcusAds:125 - Set database path to: C:\Users\Chinnapop\.stmcufinder\plugins\mcufinder//mcu/
2025-05-08 08:21:19,497 [WARN] DbFile:41 - Overriding database path with different value: C:\Users\Chinnapop\.stmcufinder\plugins\mcufinder/ => C:\Users\Chinnapop\.stmcufinder\plugins\mcufinder
2025-05-08 08:21:19,498 [WARN] DbFile:41 - Overriding database path with different value: C:\Users\Chinnapop\.stmcufinder\plugins\mcufinder/ => C:\Users\Chinnapop\.stmcufinder\plugins\mcufinder
2025-05-08 08:21:19,498 [INFO] CrossReferenceDbSqlite:203 - Set database path to: C:\Users\Chinnapop\.stmcufinder\plugins\mcufinder//mcu/cs/
2025-05-08 08:21:19,516 [INFO] ApplicationProperties:184 - Using Application install path: C:\ST\STM32CubeIDE_1.16.1\STM32CubeIDE\plugins\com.st.stm32cube.common.mx_6.13.0.202411220809
2025-05-08 08:21:19,518 [INFO] PluginManage:196 - Search for loadable plugins [exclusion list=, ]
2025-05-08 08:21:19,519 [INFO] PluginManage:310 - Check plugin analytics
2025-05-08 08:21:19,707 [INFO] AnalyticsPlugin:253 - Accepted Software Licenses: 
2025-05-08 08:21:19,707 [INFO] AnalyticsPlugin:255 - Accepted CMSIS Pack Licenses: 
2025-05-08 08:21:19,707 [INFO] AnalyticsPlugin:257 - Accepted Firmware Licenses: FW.F7.1.17.0
2025-05-08 08:21:19,709 [INFO] PluginManage:359 - Loaded plugin analytics (category:tool,tabindex:-1)
2025-05-08 08:21:19,710 [INFO] PluginManage:310 - Check plugin cadmodel
2025-05-08 08:21:19,717 [INFO] CADModel:105 - Init CAD model plugin
2025-05-08 08:21:19,718 [INFO] PluginManage:359 - Loaded plugin cadmodel (category:power,tabindex:5)
2025-05-08 08:21:19,718 [INFO] PluginManage:310 - Check plugin clock
2025-05-08 08:21:19,729 [INFO] PluginManage:359 - Loaded plugin clock (category:base,tabindex:2)
2025-05-08 08:21:19,729 [INFO] PluginManage:310 - Check plugin ddr
2025-05-08 08:21:19,732 [INFO] PluginManage:359 - Loaded plugin ddr (category:tool,tabindex:6)
2025-05-08 08:21:19,732 [INFO] PluginManage:310 - Check plugin filemanager
2025-05-08 08:21:19,859 [INFO] PluginManage:359 - Loaded plugin filemanager (category:base,tabindex:10)
2025-05-08 08:21:19,859 [INFO] PluginManage:310 - Check plugin ipmanager
2025-05-08 08:21:19,867 [INFO] PluginManage:359 - Loaded plugin ipmanager (category:base,tabindex:5)
2025-05-08 08:21:19,867 [INFO] PluginManage:310 - Check plugin lpbam
2025-05-08 08:21:19,881 [INFO] PluginManage:359 - Loaded plugin lpbam (category:base,tabindex:0)
2025-05-08 08:21:19,881 [INFO] PluginManage:310 - Check plugin memorymap
2025-05-08 08:21:19,901 [INFO] PluginManage:359 - Loaded plugin memorymap (category:base,tabindex:4)
2025-05-08 08:21:19,901 [INFO] PluginManage:310 - Check plugin pinoutandconfiguration
2025-05-08 08:21:19,913 [INFO] PluginManage:359 - Loaded plugin pinoutandconfiguration (category:base,tabindex:1)
2025-05-08 08:21:19,914 [INFO] PluginManage:310 - Check plugin pinoutconfig
2025-05-08 08:21:20,046 [WARN] SupportedApi:132 - Cannot load RTOS API schema: s4s-elt-must-match.1: The content of 'definitions' must match (annotation?, (simpleType | complexType)?, (unique | key | keyref)*)). A problem was found starting at: attribute.
2025-05-08 08:21:20,217 [INFO] PluginManage:359 - Loaded plugin pinoutconfig (category:base,tabindex:0)
2025-05-08 08:21:20,217 [INFO] PluginManage:310 - Check plugin power
2025-05-08 08:21:20,231 [INFO] PluginManage:359 - Loaded plugin power (category:power,tabindex:4)
2025-05-08 08:21:20,233 [INFO] PluginManage:310 - Check plugin projectmanager
2025-05-08 08:21:20,253 [INFO] PluginManage:359 - Loaded plugin projectmanager (category:projectmanager,tabindex:4)
2025-05-08 08:21:20,254 [INFO] PluginManage:310 - Check plugin rif
2025-05-08 08:21:20,272 [INFO] PluginManage:359 - Loaded plugin rif (category:base,tabindex:3)
2025-05-08 08:21:20,272 [INFO] PluginManage:310 - Check plugin thirdparty
2025-05-08 08:21:20,454 [INFO] PluginManage:359 - Loaded plugin thirdparty (category:base,tabindex:-1)
2025-05-08 08:21:20,454 [WARN] IntegrityCheckThread:84 - waiting for thirdparty lock release [integrity check]
2025-05-08 08:21:20,454 [INFO] PluginManage:310 - Check plugin tools
2025-05-08 08:21:20,454 [INFO] IntegrityCheckThread:86 - entering critical section [integrity check]
2025-05-08 08:21:20,455 [INFO] ThirdPartyUpdaterWithRetryManager:70 - Updater plugin not ready yet. [1/15]
2025-05-08 08:21:20,463 [INFO] PluginManage:359 - Loaded plugin tools (category:base,tabindex:7)
2025-05-08 08:21:20,463 [INFO] PluginManage:310 - Check plugin tutovideos
2025-05-08 08:21:20,679 [INFO] PluginManage:359 - Loaded plugin tutovideos (category:base,tabindex:-1)
2025-05-08 08:21:20,679 [INFO] PluginManage:310 - Check plugin updater
2025-05-08 08:21:20,699 [INFO] PluginManage:359 - Loaded plugin updater (category:base,tabindex:12)
2025-05-08 08:21:20,699 [INFO] PluginManage:310 - Check plugin userauth
2025-05-08 08:21:20,702 [INFO] UserAuth:118 - Init User Auth plugin
2025-05-08 08:21:20,703 [INFO] PluginManage:359 - Loaded plugin userauth (category:base,tabindex:14)
2025-05-08 08:21:20,704 [INFO] PluginManage:283 - PluginManage : Loaded plugins [18]
2025-05-08 08:21:20,915 [INFO] PinOutPanel:1589 - setPackage(No Configuration,No Configuration)
2025-05-08 08:21:21,033 [INFO] CADModel:165 - CPN selected for project level
2025-05-08 08:21:21,033 [INFO] CADModel:114 - Register for checkConnection events
2025-05-08 08:21:21,055 [INFO] IPUIPlugin:80 - create IPUIPlugin
2025-05-08 08:21:21,055 [INFO] PluginManager:220 - loadIPPluginJar : add adc
2025-05-08 08:21:21,062 [INFO] IPUIPlugin:80 - create IPUIPlugin
2025-05-08 08:21:21,062 [INFO] PluginManager:220 - loadIPPluginJar : add aes
2025-05-08 08:21:21,069 [INFO] IPUIPlugin:80 - create IPUIPlugin
2025-05-08 08:21:21,070 [INFO] PluginManager:220 - loadIPPluginJar : add can
2025-05-08 08:21:21,075 [INFO] IPUIPlugin:80 - create IPUIPlugin
2025-05-08 08:21:21,075 [INFO] PluginManager:220 - loadIPPluginJar : add comp
2025-05-08 08:21:21,082 [INFO] IPUIPlugin:80 - create IPUIPlugin
2025-05-08 08:21:21,082 [INFO] PluginManager:220 - loadIPPluginJar : add cryp
2025-05-08 08:21:21,091 [INFO] IPUIPlugin:80 - create IPUIPlugin
2025-05-08 08:21:21,091 [INFO] PluginManager:220 - loadIPPluginJar : add ddr_ctrl_phy
2025-05-08 08:21:21,097 [INFO] IPUIPlugin:80 - create IPUIPlugin
2025-05-08 08:21:21,097 [INFO] PluginManager:220 - loadIPPluginJar : add dfsdm
2025-05-08 08:21:21,107 [INFO] IPUIPlugin:80 - create IPUIPlugin
2025-05-08 08:21:21,108 [INFO] PluginManager:220 - loadIPPluginJar : add dma
2025-05-08 08:21:21,114 [INFO] IPUIPlugin:80 - create IPUIPlugin
2025-05-08 08:21:21,114 [INFO] PluginManager:220 - loadIPPluginJar : add dma3
2025-05-08 08:21:21,120 [INFO] IPUIPlugin:80 - create IPUIPlugin
2025-05-08 08:21:21,120 [INFO] PluginManager:220 - loadIPPluginJar : add extmemmanager
2025-05-08 08:21:21,125 [INFO] IPUIPlugin:80 - create IPUIPlugin
2025-05-08 08:21:21,125 [INFO] PluginManager:220 - loadIPPluginJar : add fatfs
2025-05-08 08:21:21,134 [INFO] IPUIPlugin:80 - create IPUIPlugin
2025-05-08 08:21:21,134 [INFO] PluginManager:220 - loadIPPluginJar : add fmc
2025-05-08 08:21:21,143 [INFO] IPUIPlugin:80 - create IPUIPlugin
2025-05-08 08:21:21,144 [INFO] PluginManager:220 - loadIPPluginJar : add freertos
2025-05-08 08:21:21,148 [INFO] IPUIPlugin:80 - create IPUIPlugin
2025-05-08 08:21:21,148 [INFO] PluginManager:220 - loadIPPluginJar : add genericplugin
2025-05-08 08:21:21,153 [INFO] IPUIPlugin:80 - create IPUIPlugin
2025-05-08 08:21:21,153 [INFO] PluginManager:220 - loadIPPluginJar : add gfxmmu
2025-05-08 08:21:21,163 [INFO] IPUIPlugin:80 - create IPUIPlugin
2025-05-08 08:21:21,163 [INFO] PluginManager:220 - loadIPPluginJar : add gic
2025-05-08 08:21:21,172 [INFO] IPUIPlugin:80 - create IPUIPlugin
2025-05-08 08:21:21,172 [INFO] PluginManager:220 - loadIPPluginJar : add gpio
2025-05-08 08:21:21,177 [INFO] IPUIPlugin:80 - create IPUIPlugin
2025-05-08 08:21:21,177 [INFO] PluginManager:220 - loadIPPluginJar : add gtzc
2025-05-08 08:21:21,186 [INFO] IPUIPlugin:80 - create IPUIPlugin
2025-05-08 08:21:21,186 [INFO] PluginManager:220 - loadIPPluginJar : add hash
2025-05-08 08:21:21,194 [INFO] IPUIPlugin:80 - create IPUIPlugin
2025-05-08 08:21:21,194 [INFO] PluginManager:220 - loadIPPluginJar : add i2c
2025-05-08 08:21:21,200 [INFO] IPUIPlugin:80 - create IPUIPlugin
2025-05-08 08:21:21,200 [INFO] PluginManager:220 - loadIPPluginJar : add i2s
2025-05-08 08:21:21,206 [INFO] IPUIPlugin:80 - create IPUIPlugin
2025-05-08 08:21:21,207 [INFO] PluginManager:220 - loadIPPluginJar : add i3c
2025-05-08 08:21:21,213 [INFO] IPUIPlugin:80 - create IPUIPlugin
2025-05-08 08:21:21,213 [INFO] PluginManager:220 - loadIPPluginJar : add ipddr
2025-05-08 08:21:21,223 [INFO] IPUIPlugin:80 - create IPUIPlugin
2025-05-08 08:21:21,224 [INFO] PluginManager:220 - loadIPPluginJar : add linkedlist
2025-05-08 08:21:21,230 [INFO] IPUIPlugin:80 - create IPUIPlugin
2025-05-08 08:21:21,230 [INFO] PluginManager:220 - loadIPPluginJar : add lorawan
2025-05-08 08:21:21,234 [INFO] IPUIPlugin:80 - create IPUIPlugin
2025-05-08 08:21:21,234 [INFO] PluginManager:220 - loadIPPluginJar : add ltdc
2025-05-08 08:21:21,244 [INFO] IPUIPlugin:80 - create IPUIPlugin
2025-05-08 08:21:21,244 [INFO] PluginManager:220 - loadIPPluginJar : add mdma
2025-05-08 08:21:21,254 [INFO] IPUIPlugin:80 - create IPUIPlugin
2025-05-08 08:21:21,254 [INFO] PluginManager:220 - loadIPPluginJar : add nvic
2025-05-08 08:21:21,261 [INFO] IPUIPlugin:80 - create IPUIPlugin
2025-05-08 08:21:21,261 [INFO] PluginManager:220 - loadIPPluginJar : add opamp
2025-05-08 08:21:21,269 [INFO] IPUIPlugin:80 - create IPUIPlugin
2025-05-08 08:21:21,269 [INFO] PluginManager:220 - loadIPPluginJar : add openamp
2025-05-08 08:21:21,278 [INFO] IPUIPlugin:80 - create IPUIPlugin
2025-05-08 08:21:21,278 [INFO] PluginManager:220 - loadIPPluginJar : add pdm2pcm
2025-05-08 08:21:21,294 [INFO] IPUIPlugin:80 - create IPUIPlugin
2025-05-08 08:21:21,297 [INFO] PluginManager:220 - loadIPPluginJar : add plateformsettings
2025-05-08 08:21:21,305 [INFO] IPUIPlugin:80 - create IPUIPlugin
2025-05-08 08:21:21,306 [INFO] PluginManager:220 - loadIPPluginJar : add quadspi
2025-05-08 08:21:21,312 [INFO] IPUIPlugin:80 - create IPUIPlugin
2025-05-08 08:21:21,313 [INFO] PluginManager:220 - loadIPPluginJar : add radio
2025-05-08 08:21:21,323 [INFO] IPUIPlugin:80 - create IPUIPlugin
2025-05-08 08:21:21,323 [INFO] PluginManager:220 - loadIPPluginJar : add resmgrutility
2025-05-08 08:21:21,333 [INFO] IPUIPlugin:80 - create IPUIPlugin
2025-05-08 08:21:21,333 [INFO] PluginManager:220 - loadIPPluginJar : add sai
2025-05-08 08:21:21,342 [INFO] IPUIPlugin:80 - create IPUIPlugin
2025-05-08 08:21:21,343 [INFO] PluginManager:220 - loadIPPluginJar : add spi
2025-05-08 08:21:21,356 [INFO] IPUIPlugin:80 - create IPUIPlugin
2025-05-08 08:21:21,356 [INFO] PluginManager:220 - loadIPPluginJar : add stm32_wpan
2025-05-08 08:21:21,364 [INFO] IPUIPlugin:80 - create IPUIPlugin
2025-05-08 08:21:21,364 [INFO] PluginManager:220 - loadIPPluginJar : add tim
2025-05-08 08:21:21,374 [INFO] IPUIPlugin:80 - create IPUIPlugin
2025-05-08 08:21:21,374 [INFO] PluginManager:220 - loadIPPluginJar : add touchsensing
2025-05-08 08:21:21,381 [INFO] IPUIPlugin:80 - create IPUIPlugin
2025-05-08 08:21:21,381 [INFO] PluginManager:220 - loadIPPluginJar : add tracer_emb
2025-05-08 08:21:21,389 [INFO] IPUIPlugin:80 - create IPUIPlugin
2025-05-08 08:21:21,390 [INFO] PluginManager:220 - loadIPPluginJar : add ts
2025-05-08 08:21:21,398 [INFO] IPUIPlugin:80 - create IPUIPlugin
2025-05-08 08:21:21,398 [INFO] PluginManager:220 - loadIPPluginJar : add tsc
2025-05-08 08:21:21,405 [INFO] IPUIPlugin:80 - create IPUIPlugin
2025-05-08 08:21:21,405 [INFO] PluginManager:220 - loadIPPluginJar : add ucpd
2025-05-08 08:21:21,412 [INFO] IPUIPlugin:80 - create IPUIPlugin
2025-05-08 08:21:21,412 [INFO] PluginManager:220 - loadIPPluginJar : add usart
2025-05-08 08:21:21,418 [INFO] IPUIPlugin:80 - create IPUIPlugin
2025-05-08 08:21:21,418 [INFO] PluginManager:220 - loadIPPluginJar : add usbx
2025-05-08 08:21:21,579 [FATAL] Updater:351 - Updater called before beeing initialized
2025-05-08 08:21:21,621 [INFO] RulesReader:64 - Compatibility file has been processed (297 Rules)
2025-05-08 08:21:21,636 [INFO] RulesReader:64 - Compatibility file has been processed (297 Rules)
2025-05-08 08:21:21,648 [INFO] CADModel:165 - CPN selected for project level
2025-05-08 08:21:21,648 [INFO] CADModel:114 - Register for checkConnection events
2025-05-08 08:21:21,649 [FATAL] Updater:351 - Updater called before beeing initialized
2025-05-08 08:21:21,649 [ERROR] CADModel:125 - Updater not yet initialized, retry later 
2025-05-08 08:21:21,816 [FATAL] Updater:351 - Updater called before beeing initialized
2025-05-08 08:21:21,818 [INFO] CADModel:165 - CPN selected for project level
2025-05-08 08:21:21,818 [INFO] CADModel:114 - Register for checkConnection events
2025-05-08 08:21:21,818 [FATAL] Updater:351 - Updater called before beeing initialized
2025-05-08 08:21:21,818 [ERROR] CADModel:125 - Updater not yet initialized, retry later 
2025-05-08 08:21:21,821 [FATAL] Updater:351 - Updater called before beeing initialized
2025-05-08 08:21:21,934 [FATAL] Updater:351 - Updater called before beeing initialized
2025-05-08 08:21:21,939 [INFO] DbMcusAds:53 - JSON generation date=Tue Dec 17 23:01:15 ICT 2024 (1734451275196)
2025-05-08 08:21:21,939 [FATAL] Updater:351 - Updater called before beeing initialized
2025-05-08 08:21:21,985 [WARN] DetailPanel:346 - Failed to get advertising image, set to default
2025-05-08 08:21:22,249 [FATAL] Updater:351 - Updater called before beeing initialized
2025-05-08 08:21:22,251 [FATAL] Updater:351 - Updater called before beeing initialized
2025-05-08 08:21:22,252 [FATAL] Updater:351 - Updater called before beeing initialized
2025-05-08 08:21:22,252 [WARN] DetailPanel:346 - Failed to get advertising image, set to default
2025-05-08 08:21:22,253 [FATAL] Updater:351 - Updater called before beeing initialized
2025-05-08 08:21:22,306 [ERROR] Updater:1198 - MainUpdater not yet initialized. External WinMGr cannot be set.
2025-05-08 08:21:22,310 [INFO] Updater:1134 - Updater Version found : 6.13.0
2025-05-08 08:21:22,324 [INFO] ApplicationProperties:184 - Using Application install path: C:\ST\STM32CubeIDE_1.16.1\STM32CubeIDE\plugins\com.st.stm32cube.common.mx_6.13.0.202411220809
2025-05-08 08:21:23,456 [INFO] ThirdPartyUpdaterWithRetryManager:70 - Updater plugin not ready yet. [2/15]
2025-05-08 08:21:23,899 [ERROR] LogOutputStream:75 - [STDERR_REDIRECT] May 08, 2025 8:21:23 AM java.util.prefs.WindowsPreferences <init>
2025-05-08 08:21:23,902 [ERROR] LogOutputStream:75 - [STDERR_REDIRECT] WARNING: Could not open/create prefs root node Software\JavaSoft\Prefs at root 0xffffffff80000002. Windows RegCreateKeyEx(...) returned error code 5.
2025-05-08 08:21:23,902 [ERROR] LogOutputStream:75 - [STDERR_REDIRECT] 
2025-05-08 08:21:24,253 [INFO] MainUpdater:2872 - connection check result : 22
2025-05-08 08:21:24,254 [INFO] MainUpdater:289 - Updater Check For Update Now.
2025-05-08 08:21:24,255 [INFO] MicroXplorer:498 - Change Database Version : DB.6.0.130
2025-05-08 08:21:24,280 [INFO] McuFinderGlobals:63 - Set McuFinder mode to 2 (CubeIDE integrated)
2025-05-08 08:21:24,282 [INFO] UserAuth:486 - Internet connection configuration mode: 2
2025-05-08 08:21:24,295 [INFO] UserAuth:486 - Internet connection configuration mode: 2
2025-05-08 08:21:24,473 [INFO] CheckServerUpdateThread:120 - End of CheckServer Thread
2025-05-08 08:21:26,710 [WARN] PackLoader:240 - Cannot read IP mode file for STMicroelectronics.FP-SNS-MOTENVWB1.1.4.0
2025-05-08 08:21:26,720 [WARN] PackLoader:240 - Cannot read IP mode file for STMicroelectronics.FP-ATR-ASTRA1.2.0.2
2025-05-08 08:21:26,724 [WARN] PackLoader:240 - Cannot read IP mode file for STMicroelectronics.FP-ATR-ASTRA1.2.0.1
2025-05-08 08:21:26,735 [WARN] PackLoader:240 - Cannot read IP mode file for STMicroelectronics.X-CUBE-SMBUS.2.1.0
2025-05-08 08:21:26,746 [WARN] PackLoader:240 - Cannot read IP mode file for STMicroelectronics.X-CUBE-WB05N.1.1.0
2025-05-08 08:21:26,781 [WARN] PackLoader:240 - Cannot read IP mode file for STMicroelectronics.X-CUBE-AZRTOS-F7.1.1.0
2025-05-08 08:21:26,831 [WARN] PackLoader:240 - Cannot read IP mode file for STMicroelectronics.X-CUBE-MEMS1.11.0.0
2025-05-08 08:21:26,988 [WARN] PackLoader:240 - Cannot read IP mode file for STMicroelectronics.FP-SNS-FLIGHT1.5.0.2
2025-05-08 08:21:27,000 [WARN] PackLoader:240 - Cannot read IP mode file for STMicroelectronics.X-CUBE-DISPLAY.3.0.0
2025-05-08 08:21:27,007 [WARN] PackLoader:240 - Cannot read IP mode file for STMicroelectronics.X-CUBE-BLE1.7.0.0
2025-05-08 08:21:27,014 [WARN] PackLoader:240 - Cannot read IP mode file for STMicroelectronics.X-CUBE-NFC10.1.0.0
2025-05-08 08:21:27,025 [WARN] PackLoader:240 - Cannot read IP mode file for STMicroelectronics.X-CUBE-BLEMGR.4.0.0
2025-05-08 08:21:27,032 [WARN] PackLoader:240 - Cannot read IP mode file for emotas.I-CUBE-CANOPEN.1.3.0
2025-05-08 08:21:27,038 [WARN] PackLoader:240 - Cannot read IP mode file for STMicroelectronics.X-CUBE-BLEMGR.3.1.0
2025-05-08 08:21:27,043 [WARN] PackLoader:240 - Cannot read IP mode file for STMicroelectronics.X-CUBE-AI.10.0.0
2025-05-08 08:21:27,050 [WARN] PackLoader:240 - Cannot read IP mode file for STMicroelectronics.FP-SNS-SMARTAG2.1.2.0
2025-05-08 08:21:27,053 [WARN] PackLoader:240 - Cannot read IP mode file for STMicroelectronics.FP-SNS-FLIGHT1.5.1.0
2025-05-08 08:21:27,082 [WARN] PackLoader:240 - Cannot read IP mode file for STMicroelectronics.X-CUBE-MEMS1.11.1.0
2025-05-08 08:21:27,184 [INFO] LogOutputStream:77 - [STDOUT_REDIRECT] 1 : Invalid condition id : UX_CORESTACK_Condition cause : null
2025-05-08 08:21:27,186 [INFO] LogOutputStream:77 - [STDOUT_REDIRECT] 1 : Invalid condition id : UX_CORESTACK_Condition cause : null
2025-05-08 08:21:27,188 [INFO] LogOutputStream:77 - [STDOUT_REDIRECT] 1 : Invalid condition id : UX_CORESTACK_Condition cause : null
2025-05-08 08:21:27,190 [INFO] LogOutputStream:77 - [STDOUT_REDIRECT] 1 : Invalid condition id : UX_CORESTACK_Condition cause : null
2025-05-08 08:21:27,193 [INFO] LogOutputStream:77 - [STDOUT_REDIRECT] 1 : Invalid condition id : UX_CORESTACK_Condition cause : null
2025-05-08 08:21:27,198 [WARN] PackLoader:240 - Cannot read IP mode file for STMicroelectronics.X-CUBE-AZRTOS-WL.2.0.0
2025-05-08 08:21:27,209 [WARN] PackLoader:240 - Cannot read IP mode file for STMicroelectronics.FP-SNS-MOTENV1.5.0.0
2025-05-08 08:21:27,220 [WARN] PackLoader:240 - Cannot read IP mode file for wolfSSL.I-CUBE-wolfMQTT.1.19.0
2025-05-08 08:21:27,280 [WARN] PackLoader:240 - Cannot read IP mode file for WES.I-CUBE-Cesium.1.3.0
2025-05-08 08:21:27,297 [WARN] PackLoader:240 - Cannot read IP mode file for STMicroelectronics.X-CUBE-BLE2.3.3.0
2025-05-08 08:21:27,308 [WARN] PackLoader:240 - Cannot read IP mode file for STMicroelectronics.X-CUBE-NFC9.1.0.0
2025-05-08 08:21:27,318 [WARN] PackLoader:240 - Cannot read IP mode file for STMicroelectronics.X-CUBE-BLE1.7.1.0
2025-05-08 08:21:27,331 [WARN] PackLoader:240 - Cannot read IP mode file for STMicroelectronics.X-CUBE-TCPP.4.1.0
2025-05-08 08:21:27,377 [WARN] PackLoader:240 - Cannot read IP mode file for STMicroelectronics.X-CUBE-MEMS1.11.2.0
2025-05-08 08:21:27,477 [WARN] PackLoader:240 - Cannot read IP mode file for STMicroelectronics.X-CUBE-AZRTOS-G0.1.1.0
2025-05-08 08:21:27,484 [WARN] PackLoader:240 - Cannot read IP mode file for STMicroelectronics.X-CUBE-SAFEA1.1.2.2
2025-05-08 08:21:27,494 [WARN] PackLoader:240 - Cannot read IP mode file for STMicroelectronics.X-CUBE-NFC4.3.0.0
2025-05-08 08:21:27,510 [WARN] PackLoader:240 - Cannot read IP mode file for EmbeddedOffice.I-CUBE-FS-RTOS.1.0.1
2025-05-08 08:21:27,515 [WARN] PackLoader:240 - Cannot read IP mode file for STMicroelectronics.X-CUBE-WB05N.2.0.0
2025-05-08 08:21:27,520 [WARN] PackLoader:240 - Cannot read IP mode file for STMicroelectronics.X-CUBE-TCPP.4.2.0
2025-05-08 08:21:27,527 [WARN] PackLoader:240 - Cannot read IP mode file for RealThread.X-CUBE-RT-Thread_Nano.4.1.1
2025-05-08 08:21:27,533 [WARN] PackLoader:240 - Cannot read IP mode file for STMicroelectronics.FP-ATR-SIGFOX1.3.2.0
2025-05-08 08:21:27,539 [WARN] ConditionMgr:438 - getConditionDescription Invalid condition id : Cortex-A Device cause : null
2025-05-08 08:21:27,560 [WARN] ConditionMgr:1044 - genDependencies : Invalid condition id : Cortex-A Device cause : null
2025-05-08 08:21:27,560 [WARN] ConditionMgr:1044 - genDependencies : Invalid condition id : Cortex-A Device cause : null
2025-05-08 08:21:27,561 [WARN] ConditionMgr:1044 - genDependencies : Invalid condition id : Cortex-A Device cause : null
2025-05-08 08:21:27,566 [WARN] PackLoader:240 - Cannot read IP mode file for STMicroelectronics.X-CUBE-EEPRMA1.5.1.0
2025-05-08 08:21:27,572 [WARN] PackLoader:240 - Cannot read IP mode file for wolfSSL.I-CUBE-wolfSSL.5.7.4
2025-05-08 08:21:27,577 [WARN] PackLoader:240 - Cannot read IP mode file for ITTIA_DB.I-CUBE-ITTIADB.8.9.0
2025-05-08 08:21:27,597 [WARN] PackLoader:240 - Cannot read IP mode file for SEGGER.I-CUBE-embOS.1.3.1
2025-05-08 08:21:27,623 [WARN] PackLoader:240 - Cannot read IP mode file for STMicroelectronics.X-CUBE-ALGOBUILD.1.4.0
2025-05-08 08:21:27,626 [WARN] PackLoader:240 - Cannot read IP mode file for STMicroelectronics.X-CUBE-AI.9.1.0
2025-05-08 08:21:27,635 [WARN] PackLoader:240 - Cannot read IP mode file for STMicroelectronics.X-CUBE-AZRTOS-F4.1.1.0
2025-05-08 08:21:27,639 [WARN] PackLoader:240 - Cannot read IP mode file for Avnet-IotConnect.X-CUBE-IoTC-DA16k-PMOD.1.0.0
2025-05-08 08:21:27,644 [WARN] PackLoader:240 - Cannot read IP mode file for STMicroelectronics.X-CUBE-ISPU.2.1.0
2025-05-08 08:21:27,647 [WARN] PackLoader:240 - Cannot read IP mode file for STMicroelectronics.X-CUBE-FREERTOS.1.2.0
2025-05-08 08:21:27,659 [WARN] PackLoader:240 - Cannot read IP mode file for STMicroelectronics.X-CUBE-AZRTOS-L5.2.0.0
2025-05-08 08:21:27,667 [WARN] PackLoader:240 - Cannot read IP mode file for STMicroelectronics.X-CUBE-NFC6.3.1.0
2025-05-08 08:21:27,674 [WARN] PackLoader:240 - Cannot read IP mode file for STMicroelectronics.X-CUBE-DPower.1.2.0
2025-05-08 08:21:27,678 [WARN] PackLoader:240 - Cannot read IP mode file for STMicroelectronics.X-CUBE-FREERTOS.1.3.0
2025-05-08 08:21:27,684 [WARN] PackLoader:240 - Cannot read IP mode file for STMicroelectronics.X-CUBE-NFC7.1.0.1
2025-05-08 08:21:27,689 [WARN] PackLoader:240 - Cannot read IP mode file for STMicroelectronics.X-CUBE-DPower.1.3.0
2025-05-08 08:21:27,699 [WARN] ConditionMgr:438 - getConditionDescription Invalid condition id : LAN8742 Phy interface Condition cause : null
2025-05-08 08:21:27,700 [WARN] PackLoader:240 - Cannot read IP mode file for STMicroelectronics.X-CUBE-AZRTOS-L4.2.0.0
2025-05-08 08:21:27,700 [WARN] ConditionMgr:1044 - genDependencies : Invalid condition id : LAN8742 Phy interface Condition cause : null
2025-05-08 08:21:27,700 [WARN] ConditionMgr:1044 - genDependencies : Invalid condition id : LAN8742 Phy interface Condition cause : null
2025-05-08 08:21:27,701 [WARN] ConditionMgr:1044 - genDependencies : Invalid condition id : LAN8742 Phy interface Condition cause : null
2025-05-08 08:21:27,707 [WARN] PackLoader:240 - Cannot read IP mode file for STMicroelectronics.X-CUBE-SFXS2LP1.4.0.0
2025-05-08 08:21:27,723 [WARN] PackLoader:240 - Cannot read IP mode file for STMicroelectronics.X-CUBE-AZRTOS-H7.3.3.0
2025-05-08 08:21:27,735 [WARN] PackLoader:240 - Cannot read IP mode file for STMicroelectronics.X-CUBE-IPS.3.0.0
2025-05-08 08:21:27,761 [WARN] ConditionMgr:438 - getConditionDescription Invalid condition id : UX DEVICE CLASS RTOS Condition cause : null
2025-05-08 08:21:27,761 [WARN] ConditionMgr:438 - getConditionDescription Invalid condition id : UX DEVICE CLASS RTOS Condition cause : null
2025-05-08 08:21:27,765 [WARN] PackLoader:240 - Cannot read IP mode file for STMicroelectronics.X-CUBE-AZRTOS-WB.2.0.0
2025-05-08 08:21:27,766 [WARN] ConditionMgr:1044 - genDependencies : Invalid condition id : UX DEVICE CLASS RTOS Condition cause : null
2025-05-08 08:21:27,766 [WARN] ConditionMgr:1044 - genDependencies : Invalid condition id : UX DEVICE CLASS RTOS Condition cause : null
2025-05-08 08:21:27,768 [WARN] ConditionMgr:1044 - genDependencies : Invalid condition id : UX DEVICE CLASS RTOS Condition cause : null
2025-05-08 08:21:27,768 [WARN] ConditionMgr:1044 - genDependencies : Invalid condition id : UX DEVICE CLASS RTOS Condition cause : null
2025-05-08 08:21:27,768 [WARN] ConditionMgr:1044 - genDependencies : Invalid condition id : UX DEVICE CLASS RTOS Condition cause : null
2025-05-08 08:21:27,781 [WARN] PackLoader:240 - Cannot read IP mode file for STMicroelectronics.X-CUBE-GNSS1.7.0.0
2025-05-08 08:21:27,789 [WARN] PackLoader:240 - Cannot read IP mode file for STMicroelectronics.X-CUBE-GNSS1.7.0.1
2025-05-08 08:21:27,815 [WARN] PackLoader:240 - Cannot read IP mode file for STMicroelectronics.X-CUBE-TOUCHGFX.4.25.0
2025-05-08 08:21:27,826 [WARN] PackLoader:240 - Cannot read IP mode file for STMicroelectronics.FP-SNS-STBOX1.2.0.0
2025-05-08 08:21:27,837 [WARN] PackLoader:240 - Cannot read IP mode file for STMicroelectronics.X-CUBE-SUBG2.5.0.0
2025-05-08 08:21:27,856 [WARN] PackLoader:240 - Cannot read IP mode file for STMicroelectronics.X-CUBE-AZRTOS-H7RS.1.1.0
2025-05-08 08:21:27,866 [WARN] PackLoader:240 - Cannot read IP mode file for Cesanta.I-CUBE-Mongoose.7.13.0
2025-05-08 08:21:27,883 [WARN] PackLoader:240 - Cannot read IP mode file for STMicroelectronics.X-CUBE-AZRTOS-G4.2.0.0
2025-05-08 08:21:27,889 [WARN] PackLoader:240 - Cannot read IP mode file for STMicroelectronics.X-CUBE-NFC7.2.0.0
2025-05-08 08:21:27,898 [WARN] PackLoader:240 - Cannot read IP mode file for STMicroelectronics.X-CUBE-IPS.3.1.0
2025-05-08 08:21:27,904 [WARN] PackLoader:240 - Cannot read IP mode file for STMicroelectronics.X-CUBE-ALS.1.0.2
2025-05-08 08:21:27,907 [WARN] PackLoader:240 - Cannot read IP mode file for STMicroelectronics.X-CUBE-TOUCHGFX.4.24.2
2025-05-08 08:21:27,911 [WARN] PackLoader:240 - Cannot read IP mode file for STMicroelectronics.X-CUBE-TOUCHGFX.4.24.1
2025-05-08 08:21:27,915 [WARN] PackLoader:240 - Cannot read IP mode file for wolfSSL.I-CUBE-wolfTPM.3.4.0
2025-05-08 08:21:27,921 [WARN] PackLoader:240 - Cannot read IP mode file for portGmbH.I-Cube-SoM-uGOAL.1.1.0
2025-05-08 08:21:27,933 [WARN] PackLoader:240 - Cannot read IP mode file for STMicroelectronics.X-CUBE-AZRTOS-H7RS.1.0.0
2025-05-08 08:21:27,944 [WARN] PackLoader:240 - Cannot read IP mode file for STMicroelectronics.FP-ATR-ASTRA1.2.0.0
2025-05-08 08:21:27,952 [WARN] PackLoader:240 - Cannot read IP mode file for STMicroelectronics.X-CUBE-TOF1.3.4.2
2025-05-08 08:21:27,971 [WARN] PackLoader:240 - Cannot read IP mode file for STMicroelectronics.X-CUBE-TOF1.3.4.3
2025-05-08 08:21:27,999 [WARN] PackLoader:240 - Cannot read IP mode file for Infineon.AIROC-Wi-Fi-Bluetooth-STM32.1.6.1
2025-05-08 08:21:28,009 [WARN] PackLoader:240 - Cannot read IP mode file for wolfSSL.I-CUBE-wolfSSH.1.4.17
2025-05-08 08:21:28,010 [INFO] ThirdParty:978 - Integrity check success = true
2025-05-08 08:21:28,010 [INFO] IntegrityCheckThread:100 - exiting critical section [integrity check]
2025-05-08 08:21:28,010 [INFO] IntegrityCheckThread:103 - End integrity checks thread
