2025-05-06 08:24:55,123 [INFO] Activator:176 - 


2025-05-06 08:24:55,130 [INFO] Activator:177 - !SESSION log4j initialized
2025-05-06 08:25:01,724 [INFO] LogOutputStream:77 - [STDOUT_REDIRECT] 
2025-05-06 08:25:08,522 [INFO] ApplicationProperties:184 - Using Application install path: C:\ST\STM32CubeIDE_1.16.1\STM32CubeIDE\plugins\com.st.stm32cube.common.mx_6.13.0.202411220809
2025-05-06 08:25:08,536 [INFO] DbMcusXml:78 - Set database path to: C:\ST\STM32CubeIDE_1.16.1\STM32CubeIDE\plugins\com.st.stm32cube.common.mx_6.13.0.202411220809\\db\/mcu/
2025-05-06 08:25:08,536 [INFO] ApiDb:274 - Set plugin database path to: C:\ST\STM32CubeIDE_1.16.1\STM32CubeIDE\plugins\com.st.stm32cube.common.mx_6.13.0.202411220809\\db\/plugins/boardmanager/
2025-05-06 08:25:08,537 [WARN] ApiDb:259 - Overriding images path with different value:  => C:\ST\STM32CubeIDE_1.16.1\STM32CubeIDE\plugins\com.st.stm32cube.common.mx_6.13.0.202411220809\\db\/plugins/mcufinder/images/
2025-05-06 08:25:08,550 [INFO] ApiDb:250 - Set database path to: C:\Users\Chinnapop\.stmcufinder\plugins\mcufinder//mcu/
2025-05-06 08:25:08,551 [INFO] DbMcusAds:125 - Set database path to: C:\Users\Chinnapop\.stmcufinder\plugins\mcufinder//mcu/
2025-05-06 08:25:08,554 [INFO] CrossReferenceDbSqlite:203 - Set database path to: C:\Users\Chinnapop\.stmcufinder\plugins\mcufinder//mcu/cs/
2025-05-06 08:25:08,671 [INFO] RulesReader:64 - Compatibility file has been processed (297 Rules)
2025-05-06 08:25:08,768 [INFO] DbMcusXml:78 - Set database path to: C:\ST\STM32CubeIDE_1.16.1\STM32CubeIDE\plugins\com.st.stm32cube.common.mx_6.13.0.202411220809\\db\/mcu/
2025-05-06 08:25:08,768 [INFO] ApiDb:274 - Set plugin database path to: C:\ST\STM32CubeIDE_1.16.1\STM32CubeIDE\plugins\com.st.stm32cube.common.mx_6.13.0.202411220809\\db\/plugins/boardmanager/
2025-05-06 08:25:08,768 [INFO] ApiDb:261 - Set plugin images path to: C:\ST\STM32CubeIDE_1.16.1\STM32CubeIDE\plugins\com.st.stm32cube.common.mx_6.13.0.202411220809\\db\/plugins/mcufinder/images/
2025-05-06 08:25:08,768 [WARN] DbFile:41 - Overriding database path with different value: C:\Users\Chinnapop\.stmcufinder\plugins\mcufinder/ => C:\Users\Chinnapop\.stmcufinder\plugins\mcufinder
2025-05-06 08:25:08,768 [INFO] ApiDb:250 - Set database path to: C:\Users\Chinnapop\.stmcufinder\plugins\mcufinder//mcu/
2025-05-06 08:25:08,769 [WARN] DbFile:41 - Overriding database path with different value: C:\Users\Chinnapop\.stmcufinder\plugins\mcufinder/ => C:\Users\Chinnapop\.stmcufinder\plugins\mcufinder
2025-05-06 08:25:08,769 [INFO] DbMcusAds:125 - Set database path to: C:\Users\Chinnapop\.stmcufinder\plugins\mcufinder//mcu/
2025-05-06 08:25:08,769 [WARN] DbFile:41 - Overriding database path with different value: C:\Users\Chinnapop\.stmcufinder\plugins\mcufinder/ => C:\Users\Chinnapop\.stmcufinder\plugins\mcufinder
2025-05-06 08:25:08,769 [WARN] DbFile:41 - Overriding database path with different value: C:\Users\Chinnapop\.stmcufinder\plugins\mcufinder/ => C:\Users\Chinnapop\.stmcufinder\plugins\mcufinder
2025-05-06 08:25:08,769 [INFO] CrossReferenceDbSqlite:203 - Set database path to: C:\Users\Chinnapop\.stmcufinder\plugins\mcufinder//mcu/cs/
2025-05-06 08:25:08,878 [INFO] MainPanel:272 - HeapMemory: 268435456
2025-05-06 08:25:08,992 [INFO] DbMcusXml:78 - Set database path to: C:\ST\STM32CubeIDE_1.16.1\STM32CubeIDE\plugins\com.st.stm32cube.common.mx_6.13.0.202411220809\\db\/mcu/
2025-05-06 08:25:08,992 [INFO] ApiDb:274 - Set plugin database path to: C:\ST\STM32CubeIDE_1.16.1\STM32CubeIDE\plugins\com.st.stm32cube.common.mx_6.13.0.202411220809\\db\/plugins/boardmanager/
2025-05-06 08:25:08,992 [INFO] ApiDb:261 - Set plugin images path to: C:\ST\STM32CubeIDE_1.16.1\STM32CubeIDE\plugins\com.st.stm32cube.common.mx_6.13.0.202411220809\\db\/plugins/mcufinder/images/
2025-05-06 08:25:08,993 [WARN] DbFile:41 - Overriding database path with different value: C:\Users\Chinnapop\.stmcufinder\plugins\mcufinder/ => C:\Users\Chinnapop\.stmcufinder\plugins\mcufinder
2025-05-06 08:25:08,993 [INFO] ApiDb:250 - Set database path to: C:\Users\Chinnapop\.stmcufinder\plugins\mcufinder//mcu/
2025-05-06 08:25:08,993 [WARN] DbFile:41 - Overriding database path with different value: C:\Users\Chinnapop\.stmcufinder\plugins\mcufinder/ => C:\Users\Chinnapop\.stmcufinder\plugins\mcufinder
2025-05-06 08:25:08,993 [INFO] DbMcusAds:125 - Set database path to: C:\Users\Chinnapop\.stmcufinder\plugins\mcufinder//mcu/
2025-05-06 08:25:08,993 [WARN] DbFile:41 - Overriding database path with different value: C:\Users\Chinnapop\.stmcufinder\plugins\mcufinder/ => C:\Users\Chinnapop\.stmcufinder\plugins\mcufinder
2025-05-06 08:25:08,993 [WARN] DbFile:41 - Overriding database path with different value: C:\Users\Chinnapop\.stmcufinder\plugins\mcufinder/ => C:\Users\Chinnapop\.stmcufinder\plugins\mcufinder
2025-05-06 08:25:08,994 [INFO] CrossReferenceDbSqlite:203 - Set database path to: C:\Users\Chinnapop\.stmcufinder\plugins\mcufinder//mcu/cs/
2025-05-06 08:25:09,013 [INFO] ApplicationProperties:184 - Using Application install path: C:\ST\STM32CubeIDE_1.16.1\STM32CubeIDE\plugins\com.st.stm32cube.common.mx_6.13.0.202411220809
2025-05-06 08:25:09,015 [INFO] PluginManage:196 - Search for loadable plugins [exclusion list=, ]
2025-05-06 08:25:09,016 [INFO] PluginManage:310 - Check plugin analytics
2025-05-06 08:25:09,209 [INFO] AnalyticsPlugin:253 - Accepted Software Licenses: 
2025-05-06 08:25:09,210 [INFO] AnalyticsPlugin:255 - Accepted CMSIS Pack Licenses: 
2025-05-06 08:25:09,210 [INFO] AnalyticsPlugin:257 - Accepted Firmware Licenses: FW.F7.1.17.0
2025-05-06 08:25:09,214 [INFO] PluginManage:359 - Loaded plugin analytics (category:tool,tabindex:-1)
2025-05-06 08:25:09,215 [INFO] PluginManage:310 - Check plugin cadmodel
2025-05-06 08:25:09,222 [INFO] CADModel:105 - Init CAD model plugin
2025-05-06 08:25:09,222 [INFO] PluginManage:359 - Loaded plugin cadmodel (category:power,tabindex:5)
2025-05-06 08:25:09,222 [INFO] PluginManage:310 - Check plugin clock
2025-05-06 08:25:09,234 [INFO] PluginManage:359 - Loaded plugin clock (category:base,tabindex:2)
2025-05-06 08:25:09,234 [INFO] PluginManage:310 - Check plugin ddr
2025-05-06 08:25:09,236 [INFO] PluginManage:359 - Loaded plugin ddr (category:tool,tabindex:6)
2025-05-06 08:25:09,236 [INFO] PluginManage:310 - Check plugin filemanager
2025-05-06 08:25:09,390 [INFO] PluginManage:359 - Loaded plugin filemanager (category:base,tabindex:10)
2025-05-06 08:25:09,390 [INFO] PluginManage:310 - Check plugin ipmanager
2025-05-06 08:25:09,398 [INFO] PluginManage:359 - Loaded plugin ipmanager (category:base,tabindex:5)
2025-05-06 08:25:09,398 [INFO] PluginManage:310 - Check plugin lpbam
2025-05-06 08:25:09,411 [INFO] PluginManage:359 - Loaded plugin lpbam (category:base,tabindex:0)
2025-05-06 08:25:09,411 [INFO] PluginManage:310 - Check plugin memorymap
2025-05-06 08:25:09,434 [INFO] PluginManage:359 - Loaded plugin memorymap (category:base,tabindex:4)
2025-05-06 08:25:09,434 [INFO] PluginManage:310 - Check plugin pinoutandconfiguration
2025-05-06 08:25:09,449 [INFO] PluginManage:359 - Loaded plugin pinoutandconfiguration (category:base,tabindex:1)
2025-05-06 08:25:09,449 [INFO] PluginManage:310 - Check plugin pinoutconfig
2025-05-06 08:25:09,570 [WARN] SupportedApi:132 - Cannot load RTOS API schema: s4s-elt-must-match.1: The content of 'definitions' must match (annotation?, (simpleType | complexType)?, (unique | key | keyref)*)). A problem was found starting at: attribute.
2025-05-06 08:25:09,720 [INFO] PluginManage:359 - Loaded plugin pinoutconfig (category:base,tabindex:0)
2025-05-06 08:25:09,720 [INFO] PluginManage:310 - Check plugin power
2025-05-06 08:25:09,730 [INFO] PluginManage:359 - Loaded plugin power (category:power,tabindex:4)
2025-05-06 08:25:09,730 [INFO] PluginManage:310 - Check plugin projectmanager
2025-05-06 08:25:09,747 [INFO] PluginManage:359 - Loaded plugin projectmanager (category:projectmanager,tabindex:4)
2025-05-06 08:25:09,747 [INFO] PluginManage:310 - Check plugin rif
2025-05-06 08:25:09,760 [INFO] PluginManage:359 - Loaded plugin rif (category:base,tabindex:3)
2025-05-06 08:25:09,761 [INFO] PluginManage:310 - Check plugin thirdparty
2025-05-06 08:25:09,919 [WARN] IntegrityCheckThread:84 - waiting for thirdparty lock release [integrity check]
2025-05-06 08:25:09,920 [INFO] IntegrityCheckThread:86 - entering critical section [integrity check]
2025-05-06 08:25:09,920 [INFO] ThirdPartyUpdaterWithRetryManager:70 - Updater plugin not ready yet. [1/15]
2025-05-06 08:25:09,920 [INFO] PluginManage:359 - Loaded plugin thirdparty (category:base,tabindex:-1)
2025-05-06 08:25:09,920 [INFO] PluginManage:310 - Check plugin tools
2025-05-06 08:25:09,928 [INFO] PluginManage:359 - Loaded plugin tools (category:base,tabindex:7)
2025-05-06 08:25:09,928 [INFO] PluginManage:310 - Check plugin tutovideos
2025-05-06 08:25:10,096 [INFO] PluginManage:359 - Loaded plugin tutovideos (category:base,tabindex:-1)
2025-05-06 08:25:10,097 [INFO] PluginManage:310 - Check plugin updater
2025-05-06 08:25:10,116 [INFO] PluginManage:359 - Loaded plugin updater (category:base,tabindex:12)
2025-05-06 08:25:10,116 [INFO] PluginManage:310 - Check plugin userauth
2025-05-06 08:25:10,120 [INFO] UserAuth:118 - Init User Auth plugin
2025-05-06 08:25:10,121 [INFO] PluginManage:359 - Loaded plugin userauth (category:base,tabindex:14)
2025-05-06 08:25:10,121 [INFO] PluginManage:283 - PluginManage : Loaded plugins [18]
2025-05-06 08:25:10,337 [INFO] PinOutPanel:1589 - setPackage(No Configuration,No Configuration)
2025-05-06 08:25:10,423 [INFO] CADModel:165 - CPN selected for project level
2025-05-06 08:25:10,424 [INFO] CADModel:114 - Register for checkConnection events
2025-05-06 08:25:10,445 [INFO] IPUIPlugin:80 - create IPUIPlugin
2025-05-06 08:25:10,446 [INFO] PluginManager:220 - loadIPPluginJar : add adc
2025-05-06 08:25:10,452 [INFO] IPUIPlugin:80 - create IPUIPlugin
2025-05-06 08:25:10,452 [INFO] PluginManager:220 - loadIPPluginJar : add aes
2025-05-06 08:25:10,458 [INFO] IPUIPlugin:80 - create IPUIPlugin
2025-05-06 08:25:10,459 [INFO] PluginManager:220 - loadIPPluginJar : add can
2025-05-06 08:25:10,464 [INFO] IPUIPlugin:80 - create IPUIPlugin
2025-05-06 08:25:10,464 [INFO] PluginManager:220 - loadIPPluginJar : add comp
2025-05-06 08:25:10,469 [INFO] IPUIPlugin:80 - create IPUIPlugin
2025-05-06 08:25:10,470 [INFO] PluginManager:220 - loadIPPluginJar : add cryp
2025-05-06 08:25:10,475 [INFO] IPUIPlugin:80 - create IPUIPlugin
2025-05-06 08:25:10,475 [INFO] PluginManager:220 - loadIPPluginJar : add ddr_ctrl_phy
2025-05-06 08:25:10,481 [INFO] IPUIPlugin:80 - create IPUIPlugin
2025-05-06 08:25:10,481 [INFO] PluginManager:220 - loadIPPluginJar : add dfsdm
2025-05-06 08:25:10,490 [INFO] IPUIPlugin:80 - create IPUIPlugin
2025-05-06 08:25:10,491 [INFO] PluginManager:220 - loadIPPluginJar : add dma
2025-05-06 08:25:10,496 [INFO] IPUIPlugin:80 - create IPUIPlugin
2025-05-06 08:25:10,496 [INFO] PluginManager:220 - loadIPPluginJar : add dma3
2025-05-06 08:25:10,502 [INFO] IPUIPlugin:80 - create IPUIPlugin
2025-05-06 08:25:10,502 [INFO] PluginManager:220 - loadIPPluginJar : add extmemmanager
2025-05-06 08:25:10,507 [INFO] IPUIPlugin:80 - create IPUIPlugin
2025-05-06 08:25:10,507 [INFO] PluginManager:220 - loadIPPluginJar : add fatfs
2025-05-06 08:25:10,515 [INFO] IPUIPlugin:80 - create IPUIPlugin
2025-05-06 08:25:10,515 [INFO] PluginManager:220 - loadIPPluginJar : add fmc
2025-05-06 08:25:10,527 [INFO] IPUIPlugin:80 - create IPUIPlugin
2025-05-06 08:25:10,527 [INFO] PluginManager:220 - loadIPPluginJar : add freertos
2025-05-06 08:25:10,532 [INFO] IPUIPlugin:80 - create IPUIPlugin
2025-05-06 08:25:10,532 [INFO] PluginManager:220 - loadIPPluginJar : add genericplugin
2025-05-06 08:25:10,538 [INFO] IPUIPlugin:80 - create IPUIPlugin
2025-05-06 08:25:10,538 [INFO] PluginManager:220 - loadIPPluginJar : add gfxmmu
2025-05-06 08:25:10,547 [INFO] IPUIPlugin:80 - create IPUIPlugin
2025-05-06 08:25:10,548 [INFO] PluginManager:220 - loadIPPluginJar : add gic
2025-05-06 08:25:10,555 [INFO] IPUIPlugin:80 - create IPUIPlugin
2025-05-06 08:25:10,555 [INFO] PluginManager:220 - loadIPPluginJar : add gpio
2025-05-06 08:25:10,561 [INFO] IPUIPlugin:80 - create IPUIPlugin
2025-05-06 08:25:10,561 [INFO] PluginManager:220 - loadIPPluginJar : add gtzc
2025-05-06 08:25:10,566 [INFO] IPUIPlugin:80 - create IPUIPlugin
2025-05-06 08:25:10,566 [INFO] PluginManager:220 - loadIPPluginJar : add hash
2025-05-06 08:25:10,572 [INFO] IPUIPlugin:80 - create IPUIPlugin
2025-05-06 08:25:10,572 [INFO] PluginManager:220 - loadIPPluginJar : add i2c
2025-05-06 08:25:10,577 [INFO] IPUIPlugin:80 - create IPUIPlugin
2025-05-06 08:25:10,577 [INFO] PluginManager:220 - loadIPPluginJar : add i2s
2025-05-06 08:25:10,583 [INFO] IPUIPlugin:80 - create IPUIPlugin
2025-05-06 08:25:10,583 [INFO] PluginManager:220 - loadIPPluginJar : add i3c
2025-05-06 08:25:10,589 [INFO] IPUIPlugin:80 - create IPUIPlugin
2025-05-06 08:25:10,590 [INFO] PluginManager:220 - loadIPPluginJar : add ipddr
2025-05-06 08:25:10,598 [INFO] IPUIPlugin:80 - create IPUIPlugin
2025-05-06 08:25:10,599 [INFO] PluginManager:220 - loadIPPluginJar : add linkedlist
2025-05-06 08:25:10,605 [INFO] IPUIPlugin:80 - create IPUIPlugin
2025-05-06 08:25:10,605 [INFO] PluginManager:220 - loadIPPluginJar : add lorawan
2025-05-06 08:25:10,609 [INFO] IPUIPlugin:80 - create IPUIPlugin
2025-05-06 08:25:10,609 [INFO] PluginManager:220 - loadIPPluginJar : add ltdc
2025-05-06 08:25:10,618 [INFO] IPUIPlugin:80 - create IPUIPlugin
2025-05-06 08:25:10,618 [INFO] PluginManager:220 - loadIPPluginJar : add mdma
2025-05-06 08:25:10,624 [INFO] IPUIPlugin:80 - create IPUIPlugin
2025-05-06 08:25:10,624 [INFO] PluginManager:220 - loadIPPluginJar : add nvic
2025-05-06 08:25:10,630 [INFO] IPUIPlugin:80 - create IPUIPlugin
2025-05-06 08:25:10,630 [INFO] PluginManager:220 - loadIPPluginJar : add opamp
2025-05-06 08:25:10,636 [INFO] IPUIPlugin:80 - create IPUIPlugin
2025-05-06 08:25:10,637 [INFO] PluginManager:220 - loadIPPluginJar : add openamp
2025-05-06 08:25:10,642 [INFO] IPUIPlugin:80 - create IPUIPlugin
2025-05-06 08:25:10,642 [INFO] PluginManager:220 - loadIPPluginJar : add pdm2pcm
2025-05-06 08:25:10,653 [INFO] IPUIPlugin:80 - create IPUIPlugin
2025-05-06 08:25:10,655 [INFO] PluginManager:220 - loadIPPluginJar : add plateformsettings
2025-05-06 08:25:10,660 [INFO] IPUIPlugin:80 - create IPUIPlugin
2025-05-06 08:25:10,660 [INFO] PluginManager:220 - loadIPPluginJar : add quadspi
2025-05-06 08:25:10,666 [INFO] IPUIPlugin:80 - create IPUIPlugin
2025-05-06 08:25:10,666 [INFO] PluginManager:220 - loadIPPluginJar : add radio
2025-05-06 08:25:10,676 [INFO] IPUIPlugin:80 - create IPUIPlugin
2025-05-06 08:25:10,676 [INFO] PluginManager:220 - loadIPPluginJar : add resmgrutility
2025-05-06 08:25:10,686 [INFO] IPUIPlugin:80 - create IPUIPlugin
2025-05-06 08:25:10,687 [INFO] PluginManager:220 - loadIPPluginJar : add sai
2025-05-06 08:25:10,697 [INFO] IPUIPlugin:80 - create IPUIPlugin
2025-05-06 08:25:10,697 [INFO] PluginManager:220 - loadIPPluginJar : add spi
2025-05-06 08:25:10,715 [INFO] IPUIPlugin:80 - create IPUIPlugin
2025-05-06 08:25:10,715 [INFO] PluginManager:220 - loadIPPluginJar : add stm32_wpan
2025-05-06 08:25:10,721 [INFO] IPUIPlugin:80 - create IPUIPlugin
2025-05-06 08:25:10,721 [INFO] PluginManager:220 - loadIPPluginJar : add tim
2025-05-06 08:25:10,729 [INFO] IPUIPlugin:80 - create IPUIPlugin
2025-05-06 08:25:10,729 [INFO] PluginManager:220 - loadIPPluginJar : add touchsensing
2025-05-06 08:25:10,736 [INFO] IPUIPlugin:80 - create IPUIPlugin
2025-05-06 08:25:10,737 [INFO] PluginManager:220 - loadIPPluginJar : add tracer_emb
2025-05-06 08:25:10,742 [INFO] IPUIPlugin:80 - create IPUIPlugin
2025-05-06 08:25:10,743 [INFO] PluginManager:220 - loadIPPluginJar : add ts
2025-05-06 08:25:10,750 [INFO] IPUIPlugin:80 - create IPUIPlugin
2025-05-06 08:25:10,750 [INFO] PluginManager:220 - loadIPPluginJar : add tsc
2025-05-06 08:25:10,768 [INFO] IPUIPlugin:80 - create IPUIPlugin
2025-05-06 08:25:10,768 [INFO] PluginManager:220 - loadIPPluginJar : add ucpd
2025-05-06 08:25:10,775 [INFO] IPUIPlugin:80 - create IPUIPlugin
2025-05-06 08:25:10,776 [INFO] PluginManager:220 - loadIPPluginJar : add usart
2025-05-06 08:25:10,784 [INFO] IPUIPlugin:80 - create IPUIPlugin
2025-05-06 08:25:10,784 [INFO] PluginManager:220 - loadIPPluginJar : add usbx
2025-05-06 08:25:10,927 [FATAL] Updater:351 - Updater called before beeing initialized
2025-05-06 08:25:10,968 [INFO] RulesReader:64 - Compatibility file has been processed (297 Rules)
2025-05-06 08:25:10,988 [INFO] RulesReader:64 - Compatibility file has been processed (297 Rules)
2025-05-06 08:25:11,008 [INFO] CADModel:165 - CPN selected for project level
2025-05-06 08:25:11,008 [INFO] CADModel:114 - Register for checkConnection events
2025-05-06 08:25:11,008 [FATAL] Updater:351 - Updater called before beeing initialized
2025-05-06 08:25:11,008 [ERROR] CADModel:125 - Updater not yet initialized, retry later 
2025-05-06 08:25:11,179 [FATAL] Updater:351 - Updater called before beeing initialized
2025-05-06 08:25:11,180 [INFO] CADModel:165 - CPN selected for project level
2025-05-06 08:25:11,180 [INFO] CADModel:114 - Register for checkConnection events
2025-05-06 08:25:11,180 [FATAL] Updater:351 - Updater called before beeing initialized
2025-05-06 08:25:11,180 [ERROR] CADModel:125 - Updater not yet initialized, retry later 
2025-05-06 08:25:11,184 [FATAL] Updater:351 - Updater called before beeing initialized
2025-05-06 08:25:11,287 [FATAL] Updater:351 - Updater called before beeing initialized
2025-05-06 08:25:11,290 [INFO] DbMcusAds:53 - JSON generation date=Thu Mar 06 21:54:21 ICT 2025 (1741272861825)
2025-05-06 08:25:11,291 [FATAL] Updater:351 - Updater called before beeing initialized
2025-05-06 08:25:11,330 [WARN] DetailPanel:346 - Failed to get advertising image, set to default
2025-05-06 08:25:11,572 [FATAL] Updater:351 - Updater called before beeing initialized
2025-05-06 08:25:11,573 [FATAL] Updater:351 - Updater called before beeing initialized
2025-05-06 08:25:11,574 [FATAL] Updater:351 - Updater called before beeing initialized
2025-05-06 08:25:11,574 [WARN] DetailPanel:346 - Failed to get advertising image, set to default
2025-05-06 08:25:11,575 [FATAL] Updater:351 - Updater called before beeing initialized
2025-05-06 08:25:11,618 [ERROR] Updater:1198 - MainUpdater not yet initialized. External WinMGr cannot be set.
2025-05-06 08:25:11,622 [INFO] Updater:1134 - Updater Version found : 6.13.0
2025-05-06 08:25:11,636 [INFO] ApplicationProperties:184 - Using Application install path: C:\ST\STM32CubeIDE_1.16.1\STM32CubeIDE\plugins\com.st.stm32cube.common.mx_6.13.0.202411220809
2025-05-06 08:25:12,921 [INFO] ThirdPartyUpdaterWithRetryManager:70 - Updater plugin not ready yet. [2/15]
2025-05-06 08:25:13,209 [ERROR] LogOutputStream:75 - [STDERR_REDIRECT] May 06, 2025 8:25:13 AM java.util.prefs.WindowsPreferences <init>
2025-05-06 08:25:13,211 [ERROR] LogOutputStream:75 - [STDERR_REDIRECT] WARNING: Could not open/create prefs root node Software\JavaSoft\Prefs at root 0xffffffff80000002. Windows RegCreateKeyEx(...) returned error code 5.
2025-05-06 08:25:13,211 [ERROR] LogOutputStream:75 - [STDERR_REDIRECT] 
2025-05-06 08:25:13,797 [INFO] MainUpdater:2872 - connection check result : 10
2025-05-06 08:25:13,798 [INFO] MainUpdater:289 - Updater Check For Update Now.
2025-05-06 08:25:13,798 [INFO] MicroXplorer:498 - Change Database Version : DB.6.0.130
2025-05-06 08:25:13,819 [INFO] McuFinderGlobals:63 - Set McuFinder mode to 2 (CubeIDE integrated)
2025-05-06 08:25:13,822 [INFO] UserAuth:486 - Internet connection configuration mode: 1
2025-05-06 08:25:13,907 [INFO] JxBrowserEngine:152 - Initiate JxBrowser Engine with user profile folder
2025-05-06 08:25:14,040 [INFO] CheckServerUpdateThread:120 - End of CheckServer Thread
2025-05-06 08:25:14,762 [INFO] WebApp:168 - Instantiating new browser for Auth
2025-05-06 08:25:15,743 [INFO] WebApp:449 - Apply proxy settings
2025-05-06 08:25:15,744 [INFO] WebApp:534 - Chromium requires no authentication
2025-05-06 08:25:15,751 [INFO] WebApp:477 - Direct internet connection detected
2025-05-06 08:25:15,769 [INFO] WebApp:880 - Register for checkConnection events
2025-05-06 08:25:15,769 [INFO] WebApp:449 - Apply proxy settings
2025-05-06 08:25:15,769 [INFO] WebApp:534 - Chromium requires no authentication
2025-05-06 08:25:15,770 [INFO] WebApp:477 - Direct internet connection detected
2025-05-06 08:25:16,012 [INFO] WebApp:221 - Starting web application
2025-05-06 08:25:16,012 [INFO] WebApp:579 - Web application path used C:\ST\STM32CubeIDE_1.16.1\STM32CubeIDE\plugins\com.st.stm32cube.common.mx_6.13.0.202411220809\db\plugins\mcufinder\reactClient1\index.html
2025-05-06 08:25:16,173 [INFO] UserAuth:486 - Internet connection configuration mode: 1
2025-05-06 08:25:16,294 [INFO] WebApp:187 - Connection restablished
2025-05-06 08:25:16,318 [WARN] PackLoader:240 - Cannot read IP mode file for STMicroelectronics.FP-SNS-MOTENVWB1.1.4.0
2025-05-06 08:25:16,415 [WARN] PackLoader:240 - Cannot read IP mode file for STMicroelectronics.FP-ATR-ASTRA1.2.0.2
2025-05-06 08:25:16,421 [WARN] PackLoader:240 - Cannot read IP mode file for STMicroelectronics.FP-ATR-ASTRA1.2.0.1
2025-05-06 08:25:16,436 [WARN] PackLoader:240 - Cannot read IP mode file for STMicroelectronics.X-CUBE-SMBUS.2.1.0
2025-05-06 08:25:16,446 [WARN] PackLoader:240 - Cannot read IP mode file for STMicroelectronics.X-CUBE-WB05N.1.1.0
2025-05-06 08:25:16,489 [WARN] PackLoader:240 - Cannot read IP mode file for STMicroelectronics.X-CUBE-AZRTOS-F7.1.1.0
2025-05-06 08:25:16,584 [WARN] PackLoader:240 - Cannot read IP mode file for STMicroelectronics.X-CUBE-MEMS1.11.0.0
2025-05-06 08:25:16,827 [WARN] PackLoader:240 - Cannot read IP mode file for STMicroelectronics.FP-SNS-FLIGHT1.5.0.2
2025-05-06 08:25:16,843 [WARN] PackLoader:240 - Cannot read IP mode file for STMicroelectronics.X-CUBE-DISPLAY.3.0.0
2025-05-06 08:25:16,856 [WARN] PackLoader:240 - Cannot read IP mode file for STMicroelectronics.X-CUBE-BLE1.7.0.0
2025-05-06 08:25:16,866 [WARN] PackLoader:240 - Cannot read IP mode file for STMicroelectronics.X-CUBE-NFC10.1.0.0
2025-05-06 08:25:16,880 [WARN] PackLoader:240 - Cannot read IP mode file for STMicroelectronics.X-CUBE-BLEMGR.4.0.0
2025-05-06 08:25:16,890 [WARN] PackLoader:240 - Cannot read IP mode file for emotas.I-CUBE-CANOPEN.1.3.0
2025-05-06 08:25:16,902 [WARN] PackLoader:240 - Cannot read IP mode file for STMicroelectronics.X-CUBE-BLEMGR.3.1.0
2025-05-06 08:25:16,911 [WARN] PackLoader:240 - Cannot read IP mode file for STMicroelectronics.X-CUBE-AI.10.0.0
2025-05-06 08:25:16,919 [WARN] PackLoader:240 - Cannot read IP mode file for STMicroelectronics.FP-SNS-SMARTAG2.1.2.0
2025-05-06 08:25:16,925 [WARN] PackLoader:240 - Cannot read IP mode file for STMicroelectronics.FP-SNS-FLIGHT1.5.1.0
2025-05-06 08:25:16,965 [WARN] PackLoader:240 - Cannot read IP mode file for STMicroelectronics.X-CUBE-MEMS1.11.1.0
2025-05-06 08:25:17,196 [INFO] LogOutputStream:77 - [STDOUT_REDIRECT] 1 : Invalid condition id : UX_CORESTACK_Condition cause : null
2025-05-06 08:25:17,198 [INFO] LogOutputStream:77 - [STDOUT_REDIRECT] 1 : Invalid condition id : UX_CORESTACK_Condition cause : null
2025-05-06 08:25:17,202 [INFO] LogOutputStream:77 - [STDOUT_REDIRECT] 1 : Invalid condition id : UX_CORESTACK_Condition cause : null
2025-05-06 08:25:17,205 [INFO] LogOutputStream:77 - [STDOUT_REDIRECT] 1 : Invalid condition id : UX_CORESTACK_Condition cause : null
2025-05-06 08:25:17,210 [INFO] LogOutputStream:77 - [STDOUT_REDIRECT] 1 : Invalid condition id : UX_CORESTACK_Condition cause : null
2025-05-06 08:25:17,216 [WARN] PackLoader:240 - Cannot read IP mode file for STMicroelectronics.X-CUBE-AZRTOS-WL.2.0.0
2025-05-06 08:25:17,230 [WARN] PackLoader:240 - Cannot read IP mode file for STMicroelectronics.FP-SNS-MOTENV1.5.0.0
2025-05-06 08:25:17,243 [WARN] PackLoader:240 - Cannot read IP mode file for wolfSSL.I-CUBE-wolfMQTT.1.19.0
2025-05-06 08:25:17,259 [WARN] PackLoader:240 - Cannot read IP mode file for WES.I-CUBE-Cesium.1.3.0
2025-05-06 08:25:17,269 [WARN] PackLoader:240 - Cannot read IP mode file for STMicroelectronics.X-CUBE-BLE2.3.3.0
2025-05-06 08:25:17,279 [WARN] PackLoader:240 - Cannot read IP mode file for STMicroelectronics.X-CUBE-NFC9.1.0.0
2025-05-06 08:25:17,288 [WARN] PackLoader:240 - Cannot read IP mode file for STMicroelectronics.X-CUBE-BLE1.7.1.0
2025-05-06 08:25:17,297 [WARN] PackLoader:240 - Cannot read IP mode file for STMicroelectronics.X-CUBE-TCPP.4.1.0
2025-05-06 08:25:17,353 [WARN] PackLoader:240 - Cannot read IP mode file for STMicroelectronics.X-CUBE-MEMS1.11.2.0
2025-05-06 08:25:17,527 [WARN] PackLoader:240 - Cannot read IP mode file for STMicroelectronics.X-CUBE-AZRTOS-G0.1.1.0
2025-05-06 08:25:17,543 [WARN] PackLoader:240 - Cannot read IP mode file for STMicroelectronics.X-CUBE-SAFEA1.1.2.2
2025-05-06 08:25:17,552 [WARN] PackLoader:240 - Cannot read IP mode file for STMicroelectronics.X-CUBE-NFC4.3.0.0
2025-05-06 08:25:17,568 [WARN] PackLoader:240 - Cannot read IP mode file for EmbeddedOffice.I-CUBE-FS-RTOS.1.0.1
2025-05-06 08:25:17,577 [WARN] PackLoader:240 - Cannot read IP mode file for STMicroelectronics.X-CUBE-WB05N.2.0.0
2025-05-06 08:25:17,586 [WARN] PackLoader:240 - Cannot read IP mode file for STMicroelectronics.X-CUBE-TCPP.4.2.0
2025-05-06 08:25:17,599 [WARN] PackLoader:240 - Cannot read IP mode file for RealThread.X-CUBE-RT-Thread_Nano.4.1.1
2025-05-06 08:25:17,606 [WARN] PackLoader:240 - Cannot read IP mode file for STMicroelectronics.FP-ATR-SIGFOX1.3.2.0
2025-05-06 08:25:17,615 [WARN] ConditionMgr:438 - getConditionDescription Invalid condition id : Cortex-A Device cause : null
2025-05-06 08:25:17,643 [WARN] ConditionMgr:1044 - genDependencies : Invalid condition id : Cortex-A Device cause : null
2025-05-06 08:25:17,643 [WARN] ConditionMgr:1044 - genDependencies : Invalid condition id : Cortex-A Device cause : null
2025-05-06 08:25:17,644 [WARN] ConditionMgr:1044 - genDependencies : Invalid condition id : Cortex-A Device cause : null
2025-05-06 08:25:17,652 [WARN] PackLoader:240 - Cannot read IP mode file for STMicroelectronics.X-CUBE-EEPRMA1.5.1.0
2025-05-06 08:25:17,666 [WARN] PackLoader:240 - Cannot read IP mode file for wolfSSL.I-CUBE-wolfSSL.5.7.4
2025-05-06 08:25:17,680 [WARN] PackLoader:240 - Cannot read IP mode file for ITTIA_DB.I-CUBE-ITTIADB.8.9.0
2025-05-06 08:25:17,709 [WARN] PackLoader:240 - Cannot read IP mode file for SEGGER.I-CUBE-embOS.1.3.1
2025-05-06 08:25:17,747 [WARN] PackLoader:240 - Cannot read IP mode file for STMicroelectronics.X-CUBE-ALGOBUILD.1.4.0
2025-05-06 08:25:17,753 [WARN] PackLoader:240 - Cannot read IP mode file for STMicroelectronics.X-CUBE-AI.9.1.0
2025-05-06 08:25:17,775 [WARN] PackLoader:240 - Cannot read IP mode file for STMicroelectronics.X-CUBE-AZRTOS-F4.1.1.0
2025-05-06 08:25:17,787 [WARN] PackLoader:240 - Cannot read IP mode file for Avnet-IotConnect.X-CUBE-IoTC-DA16k-PMOD.1.0.0
2025-05-06 08:25:17,796 [WARN] PackLoader:240 - Cannot read IP mode file for STMicroelectronics.X-CUBE-ISPU.2.1.0
2025-05-06 08:25:17,804 [WARN] PackLoader:240 - Cannot read IP mode file for STMicroelectronics.X-CUBE-FREERTOS.1.2.0
2025-05-06 08:25:17,824 [WARN] PackLoader:240 - Cannot read IP mode file for STMicroelectronics.X-CUBE-AZRTOS-L5.2.0.0
2025-05-06 08:25:17,840 [WARN] PackLoader:240 - Cannot read IP mode file for STMicroelectronics.X-CUBE-NFC6.3.1.0
2025-05-06 08:25:17,854 [WARN] PackLoader:240 - Cannot read IP mode file for STMicroelectronics.X-CUBE-DPower.1.2.0
2025-05-06 08:25:17,862 [WARN] PackLoader:240 - Cannot read IP mode file for STMicroelectronics.X-CUBE-FREERTOS.1.3.0
2025-05-06 08:25:17,874 [WARN] PackLoader:240 - Cannot read IP mode file for STMicroelectronics.X-CUBE-NFC7.1.0.1
2025-05-06 08:25:17,885 [WARN] PackLoader:240 - Cannot read IP mode file for STMicroelectronics.X-CUBE-DPower.1.3.0
2025-05-06 08:25:17,905 [WARN] ConditionMgr:438 - getConditionDescription Invalid condition id : LAN8742 Phy interface Condition cause : null
2025-05-06 08:25:17,905 [WARN] PackLoader:240 - Cannot read IP mode file for STMicroelectronics.X-CUBE-AZRTOS-L4.2.0.0
2025-05-06 08:25:17,906 [WARN] ConditionMgr:1044 - genDependencies : Invalid condition id : LAN8742 Phy interface Condition cause : null
2025-05-06 08:25:17,907 [WARN] ConditionMgr:1044 - genDependencies : Invalid condition id : LAN8742 Phy interface Condition cause : null
2025-05-06 08:25:17,907 [WARN] ConditionMgr:1044 - genDependencies : Invalid condition id : LAN8742 Phy interface Condition cause : null
2025-05-06 08:25:17,914 [WARN] PackLoader:240 - Cannot read IP mode file for STMicroelectronics.X-CUBE-SFXS2LP1.4.0.0
2025-05-06 08:25:17,932 [WARN] PackLoader:240 - Cannot read IP mode file for STMicroelectronics.X-CUBE-AZRTOS-H7.3.3.0
2025-05-06 08:25:17,951 [WARN] PackLoader:240 - Cannot read IP mode file for STMicroelectronics.X-CUBE-IPS.3.0.0
2025-05-06 08:25:17,964 [WARN] ConditionMgr:438 - getConditionDescription Invalid condition id : UX DEVICE CLASS RTOS Condition cause : null
2025-05-06 08:25:17,965 [WARN] ConditionMgr:438 - getConditionDescription Invalid condition id : UX DEVICE CLASS RTOS Condition cause : null
2025-05-06 08:25:17,971 [WARN] PackLoader:240 - Cannot read IP mode file for STMicroelectronics.X-CUBE-AZRTOS-WB.2.0.0
2025-05-06 08:25:17,972 [WARN] ConditionMgr:1044 - genDependencies : Invalid condition id : UX DEVICE CLASS RTOS Condition cause : null
2025-05-06 08:25:17,972 [WARN] ConditionMgr:1044 - genDependencies : Invalid condition id : UX DEVICE CLASS RTOS Condition cause : null
2025-05-06 08:25:17,973 [WARN] ConditionMgr:1044 - genDependencies : Invalid condition id : UX DEVICE CLASS RTOS Condition cause : null
2025-05-06 08:25:17,974 [WARN] ConditionMgr:1044 - genDependencies : Invalid condition id : UX DEVICE CLASS RTOS Condition cause : null
2025-05-06 08:25:17,974 [WARN] ConditionMgr:1044 - genDependencies : Invalid condition id : UX DEVICE CLASS RTOS Condition cause : null
2025-05-06 08:25:17,987 [WARN] PackLoader:240 - Cannot read IP mode file for STMicroelectronics.X-CUBE-GNSS1.7.0.0
2025-05-06 08:25:17,996 [WARN] PackLoader:240 - Cannot read IP mode file for STMicroelectronics.X-CUBE-GNSS1.7.0.1
2025-05-06 08:25:18,013 [WARN] PackLoader:240 - Cannot read IP mode file for STMicroelectronics.X-CUBE-TOUCHGFX.4.25.0
2025-05-06 08:25:18,027 [WARN] PackLoader:240 - Cannot read IP mode file for STMicroelectronics.FP-SNS-STBOX1.2.0.0
2025-05-06 08:25:18,047 [WARN] PackLoader:240 - Cannot read IP mode file for STMicroelectronics.X-CUBE-SUBG2.5.0.0
2025-05-06 08:25:18,091 [WARN] PackLoader:240 - Cannot read IP mode file for STMicroelectronics.X-CUBE-AZRTOS-H7RS.1.1.0
2025-05-06 08:25:18,103 [WARN] PackLoader:240 - Cannot read IP mode file for Cesanta.I-CUBE-Mongoose.7.13.0
2025-05-06 08:25:18,121 [WARN] PackLoader:240 - Cannot read IP mode file for STMicroelectronics.X-CUBE-AZRTOS-G4.2.0.0
2025-05-06 08:25:18,130 [WARN] PackLoader:240 - Cannot read IP mode file for STMicroelectronics.X-CUBE-NFC7.2.0.0
2025-05-06 08:25:18,140 [WARN] PackLoader:240 - Cannot read IP mode file for STMicroelectronics.X-CUBE-IPS.3.1.0
2025-05-06 08:25:18,149 [WARN] PackLoader:240 - Cannot read IP mode file for STMicroelectronics.X-CUBE-ALS.1.0.2
2025-05-06 08:25:18,156 [WARN] PackLoader:240 - Cannot read IP mode file for STMicroelectronics.X-CUBE-TOUCHGFX.4.24.2
2025-05-06 08:25:18,161 [WARN] PackLoader:240 - Cannot read IP mode file for STMicroelectronics.X-CUBE-TOUCHGFX.4.24.1
2025-05-06 08:25:18,169 [WARN] PackLoader:240 - Cannot read IP mode file for wolfSSL.I-CUBE-wolfTPM.3.4.0
2025-05-06 08:25:18,180 [WARN] PackLoader:240 - Cannot read IP mode file for portGmbH.I-Cube-SoM-uGOAL.1.1.0
2025-05-06 08:25:18,200 [WARN] PackLoader:240 - Cannot read IP mode file for STMicroelectronics.X-CUBE-AZRTOS-H7RS.1.0.0
2025-05-06 08:25:18,207 [WARN] PackLoader:240 - Cannot read IP mode file for STMicroelectronics.FP-ATR-ASTRA1.2.0.0
2025-05-06 08:25:18,221 [WARN] PackLoader:240 - Cannot read IP mode file for STMicroelectronics.X-CUBE-TOF1.3.4.2
2025-05-06 08:25:18,243 [WARN] PackLoader:240 - Cannot read IP mode file for STMicroelectronics.X-CUBE-TOF1.3.4.3
2025-05-06 08:25:18,276 [WARN] PackLoader:240 - Cannot read IP mode file for Infineon.AIROC-Wi-Fi-Bluetooth-STM32.1.6.1
2025-05-06 08:25:18,292 [WARN] PackLoader:240 - Cannot read IP mode file for wolfSSL.I-CUBE-wolfSSH.1.4.17
2025-05-06 08:25:18,294 [INFO] ThirdParty:978 - Integrity check success = true
2025-05-06 08:25:18,294 [INFO] IntegrityCheckThread:100 - exiting critical section [integrity check]
2025-05-06 08:25:18,295 [INFO] IntegrityCheckThread:103 - End integrity checks thread
2025-05-06 08:28:25,863 [ERROR] LogOutputStream:75 - [STDERR_REDIRECT] 
