2026-01-22 08:58:33,883 [INFO] Activator:176 - 


2026-01-22 08:58:33,903 [INFO] Activator:177 - !SESSION log4j initialized
2026-01-22 08:59:07,549 [INFO] LogOutputStream:77 - [STDOUT_REDIRECT] 
2026-01-22 08:59:14,268 [INFO] ApplicationProperties:184 - Using Application install path: C:\ST\STM32CubeIDE_1.16.1\STM32CubeIDE\plugins\com.st.stm32cube.common.mx_6.15.0.202507011659
2026-01-22 08:59:14,288 [INFO] DbMcusXml:78 - Set database path to: C:\ST\STM32CubeIDE_1.16.1\STM32CubeIDE\plugins\com.st.stm32cube.common.mx_6.15.0.202507011659\\db\/mcu/
2026-01-22 08:59:14,288 [INFO] ApiDb:274 - Set plugin database path to: C:\ST\STM32CubeIDE_1.16.1\STM32CubeIDE\plugins\com.st.stm32cube.common.mx_6.15.0.202507011659\\db\/plugins/boardmanager/
2026-01-22 08:59:14,288 [WARN] ApiDb:259 - Overriding images path with different value:  => C:\ST\STM32CubeIDE_1.16.1\STM32CubeIDE\plugins\com.st.stm32cube.common.mx_6.15.0.202507011659\\db\/plugins/mcufinder/images/
2026-01-22 08:59:14,298 [INFO] ApiDb:250 - Set database path to: C:\Users\Chinnapop\.stmcufinder\plugins\mcufinder//mcu/
2026-01-22 08:59:14,300 [INFO] DbMcusAds:125 - Set database path to: C:\Users\Chinnapop\.stmcufinder\plugins\mcufinder//mcu/
2026-01-22 08:59:14,303 [INFO] CrossReferenceDbSqlite:203 - Set database path to: C:\Users\Chinnapop\.stmcufinder\plugins\mcufinder//mcu/cs/
2026-01-22 08:59:14,442 [INFO] RulesReader:64 - Compatibility file has been processed (317 Rules)
2026-01-22 08:59:14,532 [INFO] DbMcusXml:78 - Set database path to: C:\ST\STM32CubeIDE_1.16.1\STM32CubeIDE\plugins\com.st.stm32cube.common.mx_6.15.0.202507011659\\db\/mcu/
2026-01-22 08:59:14,532 [INFO] ApiDb:274 - Set plugin database path to: C:\ST\STM32CubeIDE_1.16.1\STM32CubeIDE\plugins\com.st.stm32cube.common.mx_6.15.0.202507011659\\db\/plugins/boardmanager/
2026-01-22 08:59:14,532 [INFO] ApiDb:261 - Set plugin images path to: C:\ST\STM32CubeIDE_1.16.1\STM32CubeIDE\plugins\com.st.stm32cube.common.mx_6.15.0.202507011659\\db\/plugins/mcufinder/images/
2026-01-22 08:59:14,532 [WARN] DbFile:41 - Overriding database path with different value: C:\Users\Chinnapop\.stmcufinder\plugins\mcufinder/ => C:\Users\Chinnapop\.stmcufinder\plugins\mcufinder
2026-01-22 08:59:14,533 [INFO] ApiDb:250 - Set database path to: C:\Users\Chinnapop\.stmcufinder\plugins\mcufinder//mcu/
2026-01-22 08:59:14,533 [WARN] DbFile:41 - Overriding database path with different value: C:\Users\Chinnapop\.stmcufinder\plugins\mcufinder/ => C:\Users\Chinnapop\.stmcufinder\plugins\mcufinder
2026-01-22 08:59:14,533 [INFO] DbMcusAds:125 - Set database path to: C:\Users\Chinnapop\.stmcufinder\plugins\mcufinder//mcu/
2026-01-22 08:59:14,533 [WARN] DbFile:41 - Overriding database path with different value: C:\Users\Chinnapop\.stmcufinder\plugins\mcufinder/ => C:\Users\Chinnapop\.stmcufinder\plugins\mcufinder
2026-01-22 08:59:14,533 [WARN] DbFile:41 - Overriding database path with different value: C:\Users\Chinnapop\.stmcufinder\plugins\mcufinder/ => C:\Users\Chinnapop\.stmcufinder\plugins\mcufinder
2026-01-22 08:59:14,533 [INFO] CrossReferenceDbSqlite:203 - Set database path to: C:\Users\Chinnapop\.stmcufinder\plugins\mcufinder//mcu/cs/
2026-01-22 08:59:14,609 [INFO] MainPanel:274 - HeapMemory: 268435456
2026-01-22 08:59:14,732 [INFO] DbMcusXml:78 - Set database path to: C:\ST\STM32CubeIDE_1.16.1\STM32CubeIDE\plugins\com.st.stm32cube.common.mx_6.15.0.202507011659\\db\/mcu/
2026-01-22 08:59:14,732 [INFO] ApiDb:274 - Set plugin database path to: C:\ST\STM32CubeIDE_1.16.1\STM32CubeIDE\plugins\com.st.stm32cube.common.mx_6.15.0.202507011659\\db\/plugins/boardmanager/
2026-01-22 08:59:14,733 [INFO] ApiDb:261 - Set plugin images path to: C:\ST\STM32CubeIDE_1.16.1\STM32CubeIDE\plugins\com.st.stm32cube.common.mx_6.15.0.202507011659\\db\/plugins/mcufinder/images/
2026-01-22 08:59:14,733 [WARN] DbFile:41 - Overriding database path with different value: C:\Users\Chinnapop\.stmcufinder\plugins\mcufinder/ => C:\Users\Chinnapop\.stmcufinder\plugins\mcufinder
2026-01-22 08:59:14,733 [INFO] ApiDb:250 - Set database path to: C:\Users\Chinnapop\.stmcufinder\plugins\mcufinder//mcu/
2026-01-22 08:59:14,733 [WARN] DbFile:41 - Overriding database path with different value: C:\Users\Chinnapop\.stmcufinder\plugins\mcufinder/ => C:\Users\Chinnapop\.stmcufinder\plugins\mcufinder
2026-01-22 08:59:14,733 [INFO] DbMcusAds:125 - Set database path to: C:\Users\Chinnapop\.stmcufinder\plugins\mcufinder//mcu/
2026-01-22 08:59:14,733 [WARN] DbFile:41 - Overriding database path with different value: C:\Users\Chinnapop\.stmcufinder\plugins\mcufinder/ => C:\Users\Chinnapop\.stmcufinder\plugins\mcufinder
2026-01-22 08:59:14,733 [WARN] DbFile:41 - Overriding database path with different value: C:\Users\Chinnapop\.stmcufinder\plugins\mcufinder/ => C:\Users\Chinnapop\.stmcufinder\plugins\mcufinder
2026-01-22 08:59:14,733 [INFO] CrossReferenceDbSqlite:203 - Set database path to: C:\Users\Chinnapop\.stmcufinder\plugins\mcufinder//mcu/cs/
2026-01-22 08:59:14,753 [INFO] ApplicationProperties:184 - Using Application install path: C:\ST\STM32CubeIDE_1.16.1\STM32CubeIDE\plugins\com.st.stm32cube.common.mx_6.15.0.202507011659
2026-01-22 08:59:14,754 [INFO] PluginManage:196 - Search for loadable plugins [exclusion list=, ]
2026-01-22 08:59:14,755 [INFO] PluginManage:310 - Check plugin analytics
2026-01-22 08:59:19,928 [INFO] AnalyticsPlugin:253 - Accepted Software Licenses: 
2026-01-22 08:59:19,928 [INFO] AnalyticsPlugin:255 - Accepted CMSIS Pack Licenses: 
2026-01-22 08:59:19,928 [INFO] AnalyticsPlugin:257 - Accepted Firmware Licenses: FW.F7.1.17.0
2026-01-22 08:59:19,931 [INFO] PluginManage:359 - Loaded plugin analytics (category:tool,tabindex:-1)
2026-01-22 08:59:19,931 [INFO] PluginManage:310 - Check plugin cadmodel
2026-01-22 08:59:19,951 [INFO] CADModel:105 - Init CAD model plugin
2026-01-22 08:59:19,951 [INFO] PluginManage:359 - Loaded plugin cadmodel (category:power,tabindex:5)
2026-01-22 08:59:19,952 [INFO] PluginManage:310 - Check plugin clock
2026-01-22 08:59:19,974 [INFO] PluginManage:359 - Loaded plugin clock (category:base,tabindex:2)
2026-01-22 08:59:19,974 [INFO] PluginManage:310 - Check plugin ddr
2026-01-22 08:59:19,976 [INFO] PluginManage:359 - Loaded plugin ddr (category:tool,tabindex:6)
2026-01-22 08:59:19,977 [INFO] PluginManage:310 - Check plugin filemanager
2026-01-22 08:59:20,140 [INFO] PluginManage:359 - Loaded plugin filemanager (category:base,tabindex:10)
2026-01-22 08:59:20,140 [INFO] PluginManage:310 - Check plugin ipmanager
2026-01-22 08:59:20,151 [INFO] PluginManage:359 - Loaded plugin ipmanager (category:base,tabindex:5)
2026-01-22 08:59:20,152 [INFO] PluginManage:310 - Check plugin lpbam
2026-01-22 08:59:20,183 [INFO] PluginManage:359 - Loaded plugin lpbam (category:base,tabindex:0)
2026-01-22 08:59:20,184 [INFO] PluginManage:310 - Check plugin memorymap
2026-01-22 08:59:20,227 [INFO] PluginManage:359 - Loaded plugin memorymap (category:base,tabindex:4)
2026-01-22 08:59:20,228 [INFO] PluginManage:310 - Check plugin pinoutandconfiguration
2026-01-22 08:59:20,258 [INFO] PluginManage:359 - Loaded plugin pinoutandconfiguration (category:base,tabindex:1)
2026-01-22 08:59:20,258 [INFO] PluginManage:310 - Check plugin pinoutconfig
2026-01-22 08:59:20,376 [WARN] SupportedApi:132 - Cannot load RTOS API schema: s4s-elt-must-match.1: The content of 'definitions' must match (annotation?, (simpleType | complexType)?, (unique | key | keyref)*)). A problem was found starting at: attribute.
2026-01-22 08:59:20,532 [INFO] PluginManage:359 - Loaded plugin pinoutconfig (category:base,tabindex:0)
2026-01-22 08:59:20,533 [INFO] PluginManage:310 - Check plugin power
2026-01-22 08:59:20,564 [INFO] PluginManage:359 - Loaded plugin power (category:power,tabindex:4)
2026-01-22 08:59:20,564 [INFO] PluginManage:310 - Check plugin projectmanager
2026-01-22 08:59:20,581 [INFO] PluginManage:359 - Loaded plugin projectmanager (category:projectmanager,tabindex:4)
2026-01-22 08:59:20,582 [INFO] PluginManage:310 - Check plugin rif
2026-01-22 08:59:20,605 [INFO] PluginManage:359 - Loaded plugin rif (category:base,tabindex:3)
2026-01-22 08:59:20,606 [INFO] PluginManage:310 - Check plugin thirdparty
2026-01-22 08:59:21,033 [INFO] PluginManage:359 - Loaded plugin thirdparty (category:base,tabindex:-1)
2026-01-22 08:59:21,033 [WARN] IntegrityCheckThread:84 - waiting for thirdparty lock release [integrity check]
2026-01-22 08:59:21,034 [INFO] IntegrityCheckThread:86 - entering critical section [integrity check]
2026-01-22 08:59:21,034 [INFO] PluginManage:310 - Check plugin tools
2026-01-22 08:59:21,035 [INFO] ThirdPartyUpdaterWithRetryManager:70 - Updater plugin not ready yet. [1/15]
2026-01-22 08:59:21,084 [INFO] PluginManage:359 - Loaded plugin tools (category:base,tabindex:7)
2026-01-22 08:59:21,084 [INFO] PluginManage:310 - Check plugin tutovideos
2026-01-22 08:59:21,403 [INFO] PluginManage:359 - Loaded plugin tutovideos (category:base,tabindex:-1)
2026-01-22 08:59:21,404 [INFO] PluginManage:310 - Check plugin updater
2026-01-22 08:59:21,424 [INFO] PluginManage:359 - Loaded plugin updater (category:base,tabindex:12)
2026-01-22 08:59:21,425 [INFO] PluginManage:310 - Check plugin userauth
2026-01-22 08:59:21,429 [INFO] UserAuth:118 - Init User Auth plugin
2026-01-22 08:59:21,429 [INFO] PluginManage:359 - Loaded plugin userauth (category:base,tabindex:14)
2026-01-22 08:59:21,430 [INFO] PluginManage:283 - PluginManage : Loaded plugins [18]
2026-01-22 08:59:21,642 [INFO] PinOutPanel:1589 - setPackage(No Configuration,No Configuration)
2026-01-22 08:59:21,723 [INFO] CADModel:165 - CPN selected for project level
2026-01-22 08:59:21,724 [INFO] CADModel:114 - Register for checkConnection events
2026-01-22 08:59:21,756 [INFO] IPUIPlugin:80 - create IPUIPlugin
2026-01-22 08:59:21,756 [INFO] PluginManager:220 - loadIPPluginJar : add adc
2026-01-22 08:59:21,804 [INFO] IPUIPlugin:80 - create IPUIPlugin
2026-01-22 08:59:21,805 [INFO] PluginManager:220 - loadIPPluginJar : add aes
2026-01-22 08:59:21,858 [INFO] IPUIPlugin:80 - create IPUIPlugin
2026-01-22 08:59:21,859 [INFO] PluginManager:220 - loadIPPluginJar : add can
2026-01-22 08:59:21,890 [INFO] IPUIPlugin:80 - create IPUIPlugin
2026-01-22 08:59:21,890 [INFO] PluginManager:220 - loadIPPluginJar : add comp
2026-01-22 08:59:21,935 [INFO] IPUIPlugin:80 - create IPUIPlugin
2026-01-22 08:59:21,936 [INFO] PluginManager:220 - loadIPPluginJar : add cryp
2026-01-22 08:59:21,957 [INFO] IPUIPlugin:80 - create IPUIPlugin
2026-01-22 08:59:21,957 [INFO] PluginManager:220 - loadIPPluginJar : add ddr_ctrl_phy
2026-01-22 08:59:22,007 [INFO] IPUIPlugin:80 - create IPUIPlugin
2026-01-22 08:59:22,008 [INFO] PluginManager:220 - loadIPPluginJar : add dfsdm
2026-01-22 08:59:22,025 [INFO] IPUIPlugin:80 - create IPUIPlugin
2026-01-22 08:59:22,026 [INFO] PluginManager:220 - loadIPPluginJar : add dma
2026-01-22 08:59:22,100 [INFO] IPUIPlugin:80 - create IPUIPlugin
2026-01-22 08:59:22,100 [INFO] PluginManager:220 - loadIPPluginJar : add dma3
2026-01-22 08:59:22,170 [INFO] IPUIPlugin:80 - create IPUIPlugin
2026-01-22 08:59:22,170 [INFO] PluginManager:220 - loadIPPluginJar : add extmemmanager
2026-01-22 08:59:22,206 [INFO] IPUIPlugin:80 - create IPUIPlugin
2026-01-22 08:59:22,206 [INFO] PluginManager:220 - loadIPPluginJar : add fatfs
2026-01-22 08:59:22,273 [INFO] IPUIPlugin:80 - create IPUIPlugin
2026-01-22 08:59:22,274 [INFO] PluginManager:220 - loadIPPluginJar : add fmc
2026-01-22 08:59:22,295 [INFO] IPUIPlugin:80 - create IPUIPlugin
2026-01-22 08:59:22,295 [INFO] PluginManager:220 - loadIPPluginJar : add freertos
2026-01-22 08:59:22,331 [INFO] IPUIPlugin:80 - create IPUIPlugin
2026-01-22 08:59:22,331 [INFO] PluginManager:220 - loadIPPluginJar : add genericplugin
2026-01-22 08:59:22,477 [INFO] IPUIPlugin:80 - create IPUIPlugin
2026-01-22 08:59:22,477 [INFO] PluginManager:220 - loadIPPluginJar : add gfxmmu
2026-01-22 08:59:22,639 [INFO] IPUIPlugin:80 - create IPUIPlugin
2026-01-22 08:59:22,639 [INFO] PluginManager:220 - loadIPPluginJar : add gic
2026-01-22 08:59:22,656 [INFO] IPUIPlugin:80 - create IPUIPlugin
2026-01-22 08:59:22,656 [INFO] PluginManager:220 - loadIPPluginJar : add gpio
2026-01-22 08:59:22,773 [INFO] IPUIPlugin:80 - create IPUIPlugin
2026-01-22 08:59:22,774 [INFO] PluginManager:220 - loadIPPluginJar : add gtzc
2026-01-22 08:59:22,836 [INFO] IPUIPlugin:80 - create IPUIPlugin
2026-01-22 08:59:22,836 [INFO] PluginManager:220 - loadIPPluginJar : add hash
2026-01-22 08:59:22,913 [INFO] IPUIPlugin:80 - create IPUIPlugin
2026-01-22 08:59:22,913 [INFO] PluginManager:220 - loadIPPluginJar : add i2c
2026-01-22 08:59:22,977 [INFO] IPUIPlugin:80 - create IPUIPlugin
2026-01-22 08:59:22,977 [INFO] PluginManager:220 - loadIPPluginJar : add i2s
2026-01-22 08:59:23,030 [INFO] IPUIPlugin:80 - create IPUIPlugin
2026-01-22 08:59:23,030 [INFO] PluginManager:220 - loadIPPluginJar : add i3c
2026-01-22 08:59:23,165 [INFO] IPUIPlugin:80 - create IPUIPlugin
2026-01-22 08:59:23,165 [INFO] PluginManager:220 - loadIPPluginJar : add ipddr
2026-01-22 08:59:23,274 [INFO] IPUIPlugin:80 - create IPUIPlugin
2026-01-22 08:59:23,275 [INFO] PluginManager:220 - loadIPPluginJar : add linkedlist
2026-01-22 08:59:23,346 [INFO] IPUIPlugin:80 - create IPUIPlugin
2026-01-22 08:59:23,346 [INFO] PluginManager:220 - loadIPPluginJar : add lorawan
2026-01-22 08:59:23,404 [INFO] IPUIPlugin:80 - create IPUIPlugin
2026-01-22 08:59:23,404 [INFO] PluginManager:220 - loadIPPluginJar : add ltdc
2026-01-22 08:59:23,423 [INFO] IPUIPlugin:80 - create IPUIPlugin
2026-01-22 08:59:23,423 [INFO] PluginManager:220 - loadIPPluginJar : add mdma
2026-01-22 08:59:23,439 [INFO] IPUIPlugin:80 - create IPUIPlugin
2026-01-22 08:59:23,439 [INFO] PluginManager:220 - loadIPPluginJar : add nvic
2026-01-22 08:59:23,499 [INFO] IPUIPlugin:80 - create IPUIPlugin
2026-01-22 08:59:23,499 [INFO] PluginManager:220 - loadIPPluginJar : add opamp
2026-01-22 08:59:23,582 [INFO] IPUIPlugin:80 - create IPUIPlugin
2026-01-22 08:59:23,582 [INFO] PluginManager:220 - loadIPPluginJar : add openamp
2026-01-22 08:59:23,641 [INFO] IPUIPlugin:80 - create IPUIPlugin
2026-01-22 08:59:23,641 [INFO] PluginManager:220 - loadIPPluginJar : add pdm2pcm
2026-01-22 08:59:23,659 [INFO] IPUIPlugin:80 - create IPUIPlugin
2026-01-22 08:59:23,662 [INFO] PluginManager:220 - loadIPPluginJar : add plateformsettings
2026-01-22 08:59:23,704 [INFO] IPUIPlugin:80 - create IPUIPlugin
2026-01-22 08:59:23,704 [INFO] PluginManager:220 - loadIPPluginJar : add quadspi
2026-01-22 08:59:23,738 [INFO] IPUIPlugin:80 - create IPUIPlugin
2026-01-22 08:59:23,738 [INFO] PluginManager:220 - loadIPPluginJar : add radio
2026-01-22 08:59:23,758 [INFO] IPUIPlugin:80 - create IPUIPlugin
2026-01-22 08:59:23,758 [INFO] PluginManager:220 - loadIPPluginJar : add resmgrutility
2026-01-22 08:59:23,819 [INFO] IPUIPlugin:80 - create IPUIPlugin
2026-01-22 08:59:23,819 [INFO] PluginManager:220 - loadIPPluginJar : add sai
2026-01-22 08:59:23,886 [INFO] IPUIPlugin:80 - create IPUIPlugin
2026-01-22 08:59:23,886 [INFO] PluginManager:220 - loadIPPluginJar : add spi
2026-01-22 08:59:23,999 [INFO] IPUIPlugin:80 - create IPUIPlugin
2026-01-22 08:59:23,999 [INFO] PluginManager:220 - loadIPPluginJar : add stm32_wpan
2026-01-22 08:59:24,030 [INFO] IPUIPlugin:80 - create IPUIPlugin
2026-01-22 08:59:24,030 [INFO] PluginManager:220 - loadIPPluginJar : add tim
2026-01-22 08:59:24,037 [INFO] ThirdPartyUpdaterWithRetryManager:70 - Updater plugin not ready yet. [2/15]
2026-01-22 08:59:24,098 [INFO] IPUIPlugin:80 - create IPUIPlugin
2026-01-22 08:59:24,098 [INFO] PluginManager:220 - loadIPPluginJar : add touchsensing
2026-01-22 08:59:24,127 [INFO] IPUIPlugin:80 - create IPUIPlugin
2026-01-22 08:59:24,128 [INFO] PluginManager:220 - loadIPPluginJar : add tracer_emb
2026-01-22 08:59:24,163 [INFO] IPUIPlugin:80 - create IPUIPlugin
2026-01-22 08:59:24,163 [INFO] PluginManager:220 - loadIPPluginJar : add ts
2026-01-22 08:59:24,200 [INFO] IPUIPlugin:80 - create IPUIPlugin
2026-01-22 08:59:24,200 [INFO] PluginManager:220 - loadIPPluginJar : add tsc
2026-01-22 08:59:24,229 [INFO] IPUIPlugin:80 - create IPUIPlugin
2026-01-22 08:59:24,229 [INFO] PluginManager:220 - loadIPPluginJar : add ucpd
2026-01-22 08:59:24,281 [INFO] IPUIPlugin:80 - create IPUIPlugin
2026-01-22 08:59:24,282 [INFO] PluginManager:220 - loadIPPluginJar : add usart
2026-01-22 08:59:24,334 [INFO] IPUIPlugin:80 - create IPUIPlugin
2026-01-22 08:59:24,334 [INFO] PluginManager:220 - loadIPPluginJar : add usbx
2026-01-22 08:59:24,453 [FATAL] Updater:351 - Updater called before beeing initialized
2026-01-22 08:59:24,489 [INFO] RulesReader:64 - Compatibility file has been processed (317 Rules)
2026-01-22 08:59:24,501 [INFO] RulesReader:64 - Compatibility file has been processed (317 Rules)
2026-01-22 08:59:24,516 [INFO] CADModel:165 - CPN selected for project level
2026-01-22 08:59:24,516 [INFO] CADModel:114 - Register for checkConnection events
2026-01-22 08:59:24,516 [FATAL] Updater:351 - Updater called before beeing initialized
2026-01-22 08:59:24,517 [ERROR] CADModel:125 - Updater not yet initialized, retry later 
2026-01-22 08:59:24,670 [FATAL] Updater:351 - Updater called before beeing initialized
2026-01-22 08:59:24,671 [INFO] CADModel:165 - CPN selected for project level
2026-01-22 08:59:24,671 [INFO] CADModel:114 - Register for checkConnection events
2026-01-22 08:59:24,672 [FATAL] Updater:351 - Updater called before beeing initialized
2026-01-22 08:59:24,672 [ERROR] CADModel:125 - Updater not yet initialized, retry later 
2026-01-22 08:59:24,675 [FATAL] Updater:351 - Updater called before beeing initialized
2026-01-22 08:59:24,774 [FATAL] Updater:351 - Updater called before beeing initialized
2026-01-22 08:59:24,787 [INFO] DbMcusAds:53 - JSON generation date=Thu Jan 08 22:56:32 ICT 2026 (1767887792457)
2026-01-22 08:59:24,787 [FATAL] Updater:351 - Updater called before beeing initialized
2026-01-22 08:59:24,822 [WARN] DetailPanel:346 - Failed to get advertising image, set to default
2026-01-22 08:59:24,898 [FATAL] Updater:351 - Updater called before beeing initialized
2026-01-22 08:59:24,899 [FATAL] Updater:351 - Updater called before beeing initialized
2026-01-22 08:59:24,900 [FATAL] Updater:351 - Updater called before beeing initialized
2026-01-22 08:59:24,900 [WARN] DetailPanel:346 - Failed to get advertising image, set to default
2026-01-22 08:59:24,900 [FATAL] Updater:351 - Updater called before beeing initialized
2026-01-22 08:59:24,957 [ERROR] Updater:1198 - MainUpdater not yet initialized. External WinMGr cannot be set.
2026-01-22 08:59:24,970 [INFO] Updater:1134 - Updater Version found : 6.15.0
2026-01-22 08:59:24,988 [INFO] ApplicationProperties:184 - Using Application install path: C:\ST\STM32CubeIDE_1.16.1\STM32CubeIDE\plugins\com.st.stm32cube.common.mx_6.15.0.202507011659
2026-01-22 08:59:26,570 [ERROR] LogOutputStream:75 - [STDERR_REDIRECT] Jan 22, 2026 8:59:26 AM java.util.prefs.WindowsPreferences <init>
2026-01-22 08:59:26,572 [ERROR] LogOutputStream:75 - [STDERR_REDIRECT] WARNING: Could not open/create prefs root node Software\JavaSoft\Prefs at root 0xffffffff80000002. Windows RegCreateKeyEx(...) returned error code 5.
2026-01-22 08:59:26,572 [ERROR] LogOutputStream:75 - [STDERR_REDIRECT] 
2026-01-22 08:59:27,038 [INFO] ThirdPartyUpdaterWithRetryManager:70 - Updater plugin not ready yet. [3/15]
2026-01-22 08:59:27,312 [INFO] MainUpdater:2872 - connection check result : 10
2026-01-22 08:59:27,313 [INFO] MainUpdater:289 - Updater Check For Update Now.
2026-01-22 08:59:27,313 [INFO] MicroXplorer:498 - Change Database Version : DB.6.0.150
2026-01-22 08:59:27,368 [INFO] McuFinderGlobals:63 - Set McuFinder mode to 2 (CubeIDE integrated)
2026-01-22 08:59:27,383 [INFO] UserAuth:487 - Internet connection configuration mode: 1
2026-01-22 08:59:27,448 [INFO] JxBrowserEngine:152 - Initiate JxBrowser Engine with user profile folder
2026-01-22 08:59:27,588 [INFO] CheckServerUpdateThread:120 - End of CheckServer Thread
2026-01-22 08:59:29,574 [INFO] WebApp:169 - Instantiating new browser for Auth
2026-01-22 08:59:30,332 [WARN] PackLoader:240 - Cannot read IP mode file for STMicroelectronics.FP-SNS-MOTENVWB1.1.4.0
2026-01-22 08:59:30,351 [WARN] PackLoader:240 - Cannot read IP mode file for STMicroelectronics.FP-ATR-ASTRA1.2.0.2
2026-01-22 08:59:30,365 [WARN] PackLoader:240 - Cannot read IP mode file for STMicroelectronics.FP-ATR-ASTRA1.2.0.1
2026-01-22 08:59:30,386 [WARN] PackLoader:240 - Cannot read IP mode file for STMicroelectronics.X-CUBE-SMBUS.2.1.0
2026-01-22 08:59:30,415 [WARN] PackLoader:240 - Cannot read IP mode file for STMicroelectronics.X-CUBE-WB05N.1.1.0
2026-01-22 08:59:30,439 [WARN] PackLoader:240 - Cannot read IP mode file for STMicroelectronics.X-CUBE-ST60.1.0.0
2026-01-22 08:59:30,504 [WARN] PackLoader:240 - Cannot read IP mode file for STMicroelectronics.X-CUBE-AZRTOS-F7.1.1.0
2026-01-22 08:59:30,577 [WARN] PackLoader:240 - Cannot read IP mode file for STMicroelectronics.X-CUBE-MEMS1.11.0.0
2026-01-22 08:59:30,581 [INFO] WebApp:463 - Apply proxy settings
2026-01-22 08:59:30,582 [INFO] WebApp:548 - Chromium requires no authentication
2026-01-22 08:59:30,637 [INFO] WebApp:491 - Direct internet connection detected
2026-01-22 08:59:30,790 [WARN] PackLoader:240 - Cannot read IP mode file for STMicroelectronics.FP-SNS-MOTENV1.5.1.0
2026-01-22 08:59:30,812 [WARN] PackLoader:240 - Cannot read IP mode file for STMicroelectronics.FP-SNS-FLIGHT1.5.0.2
2026-01-22 08:59:30,850 [WARN] PackLoader:240 - Cannot read IP mode file for STMicroelectronics.X-CUBE-AZRTOS-H7.3.4.0
2026-01-22 08:59:30,855 [INFO] WebApp:900 - Register for checkConnection events
2026-01-22 08:59:30,855 [INFO] WebApp:463 - Apply proxy settings
2026-01-22 08:59:30,855 [INFO] WebApp:548 - Chromium requires no authentication
2026-01-22 08:59:30,856 [INFO] WebApp:491 - Direct internet connection detected
2026-01-22 08:59:30,872 [WARN] PackLoader:240 - Cannot read IP mode file for STMicroelectronics.X-CUBE-DISPLAY.3.0.0
2026-01-22 08:59:30,896 [WARN] PackLoader:240 - Cannot read IP mode file for STMicroelectronics.X-CUBE-BLE1.7.0.0
2026-01-22 08:59:30,921 [WARN] PackLoader:240 - Cannot read IP mode file for STMicroelectronics.X-CUBE-NFC10.1.0.0
2026-01-22 08:59:30,953 [WARN] PackLoader:240 - Cannot read IP mode file for STMicroelectronics.X-CUBE-BLEMGR.4.0.0
2026-01-22 08:59:30,956 [INFO] WebApp:191 - Connection restablished
2026-01-22 08:59:30,978 [WARN] PackLoader:240 - Cannot read IP mode file for STMicroelectronics.X-CUBE-ST60.1.1.0
2026-01-22 08:59:31,005 [WARN] PackLoader:240 - Cannot read IP mode file for emotas.I-CUBE-CANOPEN.1.3.0
2026-01-22 08:59:31,043 [WARN] PackLoader:240 - Cannot read IP mode file for STMicroelectronics.X-CUBE-GNSS1.7.1.0
2026-01-22 08:59:31,074 [WARN] PackLoader:240 - Cannot read IP mode file for STMicroelectronics.X-CUBE-BLEMGR.3.1.0
2026-01-22 08:59:31,103 [WARN] PackLoader:240 - Cannot read IP mode file for STMicroelectronics.X-CUBE-AI.10.0.0
2026-01-22 08:59:31,131 [WARN] PackLoader:240 - Cannot read IP mode file for STMicroelectronics.FP-SNS-STBOX1.2.1.0
2026-01-22 08:59:31,156 [WARN] PackLoader:240 - Cannot read IP mode file for STMicroelectronics.FP-SNS-SMARTAG2.1.2.0
2026-01-22 08:59:31,180 [WARN] PackLoader:240 - Cannot read IP mode file for STMicroelectronics.FP-SNS-FLIGHT1.5.1.0
2026-01-22 08:59:31,253 [WARN] PackLoader:240 - Cannot read IP mode file for STMicroelectronics.X-CUBE-MEMS1.11.1.0
2026-01-22 08:59:31,386 [INFO] LogOutputStream:77 - [STDOUT_REDIRECT] 1 : Invalid condition id : UX_CORESTACK_Condition cause : null
2026-01-22 08:59:31,388 [INFO] LogOutputStream:77 - [STDOUT_REDIRECT] 1 : Invalid condition id : UX_CORESTACK_Condition cause : null
2026-01-22 08:59:31,391 [INFO] LogOutputStream:77 - [STDOUT_REDIRECT] 1 : Invalid condition id : UX_CORESTACK_Condition cause : null
2026-01-22 08:59:31,394 [INFO] LogOutputStream:77 - [STDOUT_REDIRECT] 1 : Invalid condition id : UX_CORESTACK_Condition cause : null
2026-01-22 08:59:31,396 [INFO] LogOutputStream:77 - [STDOUT_REDIRECT] 1 : Invalid condition id : UX_CORESTACK_Condition cause : null
2026-01-22 08:59:31,399 [WARN] PackLoader:240 - Cannot read IP mode file for STMicroelectronics.X-CUBE-AZRTOS-WL.2.0.0
2026-01-22 08:59:31,419 [WARN] PackLoader:240 - Cannot read IP mode file for STMicroelectronics.FP-SNS-MOTENV1.5.0.0
2026-01-22 08:59:31,462 [WARN] PackLoader:240 - Cannot read IP mode file for STMicroelectronics.X-CUBE-AZRTOS-H7RS.1.2.0
2026-01-22 08:59:31,481 [WARN] PackLoader:240 - Cannot read IP mode file for wolfSSL.I-CUBE-wolfMQTT.1.19.0
2026-01-22 08:59:31,509 [WARN] PackLoader:240 - Cannot read IP mode file for WES.I-CUBE-Cesium.1.3.0
2026-01-22 08:59:31,529 [WARN] PackLoader:240 - Cannot read IP mode file for STMicroelectronics.X-CUBE-BLE2.3.3.0
2026-01-22 08:59:31,549 [WARN] PackLoader:240 - Cannot read IP mode file for STMicroelectronics.X-CUBE-NFC9.1.0.0
2026-01-22 08:59:31,566 [WARN] PackLoader:240 - Cannot read IP mode file for STMicroelectronics.X-CUBE-BLE1.7.1.0
2026-01-22 08:59:31,587 [WARN] PackLoader:240 - Cannot read IP mode file for STMicroelectronics.X-CUBE-TCPP.4.1.0
2026-01-22 08:59:31,606 [WARN] PackLoader:240 - Cannot read IP mode file for STMicroelectronics.X-CUBE-FREERTOS.1.4.0
2026-01-22 08:59:31,626 [WARN] PackLoader:240 - Cannot read IP mode file for STMicroelectronics.X-CUBE-EEPRMA1.5.2.0
2026-01-22 08:59:31,646 [WARN] PackLoader:240 - Cannot read IP mode file for STMicroelectronics.X-CUBE-ST67W61.1.1.0
2026-01-22 08:59:31,663 [WARN] PackLoader:240 - Cannot read IP mode file for STMicroelectronics.X-CUBE-AI.10.1.0
2026-01-22 08:59:31,714 [WARN] PackLoader:240 - Cannot read IP mode file for STMicroelectronics.X-CUBE-MEMS1.12.0.0
2026-01-22 08:59:31,817 [WARN] PackLoader:240 - Cannot read IP mode file for STMicroelectronics.X-CUBE-MEMS1.11.2.0
2026-01-22 08:59:31,983 [WARN] PackLoader:240 - Cannot read IP mode file for STMicroelectronics.X-CUBE-AZRTOS-G0.1.1.0
2026-01-22 08:59:32,008 [WARN] PackLoader:240 - Cannot read IP mode file for STMicroelectronics.X-CUBE-SAFEA1.1.2.2
2026-01-22 08:59:32,029 [WARN] PackLoader:240 - Cannot read IP mode file for STMicroelectronics.X-CUBE-NFC4.3.0.0
2026-01-22 08:59:32,053 [WARN] PackLoader:240 - Cannot read IP mode file for EmbeddedOffice.I-CUBE-FS-RTOS.1.0.1
2026-01-22 08:59:32,074 [WARN] PackLoader:240 - Cannot read IP mode file for STMicroelectronics.X-CUBE-WB05N.2.0.0
2026-01-22 08:59:32,102 [WARN] PackLoader:240 - Cannot read IP mode file for STMicroelectronics.X-CUBE-TCPP.4.2.0
2026-01-22 08:59:32,123 [WARN] PackLoader:240 - Cannot read IP mode file for RealThread.X-CUBE-RT-Thread_Nano.4.1.1
2026-01-22 08:59:32,142 [WARN] PackLoader:240 - Cannot read IP mode file for STMicroelectronics.FP-ATR-SIGFOX1.3.2.0
2026-01-22 08:59:32,161 [WARN] ConditionMgr:438 - getConditionDescription Invalid condition id : Cortex-A Device cause : null
2026-01-22 08:59:32,194 [WARN] ConditionMgr:1044 - genDependencies : Invalid condition id : Cortex-A Device cause : null
2026-01-22 08:59:32,194 [WARN] ConditionMgr:1044 - genDependencies : Invalid condition id : Cortex-A Device cause : null
2026-01-22 08:59:32,195 [WARN] ConditionMgr:1044 - genDependencies : Invalid condition id : Cortex-A Device cause : null
2026-01-22 08:59:32,214 [WARN] PackLoader:240 - Cannot read IP mode file for STMicroelectronics.X-CUBE-EEPRMA1.5.1.0
2026-01-22 08:59:32,234 [WARN] PackLoader:240 - Cannot read IP mode file for wolfSSL.I-CUBE-wolfSSL.5.7.4
2026-01-22 08:59:32,253 [WARN] PackLoader:240 - Cannot read IP mode file for ITTIA_DB.I-CUBE-ITTIADB.8.9.0
2026-01-22 08:59:32,282 [WARN] PackLoader:240 - Cannot read IP mode file for STMicroelectronics.X-CUBE-ST67W61.1.0.0
2026-01-22 08:59:32,299 [WARN] PackLoader:240 - Cannot read IP mode file for STMicroelectronics.X-CUBE-AI.10.2.0
2026-01-22 08:59:32,334 [WARN] PackLoader:240 - Cannot read IP mode file for SEGGER.I-CUBE-embOS.1.3.1
2026-01-22 08:59:32,370 [WARN] PackLoader:240 - Cannot read IP mode file for STMicroelectronics.X-CUBE-ALGOBUILD.1.4.0
2026-01-22 08:59:32,417 [WARN] PackLoader:240 - Cannot read IP mode file for STMicroelectronics.X-CUBE-MEMS1.11.3.0
2026-01-22 08:59:32,507 [WARN] PackLoader:240 - Cannot read IP mode file for STMicroelectronics.X-CUBE-AI.9.1.0
2026-01-22 08:59:32,529 [WARN] PackLoader:240 - Cannot read IP mode file for STMicroelectronics.X-CUBE-PM33A1.1.0.0
2026-01-22 08:59:32,565 [WARN] PackLoader:240 - Cannot read IP mode file for STMicroelectronics.X-CUBE-AZRTOS-F4.1.1.0
2026-01-22 08:59:32,585 [WARN] PackLoader:240 - Cannot read IP mode file for Avnet-IotConnect.X-CUBE-IoTC-DA16k-PMOD.1.0.0
2026-01-22 08:59:32,603 [WARN] PackLoader:240 - Cannot read IP mode file for STMicroelectronics.X-CUBE-ISPU.2.1.0
2026-01-22 08:59:32,630 [WARN] PackLoader:240 - Cannot read IP mode file for STMicroelectronics.X-CUBE-IPS.3.2.0
2026-01-22 08:59:32,654 [WARN] PackLoader:240 - Cannot read IP mode file for STMicroelectronics.X-CUBE-FREERTOS.1.2.0
2026-01-22 08:59:32,676 [WARN] PackLoader:240 - Cannot read IP mode file for STMicroelectronics.X-CUBE-NFC12.1.0.0
2026-01-22 08:59:32,709 [WARN] PackLoader:240 - Cannot read IP mode file for STMicroelectronics.X-CUBE-AZRTOS-L5.2.0.0
2026-01-22 08:59:32,729 [WARN] PackLoader:240 - Cannot read IP mode file for STMicroelectronics.X-CUBE-NFC6.3.1.0
2026-01-22 08:59:32,748 [WARN] PackLoader:240 - Cannot read IP mode file for STMicroelectronics.X-CUBE-DPower.1.2.0
2026-01-22 08:59:32,765 [WARN] PackLoader:240 - Cannot read IP mode file for STMicroelectronics.X-CUBE-FREERTOS.1.3.1
2026-01-22 08:59:32,782 [WARN] PackLoader:240 - Cannot read IP mode file for STMicroelectronics.X-CUBE-FREERTOS.1.3.0
2026-01-22 08:59:32,800 [WARN] PackLoader:240 - Cannot read IP mode file for STMicroelectronics.X-CUBE-NFC7.1.0.1
2026-01-22 08:59:32,822 [WARN] PackLoader:240 - Cannot read IP mode file for STMicroelectronics.X-CUBE-TOUCHGFX.4.26.0
2026-01-22 08:59:32,842 [WARN] PackLoader:240 - Cannot read IP mode file for STMicroelectronics.FP-SNS-STAIOTCFT.1.0.0
2026-01-22 08:59:32,859 [WARN] PackLoader:240 - Cannot read IP mode file for STMicroelectronics.X-CUBE-DPower.1.3.0
2026-01-22 08:59:32,892 [WARN] ConditionMgr:438 - getConditionDescription Invalid condition id : LAN8742 Phy interface Condition cause : null
2026-01-22 08:59:32,893 [WARN] PackLoader:240 - Cannot read IP mode file for STMicroelectronics.X-CUBE-AZRTOS-L4.2.0.0
2026-01-22 08:59:32,894 [WARN] ConditionMgr:1044 - genDependencies : Invalid condition id : LAN8742 Phy interface Condition cause : null
2026-01-22 08:59:32,894 [WARN] ConditionMgr:1044 - genDependencies : Invalid condition id : LAN8742 Phy interface Condition cause : null
2026-01-22 08:59:32,894 [WARN] ConditionMgr:1044 - genDependencies : Invalid condition id : LAN8742 Phy interface Condition cause : null
2026-01-22 08:59:32,912 [WARN] PackLoader:240 - Cannot read IP mode file for STMicroelectronics.X-CUBE-SFXS2LP1.4.0.0
2026-01-22 08:59:32,934 [WARN] PackLoader:240 - Cannot read IP mode file for STMicroelectronics.X-CUBE-ST67W61.1.2.0
2026-01-22 08:59:32,971 [WARN] PackLoader:240 - Cannot read IP mode file for STMicroelectronics.X-CUBE-AZRTOS-H7.3.3.0
2026-01-22 08:59:32,993 [WARN] PackLoader:240 - Cannot read IP mode file for STMicroelectronics.X-CUBE-BLEMGR.4.1.0
2026-01-22 08:59:33,015 [WARN] PackLoader:240 - Cannot read IP mode file for STMicroelectronics.X-CUBE-IPS.3.0.0
2026-01-22 08:59:33,043 [WARN] ConditionMgr:438 - getConditionDescription Invalid condition id : UX DEVICE CLASS RTOS Condition cause : null
2026-01-22 08:59:33,043 [WARN] ConditionMgr:438 - getConditionDescription Invalid condition id : UX DEVICE CLASS RTOS Condition cause : null
2026-01-22 08:59:33,044 [WARN] PackLoader:240 - Cannot read IP mode file for STMicroelectronics.X-CUBE-AZRTOS-WB.2.0.0
2026-01-22 08:59:33,045 [WARN] ConditionMgr:1044 - genDependencies : Invalid condition id : UX DEVICE CLASS RTOS Condition cause : null
2026-01-22 08:59:33,045 [WARN] ConditionMgr:1044 - genDependencies : Invalid condition id : UX DEVICE CLASS RTOS Condition cause : null
2026-01-22 08:59:33,045 [WARN] ConditionMgr:1044 - genDependencies : Invalid condition id : UX DEVICE CLASS RTOS Condition cause : null
2026-01-22 08:59:33,045 [WARN] ConditionMgr:1044 - genDependencies : Invalid condition id : UX DEVICE CLASS RTOS Condition cause : null
2026-01-22 08:59:33,045 [WARN] ConditionMgr:1044 - genDependencies : Invalid condition id : UX DEVICE CLASS RTOS Condition cause : null
2026-01-22 08:59:33,064 [WARN] PackLoader:240 - Cannot read IP mode file for STMicroelectronics.X-CUBE-GNSS1.7.0.0
2026-01-22 08:59:33,087 [WARN] PackLoader:240 - Cannot read IP mode file for STMicroelectronics.X-CUBE-GNSS1.7.0.1
2026-01-22 08:59:33,104 [WARN] PackLoader:240 - Cannot read IP mode file for STMicroelectronics.X-CUBE-TOUCHGFX.4.25.0
2026-01-22 08:59:33,122 [WARN] PackLoader:240 - Cannot read IP mode file for STMicroelectronics.FP-SNS-STBOX1.2.0.0
2026-01-22 08:59:33,143 [WARN] PackLoader:240 - Cannot read IP mode file for STMicroelectronics.X-CUBE-SUBG2.5.0.0
2026-01-22 08:59:33,177 [WARN] PackLoader:240 - Cannot read IP mode file for STMicroelectronics.X-CUBE-AZRTOS-H7RS.1.1.0
2026-01-22 08:59:33,197 [WARN] PackLoader:240 - Cannot read IP mode file for Cesanta.I-CUBE-Mongoose.7.13.0
2026-01-22 08:59:33,210 [INFO] WebApp:225 - Starting web application
2026-01-22 08:59:33,211 [INFO] WebApp:593 - Web application path used C:\ST\STM32CubeIDE_1.16.1\STM32CubeIDE\plugins\com.st.stm32cube.common.mx_6.15.0.202507011659\db\plugins\mcufinder\reactClient1\index.html
2026-01-22 08:59:33,229 [WARN] PackLoader:240 - Cannot read IP mode file for STMicroelectronics.X-CUBE-AZRTOS-G4.2.0.0
2026-01-22 08:59:33,248 [WARN] PackLoader:240 - Cannot read IP mode file for STMicroelectronics.X-CUBE-NFC7.2.0.0
2026-01-22 08:59:33,274 [WARN] PackLoader:240 - Cannot read IP mode file for STMicroelectronics.X-CUBE-IPS.3.1.0
2026-01-22 08:59:33,294 [WARN] PackLoader:240 - Cannot read IP mode file for STMicroelectronics.X-CUBE-ALS.1.0.2
2026-01-22 08:59:33,314 [WARN] PackLoader:240 - Cannot read IP mode file for STMicroelectronics.X-CUBE-TOUCHGFX.4.24.2
2026-01-22 08:59:33,333 [WARN] PackLoader:240 - Cannot read IP mode file for STMicroelectronics.X-CUBE-TOUCHGFX.4.24.1
2026-01-22 08:59:33,354 [WARN] PackLoader:240 - Cannot read IP mode file for STMicroelectronics.X-CUBE-STSE01.1.0.0
2026-01-22 08:59:33,376 [WARN] PackLoader:240 - Cannot read IP mode file for wolfSSL.I-CUBE-wolfTPM.3.4.0
2026-01-22 08:59:33,400 [WARN] PackLoader:240 - Cannot read IP mode file for portGmbH.I-Cube-SoM-uGOAL.1.1.0
2026-01-22 08:59:33,449 [WARN] PackLoader:240 - Cannot read IP mode file for STMicroelectronics.X-CUBE-AZRTOS-H7RS.1.0.0
2026-01-22 08:59:33,472 [WARN] PackLoader:240 - Cannot read IP mode file for STMicroelectronics.FP-ATR-ASTRA1.2.0.0
2026-01-22 08:59:33,525 [WARN] PackLoader:240 - Cannot read IP mode file for STMicroelectronics.X-CUBE-TOF1.3.4.2
2026-01-22 08:59:33,564 [WARN] PackLoader:240 - Cannot read IP mode file for STMicroelectronics.X-CUBE-TOF1.3.4.3
2026-01-22 08:59:33,613 [WARN] PackLoader:240 - Cannot read IP mode file for Infineon.AIROC-Wi-Fi-Bluetooth-STM32.1.6.1
2026-01-22 08:59:33,632 [WARN] PackLoader:240 - Cannot read IP mode file for wolfSSL.I-CUBE-wolfSSH.1.4.17
2026-01-22 08:59:33,633 [INFO] ThirdParty:978 - Integrity check success = true
2026-01-22 08:59:33,633 [INFO] IntegrityCheckThread:100 - exiting critical section [integrity check]
2026-01-22 08:59:33,633 [INFO] IntegrityCheckThread:103 - End integrity checks thread
2026-01-22 08:59:33,762 [INFO] UserAuth:487 - Internet connection configuration mode: 1
2026-01-22 09:07:01,006 [INFO] WebApp:194 - Connection lost
2026-01-22 09:07:01,211 [INFO] WebApp:191 - Connection restablished
2026-01-22 09:25:45,951 [INFO] WebApp:194 - Connection lost
2026-01-22 09:25:46,176 [INFO] WebApp:191 - Connection restablished
2026-01-22 09:28:50,974 [INFO] WebApp:194 - Connection lost
2026-01-22 09:28:51,209 [INFO] WebApp:191 - Connection restablished
2026-01-22 09:56:53,950 [INFO] WebApp:194 - Connection lost
2026-01-22 09:56:54,192 [INFO] WebApp:191 - Connection restablished
2026-01-22 10:27:35,468 [INFO] WebApp:194 - Connection lost
2026-01-22 10:27:35,719 [INFO] WebApp:191 - Connection restablished
2026-01-22 10:30:36,975 [INFO] WebApp:194 - Connection lost
2026-01-22 10:30:37,215 [INFO] WebApp:191 - Connection restablished
2026-01-22 11:01:41,460 [INFO] WebApp:194 - Connection lost
2026-01-22 11:01:41,688 [INFO] WebApp:191 - Connection restablished
2026-01-22 11:32:30,499 [INFO] WebApp:194 - Connection lost
2026-01-22 11:32:30,768 [INFO] WebApp:191 - Connection restablished
2026-01-22 12:03:03,485 [INFO] WebApp:194 - Connection lost
2026-01-22 12:03:03,728 [INFO] WebApp:191 - Connection restablished
2026-01-22 12:34:05,492 [INFO] WebApp:194 - Connection lost
2026-01-22 12:34:05,756 [INFO] WebApp:191 - Connection restablished
2026-01-22 13:04:18,482 [INFO] WebApp:194 - Connection lost
2026-01-22 13:04:18,734 [INFO] WebApp:191 - Connection restablished
2026-01-22 13:34:46,946 [INFO] WebApp:194 - Connection lost
2026-01-22 13:34:47,188 [INFO] WebApp:191 - Connection restablished
2026-01-22 14:05:41,985 [INFO] WebApp:194 - Connection lost
2026-01-22 14:05:42,240 [INFO] WebApp:191 - Connection restablished
2026-01-22 14:36:39,996 [INFO] WebApp:194 - Connection lost
2026-01-22 14:36:40,228 [INFO] WebApp:191 - Connection restablished
2026-01-22 15:02:17,494 [INFO] WebApp:194 - Connection lost
2026-01-22 15:02:17,733 [INFO] WebApp:191 - Connection restablished
2026-01-22 15:32:36,469 [INFO] WebApp:194 - Connection lost
2026-01-22 15:32:36,727 [INFO] WebApp:191 - Connection restablished
2026-01-22 15:35:37,489 [INFO] WebApp:194 - Connection lost
2026-01-22 15:35:37,754 [INFO] WebApp:191 - Connection restablished
2026-01-22 15:35:42,472 [INFO] WebApp:194 - Connection lost
2026-01-22 15:35:42,711 [INFO] WebApp:191 - Connection restablished
2026-01-22 16:06:47,468 [INFO] WebApp:194 - Connection lost
2026-01-22 16:06:47,678 [INFO] WebApp:191 - Connection restablished
2026-01-22 16:34:22,258 [INFO] WebApp:194 - Connection lost
2026-01-22 16:34:22,691 [INFO] WebApp:191 - Connection restablished
2026-01-22 16:34:51,265 [ERROR] LogOutputStream:75 - [STDERR_REDIRECT] 
2026-01-22 16:34:51,269 [ERROR] LogOutputStream:75 - [STDERR_REDIRECT] 
