2025-08-01 11:52:05,970 [INFO] Activator:176 - 


2025-08-01 11:52:05,989 [INFO] Activator:177 - !SESSION log4j initialized
2025-08-01 11:52:23,808 [INFO] LogOutputStream:77 - [STDOUT_REDIRECT] 
2025-08-01 11:52:26,599 [INFO] ApplicationProperties:184 - Using Application install path: C:\ST\STM32CubeIDE_1.16.1\STM32CubeIDE\plugins\com.st.stm32cube.common.mx_6.15.0.202507011659
2025-08-01 11:52:26,630 [INFO] DbMcusXml:78 - Set database path to: C:\ST\STM32CubeIDE_1.16.1\STM32CubeIDE\plugins\com.st.stm32cube.common.mx_6.15.0.202507011659\\db\/mcu/
2025-08-01 11:52:26,630 [INFO] ApiDb:274 - Set plugin database path to: C:\ST\STM32CubeIDE_1.16.1\STM32CubeIDE\plugins\com.st.stm32cube.common.mx_6.15.0.202507011659\\db\/plugins/boardmanager/
2025-08-01 11:52:26,636 [WARN] ApiDb:259 - Overriding images path with different value:  => C:\ST\STM32CubeIDE_1.16.1\STM32CubeIDE\plugins\com.st.stm32cube.common.mx_6.15.0.202507011659\\db\/plugins/mcufinder/images/
2025-08-01 11:52:26,655 [INFO] ApiDb:250 - Set database path to: C:\Users\Chinnapop\.stmcufinder\plugins\mcufinder//mcu/
2025-08-01 11:52:26,659 [INFO] DbMcusAds:125 - Set database path to: C:\Users\Chinnapop\.stmcufinder\plugins\mcufinder//mcu/
2025-08-01 11:52:26,661 [INFO] CrossReferenceDbSqlite:203 - Set database path to: C:\Users\Chinnapop\.stmcufinder\plugins\mcufinder//mcu/cs/
2025-08-01 11:52:27,010 [INFO] RulesReader:64 - Compatibility file has been processed (317 Rules)
2025-08-01 11:52:27,186 [INFO] DbMcusXml:78 - Set database path to: C:\ST\STM32CubeIDE_1.16.1\STM32CubeIDE\plugins\com.st.stm32cube.common.mx_6.15.0.202507011659\\db\/mcu/
2025-08-01 11:52:27,186 [INFO] ApiDb:274 - Set plugin database path to: C:\ST\STM32CubeIDE_1.16.1\STM32CubeIDE\plugins\com.st.stm32cube.common.mx_6.15.0.202507011659\\db\/plugins/boardmanager/
2025-08-01 11:52:27,186 [INFO] ApiDb:261 - Set plugin images path to: C:\ST\STM32CubeIDE_1.16.1\STM32CubeIDE\plugins\com.st.stm32cube.common.mx_6.15.0.202507011659\\db\/plugins/mcufinder/images/
2025-08-01 11:52:27,186 [WARN] DbFile:41 - Overriding database path with different value: C:\Users\Chinnapop\.stmcufinder\plugins\mcufinder/ => C:\Users\Chinnapop\.stmcufinder\plugins\mcufinder
2025-08-01 11:52:27,186 [INFO] ApiDb:250 - Set database path to: C:\Users\Chinnapop\.stmcufinder\plugins\mcufinder//mcu/
2025-08-01 11:52:27,186 [WARN] DbFile:41 - Overriding database path with different value: C:\Users\Chinnapop\.stmcufinder\plugins\mcufinder/ => C:\Users\Chinnapop\.stmcufinder\plugins\mcufinder
2025-08-01 11:52:27,186 [INFO] DbMcusAds:125 - Set database path to: C:\Users\Chinnapop\.stmcufinder\plugins\mcufinder//mcu/
2025-08-01 11:52:27,186 [WARN] DbFile:41 - Overriding database path with different value: C:\Users\Chinnapop\.stmcufinder\plugins\mcufinder/ => C:\Users\Chinnapop\.stmcufinder\plugins\mcufinder
2025-08-01 11:52:27,186 [WARN] DbFile:41 - Overriding database path with different value: C:\Users\Chinnapop\.stmcufinder\plugins\mcufinder/ => C:\Users\Chinnapop\.stmcufinder\plugins\mcufinder
2025-08-01 11:52:27,186 [INFO] CrossReferenceDbSqlite:203 - Set database path to: C:\Users\Chinnapop\.stmcufinder\plugins\mcufinder//mcu/cs/
2025-08-01 11:52:27,438 [INFO] MainPanel:274 - HeapMemory: 268435456
2025-08-01 11:52:27,629 [INFO] DbMcusXml:78 - Set database path to: C:\ST\STM32CubeIDE_1.16.1\STM32CubeIDE\plugins\com.st.stm32cube.common.mx_6.15.0.202507011659\\db\/mcu/
2025-08-01 11:52:27,629 [INFO] ApiDb:274 - Set plugin database path to: C:\ST\STM32CubeIDE_1.16.1\STM32CubeIDE\plugins\com.st.stm32cube.common.mx_6.15.0.202507011659\\db\/plugins/boardmanager/
2025-08-01 11:52:27,629 [INFO] ApiDb:261 - Set plugin images path to: C:\ST\STM32CubeIDE_1.16.1\STM32CubeIDE\plugins\com.st.stm32cube.common.mx_6.15.0.202507011659\\db\/plugins/mcufinder/images/
2025-08-01 11:52:27,629 [WARN] DbFile:41 - Overriding database path with different value: C:\Users\Chinnapop\.stmcufinder\plugins\mcufinder/ => C:\Users\Chinnapop\.stmcufinder\plugins\mcufinder
2025-08-01 11:52:27,629 [INFO] ApiDb:250 - Set database path to: C:\Users\Chinnapop\.stmcufinder\plugins\mcufinder//mcu/
2025-08-01 11:52:27,629 [WARN] DbFile:41 - Overriding database path with different value: C:\Users\Chinnapop\.stmcufinder\plugins\mcufinder/ => C:\Users\Chinnapop\.stmcufinder\plugins\mcufinder
2025-08-01 11:52:27,629 [INFO] DbMcusAds:125 - Set database path to: C:\Users\Chinnapop\.stmcufinder\plugins\mcufinder//mcu/
2025-08-01 11:52:27,629 [WARN] DbFile:41 - Overriding database path with different value: C:\Users\Chinnapop\.stmcufinder\plugins\mcufinder/ => C:\Users\Chinnapop\.stmcufinder\plugins\mcufinder
2025-08-01 11:52:27,629 [WARN] DbFile:41 - Overriding database path with different value: C:\Users\Chinnapop\.stmcufinder\plugins\mcufinder/ => C:\Users\Chinnapop\.stmcufinder\plugins\mcufinder
2025-08-01 11:52:27,629 [INFO] CrossReferenceDbSqlite:203 - Set database path to: C:\Users\Chinnapop\.stmcufinder\plugins\mcufinder//mcu/cs/
2025-08-01 11:52:27,700 [INFO] ApplicationProperties:184 - Using Application install path: C:\ST\STM32CubeIDE_1.16.1\STM32CubeIDE\plugins\com.st.stm32cube.common.mx_6.15.0.202507011659
2025-08-01 11:52:27,700 [INFO] PluginManage:196 - Search for loadable plugins [exclusion list=, ]
2025-08-01 11:52:27,700 [INFO] PluginManage:310 - Check plugin analytics
2025-08-01 11:52:28,224 [INFO] AnalyticsPlugin:253 - Accepted Software Licenses: 
2025-08-01 11:52:28,224 [INFO] AnalyticsPlugin:255 - Accepted CMSIS Pack Licenses: 
2025-08-01 11:52:28,224 [INFO] AnalyticsPlugin:257 - Accepted Firmware Licenses: FW.F7.1.17.0
2025-08-01 11:52:28,245 [INFO] PluginManage:359 - Loaded plugin analytics (category:tool,tabindex:-1)
2025-08-01 11:52:28,245 [INFO] PluginManage:310 - Check plugin cadmodel
2025-08-01 11:52:28,265 [INFO] CADModel:105 - Init CAD model plugin
2025-08-01 11:52:28,265 [INFO] PluginManage:359 - Loaded plugin cadmodel (category:power,tabindex:5)
2025-08-01 11:52:28,265 [INFO] PluginManage:310 - Check plugin clock
2025-08-01 11:52:28,286 [INFO] PluginManage:359 - Loaded plugin clock (category:base,tabindex:2)
2025-08-01 11:52:28,286 [INFO] PluginManage:310 - Check plugin ddr
2025-08-01 11:52:28,297 [INFO] PluginManage:359 - Loaded plugin ddr (category:tool,tabindex:6)
2025-08-01 11:52:28,297 [INFO] PluginManage:310 - Check plugin filemanager
2025-08-01 11:52:28,602 [INFO] PluginManage:359 - Loaded plugin filemanager (category:base,tabindex:10)
2025-08-01 11:52:28,602 [INFO] PluginManage:310 - Check plugin ipmanager
2025-08-01 11:52:28,618 [INFO] PluginManage:359 - Loaded plugin ipmanager (category:base,tabindex:5)
2025-08-01 11:52:28,618 [INFO] PluginManage:310 - Check plugin lpbam
2025-08-01 11:52:28,633 [INFO] PluginManage:359 - Loaded plugin lpbam (category:base,tabindex:0)
2025-08-01 11:52:28,633 [INFO] PluginManage:310 - Check plugin memorymap
2025-08-01 11:52:28,664 [INFO] PluginManage:359 - Loaded plugin memorymap (category:base,tabindex:4)
2025-08-01 11:52:28,664 [INFO] PluginManage:310 - Check plugin pinoutandconfiguration
2025-08-01 11:52:28,694 [INFO] PluginManage:359 - Loaded plugin pinoutandconfiguration (category:base,tabindex:1)
2025-08-01 11:52:28,694 [INFO] PluginManage:310 - Check plugin pinoutconfig
2025-08-01 11:52:28,869 [WARN] SupportedApi:132 - Cannot load RTOS API schema: s4s-elt-must-match.1: The content of 'definitions' must match (annotation?, (simpleType | complexType)?, (unique | key | keyref)*)). A problem was found starting at: attribute.
2025-08-01 11:52:29,223 [INFO] PluginManage:359 - Loaded plugin pinoutconfig (category:base,tabindex:0)
2025-08-01 11:52:29,224 [INFO] PluginManage:310 - Check plugin power
2025-08-01 11:52:29,240 [INFO] PluginManage:359 - Loaded plugin power (category:power,tabindex:4)
2025-08-01 11:52:29,240 [INFO] PluginManage:310 - Check plugin projectmanager
2025-08-01 11:52:29,254 [INFO] PluginManage:359 - Loaded plugin projectmanager (category:projectmanager,tabindex:4)
2025-08-01 11:52:29,254 [INFO] PluginManage:310 - Check plugin rif
2025-08-01 11:52:29,280 [INFO] PluginManage:359 - Loaded plugin rif (category:base,tabindex:3)
2025-08-01 11:52:29,281 [INFO] PluginManage:310 - Check plugin thirdparty
2025-08-01 11:52:29,432 [INFO] PluginManage:359 - Loaded plugin thirdparty (category:base,tabindex:-1)
2025-08-01 11:52:29,432 [WARN] IntegrityCheckThread:84 - waiting for thirdparty lock release [integrity check]
2025-08-01 11:52:29,432 [INFO] IntegrityCheckThread:86 - entering critical section [integrity check]
2025-08-01 11:52:29,432 [INFO] PluginManage:310 - Check plugin tools
2025-08-01 11:52:29,432 [INFO] ThirdPartyUpdaterWithRetryManager:70 - Updater plugin not ready yet. [1/15]
2025-08-01 11:52:29,442 [INFO] PluginManage:359 - Loaded plugin tools (category:base,tabindex:7)
2025-08-01 11:52:29,442 [INFO] PluginManage:310 - Check plugin tutovideos
2025-08-01 11:52:29,668 [INFO] PluginManage:359 - Loaded plugin tutovideos (category:base,tabindex:-1)
2025-08-01 11:52:29,668 [INFO] PluginManage:310 - Check plugin updater
2025-08-01 11:52:29,689 [INFO] PluginManage:359 - Loaded plugin updater (category:base,tabindex:12)
2025-08-01 11:52:29,689 [INFO] PluginManage:310 - Check plugin userauth
2025-08-01 11:52:29,689 [INFO] UserAuth:118 - Init User Auth plugin
2025-08-01 11:52:29,689 [INFO] PluginManage:359 - Loaded plugin userauth (category:base,tabindex:14)
2025-08-01 11:52:29,699 [INFO] PluginManage:283 - PluginManage : Loaded plugins [18]
2025-08-01 11:52:29,917 [INFO] PinOutPanel:1589 - setPackage(No Configuration,No Configuration)
2025-08-01 11:52:30,008 [INFO] CADModel:165 - CPN selected for project level
2025-08-01 11:52:30,008 [INFO] CADModel:114 - Register for checkConnection events
2025-08-01 11:52:30,038 [INFO] IPUIPlugin:80 - create IPUIPlugin
2025-08-01 11:52:30,038 [INFO] PluginManager:220 - loadIPPluginJar : add adc
2025-08-01 11:52:30,042 [INFO] IPUIPlugin:80 - create IPUIPlugin
2025-08-01 11:52:30,042 [INFO] PluginManager:220 - loadIPPluginJar : add aes
2025-08-01 11:52:30,049 [INFO] IPUIPlugin:80 - create IPUIPlugin
2025-08-01 11:52:30,049 [INFO] PluginManager:220 - loadIPPluginJar : add can
2025-08-01 11:52:30,059 [INFO] IPUIPlugin:80 - create IPUIPlugin
2025-08-01 11:52:30,059 [INFO] PluginManager:220 - loadIPPluginJar : add comp
2025-08-01 11:52:30,059 [INFO] IPUIPlugin:80 - create IPUIPlugin
2025-08-01 11:52:30,059 [INFO] PluginManager:220 - loadIPPluginJar : add cryp
2025-08-01 11:52:30,069 [INFO] IPUIPlugin:80 - create IPUIPlugin
2025-08-01 11:52:30,069 [INFO] PluginManager:220 - loadIPPluginJar : add ddr_ctrl_phy
2025-08-01 11:52:30,080 [INFO] IPUIPlugin:80 - create IPUIPlugin
2025-08-01 11:52:30,080 [INFO] PluginManager:220 - loadIPPluginJar : add dfsdm
2025-08-01 11:52:30,080 [INFO] IPUIPlugin:80 - create IPUIPlugin
2025-08-01 11:52:30,090 [INFO] PluginManager:220 - loadIPPluginJar : add dma
2025-08-01 11:52:30,091 [INFO] IPUIPlugin:80 - create IPUIPlugin
2025-08-01 11:52:30,091 [INFO] PluginManager:220 - loadIPPluginJar : add dma3
2025-08-01 11:52:30,105 [INFO] IPUIPlugin:80 - create IPUIPlugin
2025-08-01 11:52:30,105 [INFO] PluginManager:220 - loadIPPluginJar : add extmemmanager
2025-08-01 11:52:30,116 [INFO] IPUIPlugin:80 - create IPUIPlugin
2025-08-01 11:52:30,116 [INFO] PluginManager:220 - loadIPPluginJar : add fatfs
2025-08-01 11:52:30,121 [INFO] IPUIPlugin:80 - create IPUIPlugin
2025-08-01 11:52:30,121 [INFO] PluginManager:220 - loadIPPluginJar : add fmc
2025-08-01 11:52:30,133 [INFO] IPUIPlugin:80 - create IPUIPlugin
2025-08-01 11:52:30,133 [INFO] PluginManager:220 - loadIPPluginJar : add freertos
2025-08-01 11:52:30,145 [INFO] IPUIPlugin:80 - create IPUIPlugin
2025-08-01 11:52:30,145 [INFO] PluginManager:220 - loadIPPluginJar : add genericplugin
2025-08-01 11:52:30,145 [INFO] IPUIPlugin:80 - create IPUIPlugin
2025-08-01 11:52:30,145 [INFO] PluginManager:220 - loadIPPluginJar : add gfxmmu
2025-08-01 11:52:30,152 [INFO] IPUIPlugin:80 - create IPUIPlugin
2025-08-01 11:52:30,152 [INFO] PluginManager:220 - loadIPPluginJar : add gic
2025-08-01 11:52:30,163 [INFO] IPUIPlugin:80 - create IPUIPlugin
2025-08-01 11:52:30,163 [INFO] PluginManager:220 - loadIPPluginJar : add gpio
2025-08-01 11:52:30,173 [INFO] IPUIPlugin:80 - create IPUIPlugin
2025-08-01 11:52:30,173 [INFO] PluginManager:220 - loadIPPluginJar : add gtzc
2025-08-01 11:52:30,183 [INFO] IPUIPlugin:80 - create IPUIPlugin
2025-08-01 11:52:30,183 [INFO] PluginManager:220 - loadIPPluginJar : add hash
2025-08-01 11:52:30,183 [INFO] IPUIPlugin:80 - create IPUIPlugin
2025-08-01 11:52:30,183 [INFO] PluginManager:220 - loadIPPluginJar : add i2c
2025-08-01 11:52:30,194 [INFO] IPUIPlugin:80 - create IPUIPlugin
2025-08-01 11:52:30,194 [INFO] PluginManager:220 - loadIPPluginJar : add i2s
2025-08-01 11:52:30,204 [INFO] IPUIPlugin:80 - create IPUIPlugin
2025-08-01 11:52:30,204 [INFO] PluginManager:220 - loadIPPluginJar : add i3c
2025-08-01 11:52:30,214 [INFO] IPUIPlugin:80 - create IPUIPlugin
2025-08-01 11:52:30,214 [INFO] PluginManager:220 - loadIPPluginJar : add ipddr
2025-08-01 11:52:30,224 [INFO] IPUIPlugin:80 - create IPUIPlugin
2025-08-01 11:52:30,224 [INFO] PluginManager:220 - loadIPPluginJar : add linkedlist
2025-08-01 11:52:30,235 [INFO] IPUIPlugin:80 - create IPUIPlugin
2025-08-01 11:52:30,235 [INFO] PluginManager:220 - loadIPPluginJar : add lorawan
2025-08-01 11:52:30,245 [INFO] IPUIPlugin:80 - create IPUIPlugin
2025-08-01 11:52:30,245 [INFO] PluginManager:220 - loadIPPluginJar : add ltdc
2025-08-01 11:52:30,255 [INFO] IPUIPlugin:80 - create IPUIPlugin
2025-08-01 11:52:30,255 [INFO] PluginManager:220 - loadIPPluginJar : add mdma
2025-08-01 11:52:30,265 [INFO] IPUIPlugin:80 - create IPUIPlugin
2025-08-01 11:52:30,265 [INFO] PluginManager:220 - loadIPPluginJar : add nvic
2025-08-01 11:52:30,270 [INFO] IPUIPlugin:80 - create IPUIPlugin
2025-08-01 11:52:30,270 [INFO] PluginManager:220 - loadIPPluginJar : add opamp
2025-08-01 11:52:30,275 [INFO] IPUIPlugin:80 - create IPUIPlugin
2025-08-01 11:52:30,275 [INFO] PluginManager:220 - loadIPPluginJar : add openamp
2025-08-01 11:52:30,286 [INFO] IPUIPlugin:80 - create IPUIPlugin
2025-08-01 11:52:30,286 [INFO] PluginManager:220 - loadIPPluginJar : add pdm2pcm
2025-08-01 11:52:30,306 [INFO] IPUIPlugin:80 - create IPUIPlugin
2025-08-01 11:52:30,306 [INFO] PluginManager:220 - loadIPPluginJar : add plateformsettings
2025-08-01 11:52:30,317 [INFO] IPUIPlugin:80 - create IPUIPlugin
2025-08-01 11:52:30,317 [INFO] PluginManager:220 - loadIPPluginJar : add quadspi
2025-08-01 11:52:30,332 [INFO] IPUIPlugin:80 - create IPUIPlugin
2025-08-01 11:52:30,334 [INFO] PluginManager:220 - loadIPPluginJar : add radio
2025-08-01 11:52:30,343 [INFO] IPUIPlugin:80 - create IPUIPlugin
2025-08-01 11:52:30,343 [INFO] PluginManager:220 - loadIPPluginJar : add resmgrutility
2025-08-01 11:52:30,348 [INFO] IPUIPlugin:80 - create IPUIPlugin
2025-08-01 11:52:30,348 [INFO] PluginManager:220 - loadIPPluginJar : add sai
2025-08-01 11:52:30,358 [INFO] IPUIPlugin:80 - create IPUIPlugin
2025-08-01 11:52:30,358 [INFO] PluginManager:220 - loadIPPluginJar : add spi
2025-08-01 11:52:30,368 [INFO] IPUIPlugin:80 - create IPUIPlugin
2025-08-01 11:52:30,368 [INFO] PluginManager:220 - loadIPPluginJar : add stm32_wpan
2025-08-01 11:52:30,378 [INFO] IPUIPlugin:80 - create IPUIPlugin
2025-08-01 11:52:30,378 [INFO] PluginManager:220 - loadIPPluginJar : add tim
2025-08-01 11:52:30,378 [INFO] IPUIPlugin:80 - create IPUIPlugin
2025-08-01 11:52:30,378 [INFO] PluginManager:220 - loadIPPluginJar : add touchsensing
2025-08-01 11:52:30,390 [INFO] IPUIPlugin:80 - create IPUIPlugin
2025-08-01 11:52:30,390 [INFO] PluginManager:220 - loadIPPluginJar : add tracer_emb
2025-08-01 11:52:30,399 [INFO] IPUIPlugin:80 - create IPUIPlugin
2025-08-01 11:52:30,399 [INFO] PluginManager:220 - loadIPPluginJar : add ts
2025-08-01 11:52:30,404 [INFO] IPUIPlugin:80 - create IPUIPlugin
2025-08-01 11:52:30,404 [INFO] PluginManager:220 - loadIPPluginJar : add tsc
2025-08-01 11:52:30,409 [INFO] IPUIPlugin:80 - create IPUIPlugin
2025-08-01 11:52:30,409 [INFO] PluginManager:220 - loadIPPluginJar : add ucpd
2025-08-01 11:52:30,420 [INFO] IPUIPlugin:80 - create IPUIPlugin
2025-08-01 11:52:30,420 [INFO] PluginManager:220 - loadIPPluginJar : add usart
2025-08-01 11:52:30,430 [INFO] IPUIPlugin:80 - create IPUIPlugin
2025-08-01 11:52:30,430 [INFO] PluginManager:220 - loadIPPluginJar : add usbx
2025-08-01 11:52:30,567 [FATAL] Updater:351 - Updater called before beeing initialized
2025-08-01 11:52:30,614 [INFO] RulesReader:64 - Compatibility file has been processed (317 Rules)
2025-08-01 11:52:30,629 [INFO] RulesReader:64 - Compatibility file has been processed (317 Rules)
2025-08-01 11:52:30,643 [INFO] CADModel:165 - CPN selected for project level
2025-08-01 11:52:30,643 [INFO] CADModel:114 - Register for checkConnection events
2025-08-01 11:52:30,643 [FATAL] Updater:351 - Updater called before beeing initialized
2025-08-01 11:52:30,644 [ERROR] CADModel:125 - Updater not yet initialized, retry later 
2025-08-01 11:52:30,798 [FATAL] Updater:351 - Updater called before beeing initialized
2025-08-01 11:52:30,798 [INFO] CADModel:165 - CPN selected for project level
2025-08-01 11:52:30,798 [INFO] CADModel:114 - Register for checkConnection events
2025-08-01 11:52:30,798 [FATAL] Updater:351 - Updater called before beeing initialized
2025-08-01 11:52:30,798 [ERROR] CADModel:125 - Updater not yet initialized, retry later 
2025-08-01 11:52:30,798 [FATAL] Updater:351 - Updater called before beeing initialized
2025-08-01 11:52:30,951 [FATAL] Updater:351 - Updater called before beeing initialized
2025-08-01 11:52:30,957 [INFO] DbMcusAds:53 - JSON generation date=Tue Jul 08 15:14:23 ICT 2025 (1751962463562)
2025-08-01 11:52:30,957 [FATAL] Updater:351 - Updater called before beeing initialized
2025-08-01 11:52:31,018 [WARN] DetailPanel:346 - Failed to get advertising image, set to default
2025-08-01 11:52:31,120 [FATAL] Updater:351 - Updater called before beeing initialized
2025-08-01 11:52:31,130 [FATAL] Updater:351 - Updater called before beeing initialized
2025-08-01 11:52:31,130 [FATAL] Updater:351 - Updater called before beeing initialized
2025-08-01 11:52:31,130 [WARN] DetailPanel:346 - Failed to get advertising image, set to default
2025-08-01 11:52:31,132 [FATAL] Updater:351 - Updater called before beeing initialized
2025-08-01 11:52:31,212 [ERROR] Updater:1198 - MainUpdater not yet initialized. External WinMGr cannot be set.
2025-08-01 11:52:31,222 [INFO] Updater:1134 - Updater Version found : 6.15.0
2025-08-01 11:52:31,253 [INFO] ApplicationProperties:184 - Using Application install path: C:\ST\STM32CubeIDE_1.16.1\STM32CubeIDE\plugins\com.st.stm32cube.common.mx_6.15.0.202507011659
2025-08-01 11:52:32,434 [INFO] ThirdPartyUpdaterWithRetryManager:70 - Updater plugin not ready yet. [2/15]
2025-08-01 11:52:32,863 [ERROR] LogOutputStream:75 - [STDERR_REDIRECT] Aug 01, 2025 11:52:32 AM java.util.prefs.WindowsPreferences <init>
2025-08-01 11:52:32,866 [ERROR] LogOutputStream:75 - [STDERR_REDIRECT] WARNING: Could not open/create prefs root node Software\JavaSoft\Prefs at root 0xffffffff80000002. Windows RegCreateKeyEx(...) returned error code 5.
2025-08-01 11:52:32,866 [ERROR] LogOutputStream:75 - [STDERR_REDIRECT] 
2025-08-01 11:52:33,638 [INFO] MainUpdater:2872 - connection check result : 10
2025-08-01 11:52:33,638 [INFO] MainUpdater:289 - Updater Check For Update Now.
2025-08-01 11:52:33,638 [INFO] MicroXplorer:498 - Change Database Version : DB.6.0.150
2025-08-01 11:52:33,670 [INFO] McuFinderGlobals:63 - Set McuFinder mode to 2 (CubeIDE integrated)
2025-08-01 11:52:33,673 [INFO] UserAuth:487 - Internet connection configuration mode: 1
2025-08-01 11:52:33,744 [INFO] JxBrowserEngine:152 - Initiate JxBrowser Engine with user profile folder
2025-08-01 11:52:33,886 [INFO] CheckServerUpdateThread:120 - End of CheckServer Thread
2025-08-01 11:52:35,162 [INFO] WebApp:169 - Instantiating new browser for Auth
2025-08-01 11:52:35,747 [WARN] PackLoader:240 - Cannot read IP mode file for STMicroelectronics.FP-SNS-MOTENVWB1.1.4.0
2025-08-01 11:52:35,760 [WARN] PackLoader:240 - Cannot read IP mode file for STMicroelectronics.FP-ATR-ASTRA1.2.0.2
2025-08-01 11:52:35,766 [WARN] PackLoader:240 - Cannot read IP mode file for STMicroelectronics.FP-ATR-ASTRA1.2.0.1
2025-08-01 11:52:35,781 [WARN] PackLoader:240 - Cannot read IP mode file for STMicroelectronics.X-CUBE-SMBUS.2.1.0
2025-08-01 11:52:35,790 [WARN] PackLoader:240 - Cannot read IP mode file for STMicroelectronics.X-CUBE-WB05N.1.1.0
2025-08-01 11:52:35,796 [WARN] PackLoader:240 - Cannot read IP mode file for STMicroelectronics.X-CUBE-ST60.1.0.0
2025-08-01 11:52:35,824 [WARN] PackLoader:240 - Cannot read IP mode file for STMicroelectronics.X-CUBE-AZRTOS-F7.1.1.0
2025-08-01 11:52:35,875 [WARN] PackLoader:240 - Cannot read IP mode file for STMicroelectronics.X-CUBE-MEMS1.11.0.0
2025-08-01 11:52:35,981 [WARN] PackLoader:240 - Cannot read IP mode file for STMicroelectronics.FP-SNS-FLIGHT1.5.0.2
2025-08-01 11:52:35,995 [WARN] PackLoader:240 - Cannot read IP mode file for STMicroelectronics.X-CUBE-AZRTOS-H7.3.4.0
2025-08-01 11:52:36,003 [WARN] PackLoader:240 - Cannot read IP mode file for STMicroelectronics.X-CUBE-DISPLAY.3.0.0
2025-08-01 11:52:36,010 [WARN] PackLoader:240 - Cannot read IP mode file for STMicroelectronics.X-CUBE-BLE1.7.0.0
2025-08-01 11:52:36,015 [WARN] PackLoader:240 - Cannot read IP mode file for STMicroelectronics.X-CUBE-NFC10.1.0.0
2025-08-01 11:52:36,023 [WARN] PackLoader:240 - Cannot read IP mode file for STMicroelectronics.X-CUBE-BLEMGR.4.0.0
2025-08-01 11:52:36,029 [WARN] PackLoader:240 - Cannot read IP mode file for emotas.I-CUBE-CANOPEN.1.3.0
2025-08-01 11:52:36,034 [WARN] PackLoader:240 - Cannot read IP mode file for STMicroelectronics.X-CUBE-BLEMGR.3.1.0
2025-08-01 11:52:36,039 [WARN] PackLoader:240 - Cannot read IP mode file for STMicroelectronics.X-CUBE-AI.10.0.0
2025-08-01 11:52:36,045 [WARN] PackLoader:240 - Cannot read IP mode file for STMicroelectronics.FP-SNS-SMARTAG2.1.2.0
2025-08-01 11:52:36,048 [WARN] PackLoader:240 - Cannot read IP mode file for STMicroelectronics.FP-SNS-FLIGHT1.5.1.0
2025-08-01 11:52:36,073 [WARN] PackLoader:240 - Cannot read IP mode file for STMicroelectronics.X-CUBE-MEMS1.11.1.0
2025-08-01 11:52:36,168 [INFO] LogOutputStream:77 - [STDOUT_REDIRECT] 1 : Invalid condition id : UX_CORESTACK_Condition cause : null
2025-08-01 11:52:36,169 [INFO] LogOutputStream:77 - [STDOUT_REDIRECT] 1 : Invalid condition id : UX_CORESTACK_Condition cause : null
2025-08-01 11:52:36,171 [INFO] LogOutputStream:77 - [STDOUT_REDIRECT] 1 : Invalid condition id : UX_CORESTACK_Condition cause : null
2025-08-01 11:52:36,172 [INFO] LogOutputStream:77 - [STDOUT_REDIRECT] 1 : Invalid condition id : UX_CORESTACK_Condition cause : null
2025-08-01 11:52:36,173 [INFO] LogOutputStream:77 - [STDOUT_REDIRECT] 1 : Invalid condition id : UX_CORESTACK_Condition cause : null
2025-08-01 11:52:36,175 [WARN] PackLoader:240 - Cannot read IP mode file for STMicroelectronics.X-CUBE-AZRTOS-WL.2.0.0
2025-08-01 11:52:36,180 [WARN] PackLoader:240 - Cannot read IP mode file for STMicroelectronics.FP-SNS-MOTENV1.5.0.0
2025-08-01 11:52:36,184 [WARN] PackLoader:240 - Cannot read IP mode file for wolfSSL.I-CUBE-wolfMQTT.1.19.0
2025-08-01 11:52:36,193 [WARN] PackLoader:240 - Cannot read IP mode file for WES.I-CUBE-Cesium.1.3.0
2025-08-01 11:52:36,197 [WARN] PackLoader:240 - Cannot read IP mode file for STMicroelectronics.X-CUBE-BLE2.3.3.0
2025-08-01 11:52:36,203 [WARN] PackLoader:240 - Cannot read IP mode file for STMicroelectronics.X-CUBE-NFC9.1.0.0
2025-08-01 11:52:36,207 [WARN] PackLoader:240 - Cannot read IP mode file for STMicroelectronics.X-CUBE-BLE1.7.1.0
2025-08-01 11:52:36,211 [WARN] PackLoader:240 - Cannot read IP mode file for STMicroelectronics.X-CUBE-TCPP.4.1.0
2025-08-01 11:52:36,217 [WARN] PackLoader:240 - Cannot read IP mode file for STMicroelectronics.X-CUBE-EEPRMA1.5.2.0
2025-08-01 11:52:36,221 [WARN] PackLoader:240 - Cannot read IP mode file for STMicroelectronics.X-CUBE-AI.10.1.0
2025-08-01 11:52:36,269 [WARN] PackLoader:240 - Cannot read IP mode file for STMicroelectronics.X-CUBE-MEMS1.11.2.0
2025-08-01 11:52:36,455 [WARN] PackLoader:240 - Cannot read IP mode file for STMicroelectronics.X-CUBE-AZRTOS-G0.1.1.0
2025-08-01 11:52:36,463 [WARN] PackLoader:240 - Cannot read IP mode file for STMicroelectronics.X-CUBE-SAFEA1.1.2.2
2025-08-01 11:52:36,470 [WARN] PackLoader:240 - Cannot read IP mode file for STMicroelectronics.X-CUBE-NFC4.3.0.0
2025-08-01 11:52:36,485 [WARN] PackLoader:240 - Cannot read IP mode file for EmbeddedOffice.I-CUBE-FS-RTOS.1.0.1
2025-08-01 11:52:36,494 [WARN] PackLoader:240 - Cannot read IP mode file for STMicroelectronics.X-CUBE-WB05N.2.0.0
2025-08-01 11:52:36,500 [WARN] PackLoader:240 - Cannot read IP mode file for STMicroelectronics.X-CUBE-TCPP.4.2.0
2025-08-01 11:52:36,508 [WARN] PackLoader:240 - Cannot read IP mode file for RealThread.X-CUBE-RT-Thread_Nano.4.1.1
2025-08-01 11:52:36,514 [WARN] PackLoader:240 - Cannot read IP mode file for STMicroelectronics.FP-ATR-SIGFOX1.3.2.0
2025-08-01 11:52:36,520 [WARN] ConditionMgr:438 - getConditionDescription Invalid condition id : Cortex-A Device cause : null
2025-08-01 11:52:36,541 [WARN] ConditionMgr:1044 - genDependencies : Invalid condition id : Cortex-A Device cause : null
2025-08-01 11:52:36,541 [WARN] ConditionMgr:1044 - genDependencies : Invalid condition id : Cortex-A Device cause : null
2025-08-01 11:52:36,542 [WARN] ConditionMgr:1044 - genDependencies : Invalid condition id : Cortex-A Device cause : null
2025-08-01 11:52:36,546 [WARN] PackLoader:240 - Cannot read IP mode file for STMicroelectronics.X-CUBE-EEPRMA1.5.1.0
2025-08-01 11:52:36,552 [WARN] PackLoader:240 - Cannot read IP mode file for wolfSSL.I-CUBE-wolfSSL.5.7.4
2025-08-01 11:52:36,558 [WARN] PackLoader:240 - Cannot read IP mode file for ITTIA_DB.I-CUBE-ITTIADB.8.9.0
2025-08-01 11:52:36,571 [WARN] PackLoader:240 - Cannot read IP mode file for STMicroelectronics.X-CUBE-ST67W61.1.0.0
2025-08-01 11:52:36,591 [WARN] PackLoader:240 - Cannot read IP mode file for SEGGER.I-CUBE-embOS.1.3.1
2025-08-01 11:52:36,620 [WARN] PackLoader:240 - Cannot read IP mode file for STMicroelectronics.X-CUBE-ALGOBUILD.1.4.0
2025-08-01 11:52:36,650 [INFO] WebApp:463 - Apply proxy settings
2025-08-01 11:52:36,651 [INFO] WebApp:548 - Chromium requires no authentication
2025-08-01 11:52:36,655 [WARN] PackLoader:240 - Cannot read IP mode file for STMicroelectronics.X-CUBE-MEMS1.11.3.0
2025-08-01 11:52:36,729 [INFO] WebApp:491 - Direct internet connection detected
2025-08-01 11:52:36,744 [WARN] PackLoader:240 - Cannot read IP mode file for STMicroelectronics.X-CUBE-AI.9.1.0
2025-08-01 11:52:36,750 [WARN] PackLoader:240 - Cannot read IP mode file for STMicroelectronics.X-CUBE-PM33A1.1.0.0
2025-08-01 11:52:36,762 [WARN] PackLoader:240 - Cannot read IP mode file for STMicroelectronics.X-CUBE-AZRTOS-F4.1.1.0
2025-08-01 11:52:36,768 [WARN] PackLoader:240 - Cannot read IP mode file for Avnet-IotConnect.X-CUBE-IoTC-DA16k-PMOD.1.0.0
2025-08-01 11:52:36,772 [WARN] PackLoader:240 - Cannot read IP mode file for STMicroelectronics.X-CUBE-ISPU.2.1.0
2025-08-01 11:52:36,777 [WARN] PackLoader:240 - Cannot read IP mode file for STMicroelectronics.X-CUBE-FREERTOS.1.2.0
2025-08-01 11:52:36,783 [WARN] PackLoader:240 - Cannot read IP mode file for STMicroelectronics.X-CUBE-NFC12.1.0.0
2025-08-01 11:52:36,795 [WARN] PackLoader:240 - Cannot read IP mode file for STMicroelectronics.X-CUBE-AZRTOS-L5.2.0.0
2025-08-01 11:52:36,803 [WARN] PackLoader:240 - Cannot read IP mode file for STMicroelectronics.X-CUBE-NFC6.3.1.0
2025-08-01 11:52:36,809 [WARN] PackLoader:240 - Cannot read IP mode file for STMicroelectronics.X-CUBE-DPower.1.2.0
2025-08-01 11:52:36,813 [WARN] PackLoader:240 - Cannot read IP mode file for STMicroelectronics.X-CUBE-FREERTOS.1.3.1
2025-08-01 11:52:36,817 [WARN] PackLoader:240 - Cannot read IP mode file for STMicroelectronics.X-CUBE-FREERTOS.1.3.0
2025-08-01 11:52:36,821 [WARN] PackLoader:240 - Cannot read IP mode file for STMicroelectronics.X-CUBE-NFC7.1.0.1
2025-08-01 11:52:36,826 [WARN] PackLoader:240 - Cannot read IP mode file for STMicroelectronics.FP-SNS-STAIOTCFT.1.0.0
2025-08-01 11:52:36,831 [WARN] PackLoader:240 - Cannot read IP mode file for STMicroelectronics.X-CUBE-DPower.1.3.0
2025-08-01 11:52:36,843 [WARN] ConditionMgr:438 - getConditionDescription Invalid condition id : LAN8742 Phy interface Condition cause : null
2025-08-01 11:52:36,844 [WARN] PackLoader:240 - Cannot read IP mode file for STMicroelectronics.X-CUBE-AZRTOS-L4.2.0.0
2025-08-01 11:52:36,845 [WARN] ConditionMgr:1044 - genDependencies : Invalid condition id : LAN8742 Phy interface Condition cause : null
2025-08-01 11:52:36,845 [WARN] ConditionMgr:1044 - genDependencies : Invalid condition id : LAN8742 Phy interface Condition cause : null
2025-08-01 11:52:36,845 [WARN] ConditionMgr:1044 - genDependencies : Invalid condition id : LAN8742 Phy interface Condition cause : null
2025-08-01 11:52:36,852 [WARN] PackLoader:240 - Cannot read IP mode file for STMicroelectronics.X-CUBE-SFXS2LP1.4.0.0
2025-08-01 11:52:36,867 [WARN] PackLoader:240 - Cannot read IP mode file for STMicroelectronics.X-CUBE-AZRTOS-H7.3.3.0
2025-08-01 11:52:36,875 [WARN] PackLoader:240 - Cannot read IP mode file for STMicroelectronics.X-CUBE-BLEMGR.4.1.0
2025-08-01 11:52:36,885 [WARN] PackLoader:240 - Cannot read IP mode file for STMicroelectronics.X-CUBE-IPS.3.0.0
2025-08-01 11:52:36,896 [WARN] ConditionMgr:438 - getConditionDescription Invalid condition id : UX DEVICE CLASS RTOS Condition cause : null
2025-08-01 11:52:36,896 [WARN] ConditionMgr:438 - getConditionDescription Invalid condition id : UX DEVICE CLASS RTOS Condition cause : null
2025-08-01 11:52:36,898 [WARN] PackLoader:240 - Cannot read IP mode file for STMicroelectronics.X-CUBE-AZRTOS-WB.2.0.0
2025-08-01 11:52:36,898 [WARN] ConditionMgr:1044 - genDependencies : Invalid condition id : UX DEVICE CLASS RTOS Condition cause : null
2025-08-01 11:52:36,898 [WARN] ConditionMgr:1044 - genDependencies : Invalid condition id : UX DEVICE CLASS RTOS Condition cause : null
2025-08-01 11:52:36,899 [WARN] ConditionMgr:1044 - genDependencies : Invalid condition id : UX DEVICE CLASS RTOS Condition cause : null
2025-08-01 11:52:36,899 [WARN] ConditionMgr:1044 - genDependencies : Invalid condition id : UX DEVICE CLASS RTOS Condition cause : null
2025-08-01 11:52:36,899 [WARN] ConditionMgr:1044 - genDependencies : Invalid condition id : UX DEVICE CLASS RTOS Condition cause : null
2025-08-01 11:52:36,904 [WARN] PackLoader:240 - Cannot read IP mode file for STMicroelectronics.X-CUBE-GNSS1.7.0.0
2025-08-01 11:52:36,909 [WARN] PackLoader:240 - Cannot read IP mode file for STMicroelectronics.X-CUBE-GNSS1.7.0.1
2025-08-01 11:52:36,918 [WARN] PackLoader:240 - Cannot read IP mode file for STMicroelectronics.X-CUBE-TOUCHGFX.4.25.0
2025-08-01 11:52:36,924 [WARN] PackLoader:240 - Cannot read IP mode file for STMicroelectronics.FP-SNS-STBOX1.2.0.0
2025-08-01 11:52:36,947 [WARN] PackLoader:240 - Cannot read IP mode file for STMicroelectronics.X-CUBE-SUBG2.5.0.0
2025-08-01 11:52:36,970 [WARN] PackLoader:240 - Cannot read IP mode file for STMicroelectronics.X-CUBE-AZRTOS-H7RS.1.1.0
2025-08-01 11:52:36,978 [INFO] WebApp:900 - Register for checkConnection events
2025-08-01 11:52:36,979 [INFO] WebApp:463 - Apply proxy settings
2025-08-01 11:52:36,979 [INFO] WebApp:548 - Chromium requires no authentication
2025-08-01 11:52:36,980 [INFO] WebApp:491 - Direct internet connection detected
2025-08-01 11:52:36,981 [WARN] PackLoader:240 - Cannot read IP mode file for Cesanta.I-CUBE-Mongoose.7.13.0
2025-08-01 11:52:37,011 [WARN] PackLoader:240 - Cannot read IP mode file for STMicroelectronics.X-CUBE-AZRTOS-G4.2.0.0
2025-08-01 11:52:37,019 [WARN] PackLoader:240 - Cannot read IP mode file for STMicroelectronics.X-CUBE-NFC7.2.0.0
2025-08-01 11:52:37,037 [WARN] PackLoader:240 - Cannot read IP mode file for STMicroelectronics.X-CUBE-IPS.3.1.0
2025-08-01 11:52:37,050 [WARN] PackLoader:240 - Cannot read IP mode file for STMicroelectronics.X-CUBE-ALS.1.0.2
2025-08-01 11:52:37,058 [WARN] PackLoader:240 - Cannot read IP mode file for STMicroelectronics.X-CUBE-TOUCHGFX.4.24.2
2025-08-01 11:52:37,063 [WARN] PackLoader:240 - Cannot read IP mode file for STMicroelectronics.X-CUBE-TOUCHGFX.4.24.1
2025-08-01 11:52:37,067 [WARN] PackLoader:240 - Cannot read IP mode file for wolfSSL.I-CUBE-wolfTPM.3.4.0
2025-08-01 11:52:37,073 [WARN] PackLoader:240 - Cannot read IP mode file for portGmbH.I-Cube-SoM-uGOAL.1.1.0
2025-08-01 11:52:37,086 [WARN] PackLoader:240 - Cannot read IP mode file for STMicroelectronics.X-CUBE-AZRTOS-H7RS.1.0.0
2025-08-01 11:52:37,092 [WARN] PackLoader:240 - Cannot read IP mode file for STMicroelectronics.FP-ATR-ASTRA1.2.0.0
2025-08-01 11:52:37,100 [WARN] PackLoader:240 - Cannot read IP mode file for STMicroelectronics.X-CUBE-TOF1.3.4.2
2025-08-01 11:52:37,114 [WARN] PackLoader:240 - Cannot read IP mode file for STMicroelectronics.X-CUBE-TOF1.3.4.3
2025-08-01 11:52:37,133 [WARN] PackLoader:240 - Cannot read IP mode file for Infineon.AIROC-Wi-Fi-Bluetooth-STM32.1.6.1
2025-08-01 11:52:37,140 [WARN] PackLoader:240 - Cannot read IP mode file for wolfSSL.I-CUBE-wolfSSH.1.4.17
2025-08-01 11:52:37,140 [INFO] ThirdParty:978 - Integrity check success = true
2025-08-01 11:52:37,140 [INFO] IntegrityCheckThread:100 - exiting critical section [integrity check]
2025-08-01 11:52:37,140 [INFO] IntegrityCheckThread:103 - End integrity checks thread
2025-08-01 11:52:37,267 [INFO] WebApp:191 - Connection restablished
2025-08-01 11:52:37,764 [INFO] WebApp:225 - Starting web application
2025-08-01 11:52:37,764 [INFO] WebApp:593 - Web application path used C:\ST\STM32CubeIDE_1.16.1\STM32CubeIDE\plugins\com.st.stm32cube.common.mx_6.15.0.202507011659\db\plugins\mcufinder\reactClient1\index.html
2025-08-01 11:52:37,857 [INFO] UserAuth:487 - Internet connection configuration mode: 1
2025-08-01 11:53:02,951 [ERROR] LogOutputStream:75 - [STDERR_REDIRECT] 
2025-08-01 11:53:51,969 [INFO] Activator:176 - 


2025-08-01 11:53:51,971 [INFO] Activator:177 - !SESSION log4j initialized
2025-08-01 11:53:59,750 [INFO] LogOutputStream:77 - [STDOUT_REDIRECT] 
2025-08-01 11:54:02,071 [INFO] ApplicationProperties:184 - Using Application install path: C:\ST\STM32CubeIDE_1.16.1\STM32CubeIDE\plugins\com.st.stm32cube.common.mx_6.15.0.202507011659
2025-08-01 11:54:02,093 [INFO] DbMcusXml:78 - Set database path to: C:\ST\STM32CubeIDE_1.16.1\STM32CubeIDE\plugins\com.st.stm32cube.common.mx_6.15.0.202507011659\\db\/mcu/
2025-08-01 11:54:02,093 [INFO] ApiDb:274 - Set plugin database path to: C:\ST\STM32CubeIDE_1.16.1\STM32CubeIDE\plugins\com.st.stm32cube.common.mx_6.15.0.202507011659\\db\/plugins/boardmanager/
2025-08-01 11:54:02,093 [WARN] ApiDb:259 - Overriding images path with different value:  => C:\ST\STM32CubeIDE_1.16.1\STM32CubeIDE\plugins\com.st.stm32cube.common.mx_6.15.0.202507011659\\db\/plugins/mcufinder/images/
2025-08-01 11:54:02,104 [INFO] ApiDb:250 - Set database path to: C:\Users\Chinnapop\.stmcufinder\plugins\mcufinder//mcu/
2025-08-01 11:54:02,105 [INFO] DbMcusAds:125 - Set database path to: C:\Users\Chinnapop\.stmcufinder\plugins\mcufinder//mcu/
2025-08-01 11:54:02,108 [INFO] CrossReferenceDbSqlite:203 - Set database path to: C:\Users\Chinnapop\.stmcufinder\plugins\mcufinder//mcu/cs/
2025-08-01 11:54:02,253 [INFO] RulesReader:64 - Compatibility file has been processed (317 Rules)
2025-08-01 11:54:02,333 [INFO] DbMcusXml:78 - Set database path to: C:\ST\STM32CubeIDE_1.16.1\STM32CubeIDE\plugins\com.st.stm32cube.common.mx_6.15.0.202507011659\\db\/mcu/
2025-08-01 11:54:02,334 [INFO] ApiDb:274 - Set plugin database path to: C:\ST\STM32CubeIDE_1.16.1\STM32CubeIDE\plugins\com.st.stm32cube.common.mx_6.15.0.202507011659\\db\/plugins/boardmanager/
2025-08-01 11:54:02,334 [INFO] ApiDb:261 - Set plugin images path to: C:\ST\STM32CubeIDE_1.16.1\STM32CubeIDE\plugins\com.st.stm32cube.common.mx_6.15.0.202507011659\\db\/plugins/mcufinder/images/
2025-08-01 11:54:02,334 [WARN] DbFile:41 - Overriding database path with different value: C:\Users\Chinnapop\.stmcufinder\plugins\mcufinder/ => C:\Users\Chinnapop\.stmcufinder\plugins\mcufinder
2025-08-01 11:54:02,335 [INFO] ApiDb:250 - Set database path to: C:\Users\Chinnapop\.stmcufinder\plugins\mcufinder//mcu/
2025-08-01 11:54:02,335 [WARN] DbFile:41 - Overriding database path with different value: C:\Users\Chinnapop\.stmcufinder\plugins\mcufinder/ => C:\Users\Chinnapop\.stmcufinder\plugins\mcufinder
2025-08-01 11:54:02,335 [INFO] DbMcusAds:125 - Set database path to: C:\Users\Chinnapop\.stmcufinder\plugins\mcufinder//mcu/
2025-08-01 11:54:02,335 [WARN] DbFile:41 - Overriding database path with different value: C:\Users\Chinnapop\.stmcufinder\plugins\mcufinder/ => C:\Users\Chinnapop\.stmcufinder\plugins\mcufinder
2025-08-01 11:54:02,335 [WARN] DbFile:41 - Overriding database path with different value: C:\Users\Chinnapop\.stmcufinder\plugins\mcufinder/ => C:\Users\Chinnapop\.stmcufinder\plugins\mcufinder
2025-08-01 11:54:02,335 [INFO] CrossReferenceDbSqlite:203 - Set database path to: C:\Users\Chinnapop\.stmcufinder\plugins\mcufinder//mcu/cs/
2025-08-01 11:54:02,416 [INFO] MainPanel:274 - HeapMemory: 268435456
2025-08-01 11:54:02,501 [INFO] DbMcusXml:78 - Set database path to: C:\ST\STM32CubeIDE_1.16.1\STM32CubeIDE\plugins\com.st.stm32cube.common.mx_6.15.0.202507011659\\db\/mcu/
2025-08-01 11:54:02,501 [INFO] ApiDb:274 - Set plugin database path to: C:\ST\STM32CubeIDE_1.16.1\STM32CubeIDE\plugins\com.st.stm32cube.common.mx_6.15.0.202507011659\\db\/plugins/boardmanager/
2025-08-01 11:54:02,501 [INFO] ApiDb:261 - Set plugin images path to: C:\ST\STM32CubeIDE_1.16.1\STM32CubeIDE\plugins\com.st.stm32cube.common.mx_6.15.0.202507011659\\db\/plugins/mcufinder/images/
2025-08-01 11:54:02,501 [WARN] DbFile:41 - Overriding database path with different value: C:\Users\Chinnapop\.stmcufinder\plugins\mcufinder/ => C:\Users\Chinnapop\.stmcufinder\plugins\mcufinder
2025-08-01 11:54:02,501 [INFO] ApiDb:250 - Set database path to: C:\Users\Chinnapop\.stmcufinder\plugins\mcufinder//mcu/
2025-08-01 11:54:02,501 [WARN] DbFile:41 - Overriding database path with different value: C:\Users\Chinnapop\.stmcufinder\plugins\mcufinder/ => C:\Users\Chinnapop\.stmcufinder\plugins\mcufinder
2025-08-01 11:54:02,501 [INFO] DbMcusAds:125 - Set database path to: C:\Users\Chinnapop\.stmcufinder\plugins\mcufinder//mcu/
2025-08-01 11:54:02,502 [WARN] DbFile:41 - Overriding database path with different value: C:\Users\Chinnapop\.stmcufinder\plugins\mcufinder/ => C:\Users\Chinnapop\.stmcufinder\plugins\mcufinder
2025-08-01 11:54:02,502 [WARN] DbFile:41 - Overriding database path with different value: C:\Users\Chinnapop\.stmcufinder\plugins\mcufinder/ => C:\Users\Chinnapop\.stmcufinder\plugins\mcufinder
2025-08-01 11:54:02,502 [INFO] CrossReferenceDbSqlite:203 - Set database path to: C:\Users\Chinnapop\.stmcufinder\plugins\mcufinder//mcu/cs/
2025-08-01 11:54:02,520 [INFO] ApplicationProperties:184 - Using Application install path: C:\ST\STM32CubeIDE_1.16.1\STM32CubeIDE\plugins\com.st.stm32cube.common.mx_6.15.0.202507011659
2025-08-01 11:54:02,521 [INFO] PluginManage:196 - Search for loadable plugins [exclusion list=, ]
2025-08-01 11:54:02,523 [INFO] PluginManage:310 - Check plugin analytics
2025-08-01 11:54:02,682 [INFO] AnalyticsPlugin:253 - Accepted Software Licenses: 
2025-08-01 11:54:02,682 [INFO] AnalyticsPlugin:255 - Accepted CMSIS Pack Licenses: 
2025-08-01 11:54:02,682 [INFO] AnalyticsPlugin:257 - Accepted Firmware Licenses: FW.F7.1.17.0
2025-08-01 11:54:02,686 [INFO] PluginManage:359 - Loaded plugin analytics (category:tool,tabindex:-1)
2025-08-01 11:54:02,687 [INFO] PluginManage:310 - Check plugin cadmodel
2025-08-01 11:54:02,696 [INFO] CADModel:105 - Init CAD model plugin
2025-08-01 11:54:02,697 [INFO] PluginManage:359 - Loaded plugin cadmodel (category:power,tabindex:5)
2025-08-01 11:54:02,697 [INFO] PluginManage:310 - Check plugin clock
2025-08-01 11:54:02,709 [INFO] PluginManage:359 - Loaded plugin clock (category:base,tabindex:2)
2025-08-01 11:54:02,710 [INFO] PluginManage:310 - Check plugin ddr
2025-08-01 11:54:02,711 [INFO] PluginManage:359 - Loaded plugin ddr (category:tool,tabindex:6)
2025-08-01 11:54:02,711 [INFO] PluginManage:310 - Check plugin filemanager
2025-08-01 11:54:02,856 [INFO] PluginManage:359 - Loaded plugin filemanager (category:base,tabindex:10)
2025-08-01 11:54:02,857 [INFO] PluginManage:310 - Check plugin ipmanager
2025-08-01 11:54:02,865 [INFO] PluginManage:359 - Loaded plugin ipmanager (category:base,tabindex:5)
2025-08-01 11:54:02,866 [INFO] PluginManage:310 - Check plugin lpbam
2025-08-01 11:54:02,883 [INFO] PluginManage:359 - Loaded plugin lpbam (category:base,tabindex:0)
2025-08-01 11:54:02,883 [INFO] PluginManage:310 - Check plugin memorymap
2025-08-01 11:54:02,907 [INFO] PluginManage:359 - Loaded plugin memorymap (category:base,tabindex:4)
2025-08-01 11:54:02,907 [INFO] PluginManage:310 - Check plugin pinoutandconfiguration
2025-08-01 11:54:02,925 [INFO] PluginManage:359 - Loaded plugin pinoutandconfiguration (category:base,tabindex:1)
2025-08-01 11:54:02,925 [INFO] PluginManage:310 - Check plugin pinoutconfig
2025-08-01 11:54:03,056 [WARN] SupportedApi:132 - Cannot load RTOS API schema: s4s-elt-must-match.1: The content of 'definitions' must match (annotation?, (simpleType | complexType)?, (unique | key | keyref)*)). A problem was found starting at: attribute.
2025-08-01 11:54:03,192 [INFO] PluginManage:359 - Loaded plugin pinoutconfig (category:base,tabindex:0)
2025-08-01 11:54:03,192 [INFO] PluginManage:310 - Check plugin power
2025-08-01 11:54:03,204 [INFO] PluginManage:359 - Loaded plugin power (category:power,tabindex:4)
2025-08-01 11:54:03,204 [INFO] PluginManage:310 - Check plugin projectmanager
2025-08-01 11:54:03,220 [INFO] PluginManage:359 - Loaded plugin projectmanager (category:projectmanager,tabindex:4)
2025-08-01 11:54:03,220 [INFO] PluginManage:310 - Check plugin rif
2025-08-01 11:54:03,246 [INFO] PluginManage:359 - Loaded plugin rif (category:base,tabindex:3)
2025-08-01 11:54:03,246 [INFO] PluginManage:310 - Check plugin thirdparty
2025-08-01 11:54:03,389 [INFO] PluginManage:359 - Loaded plugin thirdparty (category:base,tabindex:-1)
2025-08-01 11:54:03,389 [WARN] IntegrityCheckThread:84 - waiting for thirdparty lock release [integrity check]
2025-08-01 11:54:03,389 [INFO] IntegrityCheckThread:86 - entering critical section [integrity check]
2025-08-01 11:54:03,389 [INFO] PluginManage:310 - Check plugin tools
2025-08-01 11:54:03,389 [INFO] ThirdPartyUpdaterWithRetryManager:70 - Updater plugin not ready yet. [1/15]
2025-08-01 11:54:03,398 [INFO] PluginManage:359 - Loaded plugin tools (category:base,tabindex:7)
2025-08-01 11:54:03,398 [INFO] PluginManage:310 - Check plugin tutovideos
2025-08-01 11:54:03,607 [INFO] PluginManage:359 - Loaded plugin tutovideos (category:base,tabindex:-1)
2025-08-01 11:54:03,608 [INFO] PluginManage:310 - Check plugin updater
2025-08-01 11:54:03,638 [INFO] PluginManage:359 - Loaded plugin updater (category:base,tabindex:12)
2025-08-01 11:54:03,639 [INFO] PluginManage:310 - Check plugin userauth
2025-08-01 11:54:03,643 [INFO] UserAuth:118 - Init User Auth plugin
2025-08-01 11:54:03,644 [INFO] PluginManage:359 - Loaded plugin userauth (category:base,tabindex:14)
2025-08-01 11:54:03,646 [INFO] PluginManage:283 - PluginManage : Loaded plugins [18]
2025-08-01 11:54:03,853 [INFO] PinOutPanel:1589 - setPackage(No Configuration,No Configuration)
2025-08-01 11:54:03,941 [INFO] CADModel:165 - CPN selected for project level
2025-08-01 11:54:03,942 [INFO] CADModel:114 - Register for checkConnection events
2025-08-01 11:54:03,962 [INFO] IPUIPlugin:80 - create IPUIPlugin
2025-08-01 11:54:03,962 [INFO] PluginManager:220 - loadIPPluginJar : add adc
2025-08-01 11:54:03,969 [INFO] IPUIPlugin:80 - create IPUIPlugin
2025-08-01 11:54:03,969 [INFO] PluginManager:220 - loadIPPluginJar : add aes
2025-08-01 11:54:03,976 [INFO] IPUIPlugin:80 - create IPUIPlugin
2025-08-01 11:54:03,977 [INFO] PluginManager:220 - loadIPPluginJar : add can
2025-08-01 11:54:03,982 [INFO] IPUIPlugin:80 - create IPUIPlugin
2025-08-01 11:54:03,982 [INFO] PluginManager:220 - loadIPPluginJar : add comp
2025-08-01 11:54:03,988 [INFO] IPUIPlugin:80 - create IPUIPlugin
2025-08-01 11:54:03,989 [INFO] PluginManager:220 - loadIPPluginJar : add cryp
2025-08-01 11:54:03,994 [INFO] IPUIPlugin:80 - create IPUIPlugin
2025-08-01 11:54:03,994 [INFO] PluginManager:220 - loadIPPluginJar : add ddr_ctrl_phy
2025-08-01 11:54:04,000 [INFO] IPUIPlugin:80 - create IPUIPlugin
2025-08-01 11:54:04,000 [INFO] PluginManager:220 - loadIPPluginJar : add dfsdm
2025-08-01 11:54:04,009 [INFO] IPUIPlugin:80 - create IPUIPlugin
2025-08-01 11:54:04,010 [INFO] PluginManager:220 - loadIPPluginJar : add dma
2025-08-01 11:54:04,017 [INFO] IPUIPlugin:80 - create IPUIPlugin
2025-08-01 11:54:04,017 [INFO] PluginManager:220 - loadIPPluginJar : add dma3
2025-08-01 11:54:04,023 [INFO] IPUIPlugin:80 - create IPUIPlugin
2025-08-01 11:54:04,023 [INFO] PluginManager:220 - loadIPPluginJar : add extmemmanager
2025-08-01 11:54:04,029 [INFO] IPUIPlugin:80 - create IPUIPlugin
2025-08-01 11:54:04,029 [INFO] PluginManager:220 - loadIPPluginJar : add fatfs
2025-08-01 11:54:04,039 [INFO] IPUIPlugin:80 - create IPUIPlugin
2025-08-01 11:54:04,039 [INFO] PluginManager:220 - loadIPPluginJar : add fmc
2025-08-01 11:54:04,048 [INFO] IPUIPlugin:80 - create IPUIPlugin
2025-08-01 11:54:04,049 [INFO] PluginManager:220 - loadIPPluginJar : add freertos
2025-08-01 11:54:04,054 [INFO] IPUIPlugin:80 - create IPUIPlugin
2025-08-01 11:54:04,054 [INFO] PluginManager:220 - loadIPPluginJar : add genericplugin
2025-08-01 11:54:04,061 [INFO] IPUIPlugin:80 - create IPUIPlugin
2025-08-01 11:54:04,061 [INFO] PluginManager:220 - loadIPPluginJar : add gfxmmu
2025-08-01 11:54:04,069 [INFO] IPUIPlugin:80 - create IPUIPlugin
2025-08-01 11:54:04,069 [INFO] PluginManager:220 - loadIPPluginJar : add gic
2025-08-01 11:54:04,077 [INFO] IPUIPlugin:80 - create IPUIPlugin
2025-08-01 11:54:04,077 [INFO] PluginManager:220 - loadIPPluginJar : add gpio
2025-08-01 11:54:04,085 [INFO] IPUIPlugin:80 - create IPUIPlugin
2025-08-01 11:54:04,085 [INFO] PluginManager:220 - loadIPPluginJar : add gtzc
2025-08-01 11:54:04,092 [INFO] IPUIPlugin:80 - create IPUIPlugin
2025-08-01 11:54:04,092 [INFO] PluginManager:220 - loadIPPluginJar : add hash
2025-08-01 11:54:04,101 [INFO] IPUIPlugin:80 - create IPUIPlugin
2025-08-01 11:54:04,101 [INFO] PluginManager:220 - loadIPPluginJar : add i2c
2025-08-01 11:54:04,110 [INFO] IPUIPlugin:80 - create IPUIPlugin
2025-08-01 11:54:04,111 [INFO] PluginManager:220 - loadIPPluginJar : add i2s
2025-08-01 11:54:04,121 [INFO] IPUIPlugin:80 - create IPUIPlugin
2025-08-01 11:54:04,121 [INFO] PluginManager:220 - loadIPPluginJar : add i3c
2025-08-01 11:54:04,132 [INFO] IPUIPlugin:80 - create IPUIPlugin
2025-08-01 11:54:04,132 [INFO] PluginManager:220 - loadIPPluginJar : add ipddr
2025-08-01 11:54:04,149 [INFO] IPUIPlugin:80 - create IPUIPlugin
2025-08-01 11:54:04,150 [INFO] PluginManager:220 - loadIPPluginJar : add linkedlist
2025-08-01 11:54:04,163 [INFO] IPUIPlugin:80 - create IPUIPlugin
2025-08-01 11:54:04,163 [INFO] PluginManager:220 - loadIPPluginJar : add lorawan
2025-08-01 11:54:04,171 [INFO] IPUIPlugin:80 - create IPUIPlugin
2025-08-01 11:54:04,172 [INFO] PluginManager:220 - loadIPPluginJar : add ltdc
2025-08-01 11:54:04,186 [INFO] IPUIPlugin:80 - create IPUIPlugin
2025-08-01 11:54:04,186 [INFO] PluginManager:220 - loadIPPluginJar : add mdma
2025-08-01 11:54:04,197 [INFO] IPUIPlugin:80 - create IPUIPlugin
2025-08-01 11:54:04,197 [INFO] PluginManager:220 - loadIPPluginJar : add nvic
2025-08-01 11:54:04,208 [INFO] IPUIPlugin:80 - create IPUIPlugin
2025-08-01 11:54:04,208 [INFO] PluginManager:220 - loadIPPluginJar : add opamp
2025-08-01 11:54:04,217 [INFO] IPUIPlugin:80 - create IPUIPlugin
2025-08-01 11:54:04,217 [INFO] PluginManager:220 - loadIPPluginJar : add openamp
2025-08-01 11:54:04,224 [INFO] IPUIPlugin:80 - create IPUIPlugin
2025-08-01 11:54:04,224 [INFO] PluginManager:220 - loadIPPluginJar : add pdm2pcm
2025-08-01 11:54:04,233 [INFO] IPUIPlugin:80 - create IPUIPlugin
2025-08-01 11:54:04,235 [INFO] PluginManager:220 - loadIPPluginJar : add plateformsettings
2025-08-01 11:54:04,241 [INFO] IPUIPlugin:80 - create IPUIPlugin
2025-08-01 11:54:04,241 [INFO] PluginManager:220 - loadIPPluginJar : add quadspi
2025-08-01 11:54:04,246 [INFO] IPUIPlugin:80 - create IPUIPlugin
2025-08-01 11:54:04,247 [INFO] PluginManager:220 - loadIPPluginJar : add radio
2025-08-01 11:54:04,254 [INFO] IPUIPlugin:80 - create IPUIPlugin
2025-08-01 11:54:04,254 [INFO] PluginManager:220 - loadIPPluginJar : add resmgrutility
2025-08-01 11:54:04,261 [INFO] IPUIPlugin:80 - create IPUIPlugin
2025-08-01 11:54:04,261 [INFO] PluginManager:220 - loadIPPluginJar : add sai
2025-08-01 11:54:04,267 [INFO] IPUIPlugin:80 - create IPUIPlugin
2025-08-01 11:54:04,267 [INFO] PluginManager:220 - loadIPPluginJar : add spi
2025-08-01 11:54:04,277 [INFO] IPUIPlugin:80 - create IPUIPlugin
2025-08-01 11:54:04,277 [INFO] PluginManager:220 - loadIPPluginJar : add stm32_wpan
2025-08-01 11:54:04,282 [INFO] IPUIPlugin:80 - create IPUIPlugin
2025-08-01 11:54:04,282 [INFO] PluginManager:220 - loadIPPluginJar : add tim
2025-08-01 11:54:04,291 [INFO] IPUIPlugin:80 - create IPUIPlugin
2025-08-01 11:54:04,291 [INFO] PluginManager:220 - loadIPPluginJar : add touchsensing
2025-08-01 11:54:04,296 [INFO] IPUIPlugin:80 - create IPUIPlugin
2025-08-01 11:54:04,296 [INFO] PluginManager:220 - loadIPPluginJar : add tracer_emb
2025-08-01 11:54:04,303 [INFO] IPUIPlugin:80 - create IPUIPlugin
2025-08-01 11:54:04,303 [INFO] PluginManager:220 - loadIPPluginJar : add ts
2025-08-01 11:54:04,308 [INFO] IPUIPlugin:80 - create IPUIPlugin
2025-08-01 11:54:04,308 [INFO] PluginManager:220 - loadIPPluginJar : add tsc
2025-08-01 11:54:04,313 [INFO] IPUIPlugin:80 - create IPUIPlugin
2025-08-01 11:54:04,314 [INFO] PluginManager:220 - loadIPPluginJar : add ucpd
2025-08-01 11:54:04,320 [INFO] IPUIPlugin:80 - create IPUIPlugin
2025-08-01 11:54:04,320 [INFO] PluginManager:220 - loadIPPluginJar : add usart
2025-08-01 11:54:04,327 [INFO] IPUIPlugin:80 - create IPUIPlugin
2025-08-01 11:54:04,328 [INFO] PluginManager:220 - loadIPPluginJar : add usbx
2025-08-01 11:54:04,457 [FATAL] Updater:351 - Updater called before beeing initialized
2025-08-01 11:54:04,504 [INFO] RulesReader:64 - Compatibility file has been processed (317 Rules)
2025-08-01 11:54:04,522 [INFO] RulesReader:64 - Compatibility file has been processed (317 Rules)
2025-08-01 11:54:04,535 [INFO] CADModel:165 - CPN selected for project level
2025-08-01 11:54:04,535 [INFO] CADModel:114 - Register for checkConnection events
2025-08-01 11:54:04,535 [FATAL] Updater:351 - Updater called before beeing initialized
2025-08-01 11:54:04,535 [ERROR] CADModel:125 - Updater not yet initialized, retry later 
2025-08-01 11:54:04,677 [FATAL] Updater:351 - Updater called before beeing initialized
2025-08-01 11:54:04,679 [INFO] CADModel:165 - CPN selected for project level
2025-08-01 11:54:04,679 [INFO] CADModel:114 - Register for checkConnection events
2025-08-01 11:54:04,679 [FATAL] Updater:351 - Updater called before beeing initialized
2025-08-01 11:54:04,679 [ERROR] CADModel:125 - Updater not yet initialized, retry later 
2025-08-01 11:54:04,683 [FATAL] Updater:351 - Updater called before beeing initialized
2025-08-01 11:54:04,786 [FATAL] Updater:351 - Updater called before beeing initialized
2025-08-01 11:54:04,790 [INFO] DbMcusAds:53 - JSON generation date=Tue Jul 08 15:14:23 ICT 2025 (1751962463562)
2025-08-01 11:54:04,790 [FATAL] Updater:351 - Updater called before beeing initialized
2025-08-01 11:54:04,857 [WARN] DetailPanel:346 - Failed to get advertising image, set to default
2025-08-01 11:54:05,004 [FATAL] Updater:351 - Updater called before beeing initialized
2025-08-01 11:54:05,006 [FATAL] Updater:351 - Updater called before beeing initialized
2025-08-01 11:54:05,006 [FATAL] Updater:351 - Updater called before beeing initialized
2025-08-01 11:54:05,006 [WARN] DetailPanel:346 - Failed to get advertising image, set to default
2025-08-01 11:54:05,007 [FATAL] Updater:351 - Updater called before beeing initialized
2025-08-01 11:54:05,059 [ERROR] Updater:1198 - MainUpdater not yet initialized. External WinMGr cannot be set.
2025-08-01 11:54:05,067 [INFO] Updater:1134 - Updater Version found : 6.15.0
2025-08-01 11:54:05,091 [INFO] ApplicationProperties:184 - Using Application install path: C:\ST\STM32CubeIDE_1.16.1\STM32CubeIDE\plugins\com.st.stm32cube.common.mx_6.15.0.202507011659
2025-08-01 11:54:06,391 [INFO] ThirdPartyUpdaterWithRetryManager:70 - Updater plugin not ready yet. [2/15]
2025-08-01 11:54:06,670 [ERROR] LogOutputStream:75 - [STDERR_REDIRECT] Aug 01, 2025 11:54:06 AM java.util.prefs.WindowsPreferences <init>
2025-08-01 11:54:06,673 [ERROR] LogOutputStream:75 - [STDERR_REDIRECT] WARNING: Could not open/create prefs root node Software\JavaSoft\Prefs at root 0xffffffff80000002. Windows RegCreateKeyEx(...) returned error code 5.
2025-08-01 11:54:06,673 [ERROR] LogOutputStream:75 - [STDERR_REDIRECT] 
2025-08-01 11:54:07,229 [INFO] MainUpdater:2872 - connection check result : 10
2025-08-01 11:54:07,230 [INFO] MainUpdater:289 - Updater Check For Update Now.
2025-08-01 11:54:07,231 [INFO] MicroXplorer:498 - Change Database Version : DB.6.0.150
2025-08-01 11:54:07,248 [INFO] McuFinderGlobals:63 - Set McuFinder mode to 2 (CubeIDE integrated)
2025-08-01 11:54:07,251 [INFO] UserAuth:487 - Internet connection configuration mode: 1
2025-08-01 11:54:07,290 [INFO] JxBrowserEngine:152 - Initiate JxBrowser Engine with user profile folder
2025-08-01 11:54:07,423 [INFO] CheckServerUpdateThread:120 - End of CheckServer Thread
2025-08-01 11:54:08,275 [INFO] WebApp:169 - Instantiating new browser for Auth
2025-08-01 11:54:09,197 [INFO] WebApp:463 - Apply proxy settings
2025-08-01 11:54:09,198 [INFO] WebApp:548 - Chromium requires no authentication
2025-08-01 11:54:09,205 [INFO] WebApp:491 - Direct internet connection detected
2025-08-01 11:54:09,224 [INFO] WebApp:900 - Register for checkConnection events
2025-08-01 11:54:09,224 [INFO] WebApp:463 - Apply proxy settings
2025-08-01 11:54:09,225 [INFO] WebApp:548 - Chromium requires no authentication
2025-08-01 11:54:09,225 [INFO] WebApp:491 - Direct internet connection detected
2025-08-01 11:54:09,397 [INFO] WebApp:225 - Starting web application
2025-08-01 11:54:09,397 [INFO] WebApp:593 - Web application path used C:\ST\STM32CubeIDE_1.16.1\STM32CubeIDE\plugins\com.st.stm32cube.common.mx_6.15.0.202507011659\db\plugins\mcufinder\reactClient1\index.html
2025-08-01 11:54:09,564 [INFO] UserAuth:487 - Internet connection configuration mode: 1
2025-08-01 11:54:09,678 [WARN] PackLoader:240 - Cannot read IP mode file for STMicroelectronics.FP-SNS-MOTENVWB1.1.4.0
2025-08-01 11:54:09,687 [WARN] PackLoader:240 - Cannot read IP mode file for STMicroelectronics.FP-ATR-ASTRA1.2.0.2
2025-08-01 11:54:09,692 [WARN] PackLoader:240 - Cannot read IP mode file for STMicroelectronics.FP-ATR-ASTRA1.2.0.1
2025-08-01 11:54:09,702 [WARN] PackLoader:240 - Cannot read IP mode file for STMicroelectronics.X-CUBE-SMBUS.2.1.0
2025-08-01 11:54:09,710 [WARN] PackLoader:240 - Cannot read IP mode file for STMicroelectronics.X-CUBE-WB05N.1.1.0
2025-08-01 11:54:09,716 [WARN] PackLoader:240 - Cannot read IP mode file for STMicroelectronics.X-CUBE-ST60.1.0.0
2025-08-01 11:54:09,747 [WARN] PackLoader:240 - Cannot read IP mode file for STMicroelectronics.X-CUBE-AZRTOS-F7.1.1.0
2025-08-01 11:54:09,796 [WARN] PackLoader:240 - Cannot read IP mode file for STMicroelectronics.X-CUBE-MEMS1.11.0.0
2025-08-01 11:54:09,836 [INFO] WebApp:191 - Connection restablished
2025-08-01 11:54:09,894 [WARN] PackLoader:240 - Cannot read IP mode file for STMicroelectronics.FP-SNS-FLIGHT1.5.0.2
2025-08-01 11:54:09,915 [WARN] PackLoader:240 - Cannot read IP mode file for STMicroelectronics.X-CUBE-AZRTOS-H7.3.4.0
2025-08-01 11:54:09,928 [WARN] PackLoader:240 - Cannot read IP mode file for STMicroelectronics.X-CUBE-DISPLAY.3.0.0
2025-08-01 11:54:09,937 [WARN] PackLoader:240 - Cannot read IP mode file for STMicroelectronics.X-CUBE-BLE1.7.0.0
2025-08-01 11:54:09,944 [WARN] PackLoader:240 - Cannot read IP mode file for STMicroelectronics.X-CUBE-NFC10.1.0.0
2025-08-01 11:54:09,953 [WARN] PackLoader:240 - Cannot read IP mode file for STMicroelectronics.X-CUBE-BLEMGR.4.0.0
2025-08-01 11:54:09,960 [WARN] PackLoader:240 - Cannot read IP mode file for emotas.I-CUBE-CANOPEN.1.3.0
2025-08-01 11:54:09,965 [WARN] PackLoader:240 - Cannot read IP mode file for STMicroelectronics.X-CUBE-BLEMGR.3.1.0
2025-08-01 11:54:09,970 [WARN] PackLoader:240 - Cannot read IP mode file for STMicroelectronics.X-CUBE-AI.10.0.0
2025-08-01 11:54:09,976 [WARN] PackLoader:240 - Cannot read IP mode file for STMicroelectronics.FP-SNS-SMARTAG2.1.2.0
2025-08-01 11:54:09,981 [WARN] PackLoader:240 - Cannot read IP mode file for STMicroelectronics.FP-SNS-FLIGHT1.5.1.0
2025-08-01 11:54:10,017 [WARN] PackLoader:240 - Cannot read IP mode file for STMicroelectronics.X-CUBE-MEMS1.11.1.0
2025-08-01 11:54:10,210 [INFO] LogOutputStream:77 - [STDOUT_REDIRECT] 1 : Invalid condition id : UX_CORESTACK_Condition cause : null
2025-08-01 11:54:10,212 [INFO] LogOutputStream:77 - [STDOUT_REDIRECT] 1 : Invalid condition id : UX_CORESTACK_Condition cause : null
2025-08-01 11:54:10,214 [INFO] LogOutputStream:77 - [STDOUT_REDIRECT] 1 : Invalid condition id : UX_CORESTACK_Condition cause : null
2025-08-01 11:54:10,217 [INFO] LogOutputStream:77 - [STDOUT_REDIRECT] 1 : Invalid condition id : UX_CORESTACK_Condition cause : null
2025-08-01 11:54:10,219 [INFO] LogOutputStream:77 - [STDOUT_REDIRECT] 1 : Invalid condition id : UX_CORESTACK_Condition cause : null
2025-08-01 11:54:10,221 [WARN] PackLoader:240 - Cannot read IP mode file for STMicroelectronics.X-CUBE-AZRTOS-WL.2.0.0
2025-08-01 11:54:10,227 [WARN] PackLoader:240 - Cannot read IP mode file for STMicroelectronics.FP-SNS-MOTENV1.5.0.0
2025-08-01 11:54:10,233 [WARN] PackLoader:240 - Cannot read IP mode file for wolfSSL.I-CUBE-wolfMQTT.1.19.0
2025-08-01 11:54:10,246 [WARN] PackLoader:240 - Cannot read IP mode file for WES.I-CUBE-Cesium.1.3.0
2025-08-01 11:54:10,251 [WARN] PackLoader:240 - Cannot read IP mode file for STMicroelectronics.X-CUBE-BLE2.3.3.0
2025-08-01 11:54:10,259 [WARN] PackLoader:240 - Cannot read IP mode file for STMicroelectronics.X-CUBE-NFC9.1.0.0
2025-08-01 11:54:10,265 [WARN] PackLoader:240 - Cannot read IP mode file for STMicroelectronics.X-CUBE-BLE1.7.1.0
2025-08-01 11:54:10,271 [WARN] PackLoader:240 - Cannot read IP mode file for STMicroelectronics.X-CUBE-TCPP.4.1.0
2025-08-01 11:54:10,283 [WARN] PackLoader:240 - Cannot read IP mode file for STMicroelectronics.X-CUBE-EEPRMA1.5.2.0
2025-08-01 11:54:10,288 [WARN] PackLoader:240 - Cannot read IP mode file for STMicroelectronics.X-CUBE-AI.10.1.0
2025-08-01 11:54:10,328 [WARN] PackLoader:240 - Cannot read IP mode file for STMicroelectronics.X-CUBE-MEMS1.11.2.0
2025-08-01 11:54:10,419 [WARN] PackLoader:240 - Cannot read IP mode file for STMicroelectronics.X-CUBE-AZRTOS-G0.1.1.0
2025-08-01 11:54:10,427 [WARN] PackLoader:240 - Cannot read IP mode file for STMicroelectronics.X-CUBE-SAFEA1.1.2.2
2025-08-01 11:54:10,433 [WARN] PackLoader:240 - Cannot read IP mode file for STMicroelectronics.X-CUBE-NFC4.3.0.0
2025-08-01 11:54:10,443 [WARN] PackLoader:240 - Cannot read IP mode file for EmbeddedOffice.I-CUBE-FS-RTOS.1.0.1
2025-08-01 11:54:10,448 [WARN] PackLoader:240 - Cannot read IP mode file for STMicroelectronics.X-CUBE-WB05N.2.0.0
2025-08-01 11:54:10,453 [WARN] PackLoader:240 - Cannot read IP mode file for STMicroelectronics.X-CUBE-TCPP.4.2.0
2025-08-01 11:54:10,460 [WARN] PackLoader:240 - Cannot read IP mode file for RealThread.X-CUBE-RT-Thread_Nano.4.1.1
2025-08-01 11:54:10,465 [WARN] PackLoader:240 - Cannot read IP mode file for STMicroelectronics.FP-ATR-SIGFOX1.3.2.0
2025-08-01 11:54:10,477 [WARN] ConditionMgr:438 - getConditionDescription Invalid condition id : Cortex-A Device cause : null
2025-08-01 11:54:10,499 [WARN] ConditionMgr:1044 - genDependencies : Invalid condition id : Cortex-A Device cause : null
2025-08-01 11:54:10,499 [WARN] ConditionMgr:1044 - genDependencies : Invalid condition id : Cortex-A Device cause : null
2025-08-01 11:54:10,499 [WARN] ConditionMgr:1044 - genDependencies : Invalid condition id : Cortex-A Device cause : null
2025-08-01 11:54:10,504 [WARN] PackLoader:240 - Cannot read IP mode file for STMicroelectronics.X-CUBE-EEPRMA1.5.1.0
2025-08-01 11:54:10,512 [WARN] PackLoader:240 - Cannot read IP mode file for wolfSSL.I-CUBE-wolfSSL.5.7.4
2025-08-01 11:54:10,518 [WARN] PackLoader:240 - Cannot read IP mode file for ITTIA_DB.I-CUBE-ITTIADB.8.9.0
2025-08-01 11:54:10,529 [WARN] PackLoader:240 - Cannot read IP mode file for STMicroelectronics.X-CUBE-ST67W61.1.0.0
2025-08-01 11:54:10,551 [WARN] PackLoader:240 - Cannot read IP mode file for SEGGER.I-CUBE-embOS.1.3.1
2025-08-01 11:54:10,590 [WARN] PackLoader:240 - Cannot read IP mode file for STMicroelectronics.X-CUBE-ALGOBUILD.1.4.0
2025-08-01 11:54:10,621 [WARN] PackLoader:240 - Cannot read IP mode file for STMicroelectronics.X-CUBE-MEMS1.11.3.0
2025-08-01 11:54:10,712 [WARN] PackLoader:240 - Cannot read IP mode file for STMicroelectronics.X-CUBE-AI.9.1.0
2025-08-01 11:54:10,720 [WARN] PackLoader:240 - Cannot read IP mode file for STMicroelectronics.X-CUBE-PM33A1.1.0.0
2025-08-01 11:54:10,742 [WARN] PackLoader:240 - Cannot read IP mode file for STMicroelectronics.X-CUBE-AZRTOS-F4.1.1.0
2025-08-01 11:54:10,768 [WARN] PackLoader:240 - Cannot read IP mode file for Avnet-IotConnect.X-CUBE-IoTC-DA16k-PMOD.1.0.0
2025-08-01 11:54:10,774 [WARN] PackLoader:240 - Cannot read IP mode file for STMicroelectronics.X-CUBE-ISPU.2.1.0
2025-08-01 11:54:10,785 [WARN] PackLoader:240 - Cannot read IP mode file for STMicroelectronics.X-CUBE-FREERTOS.1.2.0
2025-08-01 11:54:10,793 [WARN] PackLoader:240 - Cannot read IP mode file for STMicroelectronics.X-CUBE-NFC12.1.0.0
2025-08-01 11:54:10,809 [WARN] PackLoader:240 - Cannot read IP mode file for STMicroelectronics.X-CUBE-AZRTOS-L5.2.0.0
2025-08-01 11:54:10,818 [WARN] PackLoader:240 - Cannot read IP mode file for STMicroelectronics.X-CUBE-NFC6.3.1.0
2025-08-01 11:54:10,826 [WARN] PackLoader:240 - Cannot read IP mode file for STMicroelectronics.X-CUBE-DPower.1.2.0
2025-08-01 11:54:10,831 [WARN] PackLoader:240 - Cannot read IP mode file for STMicroelectronics.X-CUBE-FREERTOS.1.3.1
2025-08-01 11:54:10,835 [WARN] PackLoader:240 - Cannot read IP mode file for STMicroelectronics.X-CUBE-FREERTOS.1.3.0
2025-08-01 11:54:10,840 [WARN] PackLoader:240 - Cannot read IP mode file for STMicroelectronics.X-CUBE-NFC7.1.0.1
2025-08-01 11:54:10,847 [WARN] PackLoader:240 - Cannot read IP mode file for STMicroelectronics.FP-SNS-STAIOTCFT.1.0.0
2025-08-01 11:54:10,853 [WARN] PackLoader:240 - Cannot read IP mode file for STMicroelectronics.X-CUBE-DPower.1.3.0
2025-08-01 11:54:10,869 [WARN] ConditionMgr:438 - getConditionDescription Invalid condition id : LAN8742 Phy interface Condition cause : null
2025-08-01 11:54:10,870 [WARN] PackLoader:240 - Cannot read IP mode file for STMicroelectronics.X-CUBE-AZRTOS-L4.2.0.0
2025-08-01 11:54:10,871 [WARN] ConditionMgr:1044 - genDependencies : Invalid condition id : LAN8742 Phy interface Condition cause : null
2025-08-01 11:54:10,871 [WARN] ConditionMgr:1044 - genDependencies : Invalid condition id : LAN8742 Phy interface Condition cause : null
2025-08-01 11:54:10,871 [WARN] ConditionMgr:1044 - genDependencies : Invalid condition id : LAN8742 Phy interface Condition cause : null
2025-08-01 11:54:10,880 [WARN] PackLoader:240 - Cannot read IP mode file for STMicroelectronics.X-CUBE-SFXS2LP1.4.0.0
2025-08-01 11:54:10,896 [WARN] PackLoader:240 - Cannot read IP mode file for STMicroelectronics.X-CUBE-AZRTOS-H7.3.3.0
2025-08-01 11:54:10,910 [WARN] PackLoader:240 - Cannot read IP mode file for STMicroelectronics.X-CUBE-BLEMGR.4.1.0
2025-08-01 11:54:10,921 [WARN] PackLoader:240 - Cannot read IP mode file for STMicroelectronics.X-CUBE-IPS.3.0.0
2025-08-01 11:54:10,933 [WARN] ConditionMgr:438 - getConditionDescription Invalid condition id : UX DEVICE CLASS RTOS Condition cause : null
2025-08-01 11:54:10,934 [WARN] ConditionMgr:438 - getConditionDescription Invalid condition id : UX DEVICE CLASS RTOS Condition cause : null
2025-08-01 11:54:10,935 [WARN] PackLoader:240 - Cannot read IP mode file for STMicroelectronics.X-CUBE-AZRTOS-WB.2.0.0
2025-08-01 11:54:10,935 [WARN] ConditionMgr:1044 - genDependencies : Invalid condition id : UX DEVICE CLASS RTOS Condition cause : null
2025-08-01 11:54:10,935 [WARN] ConditionMgr:1044 - genDependencies : Invalid condition id : UX DEVICE CLASS RTOS Condition cause : null
2025-08-01 11:54:10,936 [WARN] ConditionMgr:1044 - genDependencies : Invalid condition id : UX DEVICE CLASS RTOS Condition cause : null
2025-08-01 11:54:10,936 [WARN] ConditionMgr:1044 - genDependencies : Invalid condition id : UX DEVICE CLASS RTOS Condition cause : null
2025-08-01 11:54:10,936 [WARN] ConditionMgr:1044 - genDependencies : Invalid condition id : UX DEVICE CLASS RTOS Condition cause : null
2025-08-01 11:54:10,942 [WARN] PackLoader:240 - Cannot read IP mode file for STMicroelectronics.X-CUBE-GNSS1.7.0.0
2025-08-01 11:54:10,948 [WARN] PackLoader:240 - Cannot read IP mode file for STMicroelectronics.X-CUBE-GNSS1.7.0.1
2025-08-01 11:54:10,958 [WARN] PackLoader:240 - Cannot read IP mode file for STMicroelectronics.X-CUBE-TOUCHGFX.4.25.0
2025-08-01 11:54:10,963 [WARN] PackLoader:240 - Cannot read IP mode file for STMicroelectronics.FP-SNS-STBOX1.2.0.0
2025-08-01 11:54:10,973 [WARN] PackLoader:240 - Cannot read IP mode file for STMicroelectronics.X-CUBE-SUBG2.5.0.0
2025-08-01 11:54:10,989 [WARN] PackLoader:240 - Cannot read IP mode file for STMicroelectronics.X-CUBE-AZRTOS-H7RS.1.1.0
2025-08-01 11:54:10,996 [WARN] PackLoader:240 - Cannot read IP mode file for Cesanta.I-CUBE-Mongoose.7.13.0
2025-08-01 11:54:11,006 [WARN] PackLoader:240 - Cannot read IP mode file for STMicroelectronics.X-CUBE-AZRTOS-G4.2.0.0
2025-08-01 11:54:11,011 [WARN] PackLoader:240 - Cannot read IP mode file for STMicroelectronics.X-CUBE-NFC7.2.0.0
2025-08-01 11:54:11,019 [WARN] PackLoader:240 - Cannot read IP mode file for STMicroelectronics.X-CUBE-IPS.3.1.0
2025-08-01 11:54:11,031 [WARN] PackLoader:240 - Cannot read IP mode file for STMicroelectronics.X-CUBE-ALS.1.0.2
2025-08-01 11:54:11,037 [WARN] PackLoader:240 - Cannot read IP mode file for STMicroelectronics.X-CUBE-TOUCHGFX.4.24.2
2025-08-01 11:54:11,041 [WARN] PackLoader:240 - Cannot read IP mode file for STMicroelectronics.X-CUBE-TOUCHGFX.4.24.1
2025-08-01 11:54:11,046 [WARN] PackLoader:240 - Cannot read IP mode file for wolfSSL.I-CUBE-wolfTPM.3.4.0
2025-08-01 11:54:11,054 [WARN] PackLoader:240 - Cannot read IP mode file for portGmbH.I-Cube-SoM-uGOAL.1.1.0
2025-08-01 11:54:11,067 [WARN] PackLoader:240 - Cannot read IP mode file for STMicroelectronics.X-CUBE-AZRTOS-H7RS.1.0.0
2025-08-01 11:54:11,073 [WARN] PackLoader:240 - Cannot read IP mode file for STMicroelectronics.FP-ATR-ASTRA1.2.0.0
2025-08-01 11:54:11,084 [WARN] PackLoader:240 - Cannot read IP mode file for STMicroelectronics.X-CUBE-TOF1.3.4.2
2025-08-01 11:54:11,104 [WARN] PackLoader:240 - Cannot read IP mode file for STMicroelectronics.X-CUBE-TOF1.3.4.3
2025-08-01 11:54:11,126 [WARN] PackLoader:240 - Cannot read IP mode file for Infineon.AIROC-Wi-Fi-Bluetooth-STM32.1.6.1
2025-08-01 11:54:11,132 [WARN] PackLoader:240 - Cannot read IP mode file for wolfSSL.I-CUBE-wolfSSH.1.4.17
2025-08-01 11:54:11,133 [INFO] ThirdParty:978 - Integrity check success = true
2025-08-01 11:54:11,133 [INFO] IntegrityCheckThread:100 - exiting critical section [integrity check]
2025-08-01 11:54:11,133 [INFO] IntegrityCheckThread:103 - End integrity checks thread
2025-08-01 11:54:13,137 [ERROR] LogOutputStream:75 - [STDERR_REDIRECT] 
