2025-03-16 16:57:26,308 [INFO] Activator:176 - 


2025-03-16 16:57:26,314 [INFO] Activator:177 - !SESSION log4j initialized
2025-03-16 16:57:31,960 [INFO] LogOutputStream:77 - [STDOUT_REDIRECT] 
2025-03-16 16:57:34,139 [INFO] ApplicationProperties:184 - Using Application install path: C:\ST\STM32CubeIDE_1.16.1\STM32CubeIDE\plugins\com.st.stm32cube.common.mx_6.13.0.202411220809
2025-03-16 16:57:34,154 [INFO] DbMcusXml:78 - Set database path to: C:\ST\STM32CubeIDE_1.16.1\STM32CubeIDE\plugins\com.st.stm32cube.common.mx_6.13.0.202411220809\\db\/mcu/
2025-03-16 16:57:34,154 [INFO] ApiDb:274 - Set plugin database path to: C:\ST\STM32CubeIDE_1.16.1\STM32CubeIDE\plugins\com.st.stm32cube.common.mx_6.13.0.202411220809\\db\/plugins/boardmanager/
2025-03-16 16:57:34,156 [WARN] ApiDb:259 - Overriding images path with different value:  => C:\ST\STM32CubeIDE_1.16.1\STM32CubeIDE\plugins\com.st.stm32cube.common.mx_6.13.0.202411220809\\db\/plugins/mcufinder/images/
2025-03-16 16:57:34,166 [INFO] ApiDb:250 - Set database path to: C:\Users\Chinnapop\.stmcufinder\plugins\mcufinder//mcu/
2025-03-16 16:57:34,167 [INFO] DbMcusAds:125 - Set database path to: C:\Users\Chinnapop\.stmcufinder\plugins\mcufinder//mcu/
2025-03-16 16:57:34,169 [INFO] CrossReferenceDbSqlite:203 - Set database path to: C:\Users\Chinnapop\.stmcufinder\plugins\mcufinder//mcu/cs/
2025-03-16 16:57:34,275 [INFO] RulesReader:64 - Compatibility file has been processed (297 Rules)
2025-03-16 16:57:34,379 [INFO] DbMcusXml:78 - Set database path to: C:\ST\STM32CubeIDE_1.16.1\STM32CubeIDE\plugins\com.st.stm32cube.common.mx_6.13.0.202411220809\\db\/mcu/
2025-03-16 16:57:34,379 [INFO] ApiDb:274 - Set plugin database path to: C:\ST\STM32CubeIDE_1.16.1\STM32CubeIDE\plugins\com.st.stm32cube.common.mx_6.13.0.202411220809\\db\/plugins/boardmanager/
2025-03-16 16:57:34,380 [INFO] ApiDb:261 - Set plugin images path to: C:\ST\STM32CubeIDE_1.16.1\STM32CubeIDE\plugins\com.st.stm32cube.common.mx_6.13.0.202411220809\\db\/plugins/mcufinder/images/
2025-03-16 16:57:34,380 [WARN] DbFile:41 - Overriding database path with different value: C:\Users\Chinnapop\.stmcufinder\plugins\mcufinder/ => C:\Users\Chinnapop\.stmcufinder\plugins\mcufinder
2025-03-16 16:57:34,380 [INFO] ApiDb:250 - Set database path to: C:\Users\Chinnapop\.stmcufinder\plugins\mcufinder//mcu/
2025-03-16 16:57:34,381 [WARN] DbFile:41 - Overriding database path with different value: C:\Users\Chinnapop\.stmcufinder\plugins\mcufinder/ => C:\Users\Chinnapop\.stmcufinder\plugins\mcufinder
2025-03-16 16:57:34,381 [INFO] DbMcusAds:125 - Set database path to: C:\Users\Chinnapop\.stmcufinder\plugins\mcufinder//mcu/
2025-03-16 16:57:34,381 [WARN] DbFile:41 - Overriding database path with different value: C:\Users\Chinnapop\.stmcufinder\plugins\mcufinder/ => C:\Users\Chinnapop\.stmcufinder\plugins\mcufinder
2025-03-16 16:57:34,381 [WARN] DbFile:41 - Overriding database path with different value: C:\Users\Chinnapop\.stmcufinder\plugins\mcufinder/ => C:\Users\Chinnapop\.stmcufinder\plugins\mcufinder
2025-03-16 16:57:34,381 [INFO] CrossReferenceDbSqlite:203 - Set database path to: C:\Users\Chinnapop\.stmcufinder\plugins\mcufinder//mcu/cs/
2025-03-16 16:57:34,481 [INFO] MainPanel:272 - HeapMemory: 268435456
2025-03-16 16:57:34,568 [INFO] DbMcusXml:78 - Set database path to: C:\ST\STM32CubeIDE_1.16.1\STM32CubeIDE\plugins\com.st.stm32cube.common.mx_6.13.0.202411220809\\db\/mcu/
2025-03-16 16:57:34,568 [INFO] ApiDb:274 - Set plugin database path to: C:\ST\STM32CubeIDE_1.16.1\STM32CubeIDE\plugins\com.st.stm32cube.common.mx_6.13.0.202411220809\\db\/plugins/boardmanager/
2025-03-16 16:57:34,568 [INFO] ApiDb:261 - Set plugin images path to: C:\ST\STM32CubeIDE_1.16.1\STM32CubeIDE\plugins\com.st.stm32cube.common.mx_6.13.0.202411220809\\db\/plugins/mcufinder/images/
2025-03-16 16:57:34,568 [WARN] DbFile:41 - Overriding database path with different value: C:\Users\Chinnapop\.stmcufinder\plugins\mcufinder/ => C:\Users\Chinnapop\.stmcufinder\plugins\mcufinder
2025-03-16 16:57:34,568 [INFO] ApiDb:250 - Set database path to: C:\Users\Chinnapop\.stmcufinder\plugins\mcufinder//mcu/
2025-03-16 16:57:34,568 [WARN] DbFile:41 - Overriding database path with different value: C:\Users\Chinnapop\.stmcufinder\plugins\mcufinder/ => C:\Users\Chinnapop\.stmcufinder\plugins\mcufinder
2025-03-16 16:57:34,569 [INFO] DbMcusAds:125 - Set database path to: C:\Users\Chinnapop\.stmcufinder\plugins\mcufinder//mcu/
2025-03-16 16:57:34,569 [WARN] DbFile:41 - Overriding database path with different value: C:\Users\Chinnapop\.stmcufinder\plugins\mcufinder/ => C:\Users\Chinnapop\.stmcufinder\plugins\mcufinder
2025-03-16 16:57:34,569 [WARN] DbFile:41 - Overriding database path with different value: C:\Users\Chinnapop\.stmcufinder\plugins\mcufinder/ => C:\Users\Chinnapop\.stmcufinder\plugins\mcufinder
2025-03-16 16:57:34,569 [INFO] CrossReferenceDbSqlite:203 - Set database path to: C:\Users\Chinnapop\.stmcufinder\plugins\mcufinder//mcu/cs/
2025-03-16 16:57:34,590 [INFO] ApplicationProperties:184 - Using Application install path: C:\ST\STM32CubeIDE_1.16.1\STM32CubeIDE\plugins\com.st.stm32cube.common.mx_6.13.0.202411220809
2025-03-16 16:57:34,592 [INFO] PluginManage:196 - Search for loadable plugins [exclusion list=, ]
2025-03-16 16:57:34,594 [INFO] PluginManage:310 - Check plugin analytics
2025-03-16 16:57:34,795 [INFO] AnalyticsPlugin:253 - Accepted Software Licenses: 
2025-03-16 16:57:34,795 [INFO] AnalyticsPlugin:255 - Accepted CMSIS Pack Licenses: 
2025-03-16 16:57:34,795 [INFO] AnalyticsPlugin:257 - Accepted Firmware Licenses: FW.F7.1.17.0
2025-03-16 16:57:34,797 [INFO] PluginManage:359 - Loaded plugin analytics (category:tool,tabindex:-1)
2025-03-16 16:57:34,797 [INFO] PluginManage:310 - Check plugin cadmodel
2025-03-16 16:57:34,804 [INFO] CADModel:105 - Init CAD model plugin
2025-03-16 16:57:34,805 [INFO] PluginManage:359 - Loaded plugin cadmodel (category:power,tabindex:5)
2025-03-16 16:57:34,805 [INFO] PluginManage:310 - Check plugin clock
2025-03-16 16:57:34,815 [INFO] PluginManage:359 - Loaded plugin clock (category:base,tabindex:2)
2025-03-16 16:57:34,815 [INFO] PluginManage:310 - Check plugin ddr
2025-03-16 16:57:34,816 [INFO] PluginManage:359 - Loaded plugin ddr (category:tool,tabindex:6)
2025-03-16 16:57:34,817 [INFO] PluginManage:310 - Check plugin filemanager
2025-03-16 16:57:34,973 [INFO] PluginManage:359 - Loaded plugin filemanager (category:base,tabindex:10)
2025-03-16 16:57:34,973 [INFO] PluginManage:310 - Check plugin ipmanager
2025-03-16 16:57:34,987 [INFO] PluginManage:359 - Loaded plugin ipmanager (category:base,tabindex:5)
2025-03-16 16:57:34,987 [INFO] PluginManage:310 - Check plugin lpbam
2025-03-16 16:57:35,007 [INFO] PluginManage:359 - Loaded plugin lpbam (category:base,tabindex:0)
2025-03-16 16:57:35,007 [INFO] PluginManage:310 - Check plugin memorymap
2025-03-16 16:57:35,033 [INFO] PluginManage:359 - Loaded plugin memorymap (category:base,tabindex:4)
2025-03-16 16:57:35,034 [INFO] PluginManage:310 - Check plugin pinoutandconfiguration
2025-03-16 16:57:35,052 [INFO] PluginManage:359 - Loaded plugin pinoutandconfiguration (category:base,tabindex:1)
2025-03-16 16:57:35,053 [INFO] PluginManage:310 - Check plugin pinoutconfig
2025-03-16 16:57:35,184 [WARN] SupportedApi:132 - Cannot load RTOS API schema: s4s-elt-must-match.1: The content of 'definitions' must match (annotation?, (simpleType | complexType)?, (unique | key | keyref)*)). A problem was found starting at: attribute.
2025-03-16 16:57:35,315 [INFO] PluginManage:359 - Loaded plugin pinoutconfig (category:base,tabindex:0)
2025-03-16 16:57:35,315 [INFO] PluginManage:310 - Check plugin power
2025-03-16 16:57:35,327 [INFO] PluginManage:359 - Loaded plugin power (category:power,tabindex:4)
2025-03-16 16:57:35,327 [INFO] PluginManage:310 - Check plugin projectmanager
2025-03-16 16:57:35,344 [INFO] PluginManage:359 - Loaded plugin projectmanager (category:projectmanager,tabindex:4)
2025-03-16 16:57:35,344 [INFO] PluginManage:310 - Check plugin rif
2025-03-16 16:57:35,353 [INFO] PluginManage:359 - Loaded plugin rif (category:base,tabindex:3)
2025-03-16 16:57:35,353 [INFO] PluginManage:310 - Check plugin thirdparty
2025-03-16 16:57:35,493 [WARN] IntegrityCheckThread:84 - waiting for thirdparty lock release [integrity check]
2025-03-16 16:57:35,494 [INFO] PluginManage:359 - Loaded plugin thirdparty (category:base,tabindex:-1)
2025-03-16 16:57:35,494 [INFO] IntegrityCheckThread:86 - entering critical section [integrity check]
2025-03-16 16:57:35,494 [INFO] PluginManage:310 - Check plugin tools
2025-03-16 16:57:35,494 [INFO] ThirdPartyUpdaterWithRetryManager:70 - Updater plugin not ready yet. [1/15]
2025-03-16 16:57:35,501 [INFO] PluginManage:359 - Loaded plugin tools (category:base,tabindex:7)
2025-03-16 16:57:35,501 [INFO] PluginManage:310 - Check plugin tutovideos
2025-03-16 16:57:35,691 [INFO] PluginManage:359 - Loaded plugin tutovideos (category:base,tabindex:-1)
2025-03-16 16:57:35,691 [INFO] PluginManage:310 - Check plugin updater
2025-03-16 16:57:35,712 [INFO] PluginManage:359 - Loaded plugin updater (category:base,tabindex:12)
2025-03-16 16:57:35,712 [INFO] PluginManage:310 - Check plugin userauth
2025-03-16 16:57:35,716 [INFO] UserAuth:118 - Init User Auth plugin
2025-03-16 16:57:35,717 [INFO] PluginManage:359 - Loaded plugin userauth (category:base,tabindex:14)
2025-03-16 16:57:35,717 [INFO] PluginManage:283 - PluginManage : Loaded plugins [18]
2025-03-16 16:57:35,933 [INFO] PinOutPanel:1589 - setPackage(No Configuration,No Configuration)
2025-03-16 16:57:36,023 [INFO] CADModel:165 - CPN selected for project level
2025-03-16 16:57:36,023 [INFO] CADModel:114 - Register for checkConnection events
2025-03-16 16:57:36,047 [INFO] IPUIPlugin:80 - create IPUIPlugin
2025-03-16 16:57:36,047 [INFO] PluginManager:220 - loadIPPluginJar : add adc
2025-03-16 16:57:36,054 [INFO] IPUIPlugin:80 - create IPUIPlugin
2025-03-16 16:57:36,055 [INFO] PluginManager:220 - loadIPPluginJar : add aes
2025-03-16 16:57:36,060 [INFO] IPUIPlugin:80 - create IPUIPlugin
2025-03-16 16:57:36,061 [INFO] PluginManager:220 - loadIPPluginJar : add can
2025-03-16 16:57:36,068 [INFO] IPUIPlugin:80 - create IPUIPlugin
2025-03-16 16:57:36,068 [INFO] PluginManager:220 - loadIPPluginJar : add comp
2025-03-16 16:57:36,074 [INFO] IPUIPlugin:80 - create IPUIPlugin
2025-03-16 16:57:36,074 [INFO] PluginManager:220 - loadIPPluginJar : add cryp
2025-03-16 16:57:36,079 [INFO] IPUIPlugin:80 - create IPUIPlugin
2025-03-16 16:57:36,080 [INFO] PluginManager:220 - loadIPPluginJar : add ddr_ctrl_phy
2025-03-16 16:57:36,087 [INFO] IPUIPlugin:80 - create IPUIPlugin
2025-03-16 16:57:36,087 [INFO] PluginManager:220 - loadIPPluginJar : add dfsdm
2025-03-16 16:57:36,097 [INFO] IPUIPlugin:80 - create IPUIPlugin
2025-03-16 16:57:36,098 [INFO] PluginManager:220 - loadIPPluginJar : add dma
2025-03-16 16:57:36,104 [INFO] IPUIPlugin:80 - create IPUIPlugin
2025-03-16 16:57:36,104 [INFO] PluginManager:220 - loadIPPluginJar : add dma3
2025-03-16 16:57:36,111 [INFO] IPUIPlugin:80 - create IPUIPlugin
2025-03-16 16:57:36,112 [INFO] PluginManager:220 - loadIPPluginJar : add extmemmanager
2025-03-16 16:57:36,117 [INFO] IPUIPlugin:80 - create IPUIPlugin
2025-03-16 16:57:36,117 [INFO] PluginManager:220 - loadIPPluginJar : add fatfs
2025-03-16 16:57:36,125 [INFO] IPUIPlugin:80 - create IPUIPlugin
2025-03-16 16:57:36,125 [INFO] PluginManager:220 - loadIPPluginJar : add fmc
2025-03-16 16:57:36,135 [INFO] IPUIPlugin:80 - create IPUIPlugin
2025-03-16 16:57:36,135 [INFO] PluginManager:220 - loadIPPluginJar : add freertos
2025-03-16 16:57:36,140 [INFO] IPUIPlugin:80 - create IPUIPlugin
2025-03-16 16:57:36,141 [INFO] PluginManager:220 - loadIPPluginJar : add genericplugin
2025-03-16 16:57:36,146 [INFO] IPUIPlugin:80 - create IPUIPlugin
2025-03-16 16:57:36,146 [INFO] PluginManager:220 - loadIPPluginJar : add gfxmmu
2025-03-16 16:57:36,154 [INFO] IPUIPlugin:80 - create IPUIPlugin
2025-03-16 16:57:36,154 [INFO] PluginManager:220 - loadIPPluginJar : add gic
2025-03-16 16:57:36,162 [INFO] IPUIPlugin:80 - create IPUIPlugin
2025-03-16 16:57:36,162 [INFO] PluginManager:220 - loadIPPluginJar : add gpio
2025-03-16 16:57:36,168 [INFO] IPUIPlugin:80 - create IPUIPlugin
2025-03-16 16:57:36,168 [INFO] PluginManager:220 - loadIPPluginJar : add gtzc
2025-03-16 16:57:36,174 [INFO] IPUIPlugin:80 - create IPUIPlugin
2025-03-16 16:57:36,174 [INFO] PluginManager:220 - loadIPPluginJar : add hash
2025-03-16 16:57:36,181 [INFO] IPUIPlugin:80 - create IPUIPlugin
2025-03-16 16:57:36,181 [INFO] PluginManager:220 - loadIPPluginJar : add i2c
2025-03-16 16:57:36,187 [INFO] IPUIPlugin:80 - create IPUIPlugin
2025-03-16 16:57:36,187 [INFO] PluginManager:220 - loadIPPluginJar : add i2s
2025-03-16 16:57:36,194 [INFO] IPUIPlugin:80 - create IPUIPlugin
2025-03-16 16:57:36,194 [INFO] PluginManager:220 - loadIPPluginJar : add i3c
2025-03-16 16:57:36,200 [INFO] IPUIPlugin:80 - create IPUIPlugin
2025-03-16 16:57:36,201 [INFO] PluginManager:220 - loadIPPluginJar : add ipddr
2025-03-16 16:57:36,210 [INFO] IPUIPlugin:80 - create IPUIPlugin
2025-03-16 16:57:36,211 [INFO] PluginManager:220 - loadIPPluginJar : add linkedlist
2025-03-16 16:57:36,218 [INFO] IPUIPlugin:80 - create IPUIPlugin
2025-03-16 16:57:36,218 [INFO] PluginManager:220 - loadIPPluginJar : add lorawan
2025-03-16 16:57:36,223 [INFO] IPUIPlugin:80 - create IPUIPlugin
2025-03-16 16:57:36,223 [INFO] PluginManager:220 - loadIPPluginJar : add ltdc
2025-03-16 16:57:36,232 [INFO] IPUIPlugin:80 - create IPUIPlugin
2025-03-16 16:57:36,232 [INFO] PluginManager:220 - loadIPPluginJar : add mdma
2025-03-16 16:57:36,238 [INFO] IPUIPlugin:80 - create IPUIPlugin
2025-03-16 16:57:36,238 [INFO] PluginManager:220 - loadIPPluginJar : add nvic
2025-03-16 16:57:36,245 [INFO] IPUIPlugin:80 - create IPUIPlugin
2025-03-16 16:57:36,245 [INFO] PluginManager:220 - loadIPPluginJar : add opamp
2025-03-16 16:57:36,251 [INFO] IPUIPlugin:80 - create IPUIPlugin
2025-03-16 16:57:36,251 [INFO] PluginManager:220 - loadIPPluginJar : add openamp
2025-03-16 16:57:36,258 [INFO] IPUIPlugin:80 - create IPUIPlugin
2025-03-16 16:57:36,258 [INFO] PluginManager:220 - loadIPPluginJar : add pdm2pcm
2025-03-16 16:57:36,267 [INFO] IPUIPlugin:80 - create IPUIPlugin
2025-03-16 16:57:36,269 [INFO] PluginManager:220 - loadIPPluginJar : add plateformsettings
2025-03-16 16:57:36,274 [INFO] IPUIPlugin:80 - create IPUIPlugin
2025-03-16 16:57:36,274 [INFO] PluginManager:220 - loadIPPluginJar : add quadspi
2025-03-16 16:57:36,279 [INFO] IPUIPlugin:80 - create IPUIPlugin
2025-03-16 16:57:36,279 [INFO] PluginManager:220 - loadIPPluginJar : add radio
2025-03-16 16:57:36,286 [INFO] IPUIPlugin:80 - create IPUIPlugin
2025-03-16 16:57:36,286 [INFO] PluginManager:220 - loadIPPluginJar : add resmgrutility
2025-03-16 16:57:36,293 [INFO] IPUIPlugin:80 - create IPUIPlugin
2025-03-16 16:57:36,293 [INFO] PluginManager:220 - loadIPPluginJar : add sai
2025-03-16 16:57:36,299 [INFO] IPUIPlugin:80 - create IPUIPlugin
2025-03-16 16:57:36,299 [INFO] PluginManager:220 - loadIPPluginJar : add spi
2025-03-16 16:57:36,308 [INFO] IPUIPlugin:80 - create IPUIPlugin
2025-03-16 16:57:36,308 [INFO] PluginManager:220 - loadIPPluginJar : add stm32_wpan
2025-03-16 16:57:36,313 [INFO] IPUIPlugin:80 - create IPUIPlugin
2025-03-16 16:57:36,314 [INFO] PluginManager:220 - loadIPPluginJar : add tim
2025-03-16 16:57:36,320 [INFO] IPUIPlugin:80 - create IPUIPlugin
2025-03-16 16:57:36,320 [INFO] PluginManager:220 - loadIPPluginJar : add touchsensing
2025-03-16 16:57:36,327 [INFO] IPUIPlugin:80 - create IPUIPlugin
2025-03-16 16:57:36,327 [INFO] PluginManager:220 - loadIPPluginJar : add tracer_emb
2025-03-16 16:57:36,333 [INFO] IPUIPlugin:80 - create IPUIPlugin
2025-03-16 16:57:36,333 [INFO] PluginManager:220 - loadIPPluginJar : add ts
2025-03-16 16:57:36,339 [INFO] IPUIPlugin:80 - create IPUIPlugin
2025-03-16 16:57:36,339 [INFO] PluginManager:220 - loadIPPluginJar : add tsc
2025-03-16 16:57:36,345 [INFO] IPUIPlugin:80 - create IPUIPlugin
2025-03-16 16:57:36,346 [INFO] PluginManager:220 - loadIPPluginJar : add ucpd
2025-03-16 16:57:36,352 [INFO] IPUIPlugin:80 - create IPUIPlugin
2025-03-16 16:57:36,352 [INFO] PluginManager:220 - loadIPPluginJar : add usart
2025-03-16 16:57:36,358 [INFO] IPUIPlugin:80 - create IPUIPlugin
2025-03-16 16:57:36,358 [INFO] PluginManager:220 - loadIPPluginJar : add usbx
2025-03-16 16:57:36,491 [FATAL] Updater:351 - Updater called before beeing initialized
2025-03-16 16:57:36,542 [INFO] RulesReader:64 - Compatibility file has been processed (297 Rules)
2025-03-16 16:57:36,552 [INFO] RulesReader:64 - Compatibility file has been processed (297 Rules)
2025-03-16 16:57:36,575 [INFO] CADModel:165 - CPN selected for project level
2025-03-16 16:57:36,576 [INFO] CADModel:114 - Register for checkConnection events
2025-03-16 16:57:36,578 [FATAL] Updater:351 - Updater called before beeing initialized
2025-03-16 16:57:36,579 [ERROR] CADModel:125 - Updater not yet initialized, retry later 
2025-03-16 16:57:36,699 [FATAL] Updater:351 - Updater called before beeing initialized
2025-03-16 16:57:36,700 [INFO] CADModel:165 - CPN selected for project level
2025-03-16 16:57:36,701 [INFO] CADModel:114 - Register for checkConnection events
2025-03-16 16:57:36,701 [FATAL] Updater:351 - Updater called before beeing initialized
2025-03-16 16:57:36,701 [ERROR] CADModel:125 - Updater not yet initialized, retry later 
2025-03-16 16:57:36,704 [FATAL] Updater:351 - Updater called before beeing initialized
2025-03-16 16:57:36,798 [FATAL] Updater:351 - Updater called before beeing initialized
2025-03-16 16:57:36,802 [INFO] DbMcusAds:53 - JSON generation date=Tue Dec 17 23:01:15 ICT 2024 (1734451275143)
2025-03-16 16:57:36,802 [FATAL] Updater:351 - Updater called before beeing initialized
2025-03-16 16:57:36,833 [WARN] DetailPanel:346 - Failed to get advertising image, set to default
2025-03-16 16:57:37,081 [FATAL] Updater:351 - Updater called before beeing initialized
2025-03-16 16:57:37,083 [FATAL] Updater:351 - Updater called before beeing initialized
2025-03-16 16:57:37,083 [FATAL] Updater:351 - Updater called before beeing initialized
2025-03-16 16:57:37,083 [WARN] DetailPanel:346 - Failed to get advertising image, set to default
2025-03-16 16:57:37,084 [FATAL] Updater:351 - Updater called before beeing initialized
2025-03-16 16:57:37,131 [ERROR] Updater:1198 - MainUpdater not yet initialized. External WinMGr cannot be set.
2025-03-16 16:57:37,136 [INFO] Updater:1134 - Updater Version found : 6.13.0
2025-03-16 16:57:37,156 [INFO] ApplicationProperties:184 - Using Application install path: C:\ST\STM32CubeIDE_1.16.1\STM32CubeIDE\plugins\com.st.stm32cube.common.mx_6.13.0.202411220809
2025-03-16 16:57:38,497 [INFO] ThirdPartyUpdaterWithRetryManager:70 - Updater plugin not ready yet. [2/15]
2025-03-16 16:57:38,732 [ERROR] LogOutputStream:75 - [STDERR_REDIRECT] Mar 16, 2025 4:57:38 PM java.util.prefs.WindowsPreferences <init>
2025-03-16 16:57:38,734 [ERROR] LogOutputStream:75 - [STDERR_REDIRECT] WARNING: Could not open/create prefs root node Software\JavaSoft\Prefs at root 0xffffffff80000002. Windows RegCreateKeyEx(...) returned error code 5.
2025-03-16 16:57:38,734 [ERROR] LogOutputStream:75 - [STDERR_REDIRECT] 
2025-03-16 16:57:39,543 [INFO] MainUpdater:2872 - connection check result : 10
2025-03-16 16:57:39,545 [INFO] MainUpdater:289 - Updater Check For Update Now.
2025-03-16 16:57:39,545 [INFO] MicroXplorer:498 - Change Database Version : DB.6.0.130
2025-03-16 16:57:39,561 [INFO] McuFinderGlobals:63 - Set McuFinder mode to 2 (CubeIDE integrated)
2025-03-16 16:57:39,563 [INFO] UserAuth:486 - Internet connection configuration mode: 1
2025-03-16 16:57:39,600 [INFO] JxBrowserEngine:152 - Initiate JxBrowser Engine with user profile folder
2025-03-16 16:57:39,737 [INFO] CheckServerUpdateThread:120 - End of CheckServer Thread
2025-03-16 16:57:40,449 [INFO] WebApp:168 - Instantiating new browser for Auth
2025-03-16 16:57:41,269 [INFO] WebApp:449 - Apply proxy settings
2025-03-16 16:57:41,269 [INFO] WebApp:534 - Chromium requires no authentication
2025-03-16 16:57:41,274 [INFO] WebApp:477 - Direct internet connection detected
2025-03-16 16:57:41,290 [INFO] WebApp:880 - Register for checkConnection events
2025-03-16 16:57:41,290 [INFO] WebApp:449 - Apply proxy settings
2025-03-16 16:57:41,290 [INFO] WebApp:534 - Chromium requires no authentication
2025-03-16 16:57:41,291 [INFO] WebApp:477 - Direct internet connection detected
2025-03-16 16:57:41,432 [INFO] WebApp:221 - Starting web application
2025-03-16 16:57:41,432 [INFO] WebApp:579 - Web application path used C:\ST\STM32CubeIDE_1.16.1\STM32CubeIDE\plugins\com.st.stm32cube.common.mx_6.13.0.202411220809\db\plugins\mcufinder\reactClient1\index.html
2025-03-16 16:57:41,509 [INFO] UserAuth:486 - Internet connection configuration mode: 1
2025-03-16 16:57:41,750 [WARN] PackLoader:240 - Cannot read IP mode file for STMicroelectronics.FP-SNS-MOTENVWB1.1.4.0
2025-03-16 16:57:41,762 [WARN] PackLoader:240 - Cannot read IP mode file for STMicroelectronics.FP-ATR-ASTRA1.2.0.2
2025-03-16 16:57:41,767 [WARN] PackLoader:240 - Cannot read IP mode file for STMicroelectronics.FP-ATR-ASTRA1.2.0.1
2025-03-16 16:57:41,780 [WARN] PackLoader:240 - Cannot read IP mode file for STMicroelectronics.X-CUBE-SMBUS.2.1.0
2025-03-16 16:57:41,801 [WARN] PackLoader:240 - Cannot read IP mode file for STMicroelectronics.X-CUBE-WB05N.1.1.0
2025-03-16 16:57:41,827 [WARN] PackLoader:240 - Cannot read IP mode file for STMicroelectronics.X-CUBE-AZRTOS-F7.1.1.0
2025-03-16 16:57:41,878 [WARN] PackLoader:240 - Cannot read IP mode file for STMicroelectronics.X-CUBE-MEMS1.11.0.0
2025-03-16 16:57:41,973 [INFO] WebApp:187 - Connection restablished
2025-03-16 16:57:41,992 [WARN] PackLoader:240 - Cannot read IP mode file for STMicroelectronics.FP-SNS-FLIGHT1.5.0.2
2025-03-16 16:57:42,005 [WARN] PackLoader:240 - Cannot read IP mode file for STMicroelectronics.X-CUBE-DISPLAY.3.0.0
2025-03-16 16:57:42,013 [WARN] PackLoader:240 - Cannot read IP mode file for STMicroelectronics.X-CUBE-BLE1.7.0.0
2025-03-16 16:57:42,019 [WARN] PackLoader:240 - Cannot read IP mode file for STMicroelectronics.X-CUBE-NFC10.1.0.0
2025-03-16 16:57:42,027 [WARN] PackLoader:240 - Cannot read IP mode file for STMicroelectronics.X-CUBE-BLEMGR.4.0.0
2025-03-16 16:57:42,035 [WARN] PackLoader:240 - Cannot read IP mode file for emotas.I-CUBE-CANOPEN.1.3.0
2025-03-16 16:57:42,041 [WARN] PackLoader:240 - Cannot read IP mode file for STMicroelectronics.X-CUBE-BLEMGR.3.1.0
2025-03-16 16:57:42,047 [WARN] PackLoader:240 - Cannot read IP mode file for STMicroelectronics.X-CUBE-AI.10.0.0
2025-03-16 16:57:42,051 [WARN] PackLoader:240 - Cannot read IP mode file for STMicroelectronics.FP-SNS-SMARTAG2.1.2.0
2025-03-16 16:57:42,055 [WARN] PackLoader:240 - Cannot read IP mode file for STMicroelectronics.FP-SNS-FLIGHT1.5.1.0
2025-03-16 16:57:42,085 [WARN] PackLoader:240 - Cannot read IP mode file for STMicroelectronics.X-CUBE-MEMS1.11.1.0
2025-03-16 16:57:42,219 [INFO] LogOutputStream:77 - [STDOUT_REDIRECT] 1 : Invalid condition id : UX_CORESTACK_Condition cause : null
2025-03-16 16:57:42,221 [INFO] LogOutputStream:77 - [STDOUT_REDIRECT] 1 : Invalid condition id : UX_CORESTACK_Condition cause : null
2025-03-16 16:57:42,223 [INFO] LogOutputStream:77 - [STDOUT_REDIRECT] 1 : Invalid condition id : UX_CORESTACK_Condition cause : null
2025-03-16 16:57:42,225 [INFO] LogOutputStream:77 - [STDOUT_REDIRECT] 1 : Invalid condition id : UX_CORESTACK_Condition cause : null
2025-03-16 16:57:42,227 [INFO] LogOutputStream:77 - [STDOUT_REDIRECT] 1 : Invalid condition id : UX_CORESTACK_Condition cause : null
2025-03-16 16:57:42,230 [WARN] PackLoader:240 - Cannot read IP mode file for STMicroelectronics.X-CUBE-AZRTOS-WL.2.0.0
2025-03-16 16:57:42,236 [WARN] PackLoader:240 - Cannot read IP mode file for STMicroelectronics.FP-SNS-MOTENV1.5.0.0
2025-03-16 16:57:42,241 [WARN] PackLoader:240 - Cannot read IP mode file for wolfSSL.I-CUBE-wolfMQTT.1.19.0
2025-03-16 16:57:42,253 [WARN] PackLoader:240 - Cannot read IP mode file for WES.I-CUBE-Cesium.1.3.0
2025-03-16 16:57:42,257 [WARN] PackLoader:240 - Cannot read IP mode file for STMicroelectronics.X-CUBE-BLE2.3.3.0
2025-03-16 16:57:42,263 [WARN] PackLoader:240 - Cannot read IP mode file for STMicroelectronics.X-CUBE-NFC9.1.0.0
2025-03-16 16:57:42,268 [WARN] PackLoader:240 - Cannot read IP mode file for STMicroelectronics.X-CUBE-BLE1.7.1.0
2025-03-16 16:57:42,273 [WARN] PackLoader:240 - Cannot read IP mode file for STMicroelectronics.X-CUBE-TCPP.4.1.0
2025-03-16 16:57:42,285 [WARN] PackLoader:240 - Cannot read IP mode file for STMicroelectronics.X-CUBE-AZRTOS-G0.1.1.0
2025-03-16 16:57:42,292 [WARN] PackLoader:240 - Cannot read IP mode file for STMicroelectronics.X-CUBE-SAFEA1.1.2.2
2025-03-16 16:57:42,299 [WARN] PackLoader:240 - Cannot read IP mode file for STMicroelectronics.X-CUBE-NFC4.3.0.0
2025-03-16 16:57:42,307 [WARN] PackLoader:240 - Cannot read IP mode file for EmbeddedOffice.I-CUBE-FS-RTOS.1.0.1
2025-03-16 16:57:42,317 [WARN] PackLoader:240 - Cannot read IP mode file for STMicroelectronics.X-CUBE-TCPP.4.2.0
2025-03-16 16:57:42,322 [WARN] PackLoader:240 - Cannot read IP mode file for RealThread.X-CUBE-RT-Thread_Nano.4.1.1
2025-03-16 16:57:42,326 [WARN] PackLoader:240 - Cannot read IP mode file for STMicroelectronics.FP-ATR-SIGFOX1.3.2.0
2025-03-16 16:57:42,334 [WARN] ConditionMgr:438 - getConditionDescription Invalid condition id : Cortex-A Device cause : null
2025-03-16 16:57:42,354 [WARN] ConditionMgr:1044 - genDependencies : Invalid condition id : Cortex-A Device cause : null
2025-03-16 16:57:42,354 [WARN] ConditionMgr:1044 - genDependencies : Invalid condition id : Cortex-A Device cause : null
2025-03-16 16:57:42,354 [WARN] ConditionMgr:1044 - genDependencies : Invalid condition id : Cortex-A Device cause : null
2025-03-16 16:57:42,359 [WARN] PackLoader:240 - Cannot read IP mode file for STMicroelectronics.X-CUBE-EEPRMA1.5.1.0
2025-03-16 16:57:42,365 [WARN] PackLoader:240 - Cannot read IP mode file for wolfSSL.I-CUBE-wolfSSL.5.7.4
2025-03-16 16:57:42,371 [WARN] PackLoader:240 - Cannot read IP mode file for ITTIA_DB.I-CUBE-ITTIADB.8.9.0
2025-03-16 16:57:42,390 [WARN] PackLoader:240 - Cannot read IP mode file for SEGGER.I-CUBE-embOS.1.3.1
2025-03-16 16:57:42,420 [WARN] PackLoader:240 - Cannot read IP mode file for STMicroelectronics.X-CUBE-ALGOBUILD.1.4.0
2025-03-16 16:57:42,424 [WARN] PackLoader:240 - Cannot read IP mode file for STMicroelectronics.X-CUBE-AI.9.1.0
2025-03-16 16:57:42,439 [WARN] PackLoader:240 - Cannot read IP mode file for STMicroelectronics.X-CUBE-AZRTOS-F4.1.1.0
2025-03-16 16:57:42,447 [WARN] PackLoader:240 - Cannot read IP mode file for STMicroelectronics.X-CUBE-ISPU.2.1.0
2025-03-16 16:57:42,454 [WARN] PackLoader:240 - Cannot read IP mode file for STMicroelectronics.X-CUBE-FREERTOS.1.2.0
2025-03-16 16:57:42,470 [WARN] PackLoader:240 - Cannot read IP mode file for STMicroelectronics.X-CUBE-AZRTOS-L5.2.0.0
2025-03-16 16:57:42,482 [WARN] PackLoader:240 - Cannot read IP mode file for STMicroelectronics.X-CUBE-NFC6.3.1.0
2025-03-16 16:57:42,489 [WARN] PackLoader:240 - Cannot read IP mode file for STMicroelectronics.X-CUBE-DPower.1.2.0
2025-03-16 16:57:42,493 [WARN] PackLoader:240 - Cannot read IP mode file for STMicroelectronics.X-CUBE-FREERTOS.1.3.0
2025-03-16 16:57:42,499 [WARN] PackLoader:240 - Cannot read IP mode file for STMicroelectronics.X-CUBE-NFC7.1.0.1
2025-03-16 16:57:42,511 [WARN] ConditionMgr:438 - getConditionDescription Invalid condition id : LAN8742 Phy interface Condition cause : null
2025-03-16 16:57:42,511 [WARN] PackLoader:240 - Cannot read IP mode file for STMicroelectronics.X-CUBE-AZRTOS-L4.2.0.0
2025-03-16 16:57:42,512 [WARN] ConditionMgr:1044 - genDependencies : Invalid condition id : LAN8742 Phy interface Condition cause : null
2025-03-16 16:57:42,513 [WARN] ConditionMgr:1044 - genDependencies : Invalid condition id : LAN8742 Phy interface Condition cause : null
2025-03-16 16:57:42,513 [WARN] ConditionMgr:1044 - genDependencies : Invalid condition id : LAN8742 Phy interface Condition cause : null
2025-03-16 16:57:42,520 [WARN] PackLoader:240 - Cannot read IP mode file for STMicroelectronics.X-CUBE-SFXS2LP1.4.0.0
2025-03-16 16:57:42,534 [WARN] PackLoader:240 - Cannot read IP mode file for STMicroelectronics.X-CUBE-AZRTOS-H7.3.3.0
2025-03-16 16:57:42,545 [WARN] PackLoader:240 - Cannot read IP mode file for STMicroelectronics.X-CUBE-IPS.3.0.0
2025-03-16 16:57:42,557 [WARN] ConditionMgr:438 - getConditionDescription Invalid condition id : UX DEVICE CLASS RTOS Condition cause : null
2025-03-16 16:57:42,557 [WARN] ConditionMgr:438 - getConditionDescription Invalid condition id : UX DEVICE CLASS RTOS Condition cause : null
2025-03-16 16:57:42,558 [WARN] PackLoader:240 - Cannot read IP mode file for STMicroelectronics.X-CUBE-AZRTOS-WB.2.0.0
2025-03-16 16:57:42,559 [WARN] ConditionMgr:1044 - genDependencies : Invalid condition id : UX DEVICE CLASS RTOS Condition cause : null
2025-03-16 16:57:42,559 [WARN] ConditionMgr:1044 - genDependencies : Invalid condition id : UX DEVICE CLASS RTOS Condition cause : null
2025-03-16 16:57:42,559 [WARN] ConditionMgr:1044 - genDependencies : Invalid condition id : UX DEVICE CLASS RTOS Condition cause : null
2025-03-16 16:57:42,559 [WARN] ConditionMgr:1044 - genDependencies : Invalid condition id : UX DEVICE CLASS RTOS Condition cause : null
2025-03-16 16:57:42,559 [WARN] ConditionMgr:1044 - genDependencies : Invalid condition id : UX DEVICE CLASS RTOS Condition cause : null
2025-03-16 16:57:42,566 [WARN] PackLoader:240 - Cannot read IP mode file for STMicroelectronics.X-CUBE-GNSS1.7.0.0
2025-03-16 16:57:42,570 [WARN] PackLoader:240 - Cannot read IP mode file for STMicroelectronics.X-CUBE-GNSS1.7.0.1
2025-03-16 16:57:42,579 [WARN] PackLoader:240 - Cannot read IP mode file for STMicroelectronics.X-CUBE-TOUCHGFX.4.25.0
2025-03-16 16:57:42,585 [WARN] PackLoader:240 - Cannot read IP mode file for STMicroelectronics.FP-SNS-STBOX1.2.0.0
2025-03-16 16:57:42,598 [WARN] PackLoader:240 - Cannot read IP mode file for STMicroelectronics.X-CUBE-SUBG2.5.0.0
2025-03-16 16:57:42,607 [WARN] PackLoader:240 - Cannot read IP mode file for Cesanta.I-CUBE-Mongoose.7.13.0
2025-03-16 16:57:42,758 [WARN] PackLoader:240 - Cannot read IP mode file for STMicroelectronics.X-CUBE-AZRTOS-G4.2.0.0
2025-03-16 16:57:42,774 [WARN] PackLoader:240 - Cannot read IP mode file for STMicroelectronics.X-CUBE-IPS.3.1.0
2025-03-16 16:57:42,784 [WARN] PackLoader:240 - Cannot read IP mode file for STMicroelectronics.X-CUBE-ALS.1.0.2
2025-03-16 16:57:42,789 [WARN] PackLoader:240 - Cannot read IP mode file for STMicroelectronics.X-CUBE-TOUCHGFX.4.24.2
2025-03-16 16:57:42,794 [WARN] PackLoader:240 - Cannot read IP mode file for STMicroelectronics.X-CUBE-TOUCHGFX.4.24.1
2025-03-16 16:57:42,801 [WARN] PackLoader:240 - Cannot read IP mode file for wolfSSL.I-CUBE-wolfTPM.3.4.0
2025-03-16 16:57:42,806 [WARN] PackLoader:240 - Cannot read IP mode file for portGmbH.I-Cube-SoM-uGOAL.1.1.0
2025-03-16 16:57:42,818 [WARN] PackLoader:240 - Cannot read IP mode file for STMicroelectronics.X-CUBE-AZRTOS-H7RS.1.0.0
2025-03-16 16:57:42,823 [WARN] PackLoader:240 - Cannot read IP mode file for STMicroelectronics.FP-ATR-ASTRA1.2.0.0
2025-03-16 16:57:42,831 [WARN] PackLoader:240 - Cannot read IP mode file for STMicroelectronics.X-CUBE-TOF1.3.4.2
2025-03-16 16:57:42,852 [WARN] PackLoader:240 - Cannot read IP mode file for Infineon.AIROC-Wi-Fi-Bluetooth-STM32.1.6.1
2025-03-16 16:57:42,859 [WARN] PackLoader:240 - Cannot read IP mode file for wolfSSL.I-CUBE-wolfSSH.1.4.17
2025-03-16 16:57:42,859 [INFO] ThirdParty:978 - Integrity check success = true
2025-03-16 16:57:42,860 [INFO] IntegrityCheckThread:100 - exiting critical section [integrity check]
2025-03-16 16:57:42,860 [INFO] IntegrityCheckThread:103 - End integrity checks thread
2025-03-16 16:57:48,343 [ERROR] LogOutputStream:75 - [STDERR_REDIRECT] 
2025-03-16 16:58:16,527 [INFO] Activator:176 - 


2025-03-16 16:58:16,527 [INFO] Activator:177 - !SESSION log4j initialized
2025-03-16 16:58:22,204 [INFO] LogOutputStream:77 - [STDOUT_REDIRECT] 
2025-03-16 16:58:24,176 [INFO] ApplicationProperties:184 - Using Application install path: C:\ST\STM32CubeIDE_1.16.1\STM32CubeIDE\plugins\com.st.stm32cube.common.mx_6.13.0.202411220809
2025-03-16 16:58:24,194 [INFO] DbMcusXml:78 - Set database path to: C:\ST\STM32CubeIDE_1.16.1\STM32CubeIDE\plugins\com.st.stm32cube.common.mx_6.13.0.202411220809\\db\/mcu/
2025-03-16 16:58:24,194 [INFO] ApiDb:274 - Set plugin database path to: C:\ST\STM32CubeIDE_1.16.1\STM32CubeIDE\plugins\com.st.stm32cube.common.mx_6.13.0.202411220809\\db\/plugins/boardmanager/
2025-03-16 16:58:24,194 [WARN] ApiDb:259 - Overriding images path with different value:  => C:\ST\STM32CubeIDE_1.16.1\STM32CubeIDE\plugins\com.st.stm32cube.common.mx_6.13.0.202411220809\\db\/plugins/mcufinder/images/
2025-03-16 16:58:24,204 [INFO] ApiDb:250 - Set database path to: C:\Users\Chinnapop\.stmcufinder\plugins\mcufinder//mcu/
2025-03-16 16:58:24,206 [INFO] DbMcusAds:125 - Set database path to: C:\Users\Chinnapop\.stmcufinder\plugins\mcufinder//mcu/
2025-03-16 16:58:24,209 [INFO] CrossReferenceDbSqlite:203 - Set database path to: C:\Users\Chinnapop\.stmcufinder\plugins\mcufinder//mcu/cs/
2025-03-16 16:58:24,338 [INFO] RulesReader:64 - Compatibility file has been processed (297 Rules)
2025-03-16 16:58:24,432 [INFO] DbMcusXml:78 - Set database path to: C:\ST\STM32CubeIDE_1.16.1\STM32CubeIDE\plugins\com.st.stm32cube.common.mx_6.13.0.202411220809\\db\/mcu/
2025-03-16 16:58:24,433 [INFO] ApiDb:274 - Set plugin database path to: C:\ST\STM32CubeIDE_1.16.1\STM32CubeIDE\plugins\com.st.stm32cube.common.mx_6.13.0.202411220809\\db\/plugins/boardmanager/
2025-03-16 16:58:24,433 [INFO] ApiDb:261 - Set plugin images path to: C:\ST\STM32CubeIDE_1.16.1\STM32CubeIDE\plugins\com.st.stm32cube.common.mx_6.13.0.202411220809\\db\/plugins/mcufinder/images/
2025-03-16 16:58:24,433 [WARN] DbFile:41 - Overriding database path with different value: C:\Users\Chinnapop\.stmcufinder\plugins\mcufinder/ => C:\Users\Chinnapop\.stmcufinder\plugins\mcufinder
2025-03-16 16:58:24,433 [INFO] ApiDb:250 - Set database path to: C:\Users\Chinnapop\.stmcufinder\plugins\mcufinder//mcu/
2025-03-16 16:58:24,433 [WARN] DbFile:41 - Overriding database path with different value: C:\Users\Chinnapop\.stmcufinder\plugins\mcufinder/ => C:\Users\Chinnapop\.stmcufinder\plugins\mcufinder
2025-03-16 16:58:24,433 [INFO] DbMcusAds:125 - Set database path to: C:\Users\Chinnapop\.stmcufinder\plugins\mcufinder//mcu/
2025-03-16 16:58:24,434 [WARN] DbFile:41 - Overriding database path with different value: C:\Users\Chinnapop\.stmcufinder\plugins\mcufinder/ => C:\Users\Chinnapop\.stmcufinder\plugins\mcufinder
2025-03-16 16:58:24,434 [WARN] DbFile:41 - Overriding database path with different value: C:\Users\Chinnapop\.stmcufinder\plugins\mcufinder/ => C:\Users\Chinnapop\.stmcufinder\plugins\mcufinder
2025-03-16 16:58:24,434 [INFO] CrossReferenceDbSqlite:203 - Set database path to: C:\Users\Chinnapop\.stmcufinder\plugins\mcufinder//mcu/cs/
2025-03-16 16:58:24,502 [INFO] MainPanel:272 - HeapMemory: 268435456
2025-03-16 16:58:24,574 [INFO] DbMcusXml:78 - Set database path to: C:\ST\STM32CubeIDE_1.16.1\STM32CubeIDE\plugins\com.st.stm32cube.common.mx_6.13.0.202411220809\\db\/mcu/
2025-03-16 16:58:24,574 [INFO] ApiDb:274 - Set plugin database path to: C:\ST\STM32CubeIDE_1.16.1\STM32CubeIDE\plugins\com.st.stm32cube.common.mx_6.13.0.202411220809\\db\/plugins/boardmanager/
2025-03-16 16:58:24,574 [INFO] ApiDb:261 - Set plugin images path to: C:\ST\STM32CubeIDE_1.16.1\STM32CubeIDE\plugins\com.st.stm32cube.common.mx_6.13.0.202411220809\\db\/plugins/mcufinder/images/
2025-03-16 16:58:24,575 [WARN] DbFile:41 - Overriding database path with different value: C:\Users\Chinnapop\.stmcufinder\plugins\mcufinder/ => C:\Users\Chinnapop\.stmcufinder\plugins\mcufinder
2025-03-16 16:58:24,575 [INFO] ApiDb:250 - Set database path to: C:\Users\Chinnapop\.stmcufinder\plugins\mcufinder//mcu/
2025-03-16 16:58:24,575 [WARN] DbFile:41 - Overriding database path with different value: C:\Users\Chinnapop\.stmcufinder\plugins\mcufinder/ => C:\Users\Chinnapop\.stmcufinder\plugins\mcufinder
2025-03-16 16:58:24,575 [INFO] DbMcusAds:125 - Set database path to: C:\Users\Chinnapop\.stmcufinder\plugins\mcufinder//mcu/
2025-03-16 16:58:24,575 [WARN] DbFile:41 - Overriding database path with different value: C:\Users\Chinnapop\.stmcufinder\plugins\mcufinder/ => C:\Users\Chinnapop\.stmcufinder\plugins\mcufinder
2025-03-16 16:58:24,575 [WARN] DbFile:41 - Overriding database path with different value: C:\Users\Chinnapop\.stmcufinder\plugins\mcufinder/ => C:\Users\Chinnapop\.stmcufinder\plugins\mcufinder
2025-03-16 16:58:24,575 [INFO] CrossReferenceDbSqlite:203 - Set database path to: C:\Users\Chinnapop\.stmcufinder\plugins\mcufinder//mcu/cs/
2025-03-16 16:58:24,592 [INFO] ApplicationProperties:184 - Using Application install path: C:\ST\STM32CubeIDE_1.16.1\STM32CubeIDE\plugins\com.st.stm32cube.common.mx_6.13.0.202411220809
2025-03-16 16:58:24,594 [INFO] PluginManage:196 - Search for loadable plugins [exclusion list=, ]
2025-03-16 16:58:24,595 [INFO] PluginManage:310 - Check plugin analytics
2025-03-16 16:58:24,784 [INFO] AnalyticsPlugin:253 - Accepted Software Licenses: 
2025-03-16 16:58:24,785 [INFO] AnalyticsPlugin:255 - Accepted CMSIS Pack Licenses: 
2025-03-16 16:58:24,785 [INFO] AnalyticsPlugin:257 - Accepted Firmware Licenses: FW.F7.1.17.0
2025-03-16 16:58:24,787 [INFO] PluginManage:359 - Loaded plugin analytics (category:tool,tabindex:-1)
2025-03-16 16:58:24,788 [INFO] PluginManage:310 - Check plugin cadmodel
2025-03-16 16:58:24,794 [INFO] CADModel:105 - Init CAD model plugin
2025-03-16 16:58:24,795 [INFO] PluginManage:359 - Loaded plugin cadmodel (category:power,tabindex:5)
2025-03-16 16:58:24,795 [INFO] PluginManage:310 - Check plugin clock
2025-03-16 16:58:24,805 [INFO] PluginManage:359 - Loaded plugin clock (category:base,tabindex:2)
2025-03-16 16:58:24,805 [INFO] PluginManage:310 - Check plugin ddr
2025-03-16 16:58:24,806 [INFO] PluginManage:359 - Loaded plugin ddr (category:tool,tabindex:6)
2025-03-16 16:58:24,807 [INFO] PluginManage:310 - Check plugin filemanager
2025-03-16 16:58:24,958 [INFO] PluginManage:359 - Loaded plugin filemanager (category:base,tabindex:10)
2025-03-16 16:58:24,958 [INFO] PluginManage:310 - Check plugin ipmanager
2025-03-16 16:58:24,969 [INFO] PluginManage:359 - Loaded plugin ipmanager (category:base,tabindex:5)
2025-03-16 16:58:24,970 [INFO] PluginManage:310 - Check plugin lpbam
2025-03-16 16:58:24,989 [INFO] PluginManage:359 - Loaded plugin lpbam (category:base,tabindex:0)
2025-03-16 16:58:24,989 [INFO] PluginManage:310 - Check plugin memorymap
2025-03-16 16:58:25,012 [INFO] PluginManage:359 - Loaded plugin memorymap (category:base,tabindex:4)
2025-03-16 16:58:25,012 [INFO] PluginManage:310 - Check plugin pinoutandconfiguration
2025-03-16 16:58:25,028 [INFO] PluginManage:359 - Loaded plugin pinoutandconfiguration (category:base,tabindex:1)
2025-03-16 16:58:25,028 [INFO] PluginManage:310 - Check plugin pinoutconfig
2025-03-16 16:58:25,142 [WARN] SupportedApi:132 - Cannot load RTOS API schema: s4s-elt-must-match.1: The content of 'definitions' must match (annotation?, (simpleType | complexType)?, (unique | key | keyref)*)). A problem was found starting at: attribute.
2025-03-16 16:58:25,268 [INFO] PluginManage:359 - Loaded plugin pinoutconfig (category:base,tabindex:0)
2025-03-16 16:58:25,268 [INFO] PluginManage:310 - Check plugin power
2025-03-16 16:58:25,281 [INFO] PluginManage:359 - Loaded plugin power (category:power,tabindex:4)
2025-03-16 16:58:25,282 [INFO] PluginManage:310 - Check plugin projectmanager
2025-03-16 16:58:25,300 [INFO] PluginManage:359 - Loaded plugin projectmanager (category:projectmanager,tabindex:4)
2025-03-16 16:58:25,300 [INFO] PluginManage:310 - Check plugin rif
2025-03-16 16:58:25,310 [INFO] PluginManage:359 - Loaded plugin rif (category:base,tabindex:3)
2025-03-16 16:58:25,310 [INFO] PluginManage:310 - Check plugin thirdparty
2025-03-16 16:58:25,441 [WARN] IntegrityCheckThread:84 - waiting for thirdparty lock release [integrity check]
2025-03-16 16:58:25,442 [INFO] PluginManage:359 - Loaded plugin thirdparty (category:base,tabindex:-1)
2025-03-16 16:58:25,442 [INFO] IntegrityCheckThread:86 - entering critical section [integrity check]
2025-03-16 16:58:25,442 [INFO] PluginManage:310 - Check plugin tools
2025-03-16 16:58:25,442 [INFO] ThirdPartyUpdaterWithRetryManager:70 - Updater plugin not ready yet. [1/15]
2025-03-16 16:58:25,449 [INFO] PluginManage:359 - Loaded plugin tools (category:base,tabindex:7)
2025-03-16 16:58:25,449 [INFO] PluginManage:310 - Check plugin tutovideos
2025-03-16 16:58:25,600 [INFO] PluginManage:359 - Loaded plugin tutovideos (category:base,tabindex:-1)
2025-03-16 16:58:25,600 [INFO] PluginManage:310 - Check plugin updater
2025-03-16 16:58:25,622 [INFO] PluginManage:359 - Loaded plugin updater (category:base,tabindex:12)
2025-03-16 16:58:25,622 [INFO] PluginManage:310 - Check plugin userauth
2025-03-16 16:58:25,625 [INFO] UserAuth:118 - Init User Auth plugin
2025-03-16 16:58:25,626 [INFO] PluginManage:359 - Loaded plugin userauth (category:base,tabindex:14)
2025-03-16 16:58:25,627 [INFO] PluginManage:283 - PluginManage : Loaded plugins [18]
2025-03-16 16:58:25,838 [INFO] PinOutPanel:1589 - setPackage(No Configuration,No Configuration)
2025-03-16 16:58:25,928 [INFO] CADModel:165 - CPN selected for project level
2025-03-16 16:58:25,928 [INFO] CADModel:114 - Register for checkConnection events
2025-03-16 16:58:25,954 [INFO] IPUIPlugin:80 - create IPUIPlugin
2025-03-16 16:58:25,954 [INFO] PluginManager:220 - loadIPPluginJar : add adc
2025-03-16 16:58:25,965 [INFO] IPUIPlugin:80 - create IPUIPlugin
2025-03-16 16:58:25,965 [INFO] PluginManager:220 - loadIPPluginJar : add aes
2025-03-16 16:58:25,975 [INFO] IPUIPlugin:80 - create IPUIPlugin
2025-03-16 16:58:25,976 [INFO] PluginManager:220 - loadIPPluginJar : add can
2025-03-16 16:58:25,982 [INFO] IPUIPlugin:80 - create IPUIPlugin
2025-03-16 16:58:25,983 [INFO] PluginManager:220 - loadIPPluginJar : add comp
2025-03-16 16:58:25,988 [INFO] IPUIPlugin:80 - create IPUIPlugin
2025-03-16 16:58:25,988 [INFO] PluginManager:220 - loadIPPluginJar : add cryp
2025-03-16 16:58:25,994 [INFO] IPUIPlugin:80 - create IPUIPlugin
2025-03-16 16:58:25,994 [INFO] PluginManager:220 - loadIPPluginJar : add ddr_ctrl_phy
2025-03-16 16:58:26,000 [INFO] IPUIPlugin:80 - create IPUIPlugin
2025-03-16 16:58:26,000 [INFO] PluginManager:220 - loadIPPluginJar : add dfsdm
2025-03-16 16:58:26,010 [INFO] IPUIPlugin:80 - create IPUIPlugin
2025-03-16 16:58:26,011 [INFO] PluginManager:220 - loadIPPluginJar : add dma
2025-03-16 16:58:26,017 [INFO] IPUIPlugin:80 - create IPUIPlugin
2025-03-16 16:58:26,018 [INFO] PluginManager:220 - loadIPPluginJar : add dma3
2025-03-16 16:58:26,025 [INFO] IPUIPlugin:80 - create IPUIPlugin
2025-03-16 16:58:26,026 [INFO] PluginManager:220 - loadIPPluginJar : add extmemmanager
2025-03-16 16:58:26,032 [INFO] IPUIPlugin:80 - create IPUIPlugin
2025-03-16 16:58:26,033 [INFO] PluginManager:220 - loadIPPluginJar : add fatfs
2025-03-16 16:58:26,043 [INFO] IPUIPlugin:80 - create IPUIPlugin
2025-03-16 16:58:26,043 [INFO] PluginManager:220 - loadIPPluginJar : add fmc
2025-03-16 16:58:26,054 [INFO] IPUIPlugin:80 - create IPUIPlugin
2025-03-16 16:58:26,055 [INFO] PluginManager:220 - loadIPPluginJar : add freertos
2025-03-16 16:58:26,060 [INFO] IPUIPlugin:80 - create IPUIPlugin
2025-03-16 16:58:26,060 [INFO] PluginManager:220 - loadIPPluginJar : add genericplugin
2025-03-16 16:58:26,066 [INFO] IPUIPlugin:80 - create IPUIPlugin
2025-03-16 16:58:26,066 [INFO] PluginManager:220 - loadIPPluginJar : add gfxmmu
2025-03-16 16:58:26,075 [INFO] IPUIPlugin:80 - create IPUIPlugin
2025-03-16 16:58:26,075 [INFO] PluginManager:220 - loadIPPluginJar : add gic
2025-03-16 16:58:26,084 [INFO] IPUIPlugin:80 - create IPUIPlugin
2025-03-16 16:58:26,084 [INFO] PluginManager:220 - loadIPPluginJar : add gpio
2025-03-16 16:58:26,092 [INFO] IPUIPlugin:80 - create IPUIPlugin
2025-03-16 16:58:26,092 [INFO] PluginManager:220 - loadIPPluginJar : add gtzc
2025-03-16 16:58:26,098 [INFO] IPUIPlugin:80 - create IPUIPlugin
2025-03-16 16:58:26,098 [INFO] PluginManager:220 - loadIPPluginJar : add hash
2025-03-16 16:58:26,105 [INFO] IPUIPlugin:80 - create IPUIPlugin
2025-03-16 16:58:26,105 [INFO] PluginManager:220 - loadIPPluginJar : add i2c
2025-03-16 16:58:26,111 [INFO] IPUIPlugin:80 - create IPUIPlugin
2025-03-16 16:58:26,111 [INFO] PluginManager:220 - loadIPPluginJar : add i2s
2025-03-16 16:58:26,118 [INFO] IPUIPlugin:80 - create IPUIPlugin
2025-03-16 16:58:26,119 [INFO] PluginManager:220 - loadIPPluginJar : add i3c
2025-03-16 16:58:26,126 [INFO] IPUIPlugin:80 - create IPUIPlugin
2025-03-16 16:58:26,126 [INFO] PluginManager:220 - loadIPPluginJar : add ipddr
2025-03-16 16:58:26,138 [INFO] IPUIPlugin:80 - create IPUIPlugin
2025-03-16 16:58:26,139 [INFO] PluginManager:220 - loadIPPluginJar : add linkedlist
2025-03-16 16:58:26,147 [INFO] IPUIPlugin:80 - create IPUIPlugin
2025-03-16 16:58:26,147 [INFO] PluginManager:220 - loadIPPluginJar : add lorawan
2025-03-16 16:58:26,153 [INFO] IPUIPlugin:80 - create IPUIPlugin
2025-03-16 16:58:26,153 [INFO] PluginManager:220 - loadIPPluginJar : add ltdc
2025-03-16 16:58:26,163 [INFO] IPUIPlugin:80 - create IPUIPlugin
2025-03-16 16:58:26,163 [INFO] PluginManager:220 - loadIPPluginJar : add mdma
2025-03-16 16:58:26,171 [INFO] IPUIPlugin:80 - create IPUIPlugin
2025-03-16 16:58:26,172 [INFO] PluginManager:220 - loadIPPluginJar : add nvic
2025-03-16 16:58:26,179 [INFO] IPUIPlugin:80 - create IPUIPlugin
2025-03-16 16:58:26,179 [INFO] PluginManager:220 - loadIPPluginJar : add opamp
2025-03-16 16:58:26,186 [INFO] IPUIPlugin:80 - create IPUIPlugin
2025-03-16 16:58:26,186 [INFO] PluginManager:220 - loadIPPluginJar : add openamp
2025-03-16 16:58:26,193 [INFO] IPUIPlugin:80 - create IPUIPlugin
2025-03-16 16:58:26,193 [INFO] PluginManager:220 - loadIPPluginJar : add pdm2pcm
2025-03-16 16:58:26,202 [INFO] IPUIPlugin:80 - create IPUIPlugin
2025-03-16 16:58:26,205 [INFO] PluginManager:220 - loadIPPluginJar : add plateformsettings
2025-03-16 16:58:26,210 [INFO] IPUIPlugin:80 - create IPUIPlugin
2025-03-16 16:58:26,210 [INFO] PluginManager:220 - loadIPPluginJar : add quadspi
2025-03-16 16:58:26,216 [INFO] IPUIPlugin:80 - create IPUIPlugin
2025-03-16 16:58:26,217 [INFO] PluginManager:220 - loadIPPluginJar : add radio
2025-03-16 16:58:26,224 [INFO] IPUIPlugin:80 - create IPUIPlugin
2025-03-16 16:58:26,224 [INFO] PluginManager:220 - loadIPPluginJar : add resmgrutility
2025-03-16 16:58:26,230 [INFO] IPUIPlugin:80 - create IPUIPlugin
2025-03-16 16:58:26,230 [INFO] PluginManager:220 - loadIPPluginJar : add sai
2025-03-16 16:58:26,237 [INFO] IPUIPlugin:80 - create IPUIPlugin
2025-03-16 16:58:26,237 [INFO] PluginManager:220 - loadIPPluginJar : add spi
2025-03-16 16:58:26,250 [INFO] IPUIPlugin:80 - create IPUIPlugin
2025-03-16 16:58:26,250 [INFO] PluginManager:220 - loadIPPluginJar : add stm32_wpan
2025-03-16 16:58:26,256 [INFO] IPUIPlugin:80 - create IPUIPlugin
2025-03-16 16:58:26,256 [INFO] PluginManager:220 - loadIPPluginJar : add tim
2025-03-16 16:58:26,264 [INFO] IPUIPlugin:80 - create IPUIPlugin
2025-03-16 16:58:26,264 [INFO] PluginManager:220 - loadIPPluginJar : add touchsensing
2025-03-16 16:58:26,271 [INFO] IPUIPlugin:80 - create IPUIPlugin
2025-03-16 16:58:26,271 [INFO] PluginManager:220 - loadIPPluginJar : add tracer_emb
2025-03-16 16:58:26,277 [INFO] IPUIPlugin:80 - create IPUIPlugin
2025-03-16 16:58:26,277 [INFO] PluginManager:220 - loadIPPluginJar : add ts
2025-03-16 16:58:26,282 [INFO] IPUIPlugin:80 - create IPUIPlugin
2025-03-16 16:58:26,282 [INFO] PluginManager:220 - loadIPPluginJar : add tsc
2025-03-16 16:58:26,288 [INFO] IPUIPlugin:80 - create IPUIPlugin
2025-03-16 16:58:26,288 [INFO] PluginManager:220 - loadIPPluginJar : add ucpd
2025-03-16 16:58:26,294 [INFO] IPUIPlugin:80 - create IPUIPlugin
2025-03-16 16:58:26,294 [INFO] PluginManager:220 - loadIPPluginJar : add usart
2025-03-16 16:58:26,301 [INFO] IPUIPlugin:80 - create IPUIPlugin
2025-03-16 16:58:26,301 [INFO] PluginManager:220 - loadIPPluginJar : add usbx
2025-03-16 16:58:26,426 [FATAL] Updater:351 - Updater called before beeing initialized
2025-03-16 16:58:26,463 [INFO] RulesReader:64 - Compatibility file has been processed (297 Rules)
2025-03-16 16:58:26,490 [INFO] RulesReader:64 - Compatibility file has been processed (297 Rules)
2025-03-16 16:58:26,504 [INFO] CADModel:165 - CPN selected for project level
2025-03-16 16:58:26,504 [INFO] CADModel:114 - Register for checkConnection events
2025-03-16 16:58:26,504 [FATAL] Updater:351 - Updater called before beeing initialized
2025-03-16 16:58:26,504 [ERROR] CADModel:125 - Updater not yet initialized, retry later 
2025-03-16 16:58:26,637 [FATAL] Updater:351 - Updater called before beeing initialized
2025-03-16 16:58:26,639 [INFO] CADModel:165 - CPN selected for project level
2025-03-16 16:58:26,639 [INFO] CADModel:114 - Register for checkConnection events
2025-03-16 16:58:26,639 [FATAL] Updater:351 - Updater called before beeing initialized
2025-03-16 16:58:26,639 [ERROR] CADModel:125 - Updater not yet initialized, retry later 
2025-03-16 16:58:26,642 [FATAL] Updater:351 - Updater called before beeing initialized
2025-03-16 16:58:26,746 [FATAL] Updater:351 - Updater called before beeing initialized
2025-03-16 16:58:26,750 [INFO] DbMcusAds:53 - JSON generation date=Tue Dec 17 23:01:15 ICT 2024 (1734451275143)
2025-03-16 16:58:26,750 [FATAL] Updater:351 - Updater called before beeing initialized
2025-03-16 16:58:26,782 [WARN] DetailPanel:346 - Failed to get advertising image, set to default
2025-03-16 16:58:27,029 [FATAL] Updater:351 - Updater called before beeing initialized
2025-03-16 16:58:27,030 [FATAL] Updater:351 - Updater called before beeing initialized
2025-03-16 16:58:27,030 [FATAL] Updater:351 - Updater called before beeing initialized
2025-03-16 16:58:27,031 [WARN] DetailPanel:346 - Failed to get advertising image, set to default
2025-03-16 16:58:27,032 [FATAL] Updater:351 - Updater called before beeing initialized
2025-03-16 16:58:27,076 [ERROR] Updater:1198 - MainUpdater not yet initialized. External WinMGr cannot be set.
2025-03-16 16:58:27,080 [INFO] Updater:1134 - Updater Version found : 6.13.0
2025-03-16 16:58:27,097 [INFO] ApplicationProperties:184 - Using Application install path: C:\ST\STM32CubeIDE_1.16.1\STM32CubeIDE\plugins\com.st.stm32cube.common.mx_6.13.0.202411220809
2025-03-16 16:58:28,443 [INFO] ThirdPartyUpdaterWithRetryManager:70 - Updater plugin not ready yet. [2/15]
2025-03-16 16:58:28,674 [ERROR] LogOutputStream:75 - [STDERR_REDIRECT] Mar 16, 2025 4:58:28 PM java.util.prefs.WindowsPreferences <init>
2025-03-16 16:58:28,677 [ERROR] LogOutputStream:75 - [STDERR_REDIRECT] WARNING: Could not open/create prefs root node Software\JavaSoft\Prefs at root 0xffffffff80000002. Windows RegCreateKeyEx(...) returned error code 5.
2025-03-16 16:58:28,677 [ERROR] LogOutputStream:75 - [STDERR_REDIRECT] 
2025-03-16 16:58:29,415 [INFO] MainUpdater:2872 - connection check result : 10
2025-03-16 16:58:29,416 [INFO] MainUpdater:289 - Updater Check For Update Now.
2025-03-16 16:58:29,417 [INFO] MicroXplorer:498 - Change Database Version : DB.6.0.130
2025-03-16 16:58:29,439 [INFO] McuFinderGlobals:63 - Set McuFinder mode to 2 (CubeIDE integrated)
2025-03-16 16:58:29,441 [INFO] UserAuth:486 - Internet connection configuration mode: 1
2025-03-16 16:58:29,463 [INFO] JxBrowserEngine:152 - Initiate JxBrowser Engine with user profile folder
2025-03-16 16:58:29,598 [INFO] CheckServerUpdateThread:120 - End of CheckServer Thread
2025-03-16 16:58:30,382 [INFO] WebApp:168 - Instantiating new browser for Auth
2025-03-16 16:58:31,259 [INFO] WebApp:449 - Apply proxy settings
2025-03-16 16:58:31,260 [INFO] WebApp:534 - Chromium requires no authentication
2025-03-16 16:58:31,277 [INFO] WebApp:477 - Direct internet connection detected
2025-03-16 16:58:31,315 [INFO] WebApp:880 - Register for checkConnection events
2025-03-16 16:58:31,315 [INFO] WebApp:449 - Apply proxy settings
2025-03-16 16:58:31,315 [INFO] WebApp:534 - Chromium requires no authentication
2025-03-16 16:58:31,316 [INFO] WebApp:477 - Direct internet connection detected
2025-03-16 16:58:31,504 [INFO] WebApp:221 - Starting web application
2025-03-16 16:58:31,505 [INFO] WebApp:579 - Web application path used C:\ST\STM32CubeIDE_1.16.1\STM32CubeIDE\plugins\com.st.stm32cube.common.mx_6.13.0.202411220809\db\plugins\mcufinder\reactClient1\index.html
2025-03-16 16:58:31,640 [INFO] UserAuth:486 - Internet connection configuration mode: 1
2025-03-16 16:58:31,737 [WARN] PackLoader:240 - Cannot read IP mode file for STMicroelectronics.FP-SNS-MOTENVWB1.1.4.0
2025-03-16 16:58:31,749 [WARN] PackLoader:240 - Cannot read IP mode file for STMicroelectronics.FP-ATR-ASTRA1.2.0.2
2025-03-16 16:58:31,755 [WARN] PackLoader:240 - Cannot read IP mode file for STMicroelectronics.FP-ATR-ASTRA1.2.0.1
2025-03-16 16:58:31,766 [WARN] PackLoader:240 - Cannot read IP mode file for STMicroelectronics.X-CUBE-SMBUS.2.1.0
2025-03-16 16:58:31,778 [WARN] PackLoader:240 - Cannot read IP mode file for STMicroelectronics.X-CUBE-WB05N.1.1.0
2025-03-16 16:58:31,814 [WARN] PackLoader:240 - Cannot read IP mode file for STMicroelectronics.X-CUBE-AZRTOS-F7.1.1.0
2025-03-16 16:58:31,903 [WARN] PackLoader:240 - Cannot read IP mode file for STMicroelectronics.X-CUBE-MEMS1.11.0.0
2025-03-16 16:58:31,942 [INFO] WebApp:187 - Connection restablished
2025-03-16 16:58:32,080 [WARN] PackLoader:240 - Cannot read IP mode file for STMicroelectronics.FP-SNS-FLIGHT1.5.0.2
2025-03-16 16:58:32,095 [WARN] PackLoader:240 - Cannot read IP mode file for STMicroelectronics.X-CUBE-DISPLAY.3.0.0
2025-03-16 16:58:32,106 [WARN] PackLoader:240 - Cannot read IP mode file for STMicroelectronics.X-CUBE-BLE1.7.0.0
2025-03-16 16:58:32,116 [WARN] PackLoader:240 - Cannot read IP mode file for STMicroelectronics.X-CUBE-NFC10.1.0.0
2025-03-16 16:58:32,129 [WARN] PackLoader:240 - Cannot read IP mode file for STMicroelectronics.X-CUBE-BLEMGR.4.0.0
2025-03-16 16:58:32,138 [WARN] PackLoader:240 - Cannot read IP mode file for emotas.I-CUBE-CANOPEN.1.3.0
2025-03-16 16:58:32,146 [WARN] PackLoader:240 - Cannot read IP mode file for STMicroelectronics.X-CUBE-BLEMGR.3.1.0
2025-03-16 16:58:32,153 [WARN] PackLoader:240 - Cannot read IP mode file for STMicroelectronics.X-CUBE-AI.10.0.0
2025-03-16 16:58:32,159 [WARN] PackLoader:240 - Cannot read IP mode file for STMicroelectronics.FP-SNS-SMARTAG2.1.2.0
2025-03-16 16:58:32,164 [WARN] PackLoader:240 - Cannot read IP mode file for STMicroelectronics.FP-SNS-FLIGHT1.5.1.0
2025-03-16 16:58:32,206 [WARN] PackLoader:240 - Cannot read IP mode file for STMicroelectronics.X-CUBE-MEMS1.11.1.0
2025-03-16 16:58:32,405 [INFO] LogOutputStream:77 - [STDOUT_REDIRECT] 1 : Invalid condition id : UX_CORESTACK_Condition cause : null
2025-03-16 16:58:32,407 [INFO] LogOutputStream:77 - [STDOUT_REDIRECT] 1 : Invalid condition id : UX_CORESTACK_Condition cause : null
2025-03-16 16:58:32,410 [INFO] LogOutputStream:77 - [STDOUT_REDIRECT] 1 : Invalid condition id : UX_CORESTACK_Condition cause : null
2025-03-16 16:58:32,413 [INFO] LogOutputStream:77 - [STDOUT_REDIRECT] 1 : Invalid condition id : UX_CORESTACK_Condition cause : null
2025-03-16 16:58:32,415 [INFO] LogOutputStream:77 - [STDOUT_REDIRECT] 1 : Invalid condition id : UX_CORESTACK_Condition cause : null
2025-03-16 16:58:32,417 [WARN] PackLoader:240 - Cannot read IP mode file for STMicroelectronics.X-CUBE-AZRTOS-WL.2.0.0
2025-03-16 16:58:32,422 [WARN] PackLoader:240 - Cannot read IP mode file for STMicroelectronics.FP-SNS-MOTENV1.5.0.0
2025-03-16 16:58:32,428 [WARN] PackLoader:240 - Cannot read IP mode file for wolfSSL.I-CUBE-wolfMQTT.1.19.0
2025-03-16 16:58:32,440 [WARN] PackLoader:240 - Cannot read IP mode file for WES.I-CUBE-Cesium.1.3.0
2025-03-16 16:58:32,445 [WARN] PackLoader:240 - Cannot read IP mode file for STMicroelectronics.X-CUBE-BLE2.3.3.0
2025-03-16 16:58:32,451 [WARN] PackLoader:240 - Cannot read IP mode file for STMicroelectronics.X-CUBE-NFC9.1.0.0
2025-03-16 16:58:32,456 [WARN] PackLoader:240 - Cannot read IP mode file for STMicroelectronics.X-CUBE-BLE1.7.1.0
2025-03-16 16:58:32,462 [WARN] PackLoader:240 - Cannot read IP mode file for STMicroelectronics.X-CUBE-TCPP.4.1.0
2025-03-16 16:58:32,479 [WARN] PackLoader:240 - Cannot read IP mode file for STMicroelectronics.X-CUBE-AZRTOS-G0.1.1.0
2025-03-16 16:58:32,486 [WARN] PackLoader:240 - Cannot read IP mode file for STMicroelectronics.X-CUBE-SAFEA1.1.2.2
2025-03-16 16:58:32,492 [WARN] PackLoader:240 - Cannot read IP mode file for STMicroelectronics.X-CUBE-NFC4.3.0.0
2025-03-16 16:58:32,502 [WARN] PackLoader:240 - Cannot read IP mode file for EmbeddedOffice.I-CUBE-FS-RTOS.1.0.1
2025-03-16 16:58:32,509 [WARN] PackLoader:240 - Cannot read IP mode file for STMicroelectronics.X-CUBE-TCPP.4.2.0
2025-03-16 16:58:32,515 [WARN] PackLoader:240 - Cannot read IP mode file for RealThread.X-CUBE-RT-Thread_Nano.4.1.1
2025-03-16 16:58:32,520 [WARN] PackLoader:240 - Cannot read IP mode file for STMicroelectronics.FP-ATR-SIGFOX1.3.2.0
2025-03-16 16:58:32,529 [WARN] ConditionMgr:438 - getConditionDescription Invalid condition id : Cortex-A Device cause : null
2025-03-16 16:58:32,556 [WARN] ConditionMgr:1044 - genDependencies : Invalid condition id : Cortex-A Device cause : null
2025-03-16 16:58:32,557 [WARN] ConditionMgr:1044 - genDependencies : Invalid condition id : Cortex-A Device cause : null
2025-03-16 16:58:32,557 [WARN] ConditionMgr:1044 - genDependencies : Invalid condition id : Cortex-A Device cause : null
2025-03-16 16:58:32,568 [WARN] PackLoader:240 - Cannot read IP mode file for STMicroelectronics.X-CUBE-EEPRMA1.5.1.0
2025-03-16 16:58:32,580 [WARN] PackLoader:240 - Cannot read IP mode file for wolfSSL.I-CUBE-wolfSSL.5.7.4
2025-03-16 16:58:32,589 [WARN] PackLoader:240 - Cannot read IP mode file for ITTIA_DB.I-CUBE-ITTIADB.8.9.0
2025-03-16 16:58:32,629 [WARN] PackLoader:240 - Cannot read IP mode file for SEGGER.I-CUBE-embOS.1.3.1
2025-03-16 16:58:32,675 [WARN] PackLoader:240 - Cannot read IP mode file for STMicroelectronics.X-CUBE-ALGOBUILD.1.4.0
2025-03-16 16:58:32,681 [WARN] PackLoader:240 - Cannot read IP mode file for STMicroelectronics.X-CUBE-AI.9.1.0
2025-03-16 16:58:32,706 [WARN] PackLoader:240 - Cannot read IP mode file for STMicroelectronics.X-CUBE-AZRTOS-F4.1.1.0
2025-03-16 16:58:32,715 [WARN] PackLoader:240 - Cannot read IP mode file for STMicroelectronics.X-CUBE-ISPU.2.1.0
2025-03-16 16:58:32,724 [WARN] PackLoader:240 - Cannot read IP mode file for STMicroelectronics.X-CUBE-FREERTOS.1.2.0
2025-03-16 16:58:32,745 [WARN] PackLoader:240 - Cannot read IP mode file for STMicroelectronics.X-CUBE-AZRTOS-L5.2.0.0
2025-03-16 16:58:32,759 [WARN] PackLoader:240 - Cannot read IP mode file for STMicroelectronics.X-CUBE-NFC6.3.1.0
2025-03-16 16:58:32,768 [WARN] PackLoader:240 - Cannot read IP mode file for STMicroelectronics.X-CUBE-DPower.1.2.0
2025-03-16 16:58:32,773 [WARN] PackLoader:240 - Cannot read IP mode file for STMicroelectronics.X-CUBE-FREERTOS.1.3.0
2025-03-16 16:58:32,780 [WARN] PackLoader:240 - Cannot read IP mode file for STMicroelectronics.X-CUBE-NFC7.1.0.1
2025-03-16 16:58:32,796 [WARN] ConditionMgr:438 - getConditionDescription Invalid condition id : LAN8742 Phy interface Condition cause : null
2025-03-16 16:58:32,796 [WARN] PackLoader:240 - Cannot read IP mode file for STMicroelectronics.X-CUBE-AZRTOS-L4.2.0.0
2025-03-16 16:58:32,797 [WARN] ConditionMgr:1044 - genDependencies : Invalid condition id : LAN8742 Phy interface Condition cause : null
2025-03-16 16:58:32,797 [WARN] ConditionMgr:1044 - genDependencies : Invalid condition id : LAN8742 Phy interface Condition cause : null
2025-03-16 16:58:32,798 [WARN] ConditionMgr:1044 - genDependencies : Invalid condition id : LAN8742 Phy interface Condition cause : null
2025-03-16 16:58:32,810 [WARN] PackLoader:240 - Cannot read IP mode file for STMicroelectronics.X-CUBE-SFXS2LP1.4.0.0
2025-03-16 16:58:32,825 [WARN] PackLoader:240 - Cannot read IP mode file for STMicroelectronics.X-CUBE-AZRTOS-H7.3.3.0
2025-03-16 16:58:32,837 [WARN] PackLoader:240 - Cannot read IP mode file for STMicroelectronics.X-CUBE-IPS.3.0.0
2025-03-16 16:58:32,851 [WARN] ConditionMgr:438 - getConditionDescription Invalid condition id : UX DEVICE CLASS RTOS Condition cause : null
2025-03-16 16:58:32,851 [WARN] ConditionMgr:438 - getConditionDescription Invalid condition id : UX DEVICE CLASS RTOS Condition cause : null
2025-03-16 16:58:32,853 [WARN] PackLoader:240 - Cannot read IP mode file for STMicroelectronics.X-CUBE-AZRTOS-WB.2.0.0
2025-03-16 16:58:32,853 [WARN] ConditionMgr:1044 - genDependencies : Invalid condition id : UX DEVICE CLASS RTOS Condition cause : null
2025-03-16 16:58:32,853 [WARN] ConditionMgr:1044 - genDependencies : Invalid condition id : UX DEVICE CLASS RTOS Condition cause : null
2025-03-16 16:58:32,853 [WARN] ConditionMgr:1044 - genDependencies : Invalid condition id : UX DEVICE CLASS RTOS Condition cause : null
2025-03-16 16:58:32,854 [WARN] ConditionMgr:1044 - genDependencies : Invalid condition id : UX DEVICE CLASS RTOS Condition cause : null
2025-03-16 16:58:32,854 [WARN] ConditionMgr:1044 - genDependencies : Invalid condition id : UX DEVICE CLASS RTOS Condition cause : null
2025-03-16 16:58:32,862 [WARN] PackLoader:240 - Cannot read IP mode file for STMicroelectronics.X-CUBE-GNSS1.7.0.0
2025-03-16 16:58:32,869 [WARN] PackLoader:240 - Cannot read IP mode file for STMicroelectronics.X-CUBE-GNSS1.7.0.1
2025-03-16 16:58:32,879 [WARN] PackLoader:240 - Cannot read IP mode file for STMicroelectronics.X-CUBE-TOUCHGFX.4.25.0
2025-03-16 16:58:32,886 [WARN] PackLoader:240 - Cannot read IP mode file for STMicroelectronics.FP-SNS-STBOX1.2.0.0
2025-03-16 16:58:32,896 [WARN] PackLoader:240 - Cannot read IP mode file for STMicroelectronics.X-CUBE-SUBG2.5.0.0
2025-03-16 16:58:32,904 [WARN] PackLoader:240 - Cannot read IP mode file for Cesanta.I-CUBE-Mongoose.7.13.0
2025-03-16 16:58:32,917 [WARN] PackLoader:240 - Cannot read IP mode file for STMicroelectronics.X-CUBE-AZRTOS-G4.2.0.0
2025-03-16 16:58:32,929 [WARN] PackLoader:240 - Cannot read IP mode file for STMicroelectronics.X-CUBE-IPS.3.1.0
2025-03-16 16:58:32,937 [WARN] PackLoader:240 - Cannot read IP mode file for STMicroelectronics.X-CUBE-ALS.1.0.2
2025-03-16 16:58:32,941 [WARN] PackLoader:240 - Cannot read IP mode file for STMicroelectronics.X-CUBE-TOUCHGFX.4.24.2
2025-03-16 16:58:32,944 [WARN] PackLoader:240 - Cannot read IP mode file for STMicroelectronics.X-CUBE-TOUCHGFX.4.24.1
2025-03-16 16:58:32,948 [WARN] PackLoader:240 - Cannot read IP mode file for wolfSSL.I-CUBE-wolfTPM.3.4.0
2025-03-16 16:58:32,953 [WARN] PackLoader:240 - Cannot read IP mode file for portGmbH.I-Cube-SoM-uGOAL.1.1.0
2025-03-16 16:58:32,967 [WARN] PackLoader:240 - Cannot read IP mode file for STMicroelectronics.X-CUBE-AZRTOS-H7RS.1.0.0
2025-03-16 16:58:32,972 [WARN] PackLoader:240 - Cannot read IP mode file for STMicroelectronics.FP-ATR-ASTRA1.2.0.0
2025-03-16 16:58:32,981 [WARN] PackLoader:240 - Cannot read IP mode file for STMicroelectronics.X-CUBE-TOF1.3.4.2
2025-03-16 16:58:33,007 [WARN] PackLoader:240 - Cannot read IP mode file for Infineon.AIROC-Wi-Fi-Bluetooth-STM32.1.6.1
2025-03-16 16:58:33,018 [WARN] PackLoader:240 - Cannot read IP mode file for wolfSSL.I-CUBE-wolfSSH.1.4.17
2025-03-16 16:58:33,018 [INFO] ThirdParty:978 - Integrity check success = true
2025-03-16 16:58:33,018 [INFO] IntegrityCheckThread:100 - exiting critical section [integrity check]
2025-03-16 16:58:33,018 [INFO] IntegrityCheckThread:103 - End integrity checks thread
2025-03-16 21:04:55,990 [ERROR] LogOutputStream:75 - [STDERR_REDIRECT] 
