2025-08-07 09:09:44,111 [INFO] Activator:176 - 


2025-08-07 09:09:44,122 [INFO] Activator:177 - !SESSION log4j initialized
2025-08-07 09:09:56,007 [INFO] LogOutputStream:77 - [STDOUT_REDIRECT] 
2025-08-07 09:09:58,829 [INFO] ApplicationProperties:184 - Using Application install path: C:\ST\STM32CubeIDE_1.16.1\STM32CubeIDE\plugins\com.st.stm32cube.common.mx_6.15.0.202507011659
2025-08-07 09:09:58,867 [INFO] DbMcusXml:78 - Set database path to: C:\ST\STM32CubeIDE_1.16.1\STM32CubeIDE\plugins\com.st.stm32cube.common.mx_6.15.0.202507011659\\db\/mcu/
2025-08-07 09:09:58,867 [INFO] ApiDb:274 - Set plugin database path to: C:\ST\STM32CubeIDE_1.16.1\STM32CubeIDE\plugins\com.st.stm32cube.common.mx_6.15.0.202507011659\\db\/plugins/boardmanager/
2025-08-07 09:09:58,868 [WARN] ApiDb:259 - Overriding images path with different value:  => C:\ST\STM32CubeIDE_1.16.1\STM32CubeIDE\plugins\com.st.stm32cube.common.mx_6.15.0.202507011659\\db\/plugins/mcufinder/images/
2025-08-07 09:09:58,893 [INFO] ApiDb:250 - Set database path to: C:\Users\Chinnapop\.stmcufinder\plugins\mcufinder//mcu/
2025-08-07 09:09:58,897 [INFO] DbMcusAds:125 - Set database path to: C:\Users\Chinnapop\.stmcufinder\plugins\mcufinder//mcu/
2025-08-07 09:09:58,904 [INFO] CrossReferenceDbSqlite:203 - Set database path to: C:\Users\Chinnapop\.stmcufinder\plugins\mcufinder//mcu/cs/
2025-08-07 09:09:59,111 [INFO] RulesReader:64 - Compatibility file has been processed (317 Rules)
2025-08-07 09:09:59,232 [INFO] DbMcusXml:78 - Set database path to: C:\ST\STM32CubeIDE_1.16.1\STM32CubeIDE\plugins\com.st.stm32cube.common.mx_6.15.0.202507011659\\db\/mcu/
2025-08-07 09:09:59,233 [INFO] ApiDb:274 - Set plugin database path to: C:\ST\STM32CubeIDE_1.16.1\STM32CubeIDE\plugins\com.st.stm32cube.common.mx_6.15.0.202507011659\\db\/plugins/boardmanager/
2025-08-07 09:09:59,233 [INFO] ApiDb:261 - Set plugin images path to: C:\ST\STM32CubeIDE_1.16.1\STM32CubeIDE\plugins\com.st.stm32cube.common.mx_6.15.0.202507011659\\db\/plugins/mcufinder/images/
2025-08-07 09:09:59,233 [WARN] DbFile:41 - Overriding database path with different value: C:\Users\Chinnapop\.stmcufinder\plugins\mcufinder/ => C:\Users\Chinnapop\.stmcufinder\plugins\mcufinder
2025-08-07 09:09:59,234 [INFO] ApiDb:250 - Set database path to: C:\Users\Chinnapop\.stmcufinder\plugins\mcufinder//mcu/
2025-08-07 09:09:59,234 [WARN] DbFile:41 - Overriding database path with different value: C:\Users\Chinnapop\.stmcufinder\plugins\mcufinder/ => C:\Users\Chinnapop\.stmcufinder\plugins\mcufinder
2025-08-07 09:09:59,234 [INFO] DbMcusAds:125 - Set database path to: C:\Users\Chinnapop\.stmcufinder\plugins\mcufinder//mcu/
2025-08-07 09:09:59,234 [WARN] DbFile:41 - Overriding database path with different value: C:\Users\Chinnapop\.stmcufinder\plugins\mcufinder/ => C:\Users\Chinnapop\.stmcufinder\plugins\mcufinder
2025-08-07 09:09:59,234 [WARN] DbFile:41 - Overriding database path with different value: C:\Users\Chinnapop\.stmcufinder\plugins\mcufinder/ => C:\Users\Chinnapop\.stmcufinder\plugins\mcufinder
2025-08-07 09:09:59,234 [INFO] CrossReferenceDbSqlite:203 - Set database path to: C:\Users\Chinnapop\.stmcufinder\plugins\mcufinder//mcu/cs/
2025-08-07 09:09:59,383 [INFO] MainPanel:274 - HeapMemory: 268435456
2025-08-07 09:09:59,595 [INFO] DbMcusXml:78 - Set database path to: C:\ST\STM32CubeIDE_1.16.1\STM32CubeIDE\plugins\com.st.stm32cube.common.mx_6.15.0.202507011659\\db\/mcu/
2025-08-07 09:09:59,595 [INFO] ApiDb:274 - Set plugin database path to: C:\ST\STM32CubeIDE_1.16.1\STM32CubeIDE\plugins\com.st.stm32cube.common.mx_6.15.0.202507011659\\db\/plugins/boardmanager/
2025-08-07 09:09:59,595 [INFO] ApiDb:261 - Set plugin images path to: C:\ST\STM32CubeIDE_1.16.1\STM32CubeIDE\plugins\com.st.stm32cube.common.mx_6.15.0.202507011659\\db\/plugins/mcufinder/images/
2025-08-07 09:09:59,596 [WARN] DbFile:41 - Overriding database path with different value: C:\Users\Chinnapop\.stmcufinder\plugins\mcufinder/ => C:\Users\Chinnapop\.stmcufinder\plugins\mcufinder
2025-08-07 09:09:59,596 [INFO] ApiDb:250 - Set database path to: C:\Users\Chinnapop\.stmcufinder\plugins\mcufinder//mcu/
2025-08-07 09:09:59,596 [WARN] DbFile:41 - Overriding database path with different value: C:\Users\Chinnapop\.stmcufinder\plugins\mcufinder/ => C:\Users\Chinnapop\.stmcufinder\plugins\mcufinder
2025-08-07 09:09:59,596 [INFO] DbMcusAds:125 - Set database path to: C:\Users\Chinnapop\.stmcufinder\plugins\mcufinder//mcu/
2025-08-07 09:09:59,597 [WARN] DbFile:41 - Overriding database path with different value: C:\Users\Chinnapop\.stmcufinder\plugins\mcufinder/ => C:\Users\Chinnapop\.stmcufinder\plugins\mcufinder
2025-08-07 09:09:59,597 [WARN] DbFile:41 - Overriding database path with different value: C:\Users\Chinnapop\.stmcufinder\plugins\mcufinder/ => C:\Users\Chinnapop\.stmcufinder\plugins\mcufinder
2025-08-07 09:09:59,597 [INFO] CrossReferenceDbSqlite:203 - Set database path to: C:\Users\Chinnapop\.stmcufinder\plugins\mcufinder//mcu/cs/
2025-08-07 09:09:59,637 [INFO] ApplicationProperties:184 - Using Application install path: C:\ST\STM32CubeIDE_1.16.1\STM32CubeIDE\plugins\com.st.stm32cube.common.mx_6.15.0.202507011659
2025-08-07 09:09:59,639 [INFO] PluginManage:196 - Search for loadable plugins [exclusion list=, ]
2025-08-07 09:09:59,641 [INFO] PluginManage:310 - Check plugin analytics
2025-08-07 09:09:59,904 [INFO] AnalyticsPlugin:253 - Accepted Software Licenses: 
2025-08-07 09:09:59,904 [INFO] AnalyticsPlugin:255 - Accepted CMSIS Pack Licenses: 
2025-08-07 09:09:59,904 [INFO] AnalyticsPlugin:257 - Accepted Firmware Licenses: FW.F7.1.17.0
2025-08-07 09:09:59,908 [INFO] PluginManage:359 - Loaded plugin analytics (category:tool,tabindex:-1)
2025-08-07 09:09:59,909 [INFO] PluginManage:310 - Check plugin cadmodel
2025-08-07 09:09:59,920 [INFO] CADModel:105 - Init CAD model plugin
2025-08-07 09:09:59,920 [INFO] PluginManage:359 - Loaded plugin cadmodel (category:power,tabindex:5)
2025-08-07 09:09:59,920 [INFO] PluginManage:310 - Check plugin clock
2025-08-07 09:09:59,944 [INFO] PluginManage:359 - Loaded plugin clock (category:base,tabindex:2)
2025-08-07 09:09:59,945 [INFO] PluginManage:310 - Check plugin ddr
2025-08-07 09:09:59,949 [INFO] PluginManage:359 - Loaded plugin ddr (category:tool,tabindex:6)
2025-08-07 09:09:59,949 [INFO] PluginManage:310 - Check plugin filemanager
2025-08-07 09:10:00,169 [INFO] PluginManage:359 - Loaded plugin filemanager (category:base,tabindex:10)
2025-08-07 09:10:00,169 [INFO] PluginManage:310 - Check plugin ipmanager
2025-08-07 09:10:00,179 [INFO] PluginManage:359 - Loaded plugin ipmanager (category:base,tabindex:5)
2025-08-07 09:10:00,180 [INFO] PluginManage:310 - Check plugin lpbam
2025-08-07 09:10:00,197 [INFO] PluginManage:359 - Loaded plugin lpbam (category:base,tabindex:0)
2025-08-07 09:10:00,198 [INFO] PluginManage:310 - Check plugin memorymap
2025-08-07 09:10:00,223 [INFO] PluginManage:359 - Loaded plugin memorymap (category:base,tabindex:4)
2025-08-07 09:10:00,223 [INFO] PluginManage:310 - Check plugin pinoutandconfiguration
2025-08-07 09:10:00,239 [INFO] PluginManage:359 - Loaded plugin pinoutandconfiguration (category:base,tabindex:1)
2025-08-07 09:10:00,239 [INFO] PluginManage:310 - Check plugin pinoutconfig
2025-08-07 09:10:00,337 [WARN] SupportedApi:132 - Cannot load RTOS API schema: s4s-elt-must-match.1: The content of 'definitions' must match (annotation?, (simpleType | complexType)?, (unique | key | keyref)*)). A problem was found starting at: attribute.
2025-08-07 09:10:00,481 [INFO] PluginManage:359 - Loaded plugin pinoutconfig (category:base,tabindex:0)
2025-08-07 09:10:00,481 [INFO] PluginManage:310 - Check plugin power
2025-08-07 09:10:00,499 [INFO] PluginManage:359 - Loaded plugin power (category:power,tabindex:4)
2025-08-07 09:10:00,500 [INFO] PluginManage:310 - Check plugin projectmanager
2025-08-07 09:10:00,516 [INFO] PluginManage:359 - Loaded plugin projectmanager (category:projectmanager,tabindex:4)
2025-08-07 09:10:00,516 [INFO] PluginManage:310 - Check plugin rif
2025-08-07 09:10:00,541 [INFO] PluginManage:359 - Loaded plugin rif (category:base,tabindex:3)
2025-08-07 09:10:00,542 [INFO] PluginManage:310 - Check plugin thirdparty
2025-08-07 09:10:00,705 [WARN] IntegrityCheckThread:84 - waiting for thirdparty lock release [integrity check]
2025-08-07 09:10:00,706 [INFO] PluginManage:359 - Loaded plugin thirdparty (category:base,tabindex:-1)
2025-08-07 09:10:00,706 [INFO] IntegrityCheckThread:86 - entering critical section [integrity check]
2025-08-07 09:10:00,706 [INFO] PluginManage:310 - Check plugin tools
2025-08-07 09:10:00,706 [INFO] ThirdPartyUpdaterWithRetryManager:70 - Updater plugin not ready yet. [1/15]
2025-08-07 09:10:00,713 [INFO] PluginManage:359 - Loaded plugin tools (category:base,tabindex:7)
2025-08-07 09:10:00,713 [INFO] PluginManage:310 - Check plugin tutovideos
2025-08-07 09:10:00,958 [INFO] PluginManage:359 - Loaded plugin tutovideos (category:base,tabindex:-1)
2025-08-07 09:10:00,958 [INFO] PluginManage:310 - Check plugin updater
2025-08-07 09:10:00,981 [INFO] PluginManage:359 - Loaded plugin updater (category:base,tabindex:12)
2025-08-07 09:10:00,981 [INFO] PluginManage:310 - Check plugin userauth
2025-08-07 09:10:00,986 [INFO] UserAuth:118 - Init User Auth plugin
2025-08-07 09:10:00,986 [INFO] PluginManage:359 - Loaded plugin userauth (category:base,tabindex:14)
2025-08-07 09:10:00,987 [INFO] PluginManage:283 - PluginManage : Loaded plugins [18]
2025-08-07 09:10:01,257 [INFO] PinOutPanel:1589 - setPackage(No Configuration,No Configuration)
2025-08-07 09:10:01,342 [INFO] CADModel:165 - CPN selected for project level
2025-08-07 09:10:01,342 [INFO] CADModel:114 - Register for checkConnection events
2025-08-07 09:10:01,369 [INFO] IPUIPlugin:80 - create IPUIPlugin
2025-08-07 09:10:01,369 [INFO] PluginManager:220 - loadIPPluginJar : add adc
2025-08-07 09:10:01,377 [INFO] IPUIPlugin:80 - create IPUIPlugin
2025-08-07 09:10:01,377 [INFO] PluginManager:220 - loadIPPluginJar : add aes
2025-08-07 09:10:01,383 [INFO] IPUIPlugin:80 - create IPUIPlugin
2025-08-07 09:10:01,384 [INFO] PluginManager:220 - loadIPPluginJar : add can
2025-08-07 09:10:01,389 [INFO] IPUIPlugin:80 - create IPUIPlugin
2025-08-07 09:10:01,389 [INFO] PluginManager:220 - loadIPPluginJar : add comp
2025-08-07 09:10:01,395 [INFO] IPUIPlugin:80 - create IPUIPlugin
2025-08-07 09:10:01,395 [INFO] PluginManager:220 - loadIPPluginJar : add cryp
2025-08-07 09:10:01,403 [INFO] IPUIPlugin:80 - create IPUIPlugin
2025-08-07 09:10:01,403 [INFO] PluginManager:220 - loadIPPluginJar : add ddr_ctrl_phy
2025-08-07 09:10:01,411 [INFO] IPUIPlugin:80 - create IPUIPlugin
2025-08-07 09:10:01,411 [INFO] PluginManager:220 - loadIPPluginJar : add dfsdm
2025-08-07 09:10:01,421 [INFO] IPUIPlugin:80 - create IPUIPlugin
2025-08-07 09:10:01,421 [INFO] PluginManager:220 - loadIPPluginJar : add dma
2025-08-07 09:10:01,427 [INFO] IPUIPlugin:80 - create IPUIPlugin
2025-08-07 09:10:01,427 [INFO] PluginManager:220 - loadIPPluginJar : add dma3
2025-08-07 09:10:01,435 [INFO] IPUIPlugin:80 - create IPUIPlugin
2025-08-07 09:10:01,435 [INFO] PluginManager:220 - loadIPPluginJar : add extmemmanager
2025-08-07 09:10:01,440 [INFO] IPUIPlugin:80 - create IPUIPlugin
2025-08-07 09:10:01,440 [INFO] PluginManager:220 - loadIPPluginJar : add fatfs
2025-08-07 09:10:01,449 [INFO] IPUIPlugin:80 - create IPUIPlugin
2025-08-07 09:10:01,449 [INFO] PluginManager:220 - loadIPPluginJar : add fmc
2025-08-07 09:10:01,460 [INFO] IPUIPlugin:80 - create IPUIPlugin
2025-08-07 09:10:01,461 [INFO] PluginManager:220 - loadIPPluginJar : add freertos
2025-08-07 09:10:01,466 [INFO] IPUIPlugin:80 - create IPUIPlugin
2025-08-07 09:10:01,466 [INFO] PluginManager:220 - loadIPPluginJar : add genericplugin
2025-08-07 09:10:01,472 [INFO] IPUIPlugin:80 - create IPUIPlugin
2025-08-07 09:10:01,472 [INFO] PluginManager:220 - loadIPPluginJar : add gfxmmu
2025-08-07 09:10:01,481 [INFO] IPUIPlugin:80 - create IPUIPlugin
2025-08-07 09:10:01,481 [INFO] PluginManager:220 - loadIPPluginJar : add gic
2025-08-07 09:10:01,487 [INFO] IPUIPlugin:80 - create IPUIPlugin
2025-08-07 09:10:01,489 [INFO] PluginManager:220 - loadIPPluginJar : add gpio
2025-08-07 09:10:01,494 [INFO] IPUIPlugin:80 - create IPUIPlugin
2025-08-07 09:10:01,494 [INFO] PluginManager:220 - loadIPPluginJar : add gtzc
2025-08-07 09:10:01,499 [INFO] IPUIPlugin:80 - create IPUIPlugin
2025-08-07 09:10:01,499 [INFO] PluginManager:220 - loadIPPluginJar : add hash
2025-08-07 09:10:01,505 [INFO] IPUIPlugin:80 - create IPUIPlugin
2025-08-07 09:10:01,505 [INFO] PluginManager:220 - loadIPPluginJar : add i2c
2025-08-07 09:10:01,511 [INFO] IPUIPlugin:80 - create IPUIPlugin
2025-08-07 09:10:01,511 [INFO] PluginManager:220 - loadIPPluginJar : add i2s
2025-08-07 09:10:01,519 [INFO] IPUIPlugin:80 - create IPUIPlugin
2025-08-07 09:10:01,519 [INFO] PluginManager:220 - loadIPPluginJar : add i3c
2025-08-07 09:10:01,528 [INFO] IPUIPlugin:80 - create IPUIPlugin
2025-08-07 09:10:01,528 [INFO] PluginManager:220 - loadIPPluginJar : add ipddr
2025-08-07 09:10:01,543 [INFO] IPUIPlugin:80 - create IPUIPlugin
2025-08-07 09:10:01,543 [INFO] PluginManager:220 - loadIPPluginJar : add linkedlist
2025-08-07 09:10:01,554 [INFO] IPUIPlugin:80 - create IPUIPlugin
2025-08-07 09:10:01,554 [INFO] PluginManager:220 - loadIPPluginJar : add lorawan
2025-08-07 09:10:01,563 [INFO] IPUIPlugin:80 - create IPUIPlugin
2025-08-07 09:10:01,563 [INFO] PluginManager:220 - loadIPPluginJar : add ltdc
2025-08-07 09:10:01,581 [INFO] IPUIPlugin:80 - create IPUIPlugin
2025-08-07 09:10:01,581 [INFO] PluginManager:220 - loadIPPluginJar : add mdma
2025-08-07 09:10:01,593 [INFO] IPUIPlugin:80 - create IPUIPlugin
2025-08-07 09:10:01,593 [INFO] PluginManager:220 - loadIPPluginJar : add nvic
2025-08-07 09:10:01,602 [INFO] IPUIPlugin:80 - create IPUIPlugin
2025-08-07 09:10:01,602 [INFO] PluginManager:220 - loadIPPluginJar : add opamp
2025-08-07 09:10:01,609 [INFO] IPUIPlugin:80 - create IPUIPlugin
2025-08-07 09:10:01,610 [INFO] PluginManager:220 - loadIPPluginJar : add openamp
2025-08-07 09:10:01,617 [INFO] IPUIPlugin:80 - create IPUIPlugin
2025-08-07 09:10:01,617 [INFO] PluginManager:220 - loadIPPluginJar : add pdm2pcm
2025-08-07 09:10:01,628 [INFO] IPUIPlugin:80 - create IPUIPlugin
2025-08-07 09:10:01,629 [INFO] PluginManager:220 - loadIPPluginJar : add plateformsettings
2025-08-07 09:10:01,636 [INFO] IPUIPlugin:80 - create IPUIPlugin
2025-08-07 09:10:01,636 [INFO] PluginManager:220 - loadIPPluginJar : add quadspi
2025-08-07 09:10:01,642 [INFO] IPUIPlugin:80 - create IPUIPlugin
2025-08-07 09:10:01,643 [INFO] PluginManager:220 - loadIPPluginJar : add radio
2025-08-07 09:10:01,652 [INFO] IPUIPlugin:80 - create IPUIPlugin
2025-08-07 09:10:01,652 [INFO] PluginManager:220 - loadIPPluginJar : add resmgrutility
2025-08-07 09:10:01,659 [INFO] IPUIPlugin:80 - create IPUIPlugin
2025-08-07 09:10:01,659 [INFO] PluginManager:220 - loadIPPluginJar : add sai
2025-08-07 09:10:01,666 [INFO] IPUIPlugin:80 - create IPUIPlugin
2025-08-07 09:10:01,666 [INFO] PluginManager:220 - loadIPPluginJar : add spi
2025-08-07 09:10:01,676 [INFO] IPUIPlugin:80 - create IPUIPlugin
2025-08-07 09:10:01,676 [INFO] PluginManager:220 - loadIPPluginJar : add stm32_wpan
2025-08-07 09:10:01,682 [INFO] IPUIPlugin:80 - create IPUIPlugin
2025-08-07 09:10:01,682 [INFO] PluginManager:220 - loadIPPluginJar : add tim
2025-08-07 09:10:01,690 [INFO] IPUIPlugin:80 - create IPUIPlugin
2025-08-07 09:10:01,690 [INFO] PluginManager:220 - loadIPPluginJar : add touchsensing
2025-08-07 09:10:01,697 [INFO] IPUIPlugin:80 - create IPUIPlugin
2025-08-07 09:10:01,697 [INFO] PluginManager:220 - loadIPPluginJar : add tracer_emb
2025-08-07 09:10:01,709 [INFO] IPUIPlugin:80 - create IPUIPlugin
2025-08-07 09:10:01,709 [INFO] PluginManager:220 - loadIPPluginJar : add ts
2025-08-07 09:10:01,716 [INFO] IPUIPlugin:80 - create IPUIPlugin
2025-08-07 09:10:01,716 [INFO] PluginManager:220 - loadIPPluginJar : add tsc
2025-08-07 09:10:01,723 [INFO] IPUIPlugin:80 - create IPUIPlugin
2025-08-07 09:10:01,723 [INFO] PluginManager:220 - loadIPPluginJar : add ucpd
2025-08-07 09:10:01,734 [INFO] IPUIPlugin:80 - create IPUIPlugin
2025-08-07 09:10:01,734 [INFO] PluginManager:220 - loadIPPluginJar : add usart
2025-08-07 09:10:01,743 [INFO] IPUIPlugin:80 - create IPUIPlugin
2025-08-07 09:10:01,743 [INFO] PluginManager:220 - loadIPPluginJar : add usbx
2025-08-07 09:10:01,873 [FATAL] Updater:351 - Updater called before beeing initialized
2025-08-07 09:10:01,913 [INFO] RulesReader:64 - Compatibility file has been processed (317 Rules)
2025-08-07 09:10:01,929 [INFO] RulesReader:64 - Compatibility file has been processed (317 Rules)
2025-08-07 09:10:01,946 [INFO] CADModel:165 - CPN selected for project level
2025-08-07 09:10:01,946 [INFO] CADModel:114 - Register for checkConnection events
2025-08-07 09:10:01,946 [FATAL] Updater:351 - Updater called before beeing initialized
2025-08-07 09:10:01,946 [ERROR] CADModel:125 - Updater not yet initialized, retry later 
2025-08-07 09:10:02,169 [FATAL] Updater:351 - Updater called before beeing initialized
2025-08-07 09:10:02,171 [INFO] CADModel:165 - CPN selected for project level
2025-08-07 09:10:02,171 [INFO] CADModel:114 - Register for checkConnection events
2025-08-07 09:10:02,171 [FATAL] Updater:351 - Updater called before beeing initialized
2025-08-07 09:10:02,171 [ERROR] CADModel:125 - Updater not yet initialized, retry later 
2025-08-07 09:10:02,175 [FATAL] Updater:351 - Updater called before beeing initialized
2025-08-07 09:10:02,287 [FATAL] Updater:351 - Updater called before beeing initialized
2025-08-07 09:10:02,291 [INFO] DbMcusAds:53 - JSON generation date=Tue Jul 08 15:14:23 ICT 2025 (1751962463562)
2025-08-07 09:10:02,291 [FATAL] Updater:351 - Updater called before beeing initialized
2025-08-07 09:10:02,354 [WARN] DetailPanel:346 - Failed to get advertising image, set to default
2025-08-07 09:10:02,450 [FATAL] Updater:351 - Updater called before beeing initialized
2025-08-07 09:10:02,452 [FATAL] Updater:351 - Updater called before beeing initialized
2025-08-07 09:10:02,453 [FATAL] Updater:351 - Updater called before beeing initialized
2025-08-07 09:10:02,453 [WARN] DetailPanel:346 - Failed to get advertising image, set to default
2025-08-07 09:10:02,453 [FATAL] Updater:351 - Updater called before beeing initialized
2025-08-07 09:10:02,505 [ERROR] Updater:1198 - MainUpdater not yet initialized. External WinMGr cannot be set.
2025-08-07 09:10:02,510 [INFO] Updater:1134 - Updater Version found : 6.15.0
2025-08-07 09:10:02,529 [INFO] ApplicationProperties:184 - Using Application install path: C:\ST\STM32CubeIDE_1.16.1\STM32CubeIDE\plugins\com.st.stm32cube.common.mx_6.15.0.202507011659
2025-08-07 09:10:03,708 [INFO] ThirdPartyUpdaterWithRetryManager:70 - Updater plugin not ready yet. [2/15]
2025-08-07 09:10:04,110 [ERROR] LogOutputStream:75 - [STDERR_REDIRECT] Aug 07, 2025 9:10:04 AM java.util.prefs.WindowsPreferences <init>
2025-08-07 09:10:04,113 [ERROR] LogOutputStream:75 - [STDERR_REDIRECT] WARNING: Could not open/create prefs root node Software\JavaSoft\Prefs at root 0xffffffff80000002. Windows RegCreateKeyEx(...) returned error code 5.
2025-08-07 09:10:04,113 [ERROR] LogOutputStream:75 - [STDERR_REDIRECT] 
2025-08-07 09:10:05,538 [INFO] MainUpdater:2872 - connection check result : 10
2025-08-07 09:10:05,539 [INFO] MainUpdater:289 - Updater Check For Update Now.
2025-08-07 09:10:05,540 [INFO] MicroXplorer:498 - Change Database Version : DB.6.0.150
2025-08-07 09:10:05,567 [INFO] McuFinderGlobals:63 - Set McuFinder mode to 2 (CubeIDE integrated)
2025-08-07 09:10:05,568 [INFO] UserAuth:487 - Internet connection configuration mode: 1
2025-08-07 09:10:05,605 [INFO] JxBrowserEngine:152 - Initiate JxBrowser Engine with user profile folder
2025-08-07 09:10:05,724 [INFO] CheckServerUpdateThread:120 - End of CheckServer Thread
2025-08-07 09:10:07,037 [INFO] WebApp:169 - Instantiating new browser for Auth
2025-08-07 09:10:07,156 [WARN] PackLoader:240 - Cannot read IP mode file for STMicroelectronics.FP-SNS-MOTENVWB1.1.4.0
2025-08-07 09:10:07,168 [WARN] PackLoader:240 - Cannot read IP mode file for STMicroelectronics.FP-ATR-ASTRA1.2.0.2
2025-08-07 09:10:07,174 [WARN] PackLoader:240 - Cannot read IP mode file for STMicroelectronics.FP-ATR-ASTRA1.2.0.1
2025-08-07 09:10:07,185 [WARN] PackLoader:240 - Cannot read IP mode file for STMicroelectronics.X-CUBE-SMBUS.2.1.0
2025-08-07 09:10:07,193 [WARN] PackLoader:240 - Cannot read IP mode file for STMicroelectronics.X-CUBE-WB05N.1.1.0
2025-08-07 09:10:07,203 [WARN] PackLoader:240 - Cannot read IP mode file for STMicroelectronics.X-CUBE-ST60.1.0.0
2025-08-07 09:10:07,247 [WARN] PackLoader:240 - Cannot read IP mode file for STMicroelectronics.X-CUBE-AZRTOS-F7.1.1.0
2025-08-07 09:10:07,312 [WARN] PackLoader:240 - Cannot read IP mode file for STMicroelectronics.X-CUBE-MEMS1.11.0.0
2025-08-07 09:10:07,456 [WARN] PackLoader:240 - Cannot read IP mode file for STMicroelectronics.FP-SNS-FLIGHT1.5.0.2
2025-08-07 09:10:07,476 [WARN] PackLoader:240 - Cannot read IP mode file for STMicroelectronics.X-CUBE-AZRTOS-H7.3.4.0
2025-08-07 09:10:07,487 [WARN] PackLoader:240 - Cannot read IP mode file for STMicroelectronics.X-CUBE-DISPLAY.3.0.0
2025-08-07 09:10:07,496 [WARN] PackLoader:240 - Cannot read IP mode file for STMicroelectronics.X-CUBE-BLE1.7.0.0
2025-08-07 09:10:07,504 [WARN] PackLoader:240 - Cannot read IP mode file for STMicroelectronics.X-CUBE-NFC10.1.0.0
2025-08-07 09:10:07,513 [WARN] PackLoader:240 - Cannot read IP mode file for STMicroelectronics.X-CUBE-BLEMGR.4.0.0
2025-08-07 09:10:07,522 [WARN] PackLoader:240 - Cannot read IP mode file for emotas.I-CUBE-CANOPEN.1.3.0
2025-08-07 09:10:07,528 [WARN] PackLoader:240 - Cannot read IP mode file for STMicroelectronics.X-CUBE-BLEMGR.3.1.0
2025-08-07 09:10:07,534 [WARN] PackLoader:240 - Cannot read IP mode file for STMicroelectronics.X-CUBE-AI.10.0.0
2025-08-07 09:10:07,542 [WARN] PackLoader:240 - Cannot read IP mode file for STMicroelectronics.FP-SNS-STBOX1.2.1.0
2025-08-07 09:10:07,549 [WARN] PackLoader:240 - Cannot read IP mode file for STMicroelectronics.FP-SNS-SMARTAG2.1.2.0
2025-08-07 09:10:07,555 [WARN] PackLoader:240 - Cannot read IP mode file for STMicroelectronics.FP-SNS-FLIGHT1.5.1.0
2025-08-07 09:10:07,611 [WARN] PackLoader:240 - Cannot read IP mode file for STMicroelectronics.X-CUBE-MEMS1.11.1.0
2025-08-07 09:10:07,786 [INFO] LogOutputStream:77 - [STDOUT_REDIRECT] 1 : Invalid condition id : UX_CORESTACK_Condition cause : null
2025-08-07 09:10:07,788 [INFO] LogOutputStream:77 - [STDOUT_REDIRECT] 1 : Invalid condition id : UX_CORESTACK_Condition cause : null
2025-08-07 09:10:07,790 [INFO] LogOutputStream:77 - [STDOUT_REDIRECT] 1 : Invalid condition id : UX_CORESTACK_Condition cause : null
2025-08-07 09:10:07,792 [INFO] LogOutputStream:77 - [STDOUT_REDIRECT] 1 : Invalid condition id : UX_CORESTACK_Condition cause : null
2025-08-07 09:10:07,794 [INFO] LogOutputStream:77 - [STDOUT_REDIRECT] 1 : Invalid condition id : UX_CORESTACK_Condition cause : null
2025-08-07 09:10:07,796 [WARN] PackLoader:240 - Cannot read IP mode file for STMicroelectronics.X-CUBE-AZRTOS-WL.2.0.0
2025-08-07 09:10:07,802 [WARN] PackLoader:240 - Cannot read IP mode file for STMicroelectronics.FP-SNS-MOTENV1.5.0.0
2025-08-07 09:10:07,807 [WARN] PackLoader:240 - Cannot read IP mode file for wolfSSL.I-CUBE-wolfMQTT.1.19.0
2025-08-07 09:10:07,821 [WARN] PackLoader:240 - Cannot read IP mode file for WES.I-CUBE-Cesium.1.3.0
2025-08-07 09:10:07,828 [WARN] PackLoader:240 - Cannot read IP mode file for STMicroelectronics.X-CUBE-BLE2.3.3.0
2025-08-07 09:10:07,834 [WARN] PackLoader:240 - Cannot read IP mode file for STMicroelectronics.X-CUBE-NFC9.1.0.0
2025-08-07 09:10:07,839 [WARN] PackLoader:240 - Cannot read IP mode file for STMicroelectronics.X-CUBE-BLE1.7.1.0
2025-08-07 09:10:07,845 [WARN] PackLoader:240 - Cannot read IP mode file for STMicroelectronics.X-CUBE-TCPP.4.1.0
2025-08-07 09:10:07,853 [WARN] PackLoader:240 - Cannot read IP mode file for STMicroelectronics.X-CUBE-EEPRMA1.5.2.0
2025-08-07 09:10:07,859 [WARN] PackLoader:240 - Cannot read IP mode file for STMicroelectronics.X-CUBE-AI.10.1.0
2025-08-07 09:10:07,901 [WARN] PackLoader:240 - Cannot read IP mode file for STMicroelectronics.X-CUBE-MEMS1.11.2.0
2025-08-07 09:10:08,021 [WARN] PackLoader:240 - Cannot read IP mode file for STMicroelectronics.X-CUBE-AZRTOS-G0.1.1.0
2025-08-07 09:10:08,029 [WARN] PackLoader:240 - Cannot read IP mode file for STMicroelectronics.X-CUBE-SAFEA1.1.2.2
2025-08-07 09:10:08,036 [WARN] PackLoader:240 - Cannot read IP mode file for STMicroelectronics.X-CUBE-NFC4.3.0.0
2025-08-07 09:10:08,047 [WARN] PackLoader:240 - Cannot read IP mode file for EmbeddedOffice.I-CUBE-FS-RTOS.1.0.1
2025-08-07 09:10:08,054 [WARN] PackLoader:240 - Cannot read IP mode file for STMicroelectronics.X-CUBE-WB05N.2.0.0
2025-08-07 09:10:08,060 [WARN] PackLoader:240 - Cannot read IP mode file for STMicroelectronics.X-CUBE-TCPP.4.2.0
2025-08-07 09:10:08,067 [WARN] PackLoader:240 - Cannot read IP mode file for RealThread.X-CUBE-RT-Thread_Nano.4.1.1
2025-08-07 09:10:08,073 [WARN] PackLoader:240 - Cannot read IP mode file for STMicroelectronics.FP-ATR-SIGFOX1.3.2.0
2025-08-07 09:10:08,081 [WARN] ConditionMgr:438 - getConditionDescription Invalid condition id : Cortex-A Device cause : null
2025-08-07 09:10:08,100 [WARN] ConditionMgr:1044 - genDependencies : Invalid condition id : Cortex-A Device cause : null
2025-08-07 09:10:08,101 [WARN] ConditionMgr:1044 - genDependencies : Invalid condition id : Cortex-A Device cause : null
2025-08-07 09:10:08,101 [WARN] ConditionMgr:1044 - genDependencies : Invalid condition id : Cortex-A Device cause : null
2025-08-07 09:10:08,105 [WARN] PackLoader:240 - Cannot read IP mode file for STMicroelectronics.X-CUBE-EEPRMA1.5.1.0
2025-08-07 09:10:08,112 [WARN] PackLoader:240 - Cannot read IP mode file for wolfSSL.I-CUBE-wolfSSL.5.7.4
2025-08-07 09:10:08,118 [WARN] PackLoader:240 - Cannot read IP mode file for ITTIA_DB.I-CUBE-ITTIADB.8.9.0
2025-08-07 09:10:08,131 [WARN] PackLoader:240 - Cannot read IP mode file for STMicroelectronics.X-CUBE-ST67W61.1.0.0
2025-08-07 09:10:08,136 [WARN] PackLoader:240 - Cannot read IP mode file for STMicroelectronics.X-CUBE-AI.10.2.0
2025-08-07 09:10:08,157 [WARN] PackLoader:240 - Cannot read IP mode file for SEGGER.I-CUBE-embOS.1.3.1
2025-08-07 09:10:08,198 [WARN] PackLoader:240 - Cannot read IP mode file for STMicroelectronics.X-CUBE-ALGOBUILD.1.4.0
2025-08-07 09:10:08,257 [WARN] PackLoader:240 - Cannot read IP mode file for STMicroelectronics.X-CUBE-MEMS1.11.3.0
2025-08-07 09:10:08,354 [WARN] PackLoader:240 - Cannot read IP mode file for STMicroelectronics.X-CUBE-AI.9.1.0
2025-08-07 09:10:08,363 [WARN] PackLoader:240 - Cannot read IP mode file for STMicroelectronics.X-CUBE-PM33A1.1.0.0
2025-08-07 09:10:08,377 [WARN] PackLoader:240 - Cannot read IP mode file for STMicroelectronics.X-CUBE-AZRTOS-F4.1.1.0
2025-08-07 09:10:08,383 [WARN] PackLoader:240 - Cannot read IP mode file for Avnet-IotConnect.X-CUBE-IoTC-DA16k-PMOD.1.0.0
2025-08-07 09:10:08,387 [WARN] PackLoader:240 - Cannot read IP mode file for STMicroelectronics.X-CUBE-ISPU.2.1.0
2025-08-07 09:10:08,393 [WARN] PackLoader:240 - Cannot read IP mode file for STMicroelectronics.X-CUBE-FREERTOS.1.2.0
2025-08-07 09:10:08,401 [WARN] PackLoader:240 - Cannot read IP mode file for STMicroelectronics.X-CUBE-NFC12.1.0.0
2025-08-07 09:10:08,414 [WARN] PackLoader:240 - Cannot read IP mode file for STMicroelectronics.X-CUBE-AZRTOS-L5.2.0.0
2025-08-07 09:10:08,424 [WARN] PackLoader:240 - Cannot read IP mode file for STMicroelectronics.X-CUBE-NFC6.3.1.0
2025-08-07 09:10:08,431 [WARN] PackLoader:240 - Cannot read IP mode file for STMicroelectronics.X-CUBE-DPower.1.2.0
2025-08-07 09:10:08,435 [WARN] PackLoader:240 - Cannot read IP mode file for STMicroelectronics.X-CUBE-FREERTOS.1.3.1
2025-08-07 09:10:08,439 [WARN] PackLoader:240 - Cannot read IP mode file for STMicroelectronics.X-CUBE-FREERTOS.1.3.0
2025-08-07 09:10:08,446 [WARN] PackLoader:240 - Cannot read IP mode file for STMicroelectronics.X-CUBE-NFC7.1.0.1
2025-08-07 09:10:08,452 [WARN] PackLoader:240 - Cannot read IP mode file for STMicroelectronics.FP-SNS-STAIOTCFT.1.0.0
2025-08-07 09:10:08,458 [WARN] PackLoader:240 - Cannot read IP mode file for STMicroelectronics.X-CUBE-DPower.1.3.0
2025-08-07 09:10:08,471 [WARN] ConditionMgr:438 - getConditionDescription Invalid condition id : LAN8742 Phy interface Condition cause : null
2025-08-07 09:10:08,472 [WARN] PackLoader:240 - Cannot read IP mode file for STMicroelectronics.X-CUBE-AZRTOS-L4.2.0.0
2025-08-07 09:10:08,473 [WARN] ConditionMgr:1044 - genDependencies : Invalid condition id : LAN8742 Phy interface Condition cause : null
2025-08-07 09:10:08,473 [WARN] ConditionMgr:1044 - genDependencies : Invalid condition id : LAN8742 Phy interface Condition cause : null
2025-08-07 09:10:08,473 [WARN] ConditionMgr:1044 - genDependencies : Invalid condition id : LAN8742 Phy interface Condition cause : null
2025-08-07 09:10:08,482 [WARN] PackLoader:240 - Cannot read IP mode file for STMicroelectronics.X-CUBE-SFXS2LP1.4.0.0
2025-08-07 09:10:08,494 [WARN] PackLoader:240 - Cannot read IP mode file for STMicroelectronics.X-CUBE-AZRTOS-H7.3.3.0
2025-08-07 09:10:08,503 [WARN] PackLoader:240 - Cannot read IP mode file for STMicroelectronics.X-CUBE-BLEMGR.4.1.0
2025-08-07 09:10:08,514 [WARN] PackLoader:240 - Cannot read IP mode file for STMicroelectronics.X-CUBE-IPS.3.0.0
2025-08-07 09:10:08,527 [WARN] ConditionMgr:438 - getConditionDescription Invalid condition id : UX DEVICE CLASS RTOS Condition cause : null
2025-08-07 09:10:08,527 [WARN] ConditionMgr:438 - getConditionDescription Invalid condition id : UX DEVICE CLASS RTOS Condition cause : null
2025-08-07 09:10:08,528 [WARN] PackLoader:240 - Cannot read IP mode file for STMicroelectronics.X-CUBE-AZRTOS-WB.2.0.0
2025-08-07 09:10:08,529 [WARN] ConditionMgr:1044 - genDependencies : Invalid condition id : UX DEVICE CLASS RTOS Condition cause : null
2025-08-07 09:10:08,529 [WARN] ConditionMgr:1044 - genDependencies : Invalid condition id : UX DEVICE CLASS RTOS Condition cause : null
2025-08-07 09:10:08,529 [WARN] ConditionMgr:1044 - genDependencies : Invalid condition id : UX DEVICE CLASS RTOS Condition cause : null
2025-08-07 09:10:08,529 [WARN] ConditionMgr:1044 - genDependencies : Invalid condition id : UX DEVICE CLASS RTOS Condition cause : null
2025-08-07 09:10:08,529 [WARN] ConditionMgr:1044 - genDependencies : Invalid condition id : UX DEVICE CLASS RTOS Condition cause : null
2025-08-07 09:10:08,548 [WARN] PackLoader:240 - Cannot read IP mode file for STMicroelectronics.X-CUBE-GNSS1.7.0.0
2025-08-07 09:10:08,553 [WARN] PackLoader:240 - Cannot read IP mode file for STMicroelectronics.X-CUBE-GNSS1.7.0.1
2025-08-07 09:10:08,564 [WARN] PackLoader:240 - Cannot read IP mode file for STMicroelectronics.X-CUBE-TOUCHGFX.4.25.0
2025-08-07 09:10:08,570 [WARN] PackLoader:240 - Cannot read IP mode file for STMicroelectronics.FP-SNS-STBOX1.2.0.0
2025-08-07 09:10:08,579 [WARN] PackLoader:240 - Cannot read IP mode file for STMicroelectronics.X-CUBE-SUBG2.5.0.0
2025-08-07 09:10:08,596 [WARN] PackLoader:240 - Cannot read IP mode file for STMicroelectronics.X-CUBE-AZRTOS-H7RS.1.1.0
2025-08-07 09:10:08,602 [WARN] PackLoader:240 - Cannot read IP mode file for Cesanta.I-CUBE-Mongoose.7.13.0
2025-08-07 09:10:08,616 [WARN] PackLoader:240 - Cannot read IP mode file for STMicroelectronics.X-CUBE-AZRTOS-G4.2.0.0
2025-08-07 09:10:08,625 [WARN] PackLoader:240 - Cannot read IP mode file for STMicroelectronics.X-CUBE-NFC7.2.0.0
2025-08-07 09:10:08,634 [WARN] PackLoader:240 - Cannot read IP mode file for STMicroelectronics.X-CUBE-IPS.3.1.0
2025-08-07 09:10:08,644 [WARN] PackLoader:240 - Cannot read IP mode file for STMicroelectronics.X-CUBE-ALS.1.0.2
2025-08-07 09:10:08,648 [WARN] PackLoader:240 - Cannot read IP mode file for STMicroelectronics.X-CUBE-TOUCHGFX.4.24.2
2025-08-07 09:10:08,651 [WARN] PackLoader:240 - Cannot read IP mode file for STMicroelectronics.X-CUBE-TOUCHGFX.4.24.1
2025-08-07 09:10:08,655 [WARN] PackLoader:240 - Cannot read IP mode file for wolfSSL.I-CUBE-wolfTPM.3.4.0
2025-08-07 09:10:08,662 [WARN] PackLoader:240 - Cannot read IP mode file for portGmbH.I-Cube-SoM-uGOAL.1.1.0
2025-08-07 09:10:08,673 [WARN] PackLoader:240 - Cannot read IP mode file for STMicroelectronics.X-CUBE-AZRTOS-H7RS.1.0.0
2025-08-07 09:10:08,678 [WARN] PackLoader:240 - Cannot read IP mode file for STMicroelectronics.FP-ATR-ASTRA1.2.0.0
2025-08-07 09:10:08,690 [WARN] PackLoader:240 - Cannot read IP mode file for STMicroelectronics.X-CUBE-TOF1.3.4.2
2025-08-07 09:10:08,708 [WARN] PackLoader:240 - Cannot read IP mode file for STMicroelectronics.X-CUBE-TOF1.3.4.3
2025-08-07 09:10:08,736 [WARN] PackLoader:240 - Cannot read IP mode file for Infineon.AIROC-Wi-Fi-Bluetooth-STM32.1.6.1
2025-08-07 09:10:08,744 [WARN] PackLoader:240 - Cannot read IP mode file for wolfSSL.I-CUBE-wolfSSH.1.4.17
2025-08-07 09:10:08,744 [INFO] ThirdParty:978 - Integrity check success = true
2025-08-07 09:10:08,744 [INFO] IntegrityCheckThread:100 - exiting critical section [integrity check]
2025-08-07 09:10:08,744 [INFO] IntegrityCheckThread:103 - End integrity checks thread
2025-08-07 09:10:09,604 [INFO] WebApp:463 - Apply proxy settings
2025-08-07 09:10:09,604 [INFO] WebApp:548 - Chromium requires no authentication
2025-08-07 09:10:09,613 [INFO] WebApp:491 - Direct internet connection detected
2025-08-07 09:10:09,633 [INFO] WebApp:900 - Register for checkConnection events
2025-08-07 09:10:09,633 [INFO] WebApp:463 - Apply proxy settings
2025-08-07 09:10:09,634 [INFO] WebApp:548 - Chromium requires no authentication
2025-08-07 09:10:09,634 [INFO] WebApp:491 - Direct internet connection detected
2025-08-07 09:10:09,783 [INFO] WebApp:225 - Starting web application
2025-08-07 09:10:09,783 [INFO] WebApp:593 - Web application path used C:\ST\STM32CubeIDE_1.16.1\STM32CubeIDE\plugins\com.st.stm32cube.common.mx_6.15.0.202507011659\db\plugins\mcufinder\reactClient1\index.html
2025-08-07 09:10:09,863 [INFO] UserAuth:487 - Internet connection configuration mode: 1
2025-08-07 09:10:10,074 [INFO] WebApp:191 - Connection restablished
