2025-09-05 11:24:28,305 [INFO] Activator:176 - 


2025-09-05 11:24:28,310 [INFO] Activator:177 - !SESSION log4j initialized
2025-09-05 11:24:41,190 [INFO] LogOutputStream:77 - [STDOUT_REDIRECT] 
2025-09-05 11:24:42,336 [INFO] ApplicationProperties:184 - Using Application install path: C:\ST\STM32CubeIDE_1.16.1\STM32CubeIDE\plugins\com.st.stm32cube.common.mx_6.15.0.202507011659
2025-09-05 11:24:42,355 [INFO] DbMcusXml:78 - Set database path to: C:\ST\STM32CubeIDE_1.16.1\STM32CubeIDE\plugins\com.st.stm32cube.common.mx_6.15.0.202507011659\\db\/mcu/
2025-09-05 11:24:42,355 [INFO] ApiDb:274 - Set plugin database path to: C:\ST\STM32CubeIDE_1.16.1\STM32CubeIDE\plugins\com.st.stm32cube.common.mx_6.15.0.202507011659\\db\/plugins/boardmanager/
2025-09-05 11:24:42,356 [WARN] ApiDb:259 - Overriding images path with different value:  => C:\ST\STM32CubeIDE_1.16.1\STM32CubeIDE\plugins\com.st.stm32cube.common.mx_6.15.0.202507011659\\db\/plugins/mcufinder/images/
2025-09-05 11:24:42,362 [INFO] ApiDb:250 - Set database path to: C:\Users\Chinnapop\.stmcufinder\plugins\mcufinder//mcu/
2025-09-05 11:24:42,364 [INFO] DbMcusAds:125 - Set database path to: C:\Users\Chinnapop\.stmcufinder\plugins\mcufinder//mcu/
2025-09-05 11:24:42,365 [INFO] CrossReferenceDbSqlite:203 - Set database path to: C:\Users\Chinnapop\.stmcufinder\plugins\mcufinder//mcu/cs/
2025-09-05 11:24:42,494 [INFO] RulesReader:64 - Compatibility file has been processed (317 Rules)
2025-09-05 11:24:42,631 [INFO] DbMcusXml:78 - Set database path to: C:\ST\STM32CubeIDE_1.16.1\STM32CubeIDE\plugins\com.st.stm32cube.common.mx_6.15.0.202507011659\\db\/mcu/
2025-09-05 11:24:42,632 [INFO] ApiDb:274 - Set plugin database path to: C:\ST\STM32CubeIDE_1.16.1\STM32CubeIDE\plugins\com.st.stm32cube.common.mx_6.15.0.202507011659\\db\/plugins/boardmanager/
2025-09-05 11:24:42,632 [INFO] ApiDb:261 - Set plugin images path to: C:\ST\STM32CubeIDE_1.16.1\STM32CubeIDE\plugins\com.st.stm32cube.common.mx_6.15.0.202507011659\\db\/plugins/mcufinder/images/
2025-09-05 11:24:42,632 [WARN] DbFile:41 - Overriding database path with different value: C:\Users\Chinnapop\.stmcufinder\plugins\mcufinder/ => C:\Users\Chinnapop\.stmcufinder\plugins\mcufinder
2025-09-05 11:24:42,632 [INFO] ApiDb:250 - Set database path to: C:\Users\Chinnapop\.stmcufinder\plugins\mcufinder//mcu/
2025-09-05 11:24:42,632 [WARN] DbFile:41 - Overriding database path with different value: C:\Users\Chinnapop\.stmcufinder\plugins\mcufinder/ => C:\Users\Chinnapop\.stmcufinder\plugins\mcufinder
2025-09-05 11:24:42,632 [INFO] DbMcusAds:125 - Set database path to: C:\Users\Chinnapop\.stmcufinder\plugins\mcufinder//mcu/
2025-09-05 11:24:42,633 [WARN] DbFile:41 - Overriding database path with different value: C:\Users\Chinnapop\.stmcufinder\plugins\mcufinder/ => C:\Users\Chinnapop\.stmcufinder\plugins\mcufinder
2025-09-05 11:24:42,633 [WARN] DbFile:41 - Overriding database path with different value: C:\Users\Chinnapop\.stmcufinder\plugins\mcufinder/ => C:\Users\Chinnapop\.stmcufinder\plugins\mcufinder
2025-09-05 11:24:42,633 [INFO] CrossReferenceDbSqlite:203 - Set database path to: C:\Users\Chinnapop\.stmcufinder\plugins\mcufinder//mcu/cs/
2025-09-05 11:24:42,714 [INFO] MainPanel:274 - HeapMemory: 268435456
2025-09-05 11:24:42,886 [INFO] DbMcusXml:78 - Set database path to: C:\ST\STM32CubeIDE_1.16.1\STM32CubeIDE\plugins\com.st.stm32cube.common.mx_6.15.0.202507011659\\db\/mcu/
2025-09-05 11:24:42,887 [INFO] ApiDb:274 - Set plugin database path to: C:\ST\STM32CubeIDE_1.16.1\STM32CubeIDE\plugins\com.st.stm32cube.common.mx_6.15.0.202507011659\\db\/plugins/boardmanager/
2025-09-05 11:24:42,887 [INFO] ApiDb:261 - Set plugin images path to: C:\ST\STM32CubeIDE_1.16.1\STM32CubeIDE\plugins\com.st.stm32cube.common.mx_6.15.0.202507011659\\db\/plugins/mcufinder/images/
2025-09-05 11:24:42,888 [WARN] DbFile:41 - Overriding database path with different value: C:\Users\Chinnapop\.stmcufinder\plugins\mcufinder/ => C:\Users\Chinnapop\.stmcufinder\plugins\mcufinder
2025-09-05 11:24:42,888 [INFO] ApiDb:250 - Set database path to: C:\Users\Chinnapop\.stmcufinder\plugins\mcufinder//mcu/
2025-09-05 11:24:42,888 [WARN] DbFile:41 - Overriding database path with different value: C:\Users\Chinnapop\.stmcufinder\plugins\mcufinder/ => C:\Users\Chinnapop\.stmcufinder\plugins\mcufinder
2025-09-05 11:24:42,888 [INFO] DbMcusAds:125 - Set database path to: C:\Users\Chinnapop\.stmcufinder\plugins\mcufinder//mcu/
2025-09-05 11:24:42,888 [WARN] DbFile:41 - Overriding database path with different value: C:\Users\Chinnapop\.stmcufinder\plugins\mcufinder/ => C:\Users\Chinnapop\.stmcufinder\plugins\mcufinder
2025-09-05 11:24:42,888 [WARN] DbFile:41 - Overriding database path with different value: C:\Users\Chinnapop\.stmcufinder\plugins\mcufinder/ => C:\Users\Chinnapop\.stmcufinder\plugins\mcufinder
2025-09-05 11:24:42,889 [INFO] CrossReferenceDbSqlite:203 - Set database path to: C:\Users\Chinnapop\.stmcufinder\plugins\mcufinder//mcu/cs/
2025-09-05 11:24:42,922 [INFO] ApplicationProperties:184 - Using Application install path: C:\ST\STM32CubeIDE_1.16.1\STM32CubeIDE\plugins\com.st.stm32cube.common.mx_6.15.0.202507011659
2025-09-05 11:24:42,925 [INFO] PluginManage:196 - Search for loadable plugins [exclusion list=, ]
2025-09-05 11:24:42,929 [INFO] PluginManage:310 - Check plugin analytics
2025-09-05 11:24:43,391 [INFO] AnalyticsPlugin:253 - Accepted Software Licenses: 
2025-09-05 11:24:43,391 [INFO] AnalyticsPlugin:255 - Accepted CMSIS Pack Licenses: 
2025-09-05 11:24:43,391 [INFO] AnalyticsPlugin:257 - Accepted Firmware Licenses: FW.F7.1.17.0
2025-09-05 11:24:43,400 [INFO] PluginManage:359 - Loaded plugin analytics (category:tool,tabindex:-1)
2025-09-05 11:24:43,401 [INFO] PluginManage:310 - Check plugin cadmodel
2025-09-05 11:24:43,411 [INFO] CADModel:105 - Init CAD model plugin
2025-09-05 11:24:43,411 [INFO] PluginManage:359 - Loaded plugin cadmodel (category:power,tabindex:5)
2025-09-05 11:24:43,412 [INFO] PluginManage:310 - Check plugin clock
2025-09-05 11:24:43,432 [INFO] PluginManage:359 - Loaded plugin clock (category:base,tabindex:2)
2025-09-05 11:24:43,433 [INFO] PluginManage:310 - Check plugin ddr
2025-09-05 11:24:43,441 [INFO] PluginManage:359 - Loaded plugin ddr (category:tool,tabindex:6)
2025-09-05 11:24:43,441 [INFO] PluginManage:310 - Check plugin filemanager
2025-09-05 11:24:43,701 [INFO] PluginManage:359 - Loaded plugin filemanager (category:base,tabindex:10)
2025-09-05 11:24:43,701 [INFO] PluginManage:310 - Check plugin ipmanager
2025-09-05 11:24:43,707 [INFO] PluginManage:359 - Loaded plugin ipmanager (category:base,tabindex:5)
2025-09-05 11:24:43,708 [INFO] PluginManage:310 - Check plugin lpbam
2025-09-05 11:24:43,715 [INFO] PluginManage:359 - Loaded plugin lpbam (category:base,tabindex:0)
2025-09-05 11:24:43,715 [INFO] PluginManage:310 - Check plugin memorymap
2025-09-05 11:24:43,726 [INFO] PluginManage:359 - Loaded plugin memorymap (category:base,tabindex:4)
2025-09-05 11:24:43,726 [INFO] PluginManage:310 - Check plugin pinoutandconfiguration
2025-09-05 11:24:43,733 [INFO] PluginManage:359 - Loaded plugin pinoutandconfiguration (category:base,tabindex:1)
2025-09-05 11:24:43,733 [INFO] PluginManage:310 - Check plugin pinoutconfig
2025-09-05 11:24:43,810 [WARN] SupportedApi:132 - Cannot load RTOS API schema: s4s-elt-must-match.1: The content of 'definitions' must match (annotation?, (simpleType | complexType)?, (unique | key | keyref)*)). A problem was found starting at: attribute.
2025-09-05 11:24:43,945 [INFO] PluginManage:359 - Loaded plugin pinoutconfig (category:base,tabindex:0)
2025-09-05 11:24:43,945 [INFO] PluginManage:310 - Check plugin power
2025-09-05 11:24:43,952 [INFO] PluginManage:359 - Loaded plugin power (category:power,tabindex:4)
2025-09-05 11:24:43,952 [INFO] PluginManage:310 - Check plugin projectmanager
2025-09-05 11:24:43,975 [INFO] PluginManage:359 - Loaded plugin projectmanager (category:projectmanager,tabindex:4)
2025-09-05 11:24:43,976 [INFO] PluginManage:310 - Check plugin rif
2025-09-05 11:24:43,986 [INFO] PluginManage:359 - Loaded plugin rif (category:base,tabindex:3)
2025-09-05 11:24:43,986 [INFO] PluginManage:310 - Check plugin thirdparty
2025-09-05 11:24:44,146 [INFO] PluginManage:359 - Loaded plugin thirdparty (category:base,tabindex:-1)
2025-09-05 11:24:44,146 [WARN] IntegrityCheckThread:84 - waiting for thirdparty lock release [integrity check]
2025-09-05 11:24:44,146 [INFO] PluginManage:310 - Check plugin tools
2025-09-05 11:24:44,146 [INFO] IntegrityCheckThread:86 - entering critical section [integrity check]
2025-09-05 11:24:44,146 [INFO] ThirdPartyUpdaterWithRetryManager:70 - Updater plugin not ready yet. [1/15]
2025-09-05 11:24:44,148 [INFO] PluginManage:359 - Loaded plugin tools (category:base,tabindex:7)
2025-09-05 11:24:44,148 [INFO] PluginManage:310 - Check plugin tutovideos
2025-09-05 11:24:44,381 [INFO] PluginManage:359 - Loaded plugin tutovideos (category:base,tabindex:-1)
2025-09-05 11:24:44,381 [INFO] PluginManage:310 - Check plugin updater
2025-09-05 11:24:44,400 [INFO] PluginManage:359 - Loaded plugin updater (category:base,tabindex:12)
2025-09-05 11:24:44,401 [INFO] PluginManage:310 - Check plugin userauth
2025-09-05 11:24:44,403 [INFO] UserAuth:118 - Init User Auth plugin
2025-09-05 11:24:44,404 [INFO] PluginManage:359 - Loaded plugin userauth (category:base,tabindex:14)
2025-09-05 11:24:44,404 [INFO] PluginManage:283 - PluginManage : Loaded plugins [18]
2025-09-05 11:24:44,625 [INFO] PinOutPanel:1589 - setPackage(No Configuration,No Configuration)
2025-09-05 11:24:44,699 [INFO] CADModel:165 - CPN selected for project level
2025-09-05 11:24:44,700 [INFO] CADModel:114 - Register for checkConnection events
2025-09-05 11:24:44,715 [INFO] IPUIPlugin:80 - create IPUIPlugin
2025-09-05 11:24:44,716 [INFO] PluginManager:220 - loadIPPluginJar : add adc
2025-09-05 11:24:44,718 [INFO] IPUIPlugin:80 - create IPUIPlugin
2025-09-05 11:24:44,718 [INFO] PluginManager:220 - loadIPPluginJar : add aes
2025-09-05 11:24:44,736 [INFO] IPUIPlugin:80 - create IPUIPlugin
2025-09-05 11:24:44,737 [INFO] PluginManager:220 - loadIPPluginJar : add can
2025-09-05 11:24:44,739 [INFO] IPUIPlugin:80 - create IPUIPlugin
2025-09-05 11:24:44,739 [INFO] PluginManager:220 - loadIPPluginJar : add comp
2025-09-05 11:24:44,741 [INFO] IPUIPlugin:80 - create IPUIPlugin
2025-09-05 11:24:44,741 [INFO] PluginManager:220 - loadIPPluginJar : add cryp
2025-09-05 11:24:44,743 [INFO] IPUIPlugin:80 - create IPUIPlugin
2025-09-05 11:24:44,743 [INFO] PluginManager:220 - loadIPPluginJar : add ddr_ctrl_phy
2025-09-05 11:24:44,745 [INFO] IPUIPlugin:80 - create IPUIPlugin
2025-09-05 11:24:44,745 [INFO] PluginManager:220 - loadIPPluginJar : add dfsdm
2025-09-05 11:24:44,750 [INFO] IPUIPlugin:80 - create IPUIPlugin
2025-09-05 11:24:44,750 [INFO] PluginManager:220 - loadIPPluginJar : add dma
2025-09-05 11:24:44,752 [INFO] IPUIPlugin:80 - create IPUIPlugin
2025-09-05 11:24:44,752 [INFO] PluginManager:220 - loadIPPluginJar : add dma3
2025-09-05 11:24:44,754 [INFO] IPUIPlugin:80 - create IPUIPlugin
2025-09-05 11:24:44,754 [INFO] PluginManager:220 - loadIPPluginJar : add extmemmanager
2025-09-05 11:24:44,756 [INFO] IPUIPlugin:80 - create IPUIPlugin
2025-09-05 11:24:44,756 [INFO] PluginManager:220 - loadIPPluginJar : add fatfs
2025-09-05 11:24:44,760 [INFO] IPUIPlugin:80 - create IPUIPlugin
2025-09-05 11:24:44,760 [INFO] PluginManager:220 - loadIPPluginJar : add fmc
2025-09-05 11:24:44,769 [INFO] IPUIPlugin:80 - create IPUIPlugin
2025-09-05 11:24:44,769 [INFO] PluginManager:220 - loadIPPluginJar : add freertos
2025-09-05 11:24:44,770 [INFO] IPUIPlugin:80 - create IPUIPlugin
2025-09-05 11:24:44,770 [INFO] PluginManager:220 - loadIPPluginJar : add genericplugin
2025-09-05 11:24:44,772 [INFO] IPUIPlugin:80 - create IPUIPlugin
2025-09-05 11:24:44,772 [INFO] PluginManager:220 - loadIPPluginJar : add gfxmmu
2025-09-05 11:24:44,776 [INFO] IPUIPlugin:80 - create IPUIPlugin
2025-09-05 11:24:44,776 [INFO] PluginManager:220 - loadIPPluginJar : add gic
2025-09-05 11:24:44,780 [INFO] IPUIPlugin:80 - create IPUIPlugin
2025-09-05 11:24:44,780 [INFO] PluginManager:220 - loadIPPluginJar : add gpio
2025-09-05 11:24:44,782 [INFO] IPUIPlugin:80 - create IPUIPlugin
2025-09-05 11:24:44,782 [INFO] PluginManager:220 - loadIPPluginJar : add gtzc
2025-09-05 11:24:44,784 [INFO] IPUIPlugin:80 - create IPUIPlugin
2025-09-05 11:24:44,784 [INFO] PluginManager:220 - loadIPPluginJar : add hash
2025-09-05 11:24:44,786 [INFO] IPUIPlugin:80 - create IPUIPlugin
2025-09-05 11:24:44,786 [INFO] PluginManager:220 - loadIPPluginJar : add i2c
2025-09-05 11:24:44,788 [INFO] IPUIPlugin:80 - create IPUIPlugin
2025-09-05 11:24:44,788 [INFO] PluginManager:220 - loadIPPluginJar : add i2s
2025-09-05 11:24:44,790 [INFO] IPUIPlugin:80 - create IPUIPlugin
2025-09-05 11:24:44,791 [INFO] PluginManager:220 - loadIPPluginJar : add i3c
2025-09-05 11:24:44,793 [INFO] IPUIPlugin:80 - create IPUIPlugin
2025-09-05 11:24:44,794 [INFO] PluginManager:220 - loadIPPluginJar : add ipddr
2025-09-05 11:24:44,800 [INFO] IPUIPlugin:80 - create IPUIPlugin
2025-09-05 11:24:44,800 [INFO] PluginManager:220 - loadIPPluginJar : add linkedlist
2025-09-05 11:24:44,803 [INFO] IPUIPlugin:80 - create IPUIPlugin
2025-09-05 11:24:44,803 [INFO] PluginManager:220 - loadIPPluginJar : add lorawan
2025-09-05 11:24:44,804 [INFO] IPUIPlugin:80 - create IPUIPlugin
2025-09-05 11:24:44,804 [INFO] PluginManager:220 - loadIPPluginJar : add ltdc
2025-09-05 11:24:44,808 [INFO] IPUIPlugin:80 - create IPUIPlugin
2025-09-05 11:24:44,809 [INFO] PluginManager:220 - loadIPPluginJar : add mdma
2025-09-05 11:24:44,811 [INFO] IPUIPlugin:80 - create IPUIPlugin
2025-09-05 11:24:44,811 [INFO] PluginManager:220 - loadIPPluginJar : add nvic
2025-09-05 11:24:44,813 [INFO] IPUIPlugin:80 - create IPUIPlugin
2025-09-05 11:24:44,813 [INFO] PluginManager:220 - loadIPPluginJar : add opamp
2025-09-05 11:24:44,815 [INFO] IPUIPlugin:80 - create IPUIPlugin
2025-09-05 11:24:44,815 [INFO] PluginManager:220 - loadIPPluginJar : add openamp
2025-09-05 11:24:44,817 [INFO] IPUIPlugin:80 - create IPUIPlugin
2025-09-05 11:24:44,817 [INFO] PluginManager:220 - loadIPPluginJar : add pdm2pcm
2025-09-05 11:24:44,822 [INFO] IPUIPlugin:80 - create IPUIPlugin
2025-09-05 11:24:44,824 [INFO] PluginManager:220 - loadIPPluginJar : add plateformsettings
2025-09-05 11:24:44,825 [INFO] IPUIPlugin:80 - create IPUIPlugin
2025-09-05 11:24:44,825 [INFO] PluginManager:220 - loadIPPluginJar : add quadspi
2025-09-05 11:24:44,826 [INFO] IPUIPlugin:80 - create IPUIPlugin
2025-09-05 11:24:44,827 [INFO] PluginManager:220 - loadIPPluginJar : add radio
2025-09-05 11:24:44,829 [INFO] IPUIPlugin:80 - create IPUIPlugin
2025-09-05 11:24:44,829 [INFO] PluginManager:220 - loadIPPluginJar : add resmgrutility
2025-09-05 11:24:44,831 [INFO] IPUIPlugin:80 - create IPUIPlugin
2025-09-05 11:24:44,831 [INFO] PluginManager:220 - loadIPPluginJar : add sai
2025-09-05 11:24:44,833 [INFO] IPUIPlugin:80 - create IPUIPlugin
2025-09-05 11:24:44,833 [INFO] PluginManager:220 - loadIPPluginJar : add spi
2025-09-05 11:24:44,838 [INFO] IPUIPlugin:80 - create IPUIPlugin
2025-09-05 11:24:44,839 [INFO] PluginManager:220 - loadIPPluginJar : add stm32_wpan
2025-09-05 11:24:44,840 [INFO] IPUIPlugin:80 - create IPUIPlugin
2025-09-05 11:24:44,840 [INFO] PluginManager:220 - loadIPPluginJar : add tim
2025-09-05 11:24:44,843 [INFO] IPUIPlugin:80 - create IPUIPlugin
2025-09-05 11:24:44,843 [INFO] PluginManager:220 - loadIPPluginJar : add touchsensing
2025-09-05 11:24:44,845 [INFO] IPUIPlugin:80 - create IPUIPlugin
2025-09-05 11:24:44,845 [INFO] PluginManager:220 - loadIPPluginJar : add tracer_emb
2025-09-05 11:24:44,846 [INFO] IPUIPlugin:80 - create IPUIPlugin
2025-09-05 11:24:44,846 [INFO] PluginManager:220 - loadIPPluginJar : add ts
2025-09-05 11:24:44,847 [INFO] IPUIPlugin:80 - create IPUIPlugin
2025-09-05 11:24:44,847 [INFO] PluginManager:220 - loadIPPluginJar : add tsc
2025-09-05 11:24:44,849 [INFO] IPUIPlugin:80 - create IPUIPlugin
2025-09-05 11:24:44,849 [INFO] PluginManager:220 - loadIPPluginJar : add ucpd
2025-09-05 11:24:44,851 [INFO] IPUIPlugin:80 - create IPUIPlugin
2025-09-05 11:24:44,851 [INFO] PluginManager:220 - loadIPPluginJar : add usart
2025-09-05 11:24:44,853 [INFO] IPUIPlugin:80 - create IPUIPlugin
2025-09-05 11:24:44,853 [INFO] PluginManager:220 - loadIPPluginJar : add usbx
2025-09-05 11:24:44,974 [FATAL] Updater:351 - Updater called before beeing initialized
2025-09-05 11:24:45,021 [INFO] RulesReader:64 - Compatibility file has been processed (317 Rules)
2025-09-05 11:24:45,039 [INFO] RulesReader:64 - Compatibility file has been processed (317 Rules)
2025-09-05 11:24:45,053 [INFO] CADModel:165 - CPN selected for project level
2025-09-05 11:24:45,053 [INFO] CADModel:114 - Register for checkConnection events
2025-09-05 11:24:45,053 [FATAL] Updater:351 - Updater called before beeing initialized
2025-09-05 11:24:45,054 [ERROR] CADModel:125 - Updater not yet initialized, retry later 
2025-09-05 11:24:45,209 [FATAL] Updater:351 - Updater called before beeing initialized
2025-09-05 11:24:45,211 [INFO] CADModel:165 - CPN selected for project level
2025-09-05 11:24:45,211 [INFO] CADModel:114 - Register for checkConnection events
2025-09-05 11:24:45,211 [FATAL] Updater:351 - Updater called before beeing initialized
2025-09-05 11:24:45,212 [ERROR] CADModel:125 - Updater not yet initialized, retry later 
2025-09-05 11:24:45,239 [FATAL] Updater:351 - Updater called before beeing initialized
2025-09-05 11:24:45,371 [FATAL] Updater:351 - Updater called before beeing initialized
2025-09-05 11:24:45,374 [INFO] DbMcusAds:53 - JSON generation date=Tue Jul 08 15:14:23 ICT 2025 (1751962463593)
2025-09-05 11:24:45,374 [FATAL] Updater:351 - Updater called before beeing initialized
2025-09-05 11:24:45,401 [WARN] DetailPanel:346 - Failed to get advertising image, set to default
2025-09-05 11:24:45,482 [FATAL] Updater:351 - Updater called before beeing initialized
2025-09-05 11:24:45,483 [FATAL] Updater:351 - Updater called before beeing initialized
2025-09-05 11:24:45,484 [FATAL] Updater:351 - Updater called before beeing initialized
2025-09-05 11:24:45,485 [WARN] DetailPanel:346 - Failed to get advertising image, set to default
2025-09-05 11:24:45,486 [FATAL] Updater:351 - Updater called before beeing initialized
2025-09-05 11:24:45,537 [ERROR] Updater:1198 - MainUpdater not yet initialized. External WinMGr cannot be set.
2025-09-05 11:24:45,538 [INFO] Updater:1134 - Updater Version found : 6.15.0
2025-09-05 11:24:45,553 [INFO] ApplicationProperties:184 - Using Application install path: C:\ST\STM32CubeIDE_1.16.1\STM32CubeIDE\plugins\com.st.stm32cube.common.mx_6.15.0.202507011659
2025-09-05 11:24:47,129 [ERROR] LogOutputStream:75 - [STDERR_REDIRECT] Sep 05, 2025 11:24:47 AM java.util.prefs.WindowsPreferences <init>
2025-09-05 11:24:47,131 [ERROR] LogOutputStream:75 - [STDERR_REDIRECT] WARNING: Could not open/create prefs root node Software\JavaSoft\Prefs at root 0xffffffff80000002. Windows RegCreateKeyEx(...) returned error code 5.
2025-09-05 11:24:47,131 [ERROR] LogOutputStream:75 - [STDERR_REDIRECT] 
2025-09-05 11:24:47,147 [INFO] ThirdPartyUpdaterWithRetryManager:70 - Updater plugin not ready yet. [2/15]
2025-09-05 11:24:47,683 [INFO] MainUpdater:2872 - connection check result : 10
2025-09-05 11:24:47,684 [INFO] MainUpdater:289 - Updater Check For Update Now.
2025-09-05 11:24:47,685 [INFO] MicroXplorer:498 - Change Database Version : DB.6.0.150
2025-09-05 11:24:47,712 [INFO] McuFinderGlobals:63 - Set McuFinder mode to 2 (CubeIDE integrated)
2025-09-05 11:24:47,713 [INFO] UserAuth:487 - Internet connection configuration mode: 1
2025-09-05 11:24:47,763 [INFO] JxBrowserEngine:152 - Initiate JxBrowser Engine with user profile folder
2025-09-05 11:24:47,897 [INFO] CheckServerUpdateThread:120 - End of CheckServer Thread
2025-09-05 11:24:48,463 [INFO] WebApp:169 - Instantiating new browser for Auth
2025-09-05 11:24:49,163 [INFO] WebApp:463 - Apply proxy settings
2025-09-05 11:24:49,164 [INFO] WebApp:548 - Chromium requires no authentication
2025-09-05 11:24:49,172 [INFO] WebApp:491 - Direct internet connection detected
2025-09-05 11:24:49,197 [INFO] WebApp:900 - Register for checkConnection events
2025-09-05 11:24:49,198 [INFO] WebApp:463 - Apply proxy settings
2025-09-05 11:24:49,198 [INFO] WebApp:548 - Chromium requires no authentication
2025-09-05 11:24:49,199 [INFO] WebApp:491 - Direct internet connection detected
2025-09-05 11:24:49,468 [INFO] WebApp:191 - Connection restablished
2025-09-05 11:24:49,493 [INFO] WebApp:225 - Starting web application
2025-09-05 11:24:49,493 [INFO] WebApp:593 - Web application path used C:\ST\STM32CubeIDE_1.16.1\STM32CubeIDE\plugins\com.st.stm32cube.common.mx_6.15.0.202507011659\db\plugins\mcufinder\reactClient1\index.html
2025-09-05 11:24:49,580 [INFO] UserAuth:487 - Internet connection configuration mode: 1
2025-09-05 11:24:50,370 [WARN] PackLoader:240 - Cannot read IP mode file for STMicroelectronics.FP-SNS-MOTENVWB1.1.4.0
2025-09-05 11:24:50,384 [WARN] PackLoader:240 - Cannot read IP mode file for STMicroelectronics.FP-ATR-ASTRA1.2.0.2
2025-09-05 11:24:50,389 [WARN] PackLoader:240 - Cannot read IP mode file for STMicroelectronics.FP-ATR-ASTRA1.2.0.1
2025-09-05 11:24:50,410 [WARN] PackLoader:240 - Cannot read IP mode file for STMicroelectronics.X-CUBE-SMBUS.2.1.0
2025-09-05 11:24:50,421 [WARN] PackLoader:240 - Cannot read IP mode file for STMicroelectronics.X-CUBE-WB05N.1.1.0
2025-09-05 11:24:50,429 [WARN] PackLoader:240 - Cannot read IP mode file for STMicroelectronics.X-CUBE-ST60.1.0.0
2025-09-05 11:24:50,477 [WARN] PackLoader:240 - Cannot read IP mode file for STMicroelectronics.X-CUBE-AZRTOS-F7.1.1.0
2025-09-05 11:24:50,528 [WARN] PackLoader:240 - Cannot read IP mode file for STMicroelectronics.X-CUBE-MEMS1.11.0.0
2025-09-05 11:24:50,638 [WARN] PackLoader:240 - Cannot read IP mode file for STMicroelectronics.FP-SNS-FLIGHT1.5.0.2
2025-09-05 11:24:50,690 [WARN] PackLoader:240 - Cannot read IP mode file for STMicroelectronics.X-CUBE-AZRTOS-H7.3.4.0
2025-09-05 11:24:50,702 [WARN] PackLoader:240 - Cannot read IP mode file for STMicroelectronics.X-CUBE-DISPLAY.3.0.0
2025-09-05 11:24:50,710 [WARN] PackLoader:240 - Cannot read IP mode file for STMicroelectronics.X-CUBE-BLE1.7.0.0
2025-09-05 11:24:50,716 [WARN] PackLoader:240 - Cannot read IP mode file for STMicroelectronics.X-CUBE-NFC10.1.0.0
2025-09-05 11:24:50,726 [WARN] PackLoader:240 - Cannot read IP mode file for STMicroelectronics.X-CUBE-BLEMGR.4.0.0
2025-09-05 11:24:50,734 [WARN] PackLoader:240 - Cannot read IP mode file for emotas.I-CUBE-CANOPEN.1.3.0
2025-09-05 11:24:50,741 [WARN] PackLoader:240 - Cannot read IP mode file for STMicroelectronics.X-CUBE-BLEMGR.3.1.0
2025-09-05 11:24:50,746 [WARN] PackLoader:240 - Cannot read IP mode file for STMicroelectronics.X-CUBE-AI.10.0.0
2025-09-05 11:24:50,754 [WARN] PackLoader:240 - Cannot read IP mode file for STMicroelectronics.FP-SNS-STBOX1.2.1.0
2025-09-05 11:24:50,760 [WARN] PackLoader:240 - Cannot read IP mode file for STMicroelectronics.FP-SNS-SMARTAG2.1.2.0
2025-09-05 11:24:50,764 [WARN] PackLoader:240 - Cannot read IP mode file for STMicroelectronics.FP-SNS-FLIGHT1.5.1.0
2025-09-05 11:24:50,799 [WARN] PackLoader:240 - Cannot read IP mode file for STMicroelectronics.X-CUBE-MEMS1.11.1.0
2025-09-05 11:24:50,901 [INFO] LogOutputStream:77 - [STDOUT_REDIRECT] 1 : Invalid condition id : UX_CORESTACK_Condition cause : null
2025-09-05 11:24:50,902 [INFO] LogOutputStream:77 - [STDOUT_REDIRECT] 1 : Invalid condition id : UX_CORESTACK_Condition cause : null
2025-09-05 11:24:50,904 [INFO] LogOutputStream:77 - [STDOUT_REDIRECT] 1 : Invalid condition id : UX_CORESTACK_Condition cause : null
2025-09-05 11:24:50,906 [INFO] LogOutputStream:77 - [STDOUT_REDIRECT] 1 : Invalid condition id : UX_CORESTACK_Condition cause : null
2025-09-05 11:24:50,909 [INFO] LogOutputStream:77 - [STDOUT_REDIRECT] 1 : Invalid condition id : UX_CORESTACK_Condition cause : null
2025-09-05 11:24:50,912 [WARN] PackLoader:240 - Cannot read IP mode file for STMicroelectronics.X-CUBE-AZRTOS-WL.2.0.0
2025-09-05 11:24:50,918 [WARN] PackLoader:240 - Cannot read IP mode file for STMicroelectronics.FP-SNS-MOTENV1.5.0.0
2025-09-05 11:24:50,924 [WARN] PackLoader:240 - Cannot read IP mode file for wolfSSL.I-CUBE-wolfMQTT.1.19.0
2025-09-05 11:24:50,938 [WARN] PackLoader:240 - Cannot read IP mode file for WES.I-CUBE-Cesium.1.3.0
2025-09-05 11:24:50,945 [WARN] PackLoader:240 - Cannot read IP mode file for STMicroelectronics.X-CUBE-BLE2.3.3.0
2025-09-05 11:24:50,952 [WARN] PackLoader:240 - Cannot read IP mode file for STMicroelectronics.X-CUBE-NFC9.1.0.0
2025-09-05 11:24:50,957 [WARN] PackLoader:240 - Cannot read IP mode file for STMicroelectronics.X-CUBE-BLE1.7.1.0
2025-09-05 11:24:50,962 [WARN] PackLoader:240 - Cannot read IP mode file for STMicroelectronics.X-CUBE-TCPP.4.1.0
2025-09-05 11:24:50,969 [WARN] PackLoader:240 - Cannot read IP mode file for STMicroelectronics.X-CUBE-EEPRMA1.5.2.0
2025-09-05 11:24:50,973 [WARN] PackLoader:240 - Cannot read IP mode file for STMicroelectronics.X-CUBE-AI.10.1.0
2025-09-05 11:24:51,012 [WARN] PackLoader:240 - Cannot read IP mode file for STMicroelectronics.X-CUBE-MEMS1.11.2.0
2025-09-05 11:24:51,118 [WARN] PackLoader:240 - Cannot read IP mode file for STMicroelectronics.X-CUBE-AZRTOS-G0.1.1.0
2025-09-05 11:24:51,124 [WARN] PackLoader:240 - Cannot read IP mode file for STMicroelectronics.X-CUBE-SAFEA1.1.2.2
2025-09-05 11:24:51,130 [WARN] PackLoader:240 - Cannot read IP mode file for STMicroelectronics.X-CUBE-NFC4.3.0.0
2025-09-05 11:24:51,138 [WARN] PackLoader:240 - Cannot read IP mode file for EmbeddedOffice.I-CUBE-FS-RTOS.1.0.1
2025-09-05 11:24:51,144 [WARN] PackLoader:240 - Cannot read IP mode file for STMicroelectronics.X-CUBE-WB05N.2.0.0
2025-09-05 11:24:51,149 [WARN] PackLoader:240 - Cannot read IP mode file for STMicroelectronics.X-CUBE-TCPP.4.2.0
2025-09-05 11:24:51,156 [WARN] PackLoader:240 - Cannot read IP mode file for RealThread.X-CUBE-RT-Thread_Nano.4.1.1
2025-09-05 11:24:51,160 [WARN] PackLoader:240 - Cannot read IP mode file for STMicroelectronics.FP-ATR-SIGFOX1.3.2.0
2025-09-05 11:24:51,164 [WARN] ConditionMgr:438 - getConditionDescription Invalid condition id : Cortex-A Device cause : null
2025-09-05 11:24:51,195 [WARN] ConditionMgr:1044 - genDependencies : Invalid condition id : Cortex-A Device cause : null
2025-09-05 11:24:51,196 [WARN] ConditionMgr:1044 - genDependencies : Invalid condition id : Cortex-A Device cause : null
2025-09-05 11:24:51,196 [WARN] ConditionMgr:1044 - genDependencies : Invalid condition id : Cortex-A Device cause : null
2025-09-05 11:24:51,201 [WARN] PackLoader:240 - Cannot read IP mode file for STMicroelectronics.X-CUBE-EEPRMA1.5.1.0
2025-09-05 11:24:51,206 [WARN] PackLoader:240 - Cannot read IP mode file for wolfSSL.I-CUBE-wolfSSL.5.7.4
2025-09-05 11:24:51,211 [WARN] PackLoader:240 - Cannot read IP mode file for ITTIA_DB.I-CUBE-ITTIADB.8.9.0
2025-09-05 11:24:51,221 [WARN] PackLoader:240 - Cannot read IP mode file for STMicroelectronics.X-CUBE-ST67W61.1.0.0
2025-09-05 11:24:51,224 [WARN] PackLoader:240 - Cannot read IP mode file for STMicroelectronics.X-CUBE-AI.10.2.0
2025-09-05 11:24:51,245 [WARN] PackLoader:240 - Cannot read IP mode file for SEGGER.I-CUBE-embOS.1.3.1
2025-09-05 11:24:51,278 [WARN] PackLoader:240 - Cannot read IP mode file for STMicroelectronics.X-CUBE-ALGOBUILD.1.4.0
2025-09-05 11:24:51,340 [WARN] PackLoader:240 - Cannot read IP mode file for STMicroelectronics.X-CUBE-MEMS1.11.3.0
2025-09-05 11:24:51,429 [WARN] PackLoader:240 - Cannot read IP mode file for STMicroelectronics.X-CUBE-AI.9.1.0
2025-09-05 11:24:51,434 [WARN] PackLoader:240 - Cannot read IP mode file for STMicroelectronics.X-CUBE-PM33A1.1.0.0
2025-09-05 11:24:51,447 [WARN] PackLoader:240 - Cannot read IP mode file for STMicroelectronics.X-CUBE-AZRTOS-F4.1.1.0
2025-09-05 11:24:51,452 [WARN] PackLoader:240 - Cannot read IP mode file for Avnet-IotConnect.X-CUBE-IoTC-DA16k-PMOD.1.0.0
2025-09-05 11:24:51,455 [WARN] PackLoader:240 - Cannot read IP mode file for STMicroelectronics.X-CUBE-ISPU.2.1.0
2025-09-05 11:24:51,460 [WARN] PackLoader:240 - Cannot read IP mode file for STMicroelectronics.X-CUBE-FREERTOS.1.2.0
2025-09-05 11:24:51,465 [WARN] PackLoader:240 - Cannot read IP mode file for STMicroelectronics.X-CUBE-NFC12.1.0.0
2025-09-05 11:24:51,478 [WARN] PackLoader:240 - Cannot read IP mode file for STMicroelectronics.X-CUBE-AZRTOS-L5.2.0.0
2025-09-05 11:24:51,487 [WARN] PackLoader:240 - Cannot read IP mode file for STMicroelectronics.X-CUBE-NFC6.3.1.0
2025-09-05 11:24:51,493 [WARN] PackLoader:240 - Cannot read IP mode file for STMicroelectronics.X-CUBE-DPower.1.2.0
2025-09-05 11:24:51,500 [WARN] PackLoader:240 - Cannot read IP mode file for STMicroelectronics.X-CUBE-FREERTOS.1.3.1
2025-09-05 11:24:51,505 [WARN] PackLoader:240 - Cannot read IP mode file for STMicroelectronics.X-CUBE-FREERTOS.1.3.0
2025-09-05 11:24:51,510 [WARN] PackLoader:240 - Cannot read IP mode file for STMicroelectronics.X-CUBE-NFC7.1.0.1
2025-09-05 11:24:51,515 [WARN] PackLoader:240 - Cannot read IP mode file for STMicroelectronics.FP-SNS-STAIOTCFT.1.0.0
2025-09-05 11:24:51,526 [WARN] PackLoader:240 - Cannot read IP mode file for STMicroelectronics.X-CUBE-DPower.1.3.0
2025-09-05 11:24:51,541 [WARN] ConditionMgr:438 - getConditionDescription Invalid condition id : LAN8742 Phy interface Condition cause : null
2025-09-05 11:24:51,541 [WARN] PackLoader:240 - Cannot read IP mode file for STMicroelectronics.X-CUBE-AZRTOS-L4.2.0.0
2025-09-05 11:24:51,542 [WARN] ConditionMgr:1044 - genDependencies : Invalid condition id : LAN8742 Phy interface Condition cause : null
2025-09-05 11:24:51,542 [WARN] ConditionMgr:1044 - genDependencies : Invalid condition id : LAN8742 Phy interface Condition cause : null
2025-09-05 11:24:51,542 [WARN] ConditionMgr:1044 - genDependencies : Invalid condition id : LAN8742 Phy interface Condition cause : null
2025-09-05 11:24:51,549 [WARN] PackLoader:240 - Cannot read IP mode file for STMicroelectronics.X-CUBE-SFXS2LP1.4.0.0
2025-09-05 11:24:51,567 [WARN] PackLoader:240 - Cannot read IP mode file for STMicroelectronics.X-CUBE-AZRTOS-H7.3.3.0
2025-09-05 11:24:51,578 [WARN] PackLoader:240 - Cannot read IP mode file for STMicroelectronics.X-CUBE-BLEMGR.4.1.0
2025-09-05 11:24:51,590 [WARN] PackLoader:240 - Cannot read IP mode file for STMicroelectronics.X-CUBE-IPS.3.0.0
2025-09-05 11:24:51,602 [WARN] ConditionMgr:438 - getConditionDescription Invalid condition id : UX DEVICE CLASS RTOS Condition cause : null
2025-09-05 11:24:51,602 [WARN] ConditionMgr:438 - getConditionDescription Invalid condition id : UX DEVICE CLASS RTOS Condition cause : null
2025-09-05 11:24:51,604 [WARN] PackLoader:240 - Cannot read IP mode file for STMicroelectronics.X-CUBE-AZRTOS-WB.2.0.0
2025-09-05 11:24:51,604 [WARN] ConditionMgr:1044 - genDependencies : Invalid condition id : UX DEVICE CLASS RTOS Condition cause : null
2025-09-05 11:24:51,604 [WARN] ConditionMgr:1044 - genDependencies : Invalid condition id : UX DEVICE CLASS RTOS Condition cause : null
2025-09-05 11:24:51,605 [WARN] ConditionMgr:1044 - genDependencies : Invalid condition id : UX DEVICE CLASS RTOS Condition cause : null
2025-09-05 11:24:51,605 [WARN] ConditionMgr:1044 - genDependencies : Invalid condition id : UX DEVICE CLASS RTOS Condition cause : null
2025-09-05 11:24:51,605 [WARN] ConditionMgr:1044 - genDependencies : Invalid condition id : UX DEVICE CLASS RTOS Condition cause : null
2025-09-05 11:24:51,611 [WARN] PackLoader:240 - Cannot read IP mode file for STMicroelectronics.X-CUBE-GNSS1.7.0.0
2025-09-05 11:24:51,616 [WARN] PackLoader:240 - Cannot read IP mode file for STMicroelectronics.X-CUBE-GNSS1.7.0.1
2025-09-05 11:24:51,625 [WARN] PackLoader:240 - Cannot read IP mode file for STMicroelectronics.X-CUBE-TOUCHGFX.4.25.0
2025-09-05 11:24:51,629 [WARN] PackLoader:240 - Cannot read IP mode file for STMicroelectronics.FP-SNS-STBOX1.2.0.0
2025-09-05 11:24:51,638 [WARN] PackLoader:240 - Cannot read IP mode file for STMicroelectronics.X-CUBE-SUBG2.5.0.0
2025-09-05 11:24:51,653 [WARN] PackLoader:240 - Cannot read IP mode file for STMicroelectronics.X-CUBE-AZRTOS-H7RS.1.1.0
2025-09-05 11:24:51,658 [WARN] PackLoader:240 - Cannot read IP mode file for Cesanta.I-CUBE-Mongoose.7.13.0
2025-09-05 11:24:51,670 [WARN] PackLoader:240 - Cannot read IP mode file for STMicroelectronics.X-CUBE-AZRTOS-G4.2.0.0
2025-09-05 11:24:51,675 [WARN] PackLoader:240 - Cannot read IP mode file for STMicroelectronics.X-CUBE-NFC7.2.0.0
2025-09-05 11:24:51,685 [WARN] PackLoader:240 - Cannot read IP mode file for STMicroelectronics.X-CUBE-IPS.3.1.0
2025-09-05 11:24:51,698 [WARN] PackLoader:240 - Cannot read IP mode file for STMicroelectronics.X-CUBE-ALS.1.0.2
2025-09-05 11:24:51,702 [WARN] PackLoader:240 - Cannot read IP mode file for STMicroelectronics.X-CUBE-TOUCHGFX.4.24.2
2025-09-05 11:24:51,707 [WARN] PackLoader:240 - Cannot read IP mode file for STMicroelectronics.X-CUBE-TOUCHGFX.4.24.1
2025-09-05 11:24:51,710 [WARN] PackLoader:240 - Cannot read IP mode file for wolfSSL.I-CUBE-wolfTPM.3.4.0
2025-09-05 11:24:51,715 [WARN] PackLoader:240 - Cannot read IP mode file for portGmbH.I-Cube-SoM-uGOAL.1.1.0
2025-09-05 11:24:51,726 [WARN] PackLoader:240 - Cannot read IP mode file for STMicroelectronics.X-CUBE-AZRTOS-H7RS.1.0.0
2025-09-05 11:24:51,731 [WARN] PackLoader:240 - Cannot read IP mode file for STMicroelectronics.FP-ATR-ASTRA1.2.0.0
2025-09-05 11:24:51,739 [WARN] PackLoader:240 - Cannot read IP mode file for STMicroelectronics.X-CUBE-TOF1.3.4.2
2025-09-05 11:24:51,755 [WARN] PackLoader:240 - Cannot read IP mode file for STMicroelectronics.X-CUBE-TOF1.3.4.3
2025-09-05 11:24:51,775 [WARN] PackLoader:240 - Cannot read IP mode file for Infineon.AIROC-Wi-Fi-Bluetooth-STM32.1.6.1
2025-09-05 11:24:51,782 [WARN] PackLoader:240 - Cannot read IP mode file for wolfSSL.I-CUBE-wolfSSH.1.4.17
2025-09-05 11:24:51,783 [INFO] ThirdParty:978 - Integrity check success = true
2025-09-05 11:24:51,783 [INFO] IntegrityCheckThread:100 - exiting critical section [integrity check]
2025-09-05 11:24:51,783 [INFO] IntegrityCheckThread:103 - End integrity checks thread
2025-09-05 11:39:35,003 [INFO] WebApp:194 - Connection lost
2025-09-05 11:39:44,287 [INFO] WebApp:191 - Connection restablished
2025-09-05 11:40:07,036 [INFO] WebApp:194 - Connection lost
2025-09-05 11:40:07,186 [INFO] WebApp:191 - Connection restablished
2025-09-05 11:40:10,510 [INFO] WebApp:194 - Connection lost
2025-09-05 11:40:10,824 [INFO] WebApp:191 - Connection restablished
2025-09-05 14:18:12,521 [INFO] WebApp:194 - Connection lost
2025-09-05 14:18:12,803 [INFO] WebApp:191 - Connection restablished
2025-09-05 14:36:15,634 [ERROR] LogOutputStream:75 - [STDERR_REDIRECT] 
2025-09-05 14:36:15,635 [ERROR] LogOutputStream:75 - [STDERR_REDIRECT] 
