2026-01-27 08:18:39,607 [INFO] Activator:176 - 


2026-01-27 08:18:39,612 [INFO] Activator:177 - !SESSION log4j initialized
2026-01-27 08:19:13,195 [INFO] LogOutputStream:77 - [STDOUT_REDIRECT] 
2026-01-27 08:19:20,431 [INFO] ApplicationProperties:184 - Using Application install path: C:\ST\STM32CubeIDE_1.16.1\STM32CubeIDE\plugins\com.st.stm32cube.common.mx_6.15.0.202507011659
2026-01-27 08:19:20,456 [INFO] DbMcusXml:78 - Set database path to: C:\ST\STM32CubeIDE_1.16.1\STM32CubeIDE\plugins\com.st.stm32cube.common.mx_6.15.0.202507011659\\db\/mcu/
2026-01-27 08:19:20,457 [INFO] ApiDb:274 - Set plugin database path to: C:\ST\STM32CubeIDE_1.16.1\STM32CubeIDE\plugins\com.st.stm32cube.common.mx_6.15.0.202507011659\\db\/plugins/boardmanager/
2026-01-27 08:19:20,457 [WARN] ApiDb:259 - Overriding images path with different value:  => C:\ST\STM32CubeIDE_1.16.1\STM32CubeIDE\plugins\com.st.stm32cube.common.mx_6.15.0.202507011659\\db\/plugins/mcufinder/images/
2026-01-27 08:19:20,472 [INFO] ApiDb:250 - Set database path to: C:\Users\Chinnapop\.stmcufinder\plugins\mcufinder//mcu/
2026-01-27 08:19:20,473 [INFO] DbMcusAds:125 - Set database path to: C:\Users\Chinnapop\.stmcufinder\plugins\mcufinder//mcu/
2026-01-27 08:19:20,477 [INFO] CrossReferenceDbSqlite:203 - Set database path to: C:\Users\Chinnapop\.stmcufinder\plugins\mcufinder//mcu/cs/
2026-01-27 08:19:20,648 [INFO] RulesReader:64 - Compatibility file has been processed (317 Rules)
2026-01-27 08:19:20,740 [INFO] DbMcusXml:78 - Set database path to: C:\ST\STM32CubeIDE_1.16.1\STM32CubeIDE\plugins\com.st.stm32cube.common.mx_6.15.0.202507011659\\db\/mcu/
2026-01-27 08:19:20,740 [INFO] ApiDb:274 - Set plugin database path to: C:\ST\STM32CubeIDE_1.16.1\STM32CubeIDE\plugins\com.st.stm32cube.common.mx_6.15.0.202507011659\\db\/plugins/boardmanager/
2026-01-27 08:19:20,740 [INFO] ApiDb:261 - Set plugin images path to: C:\ST\STM32CubeIDE_1.16.1\STM32CubeIDE\plugins\com.st.stm32cube.common.mx_6.15.0.202507011659\\db\/plugins/mcufinder/images/
2026-01-27 08:19:20,741 [WARN] DbFile:41 - Overriding database path with different value: C:\Users\Chinnapop\.stmcufinder\plugins\mcufinder/ => C:\Users\Chinnapop\.stmcufinder\plugins\mcufinder
2026-01-27 08:19:20,741 [INFO] ApiDb:250 - Set database path to: C:\Users\Chinnapop\.stmcufinder\plugins\mcufinder//mcu/
2026-01-27 08:19:20,741 [WARN] DbFile:41 - Overriding database path with different value: C:\Users\Chinnapop\.stmcufinder\plugins\mcufinder/ => C:\Users\Chinnapop\.stmcufinder\plugins\mcufinder
2026-01-27 08:19:20,741 [INFO] DbMcusAds:125 - Set database path to: C:\Users\Chinnapop\.stmcufinder\plugins\mcufinder//mcu/
2026-01-27 08:19:20,741 [WARN] DbFile:41 - Overriding database path with different value: C:\Users\Chinnapop\.stmcufinder\plugins\mcufinder/ => C:\Users\Chinnapop\.stmcufinder\plugins\mcufinder
2026-01-27 08:19:20,741 [WARN] DbFile:41 - Overriding database path with different value: C:\Users\Chinnapop\.stmcufinder\plugins\mcufinder/ => C:\Users\Chinnapop\.stmcufinder\plugins\mcufinder
2026-01-27 08:19:20,741 [INFO] CrossReferenceDbSqlite:203 - Set database path to: C:\Users\Chinnapop\.stmcufinder\plugins\mcufinder//mcu/cs/
2026-01-27 08:19:20,843 [INFO] MainPanel:274 - HeapMemory: 268435456
2026-01-27 08:19:21,023 [INFO] DbMcusXml:78 - Set database path to: C:\ST\STM32CubeIDE_1.16.1\STM32CubeIDE\plugins\com.st.stm32cube.common.mx_6.15.0.202507011659\\db\/mcu/
2026-01-27 08:19:21,023 [INFO] ApiDb:274 - Set plugin database path to: C:\ST\STM32CubeIDE_1.16.1\STM32CubeIDE\plugins\com.st.stm32cube.common.mx_6.15.0.202507011659\\db\/plugins/boardmanager/
2026-01-27 08:19:21,023 [INFO] ApiDb:261 - Set plugin images path to: C:\ST\STM32CubeIDE_1.16.1\STM32CubeIDE\plugins\com.st.stm32cube.common.mx_6.15.0.202507011659\\db\/plugins/mcufinder/images/
2026-01-27 08:19:21,024 [WARN] DbFile:41 - Overriding database path with different value: C:\Users\Chinnapop\.stmcufinder\plugins\mcufinder/ => C:\Users\Chinnapop\.stmcufinder\plugins\mcufinder
2026-01-27 08:19:21,024 [INFO] ApiDb:250 - Set database path to: C:\Users\Chinnapop\.stmcufinder\plugins\mcufinder//mcu/
2026-01-27 08:19:21,024 [WARN] DbFile:41 - Overriding database path with different value: C:\Users\Chinnapop\.stmcufinder\plugins\mcufinder/ => C:\Users\Chinnapop\.stmcufinder\plugins\mcufinder
2026-01-27 08:19:21,024 [INFO] DbMcusAds:125 - Set database path to: C:\Users\Chinnapop\.stmcufinder\plugins\mcufinder//mcu/
2026-01-27 08:19:21,024 [WARN] DbFile:41 - Overriding database path with different value: C:\Users\Chinnapop\.stmcufinder\plugins\mcufinder/ => C:\Users\Chinnapop\.stmcufinder\plugins\mcufinder
2026-01-27 08:19:21,024 [WARN] DbFile:41 - Overriding database path with different value: C:\Users\Chinnapop\.stmcufinder\plugins\mcufinder/ => C:\Users\Chinnapop\.stmcufinder\plugins\mcufinder
2026-01-27 08:19:21,024 [INFO] CrossReferenceDbSqlite:203 - Set database path to: C:\Users\Chinnapop\.stmcufinder\plugins\mcufinder//mcu/cs/
2026-01-27 08:19:21,069 [INFO] ApplicationProperties:184 - Using Application install path: C:\ST\STM32CubeIDE_1.16.1\STM32CubeIDE\plugins\com.st.stm32cube.common.mx_6.15.0.202507011659
2026-01-27 08:19:21,072 [INFO] PluginManage:196 - Search for loadable plugins [exclusion list=, ]
2026-01-27 08:19:21,076 [INFO] PluginManage:310 - Check plugin analytics
2026-01-27 08:19:26,261 [INFO] AnalyticsPlugin:253 - Accepted Software Licenses: 
2026-01-27 08:19:26,261 [INFO] AnalyticsPlugin:255 - Accepted CMSIS Pack Licenses: 
2026-01-27 08:19:26,261 [INFO] AnalyticsPlugin:257 - Accepted Firmware Licenses: FW.F7.1.17.0
2026-01-27 08:19:26,264 [INFO] PluginManage:359 - Loaded plugin analytics (category:tool,tabindex:-1)
2026-01-27 08:19:26,264 [INFO] PluginManage:310 - Check plugin cadmodel
2026-01-27 08:19:26,286 [INFO] CADModel:105 - Init CAD model plugin
2026-01-27 08:19:26,286 [INFO] PluginManage:359 - Loaded plugin cadmodel (category:power,tabindex:5)
2026-01-27 08:19:26,286 [INFO] PluginManage:310 - Check plugin clock
2026-01-27 08:19:26,310 [INFO] PluginManage:359 - Loaded plugin clock (category:base,tabindex:2)
2026-01-27 08:19:26,311 [INFO] PluginManage:310 - Check plugin ddr
2026-01-27 08:19:26,314 [INFO] PluginManage:359 - Loaded plugin ddr (category:tool,tabindex:6)
2026-01-27 08:19:26,314 [INFO] PluginManage:310 - Check plugin filemanager
2026-01-27 08:19:26,504 [INFO] PluginManage:359 - Loaded plugin filemanager (category:base,tabindex:10)
2026-01-27 08:19:26,504 [INFO] PluginManage:310 - Check plugin ipmanager
2026-01-27 08:19:26,511 [INFO] PluginManage:359 - Loaded plugin ipmanager (category:base,tabindex:5)
2026-01-27 08:19:26,511 [INFO] PluginManage:310 - Check plugin lpbam
2026-01-27 08:19:26,533 [INFO] PluginManage:359 - Loaded plugin lpbam (category:base,tabindex:0)
2026-01-27 08:19:26,533 [INFO] PluginManage:310 - Check plugin memorymap
2026-01-27 08:19:26,561 [INFO] PluginManage:359 - Loaded plugin memorymap (category:base,tabindex:4)
2026-01-27 08:19:26,561 [INFO] PluginManage:310 - Check plugin pinoutandconfiguration
2026-01-27 08:19:26,587 [INFO] PluginManage:359 - Loaded plugin pinoutandconfiguration (category:base,tabindex:1)
2026-01-27 08:19:26,587 [INFO] PluginManage:310 - Check plugin pinoutconfig
2026-01-27 08:19:26,733 [WARN] SupportedApi:132 - Cannot load RTOS API schema: s4s-elt-must-match.1: The content of 'definitions' must match (annotation?, (simpleType | complexType)?, (unique | key | keyref)*)). A problem was found starting at: attribute.
2026-01-27 08:19:26,871 [INFO] PluginManage:359 - Loaded plugin pinoutconfig (category:base,tabindex:0)
2026-01-27 08:19:26,872 [INFO] PluginManage:310 - Check plugin power
2026-01-27 08:19:26,903 [INFO] PluginManage:359 - Loaded plugin power (category:power,tabindex:4)
2026-01-27 08:19:26,903 [INFO] PluginManage:310 - Check plugin projectmanager
2026-01-27 08:19:26,934 [INFO] PluginManage:359 - Loaded plugin projectmanager (category:projectmanager,tabindex:4)
2026-01-27 08:19:26,935 [INFO] PluginManage:310 - Check plugin rif
2026-01-27 08:19:26,975 [INFO] PluginManage:359 - Loaded plugin rif (category:base,tabindex:3)
2026-01-27 08:19:26,975 [INFO] PluginManage:310 - Check plugin thirdparty
2026-01-27 08:19:27,464 [INFO] PluginManage:359 - Loaded plugin thirdparty (category:base,tabindex:-1)
2026-01-27 08:19:27,464 [WARN] IntegrityCheckThread:84 - waiting for thirdparty lock release [integrity check]
2026-01-27 08:19:27,466 [INFO] PluginManage:310 - Check plugin tools
2026-01-27 08:19:27,466 [INFO] IntegrityCheckThread:86 - entering critical section [integrity check]
2026-01-27 08:19:27,466 [INFO] ThirdPartyUpdaterWithRetryManager:70 - Updater plugin not ready yet. [1/15]
2026-01-27 08:19:27,524 [INFO] PluginManage:359 - Loaded plugin tools (category:base,tabindex:7)
2026-01-27 08:19:27,524 [INFO] PluginManage:310 - Check plugin tutovideos
2026-01-27 08:19:27,904 [INFO] PluginManage:359 - Loaded plugin tutovideos (category:base,tabindex:-1)
2026-01-27 08:19:27,904 [INFO] PluginManage:310 - Check plugin updater
2026-01-27 08:19:27,927 [INFO] PluginManage:359 - Loaded plugin updater (category:base,tabindex:12)
2026-01-27 08:19:27,927 [INFO] PluginManage:310 - Check plugin userauth
2026-01-27 08:19:27,932 [INFO] UserAuth:118 - Init User Auth plugin
2026-01-27 08:19:27,933 [INFO] PluginManage:359 - Loaded plugin userauth (category:base,tabindex:14)
2026-01-27 08:19:27,934 [INFO] PluginManage:283 - PluginManage : Loaded plugins [18]
2026-01-27 08:19:28,164 [INFO] PinOutPanel:1589 - setPackage(No Configuration,No Configuration)
2026-01-27 08:19:28,248 [INFO] CADModel:165 - CPN selected for project level
2026-01-27 08:19:28,248 [INFO] CADModel:114 - Register for checkConnection events
2026-01-27 08:19:28,280 [INFO] IPUIPlugin:80 - create IPUIPlugin
2026-01-27 08:19:28,280 [INFO] PluginManager:220 - loadIPPluginJar : add adc
2026-01-27 08:19:28,327 [INFO] IPUIPlugin:80 - create IPUIPlugin
2026-01-27 08:19:28,328 [INFO] PluginManager:220 - loadIPPluginJar : add aes
2026-01-27 08:19:28,380 [INFO] IPUIPlugin:80 - create IPUIPlugin
2026-01-27 08:19:28,381 [INFO] PluginManager:220 - loadIPPluginJar : add can
2026-01-27 08:19:28,418 [INFO] IPUIPlugin:80 - create IPUIPlugin
2026-01-27 08:19:28,418 [INFO] PluginManager:220 - loadIPPluginJar : add comp
2026-01-27 08:19:28,464 [INFO] IPUIPlugin:80 - create IPUIPlugin
2026-01-27 08:19:28,464 [INFO] PluginManager:220 - loadIPPluginJar : add cryp
2026-01-27 08:19:28,488 [INFO] IPUIPlugin:80 - create IPUIPlugin
2026-01-27 08:19:28,489 [INFO] PluginManager:220 - loadIPPluginJar : add ddr_ctrl_phy
2026-01-27 08:19:28,529 [INFO] IPUIPlugin:80 - create IPUIPlugin
2026-01-27 08:19:28,529 [INFO] PluginManager:220 - loadIPPluginJar : add dfsdm
2026-01-27 08:19:28,554 [INFO] IPUIPlugin:80 - create IPUIPlugin
2026-01-27 08:19:28,554 [INFO] PluginManager:220 - loadIPPluginJar : add dma
2026-01-27 08:19:28,635 [INFO] IPUIPlugin:80 - create IPUIPlugin
2026-01-27 08:19:28,636 [INFO] PluginManager:220 - loadIPPluginJar : add dma3
2026-01-27 08:19:28,725 [INFO] IPUIPlugin:80 - create IPUIPlugin
2026-01-27 08:19:28,725 [INFO] PluginManager:220 - loadIPPluginJar : add extmemmanager
2026-01-27 08:19:28,767 [INFO] IPUIPlugin:80 - create IPUIPlugin
2026-01-27 08:19:28,767 [INFO] PluginManager:220 - loadIPPluginJar : add fatfs
2026-01-27 08:19:28,827 [INFO] IPUIPlugin:80 - create IPUIPlugin
2026-01-27 08:19:28,828 [INFO] PluginManager:220 - loadIPPluginJar : add fmc
2026-01-27 08:19:28,853 [INFO] IPUIPlugin:80 - create IPUIPlugin
2026-01-27 08:19:28,854 [INFO] PluginManager:220 - loadIPPluginJar : add freertos
2026-01-27 08:19:28,899 [INFO] IPUIPlugin:80 - create IPUIPlugin
2026-01-27 08:19:28,900 [INFO] PluginManager:220 - loadIPPluginJar : add genericplugin
2026-01-27 08:19:29,046 [INFO] IPUIPlugin:80 - create IPUIPlugin
2026-01-27 08:19:29,047 [INFO] PluginManager:220 - loadIPPluginJar : add gfxmmu
2026-01-27 08:19:29,266 [INFO] IPUIPlugin:80 - create IPUIPlugin
2026-01-27 08:19:29,266 [INFO] PluginManager:220 - loadIPPluginJar : add gic
2026-01-27 08:19:29,285 [INFO] IPUIPlugin:80 - create IPUIPlugin
2026-01-27 08:19:29,286 [INFO] PluginManager:220 - loadIPPluginJar : add gpio
2026-01-27 08:19:29,407 [INFO] IPUIPlugin:80 - create IPUIPlugin
2026-01-27 08:19:29,407 [INFO] PluginManager:220 - loadIPPluginJar : add gtzc
2026-01-27 08:19:29,451 [INFO] IPUIPlugin:80 - create IPUIPlugin
2026-01-27 08:19:29,452 [INFO] PluginManager:220 - loadIPPluginJar : add hash
2026-01-27 08:19:29,533 [INFO] IPUIPlugin:80 - create IPUIPlugin
2026-01-27 08:19:29,533 [INFO] PluginManager:220 - loadIPPluginJar : add i2c
2026-01-27 08:19:29,604 [INFO] IPUIPlugin:80 - create IPUIPlugin
2026-01-27 08:19:29,605 [INFO] PluginManager:220 - loadIPPluginJar : add i2s
2026-01-27 08:19:29,668 [INFO] IPUIPlugin:80 - create IPUIPlugin
2026-01-27 08:19:29,668 [INFO] PluginManager:220 - loadIPPluginJar : add i3c
2026-01-27 08:19:29,809 [INFO] IPUIPlugin:80 - create IPUIPlugin
2026-01-27 08:19:29,809 [INFO] PluginManager:220 - loadIPPluginJar : add ipddr
2026-01-27 08:19:29,928 [INFO] IPUIPlugin:80 - create IPUIPlugin
2026-01-27 08:19:29,929 [INFO] PluginManager:220 - loadIPPluginJar : add linkedlist
2026-01-27 08:19:29,980 [INFO] IPUIPlugin:80 - create IPUIPlugin
2026-01-27 08:19:29,981 [INFO] PluginManager:220 - loadIPPluginJar : add lorawan
2026-01-27 08:19:30,028 [INFO] IPUIPlugin:80 - create IPUIPlugin
2026-01-27 08:19:30,028 [INFO] PluginManager:220 - loadIPPluginJar : add ltdc
2026-01-27 08:19:30,051 [INFO] IPUIPlugin:80 - create IPUIPlugin
2026-01-27 08:19:30,051 [INFO] PluginManager:220 - loadIPPluginJar : add mdma
2026-01-27 08:19:30,068 [INFO] IPUIPlugin:80 - create IPUIPlugin
2026-01-27 08:19:30,068 [INFO] PluginManager:220 - loadIPPluginJar : add nvic
2026-01-27 08:19:30,126 [INFO] IPUIPlugin:80 - create IPUIPlugin
2026-01-27 08:19:30,127 [INFO] PluginManager:220 - loadIPPluginJar : add opamp
2026-01-27 08:19:30,213 [INFO] IPUIPlugin:80 - create IPUIPlugin
2026-01-27 08:19:30,213 [INFO] PluginManager:220 - loadIPPluginJar : add openamp
2026-01-27 08:19:30,290 [INFO] IPUIPlugin:80 - create IPUIPlugin
2026-01-27 08:19:30,290 [INFO] PluginManager:220 - loadIPPluginJar : add pdm2pcm
2026-01-27 08:19:30,311 [INFO] IPUIPlugin:80 - create IPUIPlugin
2026-01-27 08:19:30,314 [INFO] PluginManager:220 - loadIPPluginJar : add plateformsettings
2026-01-27 08:19:30,355 [INFO] IPUIPlugin:80 - create IPUIPlugin
2026-01-27 08:19:30,355 [INFO] PluginManager:220 - loadIPPluginJar : add quadspi
2026-01-27 08:19:30,398 [INFO] IPUIPlugin:80 - create IPUIPlugin
2026-01-27 08:19:30,399 [INFO] PluginManager:220 - loadIPPluginJar : add radio
2026-01-27 08:19:30,420 [INFO] IPUIPlugin:80 - create IPUIPlugin
2026-01-27 08:19:30,420 [INFO] PluginManager:220 - loadIPPluginJar : add resmgrutility
2026-01-27 08:19:30,467 [INFO] ThirdPartyUpdaterWithRetryManager:70 - Updater plugin not ready yet. [2/15]
2026-01-27 08:19:30,517 [INFO] IPUIPlugin:80 - create IPUIPlugin
2026-01-27 08:19:30,519 [INFO] PluginManager:220 - loadIPPluginJar : add sai
2026-01-27 08:19:30,593 [INFO] IPUIPlugin:80 - create IPUIPlugin
2026-01-27 08:19:30,593 [INFO] PluginManager:220 - loadIPPluginJar : add spi
2026-01-27 08:19:30,692 [INFO] IPUIPlugin:80 - create IPUIPlugin
2026-01-27 08:19:30,692 [INFO] PluginManager:220 - loadIPPluginJar : add stm32_wpan
2026-01-27 08:19:30,726 [INFO] IPUIPlugin:80 - create IPUIPlugin
2026-01-27 08:19:30,726 [INFO] PluginManager:220 - loadIPPluginJar : add tim
2026-01-27 08:19:30,802 [INFO] IPUIPlugin:80 - create IPUIPlugin
2026-01-27 08:19:30,803 [INFO] PluginManager:220 - loadIPPluginJar : add touchsensing
2026-01-27 08:19:30,834 [INFO] IPUIPlugin:80 - create IPUIPlugin
2026-01-27 08:19:30,834 [INFO] PluginManager:220 - loadIPPluginJar : add tracer_emb
2026-01-27 08:19:30,866 [INFO] IPUIPlugin:80 - create IPUIPlugin
2026-01-27 08:19:30,866 [INFO] PluginManager:220 - loadIPPluginJar : add ts
2026-01-27 08:19:30,899 [INFO] IPUIPlugin:80 - create IPUIPlugin
2026-01-27 08:19:30,899 [INFO] PluginManager:220 - loadIPPluginJar : add tsc
2026-01-27 08:19:30,930 [INFO] IPUIPlugin:80 - create IPUIPlugin
2026-01-27 08:19:30,930 [INFO] PluginManager:220 - loadIPPluginJar : add ucpd
2026-01-27 08:19:30,987 [INFO] IPUIPlugin:80 - create IPUIPlugin
2026-01-27 08:19:30,988 [INFO] PluginManager:220 - loadIPPluginJar : add usart
2026-01-27 08:19:31,047 [INFO] IPUIPlugin:80 - create IPUIPlugin
2026-01-27 08:19:31,048 [INFO] PluginManager:220 - loadIPPluginJar : add usbx
2026-01-27 08:19:31,169 [FATAL] Updater:351 - Updater called before beeing initialized
2026-01-27 08:19:31,219 [INFO] RulesReader:64 - Compatibility file has been processed (317 Rules)
2026-01-27 08:19:31,233 [INFO] RulesReader:64 - Compatibility file has been processed (317 Rules)
2026-01-27 08:19:31,251 [INFO] CADModel:165 - CPN selected for project level
2026-01-27 08:19:31,251 [INFO] CADModel:114 - Register for checkConnection events
2026-01-27 08:19:31,251 [FATAL] Updater:351 - Updater called before beeing initialized
2026-01-27 08:19:31,252 [ERROR] CADModel:125 - Updater not yet initialized, retry later 
2026-01-27 08:19:31,437 [FATAL] Updater:351 - Updater called before beeing initialized
2026-01-27 08:19:31,440 [INFO] CADModel:165 - CPN selected for project level
2026-01-27 08:19:31,440 [INFO] CADModel:114 - Register for checkConnection events
2026-01-27 08:19:31,440 [FATAL] Updater:351 - Updater called before beeing initialized
2026-01-27 08:19:31,440 [ERROR] CADModel:125 - Updater not yet initialized, retry later 
2026-01-27 08:19:31,444 [FATAL] Updater:351 - Updater called before beeing initialized
2026-01-27 08:19:31,584 [FATAL] Updater:351 - Updater called before beeing initialized
2026-01-27 08:19:31,596 [INFO] DbMcusAds:53 - JSON generation date=Thu Jan 08 22:56:32 ICT 2026 (1767887792457)
2026-01-27 08:19:31,596 [FATAL] Updater:351 - Updater called before beeing initialized
2026-01-27 08:19:31,635 [WARN] DetailPanel:346 - Failed to get advertising image, set to default
2026-01-27 08:19:31,734 [FATAL] Updater:351 - Updater called before beeing initialized
2026-01-27 08:19:31,736 [FATAL] Updater:351 - Updater called before beeing initialized
2026-01-27 08:19:31,736 [FATAL] Updater:351 - Updater called before beeing initialized
2026-01-27 08:19:31,736 [WARN] DetailPanel:346 - Failed to get advertising image, set to default
2026-01-27 08:19:31,737 [FATAL] Updater:351 - Updater called before beeing initialized
2026-01-27 08:19:31,821 [ERROR] Updater:1198 - MainUpdater not yet initialized. External WinMGr cannot be set.
2026-01-27 08:19:31,845 [INFO] Updater:1134 - Updater Version found : 6.15.0
2026-01-27 08:19:31,875 [INFO] ApplicationProperties:184 - Using Application install path: C:\ST\STM32CubeIDE_1.16.1\STM32CubeIDE\plugins\com.st.stm32cube.common.mx_6.15.0.202507011659
2026-01-27 08:19:33,468 [INFO] ThirdPartyUpdaterWithRetryManager:70 - Updater plugin not ready yet. [3/15]
2026-01-27 08:19:33,476 [ERROR] LogOutputStream:75 - [STDERR_REDIRECT] Jan 27, 2026 8:19:33 AM java.util.prefs.WindowsPreferences <init>
2026-01-27 08:19:33,478 [ERROR] LogOutputStream:75 - [STDERR_REDIRECT] WARNING: Could not open/create prefs root node Software\JavaSoft\Prefs at root 0xffffffff80000002. Windows RegCreateKeyEx(...) returned error code 5.
2026-01-27 08:19:33,478 [ERROR] LogOutputStream:75 - [STDERR_REDIRECT] 
2026-01-27 08:19:34,319 [INFO] MainUpdater:2872 - connection check result : 10
2026-01-27 08:19:34,320 [INFO] MainUpdater:289 - Updater Check For Update Now.
2026-01-27 08:19:34,320 [INFO] MicroXplorer:498 - Change Database Version : DB.6.0.150
2026-01-27 08:19:34,353 [INFO] McuFinderGlobals:63 - Set McuFinder mode to 2 (CubeIDE integrated)
2026-01-27 08:19:34,363 [INFO] UserAuth:487 - Internet connection configuration mode: 1
2026-01-27 08:19:34,404 [INFO] JxBrowserEngine:152 - Initiate JxBrowser Engine with user profile folder
2026-01-27 08:19:34,543 [INFO] CheckServerUpdateThread:120 - End of CheckServer Thread
2026-01-27 08:19:36,004 [INFO] WebApp:169 - Instantiating new browser for Auth
2026-01-27 08:19:36,884 [WARN] PackLoader:240 - Cannot read IP mode file for STMicroelectronics.FP-SNS-MOTENVWB1.1.4.0
2026-01-27 08:19:36,916 [WARN] PackLoader:240 - Cannot read IP mode file for STMicroelectronics.FP-ATR-ASTRA1.2.0.2
2026-01-27 08:19:36,935 [WARN] PackLoader:240 - Cannot read IP mode file for STMicroelectronics.FP-ATR-ASTRA1.2.0.1
2026-01-27 08:19:36,956 [WARN] PackLoader:240 - Cannot read IP mode file for STMicroelectronics.X-CUBE-SMBUS.2.1.0
2026-01-27 08:19:36,984 [WARN] PackLoader:240 - Cannot read IP mode file for STMicroelectronics.X-CUBE-WB05N.1.1.0
2026-01-27 08:19:37,010 [INFO] WebApp:463 - Apply proxy settings
2026-01-27 08:19:37,011 [INFO] WebApp:548 - Chromium requires no authentication
2026-01-27 08:19:37,012 [WARN] PackLoader:240 - Cannot read IP mode file for STMicroelectronics.X-CUBE-ST60.1.0.0
2026-01-27 08:19:37,049 [INFO] WebApp:491 - Direct internet connection detected
2026-01-27 08:19:37,087 [WARN] PackLoader:240 - Cannot read IP mode file for STMicroelectronics.X-CUBE-AZRTOS-F7.1.1.0
2026-01-27 08:19:37,163 [WARN] PackLoader:240 - Cannot read IP mode file for STMicroelectronics.X-CUBE-MEMS1.11.0.0
2026-01-27 08:19:37,216 [INFO] WebApp:900 - Register for checkConnection events
2026-01-27 08:19:37,216 [INFO] WebApp:463 - Apply proxy settings
2026-01-27 08:19:37,216 [INFO] WebApp:548 - Chromium requires no authentication
2026-01-27 08:19:37,217 [INFO] WebApp:491 - Direct internet connection detected
2026-01-27 08:19:37,263 [WARN] PackLoader:240 - Cannot read IP mode file for STMicroelectronics.FP-SNS-MOTENV1.5.1.0
2026-01-27 08:19:37,287 [WARN] PackLoader:240 - Cannot read IP mode file for STMicroelectronics.FP-SNS-FLIGHT1.5.0.2
2026-01-27 08:19:37,335 [WARN] PackLoader:240 - Cannot read IP mode file for STMicroelectronics.X-CUBE-AZRTOS-H7.3.4.0
2026-01-27 08:19:37,366 [WARN] PackLoader:240 - Cannot read IP mode file for STMicroelectronics.X-CUBE-DISPLAY.3.0.0
2026-01-27 08:19:37,368 [INFO] WebApp:191 - Connection restablished
2026-01-27 08:19:37,402 [WARN] PackLoader:240 - Cannot read IP mode file for STMicroelectronics.X-CUBE-BLE1.7.0.0
2026-01-27 08:19:37,428 [WARN] PackLoader:240 - Cannot read IP mode file for STMicroelectronics.X-CUBE-NFC10.1.0.0
2026-01-27 08:19:37,453 [WARN] PackLoader:240 - Cannot read IP mode file for STMicroelectronics.X-CUBE-BLEMGR.4.0.0
2026-01-27 08:19:37,473 [WARN] PackLoader:240 - Cannot read IP mode file for STMicroelectronics.X-CUBE-ST60.1.1.0
2026-01-27 08:19:37,499 [WARN] PackLoader:240 - Cannot read IP mode file for emotas.I-CUBE-CANOPEN.1.3.0
2026-01-27 08:19:37,522 [WARN] PackLoader:240 - Cannot read IP mode file for STMicroelectronics.X-CUBE-GNSS1.7.1.0
2026-01-27 08:19:37,553 [WARN] PackLoader:240 - Cannot read IP mode file for STMicroelectronics.X-CUBE-BLEMGR.3.1.0
2026-01-27 08:19:37,582 [WARN] PackLoader:240 - Cannot read IP mode file for STMicroelectronics.X-CUBE-AI.10.0.0
2026-01-27 08:19:37,608 [WARN] PackLoader:240 - Cannot read IP mode file for STMicroelectronics.FP-SNS-STBOX1.2.1.0
2026-01-27 08:19:37,630 [WARN] PackLoader:240 - Cannot read IP mode file for STMicroelectronics.FP-SNS-SMARTAG2.1.2.0
2026-01-27 08:19:37,650 [WARN] PackLoader:240 - Cannot read IP mode file for STMicroelectronics.FP-SNS-FLIGHT1.5.1.0
2026-01-27 08:19:37,781 [WARN] PackLoader:240 - Cannot read IP mode file for STMicroelectronics.X-CUBE-MEMS1.11.1.0
2026-01-27 08:19:37,913 [INFO] LogOutputStream:77 - [STDOUT_REDIRECT] 1 : Invalid condition id : UX_CORESTACK_Condition cause : null
2026-01-27 08:19:37,915 [INFO] LogOutputStream:77 - [STDOUT_REDIRECT] 1 : Invalid condition id : UX_CORESTACK_Condition cause : null
2026-01-27 08:19:37,916 [INFO] LogOutputStream:77 - [STDOUT_REDIRECT] 1 : Invalid condition id : UX_CORESTACK_Condition cause : null
2026-01-27 08:19:37,919 [INFO] LogOutputStream:77 - [STDOUT_REDIRECT] 1 : Invalid condition id : UX_CORESTACK_Condition cause : null
2026-01-27 08:19:37,921 [INFO] LogOutputStream:77 - [STDOUT_REDIRECT] 1 : Invalid condition id : UX_CORESTACK_Condition cause : null
2026-01-27 08:19:37,924 [WARN] PackLoader:240 - Cannot read IP mode file for STMicroelectronics.X-CUBE-AZRTOS-WL.2.0.0
2026-01-27 08:19:37,949 [WARN] PackLoader:240 - Cannot read IP mode file for STMicroelectronics.FP-SNS-MOTENV1.5.0.0
2026-01-27 08:19:37,986 [WARN] PackLoader:240 - Cannot read IP mode file for STMicroelectronics.X-CUBE-AZRTOS-H7RS.1.2.0
2026-01-27 08:19:38,005 [WARN] PackLoader:240 - Cannot read IP mode file for wolfSSL.I-CUBE-wolfMQTT.1.19.0
2026-01-27 08:19:38,031 [WARN] PackLoader:240 - Cannot read IP mode file for WES.I-CUBE-Cesium.1.3.0
2026-01-27 08:19:38,049 [WARN] PackLoader:240 - Cannot read IP mode file for STMicroelectronics.X-CUBE-BLE2.3.3.0
2026-01-27 08:19:38,123 [WARN] PackLoader:240 - Cannot read IP mode file for STMicroelectronics.X-CUBE-NFC9.1.0.0
2026-01-27 08:19:38,140 [WARN] PackLoader:240 - Cannot read IP mode file for STMicroelectronics.X-CUBE-BLE1.7.1.0
2026-01-27 08:19:38,159 [WARN] PackLoader:240 - Cannot read IP mode file for STMicroelectronics.X-CUBE-TCPP.4.1.0
2026-01-27 08:19:38,178 [WARN] PackLoader:240 - Cannot read IP mode file for STMicroelectronics.X-CUBE-FREERTOS.1.4.0
2026-01-27 08:19:38,198 [WARN] PackLoader:240 - Cannot read IP mode file for STMicroelectronics.X-CUBE-EEPRMA1.5.2.0
2026-01-27 08:19:38,229 [WARN] PackLoader:240 - Cannot read IP mode file for STMicroelectronics.X-CUBE-ST67W61.1.1.0
2026-01-27 08:19:38,248 [WARN] PackLoader:240 - Cannot read IP mode file for STMicroelectronics.X-CUBE-AI.10.1.0
2026-01-27 08:19:38,295 [WARN] PackLoader:240 - Cannot read IP mode file for STMicroelectronics.X-CUBE-MEMS1.12.0.0
2026-01-27 08:19:38,407 [WARN] PackLoader:240 - Cannot read IP mode file for STMicroelectronics.X-CUBE-MEMS1.11.2.0
2026-01-27 08:19:38,528 [WARN] PackLoader:240 - Cannot read IP mode file for STMicroelectronics.X-CUBE-AZRTOS-G0.1.1.0
2026-01-27 08:19:38,550 [WARN] PackLoader:240 - Cannot read IP mode file for STMicroelectronics.X-CUBE-SAFEA1.1.2.2
2026-01-27 08:19:38,571 [WARN] PackLoader:240 - Cannot read IP mode file for STMicroelectronics.X-CUBE-NFC4.3.0.0
2026-01-27 08:19:38,596 [WARN] PackLoader:240 - Cannot read IP mode file for EmbeddedOffice.I-CUBE-FS-RTOS.1.0.1
2026-01-27 08:19:38,617 [WARN] PackLoader:240 - Cannot read IP mode file for STMicroelectronics.X-CUBE-WB05N.2.0.0
2026-01-27 08:19:38,637 [WARN] PackLoader:240 - Cannot read IP mode file for STMicroelectronics.X-CUBE-TCPP.4.2.0
2026-01-27 08:19:38,656 [WARN] PackLoader:240 - Cannot read IP mode file for RealThread.X-CUBE-RT-Thread_Nano.4.1.1
2026-01-27 08:19:38,674 [WARN] PackLoader:240 - Cannot read IP mode file for STMicroelectronics.FP-ATR-SIGFOX1.3.2.0
2026-01-27 08:19:38,700 [WARN] ConditionMgr:438 - getConditionDescription Invalid condition id : Cortex-A Device cause : null
2026-01-27 08:19:38,732 [WARN] ConditionMgr:1044 - genDependencies : Invalid condition id : Cortex-A Device cause : null
2026-01-27 08:19:38,733 [WARN] ConditionMgr:1044 - genDependencies : Invalid condition id : Cortex-A Device cause : null
2026-01-27 08:19:38,733 [WARN] ConditionMgr:1044 - genDependencies : Invalid condition id : Cortex-A Device cause : null
2026-01-27 08:19:38,755 [WARN] PackLoader:240 - Cannot read IP mode file for STMicroelectronics.X-CUBE-EEPRMA1.5.1.0
2026-01-27 08:19:38,778 [WARN] PackLoader:240 - Cannot read IP mode file for wolfSSL.I-CUBE-wolfSSL.5.7.4
2026-01-27 08:19:38,797 [WARN] PackLoader:240 - Cannot read IP mode file for ITTIA_DB.I-CUBE-ITTIADB.8.9.0
2026-01-27 08:19:38,820 [WARN] PackLoader:240 - Cannot read IP mode file for STMicroelectronics.X-CUBE-NFC6.3.2.0
2026-01-27 08:19:38,856 [WARN] PackLoader:240 - Cannot read IP mode file for STMicroelectronics.X-CUBE-ST67W61.1.0.0
2026-01-27 08:19:38,875 [WARN] PackLoader:240 - Cannot read IP mode file for STMicroelectronics.X-CUBE-AI.10.2.0
2026-01-27 08:19:38,916 [WARN] PackLoader:240 - Cannot read IP mode file for SEGGER.I-CUBE-embOS.1.3.1
2026-01-27 08:19:38,955 [WARN] PackLoader:240 - Cannot read IP mode file for STMicroelectronics.X-CUBE-ALGOBUILD.1.4.0
2026-01-27 08:19:39,006 [WARN] PackLoader:240 - Cannot read IP mode file for STMicroelectronics.X-CUBE-MEMS1.11.3.0
2026-01-27 08:19:39,176 [WARN] PackLoader:240 - Cannot read IP mode file for STMicroelectronics.X-CUBE-AI.9.1.0
2026-01-27 08:19:39,199 [WARN] PackLoader:240 - Cannot read IP mode file for STMicroelectronics.X-CUBE-PM33A1.1.0.0
2026-01-27 08:19:39,230 [WARN] PackLoader:240 - Cannot read IP mode file for STMicroelectronics.X-CUBE-AZRTOS-F4.1.1.0
2026-01-27 08:19:39,249 [WARN] PackLoader:240 - Cannot read IP mode file for Avnet-IotConnect.X-CUBE-IoTC-DA16k-PMOD.1.0.0
2026-01-27 08:19:39,274 [WARN] PackLoader:240 - Cannot read IP mode file for STMicroelectronics.X-CUBE-ISPU.2.1.0
2026-01-27 08:19:39,338 [WARN] PackLoader:240 - Cannot read IP mode file for STMicroelectronics.X-CUBE-IPS.3.2.0
2026-01-27 08:19:39,380 [WARN] PackLoader:240 - Cannot read IP mode file for STMicroelectronics.X-CUBE-FREERTOS.1.2.0
2026-01-27 08:19:39,432 [WARN] PackLoader:240 - Cannot read IP mode file for STMicroelectronics.X-CUBE-NFC12.1.0.0
2026-01-27 08:19:39,496 [WARN] PackLoader:240 - Cannot read IP mode file for STMicroelectronics.X-CUBE-AZRTOS-L5.2.0.0
2026-01-27 08:19:39,535 [WARN] PackLoader:240 - Cannot read IP mode file for STMicroelectronics.X-CUBE-NFC6.3.1.0
2026-01-27 08:19:39,570 [WARN] PackLoader:240 - Cannot read IP mode file for STMicroelectronics.X-CUBE-DPower.1.2.0
2026-01-27 08:19:39,605 [WARN] PackLoader:240 - Cannot read IP mode file for STMicroelectronics.X-CUBE-FREERTOS.1.3.1
2026-01-27 08:19:39,636 [WARN] PackLoader:240 - Cannot read IP mode file for STMicroelectronics.X-CUBE-FREERTOS.1.3.0
2026-01-27 08:19:39,670 [WARN] PackLoader:240 - Cannot read IP mode file for STMicroelectronics.X-CUBE-NFC7.1.0.1
2026-01-27 08:19:39,678 [INFO] WebApp:225 - Starting web application
2026-01-27 08:19:39,679 [INFO] WebApp:593 - Web application path used C:\ST\STM32CubeIDE_1.16.1\STM32CubeIDE\plugins\com.st.stm32cube.common.mx_6.15.0.202507011659\db\plugins\mcufinder\reactClient1\index.html
2026-01-27 08:19:39,720 [WARN] PackLoader:240 - Cannot read IP mode file for STMicroelectronics.X-CUBE-TOUCHGFX.4.26.0
2026-01-27 08:19:39,781 [WARN] PackLoader:240 - Cannot read IP mode file for STMicroelectronics.FP-SNS-STAIOTCFT.1.0.0
2026-01-27 08:19:39,818 [WARN] PackLoader:240 - Cannot read IP mode file for STMicroelectronics.X-CUBE-DPower.1.3.0
2026-01-27 08:19:39,883 [WARN] ConditionMgr:438 - getConditionDescription Invalid condition id : LAN8742 Phy interface Condition cause : null
2026-01-27 08:19:39,885 [WARN] PackLoader:240 - Cannot read IP mode file for STMicroelectronics.X-CUBE-AZRTOS-L4.2.0.0
2026-01-27 08:19:39,890 [WARN] ConditionMgr:1044 - genDependencies : Invalid condition id : LAN8742 Phy interface Condition cause : null
2026-01-27 08:19:39,892 [WARN] ConditionMgr:1044 - genDependencies : Invalid condition id : LAN8742 Phy interface Condition cause : null
2026-01-27 08:19:39,894 [WARN] ConditionMgr:1044 - genDependencies : Invalid condition id : LAN8742 Phy interface Condition cause : null
2026-01-27 08:19:39,933 [WARN] PackLoader:240 - Cannot read IP mode file for STMicroelectronics.X-CUBE-SFXS2LP1.4.0.0
2026-01-27 08:19:39,967 [WARN] PackLoader:240 - Cannot read IP mode file for STMicroelectronics.X-CUBE-ST67W61.1.2.0
2026-01-27 08:19:40,042 [WARN] PackLoader:240 - Cannot read IP mode file for STMicroelectronics.X-CUBE-AZRTOS-H7.3.3.0
2026-01-27 08:19:40,086 [WARN] PackLoader:240 - Cannot read IP mode file for STMicroelectronics.X-CUBE-BLEMGR.4.1.0
2026-01-27 08:19:40,129 [WARN] PackLoader:240 - Cannot read IP mode file for STMicroelectronics.X-CUBE-IPS.3.0.0
2026-01-27 08:19:40,182 [WARN] ConditionMgr:438 - getConditionDescription Invalid condition id : UX DEVICE CLASS RTOS Condition cause : null
2026-01-27 08:19:40,183 [WARN] ConditionMgr:438 - getConditionDescription Invalid condition id : UX DEVICE CLASS RTOS Condition cause : null
2026-01-27 08:19:40,186 [WARN] PackLoader:240 - Cannot read IP mode file for STMicroelectronics.X-CUBE-AZRTOS-WB.2.0.0
2026-01-27 08:19:40,187 [WARN] ConditionMgr:1044 - genDependencies : Invalid condition id : UX DEVICE CLASS RTOS Condition cause : null
2026-01-27 08:19:40,187 [WARN] ConditionMgr:1044 - genDependencies : Invalid condition id : UX DEVICE CLASS RTOS Condition cause : null
2026-01-27 08:19:40,188 [WARN] ConditionMgr:1044 - genDependencies : Invalid condition id : UX DEVICE CLASS RTOS Condition cause : null
2026-01-27 08:19:40,188 [WARN] ConditionMgr:1044 - genDependencies : Invalid condition id : UX DEVICE CLASS RTOS Condition cause : null
2026-01-27 08:19:40,189 [WARN] ConditionMgr:1044 - genDependencies : Invalid condition id : UX DEVICE CLASS RTOS Condition cause : null
2026-01-27 08:19:40,222 [WARN] PackLoader:240 - Cannot read IP mode file for STMicroelectronics.X-CUBE-GNSS1.7.0.0
2026-01-27 08:19:40,253 [WARN] PackLoader:240 - Cannot read IP mode file for STMicroelectronics.X-CUBE-GNSS1.7.0.1
2026-01-27 08:19:40,285 [WARN] PackLoader:240 - Cannot read IP mode file for STMicroelectronics.X-CUBE-TOUCHGFX.4.25.0
2026-01-27 08:19:40,316 [WARN] PackLoader:240 - Cannot read IP mode file for STMicroelectronics.FP-SNS-STBOX1.2.0.0
2026-01-27 08:19:40,356 [WARN] PackLoader:240 - Cannot read IP mode file for STMicroelectronics.X-CUBE-STSE01.2.0.0
2026-01-27 08:19:40,424 [WARN] PackLoader:240 - Cannot read IP mode file for STMicroelectronics.X-CUBE-SUBG2.5.0.0
2026-01-27 08:19:40,497 [WARN] PackLoader:240 - Cannot read IP mode file for STMicroelectronics.X-CUBE-AZRTOS-H7RS.1.1.0
2026-01-27 08:19:40,541 [WARN] PackLoader:240 - Cannot read IP mode file for Cesanta.I-CUBE-Mongoose.7.13.0
2026-01-27 08:19:40,545 [INFO] UserAuth:487 - Internet connection configuration mode: 1
2026-01-27 08:19:40,590 [WARN] PackLoader:240 - Cannot read IP mode file for STMicroelectronics.X-CUBE-AZRTOS-G4.2.0.0
2026-01-27 08:19:40,621 [WARN] PackLoader:240 - Cannot read IP mode file for STMicroelectronics.X-CUBE-NFC7.2.0.0
2026-01-27 08:19:40,669 [WARN] PackLoader:240 - Cannot read IP mode file for STMicroelectronics.X-CUBE-IPS.3.1.0
2026-01-27 08:19:40,710 [WARN] PackLoader:240 - Cannot read IP mode file for STMicroelectronics.X-CUBE-ALS.1.0.2
2026-01-27 08:19:40,747 [WARN] PackLoader:240 - Cannot read IP mode file for STMicroelectronics.X-CUBE-TOUCHGFX.4.24.2
2026-01-27 08:19:40,777 [WARN] PackLoader:240 - Cannot read IP mode file for STMicroelectronics.X-CUBE-TOUCHGFX.4.24.1
2026-01-27 08:19:40,814 [WARN] PackLoader:240 - Cannot read IP mode file for STMicroelectronics.X-CUBE-STSE01.1.0.0
2026-01-27 08:19:40,853 [WARN] PackLoader:240 - Cannot read IP mode file for wolfSSL.I-CUBE-wolfTPM.3.4.0
2026-01-27 08:19:40,906 [WARN] PackLoader:240 - Cannot read IP mode file for portGmbH.I-Cube-SoM-uGOAL.1.1.0
2026-01-27 08:19:40,967 [WARN] PackLoader:240 - Cannot read IP mode file for STMicroelectronics.X-CUBE-AZRTOS-H7RS.1.0.0
2026-01-27 08:19:40,998 [WARN] PackLoader:240 - Cannot read IP mode file for STMicroelectronics.FP-ATR-ASTRA1.2.0.0
2026-01-27 08:19:41,045 [WARN] PackLoader:240 - Cannot read IP mode file for STMicroelectronics.X-CUBE-TOF1.3.4.2
2026-01-27 08:19:41,114 [WARN] PackLoader:240 - Cannot read IP mode file for STMicroelectronics.X-CUBE-TOF1.3.4.3
2026-01-27 08:19:41,196 [WARN] PackLoader:240 - Cannot read IP mode file for Infineon.AIROC-Wi-Fi-Bluetooth-STM32.1.6.1
2026-01-27 08:19:41,262 [WARN] PackLoader:240 - Cannot read IP mode file for wolfSSL.I-CUBE-wolfSSH.1.4.17
2026-01-27 08:19:41,262 [INFO] ThirdParty:978 - Integrity check success = true
2026-01-27 08:19:41,263 [INFO] IntegrityCheckThread:100 - exiting critical section [integrity check]
2026-01-27 08:19:41,263 [INFO] IntegrityCheckThread:103 - End integrity checks thread
2026-01-27 08:44:44,540 [INFO] WebApp:194 - Connection lost
2026-01-27 08:44:44,887 [INFO] WebApp:191 - Connection restablished
2026-01-27 09:14:54,995 [INFO] WebApp:194 - Connection lost
2026-01-27 09:14:55,220 [INFO] WebApp:191 - Connection restablished
2026-01-27 09:45:45,500 [INFO] WebApp:194 - Connection lost
2026-01-27 09:45:45,758 [INFO] WebApp:191 - Connection restablished
2026-01-27 10:15:54,990 [INFO] WebApp:194 - Connection lost
2026-01-27 10:15:55,244 [INFO] WebApp:191 - Connection restablished
2026-01-27 10:18:35,954 [INFO] WebApp:194 - Connection lost
2026-01-27 10:18:36,390 [INFO] WebApp:191 - Connection restablished
2026-01-27 10:21:36,957 [INFO] WebApp:194 - Connection lost
2026-01-27 10:21:37,179 [INFO] WebApp:191 - Connection restablished
2026-01-27 10:46:04,956 [INFO] WebApp:194 - Connection lost
2026-01-27 10:46:05,167 [INFO] WebApp:191 - Connection restablished
2026-01-27 11:16:29,487 [INFO] WebApp:194 - Connection lost
2026-01-27 11:16:29,759 [INFO] WebApp:191 - Connection restablished
2026-01-27 11:47:13,460 [INFO] WebApp:194 - Connection lost
2026-01-27 11:47:13,739 [INFO] WebApp:191 - Connection restablished
2026-01-27 12:17:37,465 [INFO] WebApp:194 - Connection lost
2026-01-27 12:17:37,686 [INFO] WebApp:191 - Connection restablished
2026-01-27 12:47:47,958 [INFO] WebApp:194 - Connection lost
2026-01-27 12:47:48,397 [INFO] WebApp:191 - Connection restablished
2026-01-27 13:18:34,962 [INFO] WebApp:194 - Connection lost
2026-01-27 13:18:35,193 [INFO] WebApp:191 - Connection restablished
2026-01-27 13:49:14,959 [INFO] WebApp:194 - Connection lost
2026-01-27 13:49:15,167 [INFO] WebApp:191 - Connection restablished
2026-01-27 14:19:58,969 [INFO] WebApp:194 - Connection lost
2026-01-27 14:19:59,234 [INFO] WebApp:191 - Connection restablished
2026-01-27 14:50:54,992 [INFO] WebApp:194 - Connection lost
2026-01-27 14:50:55,259 [INFO] WebApp:191 - Connection restablished
2026-01-27 15:21:17,979 [INFO] WebApp:194 - Connection lost
2026-01-27 15:21:18,224 [INFO] WebApp:191 - Connection restablished
2026-01-27 15:51:40,506 [INFO] WebApp:194 - Connection lost
2026-01-27 15:51:40,769 [INFO] WebApp:191 - Connection restablished
2026-01-27 16:22:41,491 [INFO] WebApp:194 - Connection lost
2026-01-27 16:22:41,769 [INFO] WebApp:191 - Connection restablished
2026-01-27 16:40:47,336 [ERROR] LogOutputStream:75 - [STDERR_REDIRECT] 
