2025-06-20 10:54:06,516 [INFO] Activator:176 - 


2025-06-20 10:54:06,524 [INFO] Activator:177 - !SESSION log4j initialized
2025-06-20 10:54:18,499 [INFO] LogOutputStream:77 - [STDOUT_REDIRECT] 
2025-06-20 10:54:20,797 [INFO] ApplicationProperties:184 - Using Application install path: C:\ST\STM32CubeIDE_1.16.1\STM32CubeIDE\plugins\com.st.stm32cube.common.mx_6.14.1.202504091515
2025-06-20 10:54:20,839 [INFO] DbMcusXml:78 - Set database path to: C:\ST\STM32CubeIDE_1.16.1\STM32CubeIDE\plugins\com.st.stm32cube.common.mx_6.14.1.202504091515\\db\/mcu/
2025-06-20 10:54:20,839 [INFO] ApiDb:274 - Set plugin database path to: C:\ST\STM32CubeIDE_1.16.1\STM32CubeIDE\plugins\com.st.stm32cube.common.mx_6.14.1.202504091515\\db\/plugins/boardmanager/
2025-06-20 10:54:20,841 [WARN] ApiDb:259 - Overriding images path with different value:  => C:\ST\STM32CubeIDE_1.16.1\STM32CubeIDE\plugins\com.st.stm32cube.common.mx_6.14.1.202504091515\\db\/plugins/mcufinder/images/
2025-06-20 10:54:20,863 [INFO] ApiDb:250 - Set database path to: C:\Users\Chinnapop\.stmcufinder\plugins\mcufinder//mcu/
2025-06-20 10:54:20,867 [INFO] DbMcusAds:125 - Set database path to: C:\Users\Chinnapop\.stmcufinder\plugins\mcufinder//mcu/
2025-06-20 10:54:20,875 [INFO] CrossReferenceDbSqlite:203 - Set database path to: C:\Users\Chinnapop\.stmcufinder\plugins\mcufinder//mcu/cs/
2025-06-20 10:54:21,209 [INFO] RulesReader:64 - Compatibility file has been processed (302 Rules)
2025-06-20 10:54:21,333 [INFO] DbMcusXml:78 - Set database path to: C:\ST\STM32CubeIDE_1.16.1\STM32CubeIDE\plugins\com.st.stm32cube.common.mx_6.14.1.202504091515\\db\/mcu/
2025-06-20 10:54:21,334 [INFO] ApiDb:274 - Set plugin database path to: C:\ST\STM32CubeIDE_1.16.1\STM32CubeIDE\plugins\com.st.stm32cube.common.mx_6.14.1.202504091515\\db\/plugins/boardmanager/
2025-06-20 10:54:21,334 [INFO] ApiDb:261 - Set plugin images path to: C:\ST\STM32CubeIDE_1.16.1\STM32CubeIDE\plugins\com.st.stm32cube.common.mx_6.14.1.202504091515\\db\/plugins/mcufinder/images/
2025-06-20 10:54:21,334 [WARN] DbFile:41 - Overriding database path with different value: C:\Users\Chinnapop\.stmcufinder\plugins\mcufinder/ => C:\Users\Chinnapop\.stmcufinder\plugins\mcufinder
2025-06-20 10:54:21,334 [INFO] ApiDb:250 - Set database path to: C:\Users\Chinnapop\.stmcufinder\plugins\mcufinder//mcu/
2025-06-20 10:54:21,334 [WARN] DbFile:41 - Overriding database path with different value: C:\Users\Chinnapop\.stmcufinder\plugins\mcufinder/ => C:\Users\Chinnapop\.stmcufinder\plugins\mcufinder
2025-06-20 10:54:21,334 [INFO] DbMcusAds:125 - Set database path to: C:\Users\Chinnapop\.stmcufinder\plugins\mcufinder//mcu/
2025-06-20 10:54:21,334 [WARN] DbFile:41 - Overriding database path with different value: C:\Users\Chinnapop\.stmcufinder\plugins\mcufinder/ => C:\Users\Chinnapop\.stmcufinder\plugins\mcufinder
2025-06-20 10:54:21,335 [WARN] DbFile:41 - Overriding database path with different value: C:\Users\Chinnapop\.stmcufinder\plugins\mcufinder/ => C:\Users\Chinnapop\.stmcufinder\plugins\mcufinder
2025-06-20 10:54:21,335 [INFO] CrossReferenceDbSqlite:203 - Set database path to: C:\Users\Chinnapop\.stmcufinder\plugins\mcufinder//mcu/cs/
2025-06-20 10:54:21,424 [INFO] MainPanel:272 - HeapMemory: 355467264
2025-06-20 10:54:21,498 [INFO] DbMcusXml:78 - Set database path to: C:\ST\STM32CubeIDE_1.16.1\STM32CubeIDE\plugins\com.st.stm32cube.common.mx_6.14.1.202504091515\\db\/mcu/
2025-06-20 10:54:21,498 [INFO] ApiDb:274 - Set plugin database path to: C:\ST\STM32CubeIDE_1.16.1\STM32CubeIDE\plugins\com.st.stm32cube.common.mx_6.14.1.202504091515\\db\/plugins/boardmanager/
2025-06-20 10:54:21,498 [INFO] ApiDb:261 - Set plugin images path to: C:\ST\STM32CubeIDE_1.16.1\STM32CubeIDE\plugins\com.st.stm32cube.common.mx_6.14.1.202504091515\\db\/plugins/mcufinder/images/
2025-06-20 10:54:21,499 [WARN] DbFile:41 - Overriding database path with different value: C:\Users\Chinnapop\.stmcufinder\plugins\mcufinder/ => C:\Users\Chinnapop\.stmcufinder\plugins\mcufinder
2025-06-20 10:54:21,499 [INFO] ApiDb:250 - Set database path to: C:\Users\Chinnapop\.stmcufinder\plugins\mcufinder//mcu/
2025-06-20 10:54:21,499 [WARN] DbFile:41 - Overriding database path with different value: C:\Users\Chinnapop\.stmcufinder\plugins\mcufinder/ => C:\Users\Chinnapop\.stmcufinder\plugins\mcufinder
2025-06-20 10:54:21,499 [INFO] DbMcusAds:125 - Set database path to: C:\Users\Chinnapop\.stmcufinder\plugins\mcufinder//mcu/
2025-06-20 10:54:21,499 [WARN] DbFile:41 - Overriding database path with different value: C:\Users\Chinnapop\.stmcufinder\plugins\mcufinder/ => C:\Users\Chinnapop\.stmcufinder\plugins\mcufinder
2025-06-20 10:54:21,499 [WARN] DbFile:41 - Overriding database path with different value: C:\Users\Chinnapop\.stmcufinder\plugins\mcufinder/ => C:\Users\Chinnapop\.stmcufinder\plugins\mcufinder
2025-06-20 10:54:21,499 [INFO] CrossReferenceDbSqlite:203 - Set database path to: C:\Users\Chinnapop\.stmcufinder\plugins\mcufinder//mcu/cs/
2025-06-20 10:54:21,518 [INFO] ApplicationProperties:184 - Using Application install path: C:\ST\STM32CubeIDE_1.16.1\STM32CubeIDE\plugins\com.st.stm32cube.common.mx_6.14.1.202504091515
2025-06-20 10:54:21,520 [INFO] PluginManage:196 - Search for loadable plugins [exclusion list=, ]
2025-06-20 10:54:21,521 [INFO] PluginManage:310 - Check plugin analytics
2025-06-20 10:54:21,736 [INFO] AnalyticsPlugin:253 - Accepted Software Licenses: 
2025-06-20 10:54:21,737 [INFO] AnalyticsPlugin:255 - Accepted CMSIS Pack Licenses: 
2025-06-20 10:54:21,737 [INFO] AnalyticsPlugin:257 - Accepted Firmware Licenses: FW.F7.1.17.0
2025-06-20 10:54:21,742 [INFO] PluginManage:359 - Loaded plugin analytics (category:tool,tabindex:-1)
2025-06-20 10:54:21,743 [INFO] PluginManage:310 - Check plugin cadmodel
2025-06-20 10:54:21,756 [INFO] CADModel:105 - Init CAD model plugin
2025-06-20 10:54:21,756 [INFO] PluginManage:359 - Loaded plugin cadmodel (category:power,tabindex:5)
2025-06-20 10:54:21,756 [INFO] PluginManage:310 - Check plugin clock
2025-06-20 10:54:21,778 [INFO] PluginManage:359 - Loaded plugin clock (category:base,tabindex:2)
2025-06-20 10:54:21,779 [INFO] PluginManage:310 - Check plugin ddr
2025-06-20 10:54:21,785 [INFO] PluginManage:359 - Loaded plugin ddr (category:tool,tabindex:6)
2025-06-20 10:54:21,785 [INFO] PluginManage:310 - Check plugin filemanager
2025-06-20 10:54:21,914 [INFO] PluginManage:359 - Loaded plugin filemanager (category:base,tabindex:10)
2025-06-20 10:54:21,914 [INFO] PluginManage:310 - Check plugin ipmanager
2025-06-20 10:54:21,922 [INFO] PluginManage:359 - Loaded plugin ipmanager (category:base,tabindex:5)
2025-06-20 10:54:21,923 [INFO] PluginManage:310 - Check plugin lpbam
2025-06-20 10:54:21,934 [INFO] PluginManage:359 - Loaded plugin lpbam (category:base,tabindex:0)
2025-06-20 10:54:21,934 [INFO] PluginManage:310 - Check plugin memorymap
2025-06-20 10:54:21,947 [INFO] PluginManage:359 - Loaded plugin memorymap (category:base,tabindex:4)
2025-06-20 10:54:21,947 [INFO] PluginManage:310 - Check plugin pinoutandconfiguration
2025-06-20 10:54:21,958 [INFO] PluginManage:359 - Loaded plugin pinoutandconfiguration (category:base,tabindex:1)
2025-06-20 10:54:21,958 [INFO] PluginManage:310 - Check plugin pinoutconfig
2025-06-20 10:54:22,050 [WARN] SupportedApi:132 - Cannot load RTOS API schema: s4s-elt-must-match.1: The content of 'definitions' must match (annotation?, (simpleType | complexType)?, (unique | key | keyref)*)). A problem was found starting at: attribute.
2025-06-20 10:54:22,239 [INFO] PluginManage:359 - Loaded plugin pinoutconfig (category:base,tabindex:0)
2025-06-20 10:54:22,239 [INFO] PluginManage:310 - Check plugin power
2025-06-20 10:54:22,265 [INFO] PluginManage:359 - Loaded plugin power (category:power,tabindex:4)
2025-06-20 10:54:22,265 [INFO] PluginManage:310 - Check plugin projectmanager
2025-06-20 10:54:22,295 [INFO] PluginManage:359 - Loaded plugin projectmanager (category:projectmanager,tabindex:4)
2025-06-20 10:54:22,295 [INFO] PluginManage:310 - Check plugin rif
2025-06-20 10:54:22,319 [INFO] PluginManage:359 - Loaded plugin rif (category:base,tabindex:3)
2025-06-20 10:54:22,320 [INFO] PluginManage:310 - Check plugin thirdparty
2025-06-20 10:54:22,705 [WARN] IntegrityCheckThread:84 - waiting for thirdparty lock release [integrity check]
2025-06-20 10:54:22,705 [INFO] IntegrityCheckThread:86 - entering critical section [integrity check]
2025-06-20 10:54:22,706 [INFO] ThirdPartyUpdaterWithRetryManager:70 - Updater plugin not ready yet. [1/15]
2025-06-20 10:54:22,708 [INFO] PluginManage:359 - Loaded plugin thirdparty (category:base,tabindex:-1)
2025-06-20 10:54:22,708 [INFO] PluginManage:310 - Check plugin tools
2025-06-20 10:54:22,727 [INFO] PluginManage:359 - Loaded plugin tools (category:base,tabindex:7)
2025-06-20 10:54:22,727 [INFO] PluginManage:310 - Check plugin tutovideos
2025-06-20 10:54:23,662 [INFO] PluginManage:359 - Loaded plugin tutovideos (category:base,tabindex:-1)
2025-06-20 10:54:23,662 [INFO] PluginManage:310 - Check plugin updater
2025-06-20 10:54:23,707 [INFO] PluginManage:359 - Loaded plugin updater (category:base,tabindex:12)
2025-06-20 10:54:23,707 [INFO] PluginManage:310 - Check plugin userauth
2025-06-20 10:54:23,716 [INFO] UserAuth:118 - Init User Auth plugin
2025-06-20 10:54:23,718 [INFO] PluginManage:359 - Loaded plugin userauth (category:base,tabindex:14)
2025-06-20 10:54:23,719 [INFO] PluginManage:283 - PluginManage : Loaded plugins [18]
2025-06-20 11:51:37,520 [INFO] Activator:176 - 


2025-06-20 11:51:37,522 [INFO] Activator:177 - !SESSION log4j initialized
2025-06-20 11:51:45,599 [INFO] LogOutputStream:77 - [STDOUT_REDIRECT] 
2025-06-20 11:51:47,193 [INFO] ApplicationProperties:184 - Using Application install path: C:\ST\STM32CubeIDE_1.16.1\STM32CubeIDE\plugins\com.st.stm32cube.common.mx_6.14.1.202504091515
2025-06-20 11:51:47,210 [INFO] DbMcusXml:78 - Set database path to: C:\ST\STM32CubeIDE_1.16.1\STM32CubeIDE\plugins\com.st.stm32cube.common.mx_6.14.1.202504091515\\db\/mcu/
2025-06-20 11:51:47,211 [INFO] ApiDb:274 - Set plugin database path to: C:\ST\STM32CubeIDE_1.16.1\STM32CubeIDE\plugins\com.st.stm32cube.common.mx_6.14.1.202504091515\\db\/plugins/boardmanager/
2025-06-20 11:51:47,211 [WARN] ApiDb:259 - Overriding images path with different value:  => C:\ST\STM32CubeIDE_1.16.1\STM32CubeIDE\plugins\com.st.stm32cube.common.mx_6.14.1.202504091515\\db\/plugins/mcufinder/images/
2025-06-20 11:51:47,221 [INFO] ApiDb:250 - Set database path to: C:\Users\Chinnapop\.stmcufinder\plugins\mcufinder//mcu/
2025-06-20 11:51:47,222 [INFO] DbMcusAds:125 - Set database path to: C:\Users\Chinnapop\.stmcufinder\plugins\mcufinder//mcu/
2025-06-20 11:51:47,224 [INFO] CrossReferenceDbSqlite:203 - Set database path to: C:\Users\Chinnapop\.stmcufinder\plugins\mcufinder//mcu/cs/
2025-06-20 11:51:47,367 [INFO] RulesReader:64 - Compatibility file has been processed (302 Rules)
2025-06-20 11:51:47,471 [INFO] DbMcusXml:78 - Set database path to: C:\ST\STM32CubeIDE_1.16.1\STM32CubeIDE\plugins\com.st.stm32cube.common.mx_6.14.1.202504091515\\db\/mcu/
2025-06-20 11:51:47,471 [INFO] ApiDb:274 - Set plugin database path to: C:\ST\STM32CubeIDE_1.16.1\STM32CubeIDE\plugins\com.st.stm32cube.common.mx_6.14.1.202504091515\\db\/plugins/boardmanager/
2025-06-20 11:51:47,472 [INFO] ApiDb:261 - Set plugin images path to: C:\ST\STM32CubeIDE_1.16.1\STM32CubeIDE\plugins\com.st.stm32cube.common.mx_6.14.1.202504091515\\db\/plugins/mcufinder/images/
2025-06-20 11:51:47,472 [WARN] DbFile:41 - Overriding database path with different value: C:\Users\Chinnapop\.stmcufinder\plugins\mcufinder/ => C:\Users\Chinnapop\.stmcufinder\plugins\mcufinder
2025-06-20 11:51:47,472 [INFO] ApiDb:250 - Set database path to: C:\Users\Chinnapop\.stmcufinder\plugins\mcufinder//mcu/
2025-06-20 11:51:47,472 [WARN] DbFile:41 - Overriding database path with different value: C:\Users\Chinnapop\.stmcufinder\plugins\mcufinder/ => C:\Users\Chinnapop\.stmcufinder\plugins\mcufinder
2025-06-20 11:51:47,472 [INFO] DbMcusAds:125 - Set database path to: C:\Users\Chinnapop\.stmcufinder\plugins\mcufinder//mcu/
2025-06-20 11:51:47,472 [WARN] DbFile:41 - Overriding database path with different value: C:\Users\Chinnapop\.stmcufinder\plugins\mcufinder/ => C:\Users\Chinnapop\.stmcufinder\plugins\mcufinder
2025-06-20 11:51:47,472 [WARN] DbFile:41 - Overriding database path with different value: C:\Users\Chinnapop\.stmcufinder\plugins\mcufinder/ => C:\Users\Chinnapop\.stmcufinder\plugins\mcufinder
2025-06-20 11:51:47,473 [INFO] CrossReferenceDbSqlite:203 - Set database path to: C:\Users\Chinnapop\.stmcufinder\plugins\mcufinder//mcu/cs/
2025-06-20 11:51:47,555 [INFO] MainPanel:272 - HeapMemory: 268435456
2025-06-20 11:51:47,646 [INFO] DbMcusXml:78 - Set database path to: C:\ST\STM32CubeIDE_1.16.1\STM32CubeIDE\plugins\com.st.stm32cube.common.mx_6.14.1.202504091515\\db\/mcu/
2025-06-20 11:51:47,646 [INFO] ApiDb:274 - Set plugin database path to: C:\ST\STM32CubeIDE_1.16.1\STM32CubeIDE\plugins\com.st.stm32cube.common.mx_6.14.1.202504091515\\db\/plugins/boardmanager/
2025-06-20 11:51:47,646 [INFO] ApiDb:261 - Set plugin images path to: C:\ST\STM32CubeIDE_1.16.1\STM32CubeIDE\plugins\com.st.stm32cube.common.mx_6.14.1.202504091515\\db\/plugins/mcufinder/images/
2025-06-20 11:51:47,647 [WARN] DbFile:41 - Overriding database path with different value: C:\Users\Chinnapop\.stmcufinder\plugins\mcufinder/ => C:\Users\Chinnapop\.stmcufinder\plugins\mcufinder
2025-06-20 11:51:47,647 [INFO] ApiDb:250 - Set database path to: C:\Users\Chinnapop\.stmcufinder\plugins\mcufinder//mcu/
2025-06-20 11:51:47,647 [WARN] DbFile:41 - Overriding database path with different value: C:\Users\Chinnapop\.stmcufinder\plugins\mcufinder/ => C:\Users\Chinnapop\.stmcufinder\plugins\mcufinder
2025-06-20 11:51:47,647 [INFO] DbMcusAds:125 - Set database path to: C:\Users\Chinnapop\.stmcufinder\plugins\mcufinder//mcu/
2025-06-20 11:51:47,647 [WARN] DbFile:41 - Overriding database path with different value: C:\Users\Chinnapop\.stmcufinder\plugins\mcufinder/ => C:\Users\Chinnapop\.stmcufinder\plugins\mcufinder
2025-06-20 11:51:47,647 [WARN] DbFile:41 - Overriding database path with different value: C:\Users\Chinnapop\.stmcufinder\plugins\mcufinder/ => C:\Users\Chinnapop\.stmcufinder\plugins\mcufinder
2025-06-20 11:51:47,647 [INFO] CrossReferenceDbSqlite:203 - Set database path to: C:\Users\Chinnapop\.stmcufinder\plugins\mcufinder//mcu/cs/
2025-06-20 11:51:47,670 [INFO] ApplicationProperties:184 - Using Application install path: C:\ST\STM32CubeIDE_1.16.1\STM32CubeIDE\plugins\com.st.stm32cube.common.mx_6.14.1.202504091515
2025-06-20 11:51:47,671 [INFO] PluginManage:196 - Search for loadable plugins [exclusion list=, ]
2025-06-20 11:51:47,672 [INFO] PluginManage:310 - Check plugin analytics
2025-06-20 11:51:47,840 [INFO] AnalyticsPlugin:253 - Accepted Software Licenses: 
2025-06-20 11:51:47,840 [INFO] AnalyticsPlugin:255 - Accepted CMSIS Pack Licenses: 
2025-06-20 11:51:47,841 [INFO] AnalyticsPlugin:257 - Accepted Firmware Licenses: FW.F7.1.17.0
2025-06-20 11:51:47,844 [INFO] PluginManage:359 - Loaded plugin analytics (category:tool,tabindex:-1)
2025-06-20 11:51:47,845 [INFO] PluginManage:310 - Check plugin cadmodel
2025-06-20 11:51:47,867 [INFO] CADModel:105 - Init CAD model plugin
2025-06-20 11:51:47,867 [INFO] PluginManage:359 - Loaded plugin cadmodel (category:power,tabindex:5)
2025-06-20 11:51:47,867 [INFO] PluginManage:310 - Check plugin clock
2025-06-20 11:51:47,881 [INFO] PluginManage:359 - Loaded plugin clock (category:base,tabindex:2)
2025-06-20 11:51:47,881 [INFO] PluginManage:310 - Check plugin ddr
2025-06-20 11:51:47,883 [INFO] PluginManage:359 - Loaded plugin ddr (category:tool,tabindex:6)
2025-06-20 11:51:47,883 [INFO] PluginManage:310 - Check plugin filemanager
2025-06-20 11:51:48,046 [INFO] PluginManage:359 - Loaded plugin filemanager (category:base,tabindex:10)
2025-06-20 11:51:48,046 [INFO] PluginManage:310 - Check plugin ipmanager
2025-06-20 11:51:48,054 [INFO] PluginManage:359 - Loaded plugin ipmanager (category:base,tabindex:5)
2025-06-20 11:51:48,054 [INFO] PluginManage:310 - Check plugin lpbam
2025-06-20 11:51:48,070 [INFO] PluginManage:359 - Loaded plugin lpbam (category:base,tabindex:0)
2025-06-20 11:51:48,070 [INFO] PluginManage:310 - Check plugin memorymap
2025-06-20 11:51:48,092 [INFO] PluginManage:359 - Loaded plugin memorymap (category:base,tabindex:4)
2025-06-20 11:51:48,092 [INFO] PluginManage:310 - Check plugin pinoutandconfiguration
2025-06-20 11:51:48,110 [INFO] PluginManage:359 - Loaded plugin pinoutandconfiguration (category:base,tabindex:1)
2025-06-20 11:51:48,111 [INFO] PluginManage:310 - Check plugin pinoutconfig
2025-06-20 11:51:48,211 [WARN] SupportedApi:132 - Cannot load RTOS API schema: s4s-elt-must-match.1: The content of 'definitions' must match (annotation?, (simpleType | complexType)?, (unique | key | keyref)*)). A problem was found starting at: attribute.
2025-06-20 11:51:48,348 [INFO] PluginManage:359 - Loaded plugin pinoutconfig (category:base,tabindex:0)
2025-06-20 11:51:48,349 [INFO] PluginManage:310 - Check plugin power
2025-06-20 11:51:48,362 [INFO] PluginManage:359 - Loaded plugin power (category:power,tabindex:4)
2025-06-20 11:51:48,362 [INFO] PluginManage:310 - Check plugin projectmanager
2025-06-20 11:51:48,377 [INFO] PluginManage:359 - Loaded plugin projectmanager (category:projectmanager,tabindex:4)
2025-06-20 11:51:48,377 [INFO] PluginManage:310 - Check plugin rif
2025-06-20 11:51:48,402 [INFO] PluginManage:359 - Loaded plugin rif (category:base,tabindex:3)
2025-06-20 11:51:48,403 [INFO] PluginManage:310 - Check plugin thirdparty
2025-06-20 11:51:48,614 [WARN] IntegrityCheckThread:84 - waiting for thirdparty lock release [integrity check]
2025-06-20 11:51:48,614 [INFO] IntegrityCheckThread:86 - entering critical section [integrity check]
2025-06-20 11:51:48,615 [INFO] ThirdPartyUpdaterWithRetryManager:70 - Updater plugin not ready yet. [1/15]
2025-06-20 11:51:48,615 [INFO] PluginManage:359 - Loaded plugin thirdparty (category:base,tabindex:-1)
2025-06-20 11:51:48,615 [INFO] PluginManage:310 - Check plugin tools
2025-06-20 11:51:48,625 [INFO] PluginManage:359 - Loaded plugin tools (category:base,tabindex:7)
2025-06-20 11:51:48,625 [INFO] PluginManage:310 - Check plugin tutovideos
2025-06-20 11:51:48,826 [INFO] PluginManage:359 - Loaded plugin tutovideos (category:base,tabindex:-1)
2025-06-20 11:51:48,826 [INFO] PluginManage:310 - Check plugin updater
2025-06-20 11:51:48,847 [INFO] PluginManage:359 - Loaded plugin updater (category:base,tabindex:12)
2025-06-20 11:51:48,848 [INFO] PluginManage:310 - Check plugin userauth
2025-06-20 11:51:48,851 [INFO] UserAuth:118 - Init User Auth plugin
2025-06-20 11:51:48,851 [INFO] PluginManage:359 - Loaded plugin userauth (category:base,tabindex:14)
2025-06-20 11:51:48,852 [INFO] PluginManage:283 - PluginManage : Loaded plugins [18]
2025-06-20 11:51:49,047 [INFO] PinOutPanel:1589 - setPackage(No Configuration,No Configuration)
2025-06-20 11:51:49,124 [INFO] CADModel:165 - CPN selected for project level
2025-06-20 11:51:49,124 [INFO] CADModel:114 - Register for checkConnection events
2025-06-20 11:51:49,143 [INFO] IPUIPlugin:80 - create IPUIPlugin
2025-06-20 11:51:49,143 [INFO] PluginManager:220 - loadIPPluginJar : add adc
2025-06-20 11:51:49,151 [INFO] IPUIPlugin:80 - create IPUIPlugin
2025-06-20 11:51:49,151 [INFO] PluginManager:220 - loadIPPluginJar : add aes
2025-06-20 11:51:49,158 [INFO] IPUIPlugin:80 - create IPUIPlugin
2025-06-20 11:51:49,159 [INFO] PluginManager:220 - loadIPPluginJar : add can
2025-06-20 11:51:49,166 [INFO] IPUIPlugin:80 - create IPUIPlugin
2025-06-20 11:51:49,166 [INFO] PluginManager:220 - loadIPPluginJar : add comp
2025-06-20 11:51:49,175 [INFO] IPUIPlugin:80 - create IPUIPlugin
2025-06-20 11:51:49,175 [INFO] PluginManager:220 - loadIPPluginJar : add cryp
2025-06-20 11:51:49,183 [INFO] IPUIPlugin:80 - create IPUIPlugin
2025-06-20 11:51:49,183 [INFO] PluginManager:220 - loadIPPluginJar : add ddr_ctrl_phy
2025-06-20 11:51:49,197 [INFO] IPUIPlugin:80 - create IPUIPlugin
2025-06-20 11:51:49,197 [INFO] PluginManager:220 - loadIPPluginJar : add dfsdm
2025-06-20 11:51:49,210 [INFO] IPUIPlugin:80 - create IPUIPlugin
2025-06-20 11:51:49,211 [INFO] PluginManager:220 - loadIPPluginJar : add dma
2025-06-20 11:51:49,220 [INFO] IPUIPlugin:80 - create IPUIPlugin
2025-06-20 11:51:49,220 [INFO] PluginManager:220 - loadIPPluginJar : add dma3
2025-06-20 11:51:49,227 [INFO] IPUIPlugin:80 - create IPUIPlugin
2025-06-20 11:51:49,227 [INFO] PluginManager:220 - loadIPPluginJar : add extmemmanager
2025-06-20 11:51:49,233 [INFO] IPUIPlugin:80 - create IPUIPlugin
2025-06-20 11:51:49,233 [INFO] PluginManager:220 - loadIPPluginJar : add fatfs
2025-06-20 11:51:49,244 [INFO] IPUIPlugin:80 - create IPUIPlugin
2025-06-20 11:51:49,244 [INFO] PluginManager:220 - loadIPPluginJar : add fmc
2025-06-20 11:51:49,257 [INFO] IPUIPlugin:80 - create IPUIPlugin
2025-06-20 11:51:49,257 [INFO] PluginManager:220 - loadIPPluginJar : add freertos
2025-06-20 11:51:49,266 [INFO] IPUIPlugin:80 - create IPUIPlugin
2025-06-20 11:51:49,266 [INFO] PluginManager:220 - loadIPPluginJar : add genericplugin
2025-06-20 11:51:49,275 [INFO] IPUIPlugin:80 - create IPUIPlugin
2025-06-20 11:51:49,275 [INFO] PluginManager:220 - loadIPPluginJar : add gfxmmu
2025-06-20 11:51:49,289 [INFO] IPUIPlugin:80 - create IPUIPlugin
2025-06-20 11:51:49,289 [INFO] PluginManager:220 - loadIPPluginJar : add gic
2025-06-20 11:51:49,301 [INFO] IPUIPlugin:80 - create IPUIPlugin
2025-06-20 11:51:49,301 [INFO] PluginManager:220 - loadIPPluginJar : add gpio
2025-06-20 11:51:49,313 [INFO] IPUIPlugin:80 - create IPUIPlugin
2025-06-20 11:51:49,313 [INFO] PluginManager:220 - loadIPPluginJar : add gtzc
2025-06-20 11:51:49,324 [INFO] IPUIPlugin:80 - create IPUIPlugin
2025-06-20 11:51:49,325 [INFO] PluginManager:220 - loadIPPluginJar : add hash
2025-06-20 11:51:49,335 [INFO] IPUIPlugin:80 - create IPUIPlugin
2025-06-20 11:51:49,335 [INFO] PluginManager:220 - loadIPPluginJar : add i2c
2025-06-20 11:51:49,355 [INFO] IPUIPlugin:80 - create IPUIPlugin
2025-06-20 11:51:49,355 [INFO] PluginManager:220 - loadIPPluginJar : add i2s
2025-06-20 11:51:49,365 [INFO] IPUIPlugin:80 - create IPUIPlugin
2025-06-20 11:51:49,366 [INFO] PluginManager:220 - loadIPPluginJar : add i3c
2025-06-20 11:51:49,378 [INFO] IPUIPlugin:80 - create IPUIPlugin
2025-06-20 11:51:49,379 [INFO] PluginManager:220 - loadIPPluginJar : add ipddr
2025-06-20 11:51:49,396 [INFO] IPUIPlugin:80 - create IPUIPlugin
2025-06-20 11:51:49,397 [INFO] PluginManager:220 - loadIPPluginJar : add linkedlist
2025-06-20 11:51:49,408 [INFO] IPUIPlugin:80 - create IPUIPlugin
2025-06-20 11:51:49,408 [INFO] PluginManager:220 - loadIPPluginJar : add lorawan
2025-06-20 11:51:49,417 [INFO] IPUIPlugin:80 - create IPUIPlugin
2025-06-20 11:51:49,417 [INFO] PluginManager:220 - loadIPPluginJar : add ltdc
2025-06-20 11:51:49,434 [INFO] IPUIPlugin:80 - create IPUIPlugin
2025-06-20 11:51:49,434 [INFO] PluginManager:220 - loadIPPluginJar : add mdma
2025-06-20 11:51:49,447 [INFO] IPUIPlugin:80 - create IPUIPlugin
2025-06-20 11:51:49,447 [INFO] PluginManager:220 - loadIPPluginJar : add nvic
2025-06-20 11:51:49,459 [INFO] IPUIPlugin:80 - create IPUIPlugin
2025-06-20 11:51:49,459 [INFO] PluginManager:220 - loadIPPluginJar : add opamp
2025-06-20 11:51:49,470 [INFO] IPUIPlugin:80 - create IPUIPlugin
2025-06-20 11:51:49,470 [INFO] PluginManager:220 - loadIPPluginJar : add openamp
2025-06-20 11:51:49,481 [INFO] IPUIPlugin:80 - create IPUIPlugin
2025-06-20 11:51:49,481 [INFO] PluginManager:220 - loadIPPluginJar : add pdm2pcm
2025-06-20 11:51:49,495 [INFO] IPUIPlugin:80 - create IPUIPlugin
2025-06-20 11:51:49,499 [INFO] PluginManager:220 - loadIPPluginJar : add plateformsettings
2025-06-20 11:51:49,508 [INFO] IPUIPlugin:80 - create IPUIPlugin
2025-06-20 11:51:49,508 [INFO] PluginManager:220 - loadIPPluginJar : add quadspi
2025-06-20 11:51:49,517 [INFO] IPUIPlugin:80 - create IPUIPlugin
2025-06-20 11:51:49,518 [INFO] PluginManager:220 - loadIPPluginJar : add radio
2025-06-20 11:51:49,530 [INFO] IPUIPlugin:80 - create IPUIPlugin
2025-06-20 11:51:49,530 [INFO] PluginManager:220 - loadIPPluginJar : add resmgrutility
2025-06-20 11:51:49,540 [INFO] IPUIPlugin:80 - create IPUIPlugin
2025-06-20 11:51:49,540 [INFO] PluginManager:220 - loadIPPluginJar : add sai
2025-06-20 11:51:49,550 [INFO] IPUIPlugin:80 - create IPUIPlugin
2025-06-20 11:51:49,550 [INFO] PluginManager:220 - loadIPPluginJar : add spi
2025-06-20 11:51:49,565 [INFO] IPUIPlugin:80 - create IPUIPlugin
2025-06-20 11:51:49,565 [INFO] PluginManager:220 - loadIPPluginJar : add stm32_wpan
2025-06-20 11:51:49,573 [INFO] IPUIPlugin:80 - create IPUIPlugin
2025-06-20 11:51:49,573 [INFO] PluginManager:220 - loadIPPluginJar : add tim
2025-06-20 11:51:49,584 [INFO] IPUIPlugin:80 - create IPUIPlugin
2025-06-20 11:51:49,584 [INFO] PluginManager:220 - loadIPPluginJar : add touchsensing
2025-06-20 11:51:49,593 [INFO] IPUIPlugin:80 - create IPUIPlugin
2025-06-20 11:51:49,593 [INFO] PluginManager:220 - loadIPPluginJar : add tracer_emb
2025-06-20 11:51:49,600 [INFO] IPUIPlugin:80 - create IPUIPlugin
2025-06-20 11:51:49,600 [INFO] PluginManager:220 - loadIPPluginJar : add ts
2025-06-20 11:51:49,607 [INFO] IPUIPlugin:80 - create IPUIPlugin
2025-06-20 11:51:49,607 [INFO] PluginManager:220 - loadIPPluginJar : add tsc
2025-06-20 11:51:49,619 [INFO] IPUIPlugin:80 - create IPUIPlugin
2025-06-20 11:51:49,620 [INFO] PluginManager:220 - loadIPPluginJar : add ucpd
2025-06-20 11:51:49,630 [INFO] IPUIPlugin:80 - create IPUIPlugin
2025-06-20 11:51:49,630 [INFO] PluginManager:220 - loadIPPluginJar : add usart
2025-06-20 11:51:49,641 [INFO] IPUIPlugin:80 - create IPUIPlugin
2025-06-20 11:51:49,642 [INFO] PluginManager:220 - loadIPPluginJar : add usbx
2025-06-20 11:51:49,775 [FATAL] Updater:351 - Updater called before beeing initialized
2025-06-20 11:51:49,841 [INFO] RulesReader:64 - Compatibility file has been processed (302 Rules)
2025-06-20 11:51:49,861 [INFO] RulesReader:64 - Compatibility file has been processed (302 Rules)
2025-06-20 11:51:49,887 [INFO] CADModel:165 - CPN selected for project level
2025-06-20 11:51:49,887 [INFO] CADModel:114 - Register for checkConnection events
2025-06-20 11:51:49,887 [FATAL] Updater:351 - Updater called before beeing initialized
2025-06-20 11:51:49,887 [ERROR] CADModel:125 - Updater not yet initialized, retry later 
2025-06-20 11:51:50,020 [FATAL] Updater:351 - Updater called before beeing initialized
2025-06-20 11:51:50,022 [INFO] CADModel:165 - CPN selected for project level
2025-06-20 11:51:50,022 [INFO] CADModel:114 - Register for checkConnection events
2025-06-20 11:51:50,022 [FATAL] Updater:351 - Updater called before beeing initialized
2025-06-20 11:51:50,022 [ERROR] CADModel:125 - Updater not yet initialized, retry later 
2025-06-20 11:51:50,025 [FATAL] Updater:351 - Updater called before beeing initialized
2025-06-20 11:51:50,137 [FATAL] Updater:351 - Updater called before beeing initialized
2025-06-20 11:51:50,143 [INFO] DbMcusAds:53 - JSON generation date=Wed May 07 16:07:55 ICT 2025 (1746608875484)
2025-06-20 11:51:50,143 [FATAL] Updater:351 - Updater called before beeing initialized
2025-06-20 11:51:50,185 [WARN] DetailPanel:346 - Failed to get advertising image, set to default
2025-06-20 11:51:50,481 [FATAL] Updater:351 - Updater called before beeing initialized
2025-06-20 11:51:50,483 [FATAL] Updater:351 - Updater called before beeing initialized
2025-06-20 11:51:50,483 [FATAL] Updater:351 - Updater called before beeing initialized
2025-06-20 11:51:50,483 [WARN] DetailPanel:346 - Failed to get advertising image, set to default
2025-06-20 11:51:50,484 [FATAL] Updater:351 - Updater called before beeing initialized
2025-06-20 11:51:50,533 [ERROR] Updater:1198 - MainUpdater not yet initialized. External WinMGr cannot be set.
2025-06-20 11:51:50,537 [INFO] Updater:1134 - Updater Version found : 6.14.1
2025-06-20 11:51:50,557 [INFO] ApplicationProperties:184 - Using Application install path: C:\ST\STM32CubeIDE_1.16.1\STM32CubeIDE\plugins\com.st.stm32cube.common.mx_6.14.1.202504091515
2025-06-20 11:51:51,616 [INFO] ThirdPartyUpdaterWithRetryManager:70 - Updater plugin not ready yet. [2/15]
2025-06-20 11:51:52,132 [ERROR] LogOutputStream:75 - [STDERR_REDIRECT] Jun 20, 2025 11:51:52 AM java.util.prefs.WindowsPreferences <init>
2025-06-20 11:51:52,134 [ERROR] LogOutputStream:75 - [STDERR_REDIRECT] WARNING: Could not open/create prefs root node Software\JavaSoft\Prefs at root 0xffffffff80000002. Windows RegCreateKeyEx(...) returned error code 5.
2025-06-20 11:51:52,134 [ERROR] LogOutputStream:75 - [STDERR_REDIRECT] 
2025-06-20 11:51:52,655 [INFO] MainUpdater:2872 - connection check result : 10
2025-06-20 11:51:52,655 [INFO] MainUpdater:289 - Updater Check For Update Now.
2025-06-20 11:51:52,656 [INFO] MicroXplorer:498 - Change Database Version : DB.6.0.141
2025-06-20 11:51:52,680 [INFO] McuFinderGlobals:63 - Set McuFinder mode to 2 (CubeIDE integrated)
2025-06-20 11:51:52,682 [INFO] UserAuth:484 - Internet connection configuration mode: 1
2025-06-20 11:51:52,725 [INFO] JxBrowserEngine:152 - Initiate JxBrowser Engine with user profile folder
2025-06-20 11:51:52,858 [INFO] CheckServerUpdateThread:120 - End of CheckServer Thread
2025-06-20 11:51:53,849 [INFO] WebApp:169 - Instantiating new browser for Auth
2025-06-20 11:51:54,768 [INFO] WebApp:463 - Apply proxy settings
2025-06-20 11:51:54,768 [INFO] WebApp:548 - Chromium requires no authentication
2025-06-20 11:51:54,776 [INFO] WebApp:491 - Direct internet connection detected
2025-06-20 11:51:54,793 [INFO] WebApp:894 - Register for checkConnection events
2025-06-20 11:51:54,793 [INFO] WebApp:463 - Apply proxy settings
2025-06-20 11:51:54,793 [INFO] WebApp:548 - Chromium requires no authentication
2025-06-20 11:51:54,794 [INFO] WebApp:491 - Direct internet connection detected
2025-06-20 11:51:54,886 [WARN] PackLoader:240 - Cannot read IP mode file for STMicroelectronics.FP-SNS-MOTENVWB1.1.4.0
2025-06-20 11:51:54,893 [WARN] PackLoader:240 - Cannot read IP mode file for STMicroelectronics.FP-ATR-ASTRA1.2.0.2
2025-06-20 11:51:54,897 [WARN] PackLoader:240 - Cannot read IP mode file for STMicroelectronics.FP-ATR-ASTRA1.2.0.1
2025-06-20 11:51:54,906 [WARN] PackLoader:240 - Cannot read IP mode file for STMicroelectronics.X-CUBE-SMBUS.2.1.0
2025-06-20 11:51:54,911 [WARN] PackLoader:240 - Cannot read IP mode file for STMicroelectronics.X-CUBE-WB05N.1.1.0
2025-06-20 11:51:54,918 [WARN] PackLoader:240 - Cannot read IP mode file for STMicroelectronics.X-CUBE-ST60.1.0.0
2025-06-20 11:51:54,950 [WARN] PackLoader:240 - Cannot read IP mode file for STMicroelectronics.X-CUBE-AZRTOS-F7.1.1.0
2025-06-20 11:51:55,001 [WARN] PackLoader:240 - Cannot read IP mode file for STMicroelectronics.X-CUBE-MEMS1.11.0.0
2025-06-20 11:51:55,116 [WARN] PackLoader:240 - Cannot read IP mode file for STMicroelectronics.FP-SNS-FLIGHT1.5.0.2
2025-06-20 11:51:55,126 [WARN] PackLoader:240 - Cannot read IP mode file for STMicroelectronics.X-CUBE-DISPLAY.3.0.0
2025-06-20 11:51:55,133 [WARN] PackLoader:240 - Cannot read IP mode file for STMicroelectronics.X-CUBE-BLE1.7.0.0
2025-06-20 11:51:55,139 [WARN] PackLoader:240 - Cannot read IP mode file for STMicroelectronics.X-CUBE-NFC10.1.0.0
2025-06-20 11:51:55,148 [WARN] PackLoader:240 - Cannot read IP mode file for STMicroelectronics.X-CUBE-BLEMGR.4.0.0
2025-06-20 11:51:55,155 [WARN] PackLoader:240 - Cannot read IP mode file for emotas.I-CUBE-CANOPEN.1.3.0
2025-06-20 11:51:55,162 [WARN] PackLoader:240 - Cannot read IP mode file for STMicroelectronics.X-CUBE-BLEMGR.3.1.0
2025-06-20 11:51:55,167 [WARN] PackLoader:240 - Cannot read IP mode file for STMicroelectronics.X-CUBE-AI.10.0.0
2025-06-20 11:51:55,180 [WARN] PackLoader:240 - Cannot read IP mode file for STMicroelectronics.FP-SNS-SMARTAG2.1.2.0
2025-06-20 11:51:55,183 [WARN] PackLoader:240 - Cannot read IP mode file for STMicroelectronics.FP-SNS-FLIGHT1.5.1.0
2025-06-20 11:51:55,185 [INFO] WebApp:191 - Connection restablished
2025-06-20 11:51:55,209 [WARN] PackLoader:240 - Cannot read IP mode file for STMicroelectronics.X-CUBE-MEMS1.11.1.0
2025-06-20 11:51:55,322 [INFO] WebApp:225 - Starting web application
2025-06-20 11:51:55,322 [INFO] WebApp:593 - Web application path used C:\ST\STM32CubeIDE_1.16.1\STM32CubeIDE\plugins\com.st.stm32cube.common.mx_6.14.1.202504091515\db\plugins\mcufinder\reactClient1\index.html
2025-06-20 11:51:55,331 [INFO] LogOutputStream:77 - [STDOUT_REDIRECT] 1 : Invalid condition id : UX_CORESTACK_Condition cause : null
2025-06-20 11:51:55,333 [INFO] LogOutputStream:77 - [STDOUT_REDIRECT] 1 : Invalid condition id : UX_CORESTACK_Condition cause : null
2025-06-20 11:51:55,336 [INFO] LogOutputStream:77 - [STDOUT_REDIRECT] 1 : Invalid condition id : UX_CORESTACK_Condition cause : null
2025-06-20 11:51:55,339 [INFO] LogOutputStream:77 - [STDOUT_REDIRECT] 1 : Invalid condition id : UX_CORESTACK_Condition cause : null
2025-06-20 11:51:55,342 [INFO] LogOutputStream:77 - [STDOUT_REDIRECT] 1 : Invalid condition id : UX_CORESTACK_Condition cause : null
2025-06-20 11:51:55,382 [WARN] PackLoader:240 - Cannot read IP mode file for STMicroelectronics.X-CUBE-AZRTOS-WL.2.0.0
2025-06-20 11:51:55,392 [WARN] PackLoader:240 - Cannot read IP mode file for STMicroelectronics.FP-SNS-MOTENV1.5.0.0
2025-06-20 11:51:55,400 [WARN] PackLoader:240 - Cannot read IP mode file for wolfSSL.I-CUBE-wolfMQTT.1.19.0
2025-06-20 11:51:55,419 [WARN] PackLoader:240 - Cannot read IP mode file for WES.I-CUBE-Cesium.1.3.0
2025-06-20 11:51:55,426 [WARN] PackLoader:240 - Cannot read IP mode file for STMicroelectronics.X-CUBE-BLE2.3.3.0
2025-06-20 11:51:55,433 [WARN] PackLoader:240 - Cannot read IP mode file for STMicroelectronics.X-CUBE-NFC9.1.0.0
2025-06-20 11:51:55,439 [WARN] PackLoader:240 - Cannot read IP mode file for STMicroelectronics.X-CUBE-BLE1.7.1.0
2025-06-20 11:51:55,448 [WARN] PackLoader:240 - Cannot read IP mode file for STMicroelectronics.X-CUBE-TCPP.4.1.0
2025-06-20 11:51:55,452 [WARN] PackLoader:240 - Cannot read IP mode file for STMicroelectronics.X-CUBE-AI.10.1.0
2025-06-20 11:51:55,492 [WARN] PackLoader:240 - Cannot read IP mode file for STMicroelectronics.X-CUBE-MEMS1.11.2.0
2025-06-20 11:51:55,599 [WARN] PackLoader:240 - Cannot read IP mode file for STMicroelectronics.X-CUBE-AZRTOS-G0.1.1.0
2025-06-20 11:51:55,606 [WARN] PackLoader:240 - Cannot read IP mode file for STMicroelectronics.X-CUBE-SAFEA1.1.2.2
2025-06-20 11:51:55,612 [WARN] PackLoader:240 - Cannot read IP mode file for STMicroelectronics.X-CUBE-NFC4.3.0.0
2025-06-20 11:51:55,623 [WARN] PackLoader:240 - Cannot read IP mode file for EmbeddedOffice.I-CUBE-FS-RTOS.1.0.1
2025-06-20 11:51:55,629 [WARN] PackLoader:240 - Cannot read IP mode file for STMicroelectronics.X-CUBE-WB05N.2.0.0
2025-06-20 11:51:55,635 [WARN] PackLoader:240 - Cannot read IP mode file for STMicroelectronics.X-CUBE-TCPP.4.2.0
2025-06-20 11:51:55,643 [WARN] PackLoader:240 - Cannot read IP mode file for RealThread.X-CUBE-RT-Thread_Nano.4.1.1
2025-06-20 11:51:55,649 [WARN] PackLoader:240 - Cannot read IP mode file for STMicroelectronics.FP-ATR-SIGFOX1.3.2.0
2025-06-20 11:51:55,654 [WARN] ConditionMgr:438 - getConditionDescription Invalid condition id : Cortex-A Device cause : null
2025-06-20 11:51:55,676 [WARN] ConditionMgr:1044 - genDependencies : Invalid condition id : Cortex-A Device cause : null
2025-06-20 11:51:55,677 [WARN] ConditionMgr:1044 - genDependencies : Invalid condition id : Cortex-A Device cause : null
2025-06-20 11:51:55,677 [WARN] ConditionMgr:1044 - genDependencies : Invalid condition id : Cortex-A Device cause : null
2025-06-20 11:51:55,683 [WARN] PackLoader:240 - Cannot read IP mode file for STMicroelectronics.X-CUBE-EEPRMA1.5.1.0
2025-06-20 11:51:55,689 [WARN] PackLoader:240 - Cannot read IP mode file for wolfSSL.I-CUBE-wolfSSL.5.7.4
2025-06-20 11:51:55,697 [WARN] PackLoader:240 - Cannot read IP mode file for ITTIA_DB.I-CUBE-ITTIADB.8.9.0
2025-06-20 11:51:55,709 [WARN] PackLoader:240 - Cannot read IP mode file for STMicroelectronics.X-CUBE-ST67W61.1.0.0
2025-06-20 11:51:55,732 [WARN] PackLoader:240 - Cannot read IP mode file for SEGGER.I-CUBE-embOS.1.3.1
2025-06-20 11:51:55,776 [WARN] PackLoader:240 - Cannot read IP mode file for STMicroelectronics.X-CUBE-ALGOBUILD.1.4.0
2025-06-20 11:51:55,815 [WARN] PackLoader:240 - Cannot read IP mode file for STMicroelectronics.X-CUBE-MEMS1.11.3.0
2025-06-20 11:51:55,827 [INFO] UserAuth:484 - Internet connection configuration mode: 1
2025-06-20 11:51:55,932 [WARN] PackLoader:240 - Cannot read IP mode file for STMicroelectronics.X-CUBE-AI.9.1.0
2025-06-20 11:51:55,941 [WARN] PackLoader:240 - Cannot read IP mode file for STMicroelectronics.X-CUBE-PM33A1.1.0.0
2025-06-20 11:51:55,965 [WARN] PackLoader:240 - Cannot read IP mode file for STMicroelectronics.X-CUBE-AZRTOS-F4.1.1.0
2025-06-20 11:51:55,980 [WARN] PackLoader:240 - Cannot read IP mode file for Avnet-IotConnect.X-CUBE-IoTC-DA16k-PMOD.1.0.0
2025-06-20 11:51:55,988 [WARN] PackLoader:240 - Cannot read IP mode file for STMicroelectronics.X-CUBE-ISPU.2.1.0
2025-06-20 11:51:56,012 [WARN] PackLoader:240 - Cannot read IP mode file for STMicroelectronics.X-CUBE-FREERTOS.1.2.0
2025-06-20 11:51:56,026 [WARN] PackLoader:240 - Cannot read IP mode file for STMicroelectronics.X-CUBE-AZRTOS-L5.2.0.0
2025-06-20 11:51:56,037 [WARN] PackLoader:240 - Cannot read IP mode file for STMicroelectronics.X-CUBE-NFC6.3.1.0
2025-06-20 11:51:56,044 [WARN] PackLoader:240 - Cannot read IP mode file for STMicroelectronics.X-CUBE-DPower.1.2.0
2025-06-20 11:51:56,049 [WARN] PackLoader:240 - Cannot read IP mode file for STMicroelectronics.X-CUBE-FREERTOS.1.3.1
2025-06-20 11:51:56,054 [WARN] PackLoader:240 - Cannot read IP mode file for STMicroelectronics.X-CUBE-FREERTOS.1.3.0
2025-06-20 11:51:56,059 [WARN] PackLoader:240 - Cannot read IP mode file for STMicroelectronics.X-CUBE-NFC7.1.0.1
2025-06-20 11:51:56,064 [WARN] PackLoader:240 - Cannot read IP mode file for STMicroelectronics.X-CUBE-DPower.1.3.0
2025-06-20 11:51:56,076 [WARN] ConditionMgr:438 - getConditionDescription Invalid condition id : LAN8742 Phy interface Condition cause : null
2025-06-20 11:51:56,077 [WARN] PackLoader:240 - Cannot read IP mode file for STMicroelectronics.X-CUBE-AZRTOS-L4.2.0.0
2025-06-20 11:51:56,078 [WARN] ConditionMgr:1044 - genDependencies : Invalid condition id : LAN8742 Phy interface Condition cause : null
2025-06-20 11:51:56,078 [WARN] ConditionMgr:1044 - genDependencies : Invalid condition id : LAN8742 Phy interface Condition cause : null
2025-06-20 11:51:56,078 [WARN] ConditionMgr:1044 - genDependencies : Invalid condition id : LAN8742 Phy interface Condition cause : null
2025-06-20 11:51:56,085 [WARN] PackLoader:240 - Cannot read IP mode file for STMicroelectronics.X-CUBE-SFXS2LP1.4.0.0
2025-06-20 11:51:56,099 [WARN] PackLoader:240 - Cannot read IP mode file for STMicroelectronics.X-CUBE-AZRTOS-H7.3.3.0
2025-06-20 11:51:56,110 [WARN] PackLoader:240 - Cannot read IP mode file for STMicroelectronics.X-CUBE-IPS.3.0.0
2025-06-20 11:51:56,122 [WARN] ConditionMgr:438 - getConditionDescription Invalid condition id : UX DEVICE CLASS RTOS Condition cause : null
2025-06-20 11:51:56,122 [WARN] ConditionMgr:438 - getConditionDescription Invalid condition id : UX DEVICE CLASS RTOS Condition cause : null
2025-06-20 11:51:56,123 [WARN] PackLoader:240 - Cannot read IP mode file for STMicroelectronics.X-CUBE-AZRTOS-WB.2.0.0
2025-06-20 11:51:56,124 [WARN] ConditionMgr:1044 - genDependencies : Invalid condition id : UX DEVICE CLASS RTOS Condition cause : null
2025-06-20 11:51:56,124 [WARN] ConditionMgr:1044 - genDependencies : Invalid condition id : UX DEVICE CLASS RTOS Condition cause : null
2025-06-20 11:51:56,124 [WARN] ConditionMgr:1044 - genDependencies : Invalid condition id : UX DEVICE CLASS RTOS Condition cause : null
2025-06-20 11:51:56,124 [WARN] ConditionMgr:1044 - genDependencies : Invalid condition id : UX DEVICE CLASS RTOS Condition cause : null
2025-06-20 11:51:56,124 [WARN] ConditionMgr:1044 - genDependencies : Invalid condition id : UX DEVICE CLASS RTOS Condition cause : null
2025-06-20 11:51:56,131 [WARN] PackLoader:240 - Cannot read IP mode file for STMicroelectronics.X-CUBE-GNSS1.7.0.0
2025-06-20 11:51:56,135 [WARN] PackLoader:240 - Cannot read IP mode file for STMicroelectronics.X-CUBE-GNSS1.7.0.1
2025-06-20 11:51:56,146 [WARN] PackLoader:240 - Cannot read IP mode file for STMicroelectronics.X-CUBE-TOUCHGFX.4.25.0
2025-06-20 11:51:56,152 [WARN] PackLoader:240 - Cannot read IP mode file for STMicroelectronics.FP-SNS-STBOX1.2.0.0
2025-06-20 11:51:56,162 [WARN] PackLoader:240 - Cannot read IP mode file for STMicroelectronics.X-CUBE-SUBG2.5.0.0
2025-06-20 11:51:56,177 [WARN] PackLoader:240 - Cannot read IP mode file for STMicroelectronics.X-CUBE-AZRTOS-H7RS.1.1.0
2025-06-20 11:51:56,188 [WARN] PackLoader:240 - Cannot read IP mode file for Cesanta.I-CUBE-Mongoose.7.13.0
2025-06-20 11:51:56,199 [WARN] PackLoader:240 - Cannot read IP mode file for STMicroelectronics.X-CUBE-AZRTOS-G4.2.0.0
2025-06-20 11:51:56,204 [WARN] PackLoader:240 - Cannot read IP mode file for STMicroelectronics.X-CUBE-NFC7.2.0.0
2025-06-20 11:51:56,213 [WARN] PackLoader:240 - Cannot read IP mode file for STMicroelectronics.X-CUBE-IPS.3.1.0
2025-06-20 11:51:56,220 [WARN] PackLoader:240 - Cannot read IP mode file for STMicroelectronics.X-CUBE-ALS.1.0.2
2025-06-20 11:51:56,224 [WARN] PackLoader:240 - Cannot read IP mode file for STMicroelectronics.X-CUBE-TOUCHGFX.4.24.2
2025-06-20 11:51:56,228 [WARN] PackLoader:240 - Cannot read IP mode file for STMicroelectronics.X-CUBE-TOUCHGFX.4.24.1
2025-06-20 11:51:56,233 [WARN] PackLoader:240 - Cannot read IP mode file for wolfSSL.I-CUBE-wolfTPM.3.4.0
2025-06-20 11:51:56,238 [WARN] PackLoader:240 - Cannot read IP mode file for portGmbH.I-Cube-SoM-uGOAL.1.1.0
2025-06-20 11:51:56,249 [WARN] PackLoader:240 - Cannot read IP mode file for STMicroelectronics.X-CUBE-AZRTOS-H7RS.1.0.0
2025-06-20 11:51:56,255 [WARN] PackLoader:240 - Cannot read IP mode file for STMicroelectronics.FP-ATR-ASTRA1.2.0.0
2025-06-20 11:51:56,263 [WARN] PackLoader:240 - Cannot read IP mode file for STMicroelectronics.X-CUBE-TOF1.3.4.2
2025-06-20 11:51:56,280 [WARN] PackLoader:240 - Cannot read IP mode file for STMicroelectronics.X-CUBE-TOF1.3.4.3
2025-06-20 11:51:56,305 [WARN] PackLoader:240 - Cannot read IP mode file for Infineon.AIROC-Wi-Fi-Bluetooth-STM32.1.6.1
2025-06-20 11:51:56,313 [WARN] PackLoader:240 - Cannot read IP mode file for wolfSSL.I-CUBE-wolfSSH.1.4.17
2025-06-20 11:51:56,314 [INFO] ThirdParty:978 - Integrity check success = true
2025-06-20 11:51:56,314 [INFO] IntegrityCheckThread:100 - exiting critical section [integrity check]
2025-06-20 11:51:56,314 [INFO] IntegrityCheckThread:103 - End integrity checks thread
2025-06-20 11:52:19,523 [INFO] WebApp:194 - Connection lost
2025-06-20 11:52:20,136 [INFO] WebApp:191 - Connection restablished
2025-06-20 11:52:54,935 [ERROR] LogOutputStream:75 - [STDERR_REDIRECT] 
2025-06-20 11:52:54,937 [ERROR] LogOutputStream:75 - [STDERR_REDIRECT] 
