C:\ST\STM32CubeIDE_1.16.1\STM32CubeIDE\plugins\com.st.stm32cube.ide.mcu.externaltools.gnu-tools-for-stm32.14.3.rel1.win32_1.0.100.202602081740\tools\bin/../lib/gcc/arm-none-eabi/14.3.1/../../../../arm-none-eabi/include/c++/14.3.1/cmath:442:3:constexpr float std::sqrt(float)	16	static
C:\ST\STM32CubeIDE_1.16.1\STM32CubeIDE\plugins\com.st.stm32cube.ide.mcu.externaltools.gnu-tools-for-stm32.14.3.rel1.win32_1.0.100.202602081740\tools\arm-none-eabi\include\c++\14.3.1\arm-none-eabi\thumb\v7e-m+dp\hard\bits\gthr-default.h:229:1:int __gthread_key_delete(__gthread_key_t)	16	static
C:/Users/Chinnapop/Downloads/eigen-3.4.0/eigen-3.4.0/Eigen/src/Core/util/IndexedViewHelper.h:137:16:Eigen::internal::all_t::all_t()	16	static
../Core/Inc/Math/math_types.h:41:13:adcs::math::Vec3 adcs::math::toEigen(const RawVec3&)	16	static
../Core/Inc/Math/math_types.h:46:16:adcs::math::RawVec3 adcs::math::toRaw(const Vec3&)	48	static
../Core/Inc/Math/math_types.h:51:13:adcs::math::Vec4 adcs::math::quatToEigen(const RawQuat&)	24	static
../Core/Inc/Math/math_types.h:56:16:adcs::math::RawQuat adcs::math::quatToRaw(const Vec4&)	48	static
../Core/Inc/Bsp/board_io.h:15:13:void adcs::bsp::boardInit()	4	static
../Core/Inc/Bsp/board_io.h:19:22:uint64_t adcs::bsp::timeNowMs()	4	static
../Core/Inc/Bsp/board_io.h:25:13:void adcs::bsp::feedWatchdog()	8	static
../Core/Inc/Bsp/board_io.h:31:13:bool adcs::bsp::readImu(adcs::app::ImuSample&)	16	static
../Core/Inc/Bsp/board_io.h:40:13:bool adcs::bsp::readMag(adcs::app::MagSample&)	16	static
../Core/Inc/Bsp/board_io.h:48:13:bool adcs::bsp::readStarTracker(adcs::app::StarTrackerSample&)	16	static
../Core/Inc/Bsp/board_io.h:58:13:bool adcs::bsp::readGnss(adcs::app::GnssSample&)	16	static
../Core/Inc/Bsp/board_io.h:67:13:bool adcs::bsp::writeWheelTorque(const adcs::app::WheelTorqueCommand&)	16	static
../Core/Inc/Bsp/board_io.h:73:13:bool adcs::bsp::writeMagnetorquer(const adcs::app::MagCommand&)	16	static
../Core/Inc/Bsp/board_io.h:79:13:bool adcs::bsp::sendTelemetry(const adcs::app::AdcsSnapshot&, const adcs::app::FaultStatus&)	16	static
../Core/Inc/Bsp/board_io.h:86:13:void adcs::bsp::safeAllActuatorsOff()	4	static
../Core/Inc/App/static_mutex.h:17:10:bool adcs::app::StaticMutex::init()	16	static
../Core/Inc/App/static_mutex.h:23:10:bool adcs::app::StaticMutex::lock(TickType_t)	16	static
../Core/Inc/App/static_mutex.h:28:10:void adcs::app::StaticMutex::unlock()	16	static
../Core/Inc/App/static_mutex.h:41:14:adcs::app::MutexGuard::MutexGuard(adcs::app::StaticMutex&)	16	static
../Core/Inc/App/static_mutex.h:42:5:adcs::app::MutexGuard::~MutexGuard()	16	static
../Core/Inc/App/static_mutex.h:55:10:bool adcs::app::MutexGuard::locked() const	16	static
../Core/Inc/App/shared_state.h:28:13:bool adcs::app::SharedAdcsState::init()	16	static
../Core/Inc/App/shared_state.h:41:13:void adcs::app::SharedAdcsState::writeSnapshot(const adcs::app::AdcsSnapshot&)	24	static
../Core/Inc/App/shared_state.h:50:21:adcs::app::AdcsSnapshot adcs::app::SharedAdcsState::readSnapshot()	24	static
../Core/Inc/App/shared_state.h:60:13:void adcs::app::SharedAdcsState::writeFault(const adcs::app::FaultStatus&)	24	static
../Core/Inc/App/shared_state.h:69:20:adcs::app::FaultStatus adcs::app::SharedAdcsState::readFault()	32	static
../Core/Inc/App/shared_state.h:79:25:adcs::app::SharedAdcsState& adcs::app::sharedState()	4	static
../Core/Inc/Config/adcs_config.h:50:20:adcs::math::Mat34 adcs::cfg::makeWheelAxesBodyMatrix()	80	static
../Core/Inc/Config/adcs_config.h:59:20:adcs::math::Mat43 adcs::cfg::makeBodyAxesWheelMatrix()	80	static
../Core/Inc/App/task_context.h:35:21:adcs::app::TaskContext& adcs::app::taskContext()	4	static
../Core/Inc/Math/quaternion.h:8:13:adcs::math::Vec4 adcs::math::quatNormalize(const Vec4&)	64	static
../Core/Inc/Math/quaternion.h:18:13:adcs::math::Vec4 adcs::math::quatConjugate(const Vec4&)	48	static
../Core/Inc/Math/quaternion.h:23:13:adcs::math::Vec4 adcs::math::quatMultiply(const Vec4&, const Vec4&)	80	static
../Core/Inc/Math/quaternion.h:41:13:adcs::math::Vec4 adcs::math::quatErrorTargetToBody(const Vec4&, const Vec4&)	104	static
../Core/Inc/Math/quaternion.h:49:13:adcs::math::Vec3 adcs::math::quatVectorPartShortest(const Vec4&)	64	static
../Core/Inc/Estimation/mekf.h:29:13:void adcs::est::Mekf::reset(const adcs::app::AdcsSnapshot&)	104	static
../Core/Inc/Estimation/mekf.h:40:13:void adcs::est::Mekf::propagate(const adcs::app::ImuSample&, float)	128	static
../Core/Inc/Estimation/mekf.h:61:13:void adcs::est::Mekf::updateStarTracker(const adcs::app::StarTrackerSample&)	80	static
../Core/Inc/Estimation/mekf.h:72:13:void adcs::est::Mekf::updateGnss(const adcs::app::GnssSample&)	48	static
../Core/Inc/Estimation/mekf.h:83:26:adcs::app::AdcsSnapshot adcs::est::Mekf::snapshot() const	24	static
../Core/Inc/Math/inertia.h:9:13:adcs::math::Mat3 adcs::math::makeInertiaBody()	32	static
../Core/Inc/Math/inertia.h:18:13:adcs::math::Vec3 adcs::math::gyroscopicTorque(const Mat3&, const Vec3&)	32	static
../Core/Inc/Control/quat_pd_controller.h:27:14:float adcs::ctrl::detail::saturate(float, float)	24	static
../Core/Inc/Control/quat_pd_controller.h:32:19:adcs::math::Vec3 adcs::ctrl::detail::saturateVec3(const adcs::math::Vec3&, float)	40	static
../Core/Inc/Control/quat_pd_controller.h:40:13:void adcs::ctrl::QuatPdController::init()	88	static
../Core/Inc/Control/quat_pd_controller.h:47:31:adcs::app::BodyTorqueCommand adcs::ctrl::QuatPdController::compute(const adcs::app::AdcsSnapshot&, const adcs::app::TargetAttitude&) const	368	static
../Core/Inc/Actuation/wheel_allocator.h:25:14:float adcs::act::detail::saturate(float, float)	24	static
../Core/Inc/Actuation/wheel_allocator.h:42:13:void adcs::act::WheelAllocator::init()	80	static
../Core/Inc/Actuation/wheel_allocator.h:48:32:adcs::app::WheelTorqueCommand adcs::act::WheelAllocator::allocate(const adcs::app::BodyTorqueCommand&) const	136	static
../Core/Inc/Actuation/wheel_allocator.h:75:24:adcs::app::MagCommand adcs::act::WheelAllocator::zeroMagCommand(uint64_t) const	24	static
../Core/Inc/App/tasks.h:18:23:adcs::app::TargetAttitude adcs::app::detail::defaultTarget(uint64_t)	24	static
../Core/Inc/App/tasks.h:30:13:void adcs::app::sensorTask(void*)	136	static
../Core/Inc/App/tasks.h:61:13:void adcs::app::starTrackerTask(void*)	80	static
../Core/Inc/Estimation/mekf.h:10:7:constexpr adcs::est::Mekf::Mekf()	88	static
../Core/Inc/App/tasks.h:79:13:void adcs::app::estimatorTask(void*)	384	static
../Core/Inc/Control/quat_pd_controller.h:12:7:constexpr adcs::ctrl::QuatPdController::QuatPdController()	40	static
../Core/Inc/App/tasks.h:114:13:void adcs::app::controlTask(void*)	360	static
../Core/Inc/Actuation/wheel_allocator.h:12:7:constexpr adcs::act::WheelAllocator::WheelAllocator()	16	static
../Core/Inc/App/tasks.h:150:13:void adcs::app::actuatorTask(void*)	168	static
../Core/Inc/App/tasks.h:179:13:void adcs::app::telemetryTask(void*)	104	static
../Core/Inc/App/tasks.h:194:13:void adcs::app::faultMonitorTask(void*)	128	static
../Core/Inc/App/adcs_app.h:21:13:bool adcs::app::detail::initQueues(adcs::app::TaskContext&)	24	static
../Core/Inc/App/adcs_app.h:36:13:bool adcs::app::init()	24	static
../Core/Src/freertos.cpp:110:6:void MX_FREERTOS_Init()	8	static
../Core/Src/freertos.cpp:156:6:void StartDefaultTask(void*)	16	static
C:/Users/Chinnapop/Downloads/eigen-3.4.0/eigen-3.4.0/Eigen/src/Core/util/SymbolicIndex.h:219:3:Eigen::symbolic::SymbolExpr<tag>::SymbolExpr() [with tag = Eigen::internal::symbolic_last_tag]	16	static
C:/Users/Chinnapop/Downloads/eigen-3.4.0/eigen-3.4.0/Eigen/src/Core/util/IntegralConstant.h:56:3:Eigen::internal::FixedInt<N>::FixedInt() [with int N = 1]	16	static
C:/Users/Chinnapop/Downloads/eigen-3.4.0/eigen-3.4.0/Eigen/src/Core/util/IntegralConstant.h:82:12:Eigen::internal::FixedInt<N> Eigen::internal::FixedInt<N>::operator()() const [with int N = 1]	16	static
C:/Users/Chinnapop/Downloads/eigen-3.4.0/eigen-3.4.0/Eigen/src/Core/util/SymbolicIndex.h:117:55:Eigen::symbolic::AddExpr<Derived, Eigen::symbolic::ValueExpr<Eigen::internal::FixedInt<M> > > Eigen::symbolic::BaseExpr<Derived>::operator+(Eigen::internal::FixedInt<M>) const [with int N = 1; Derived = Eigen::symbolic::SymbolExpr<Eigen::internal::symbolic_last_tag>]	32	static
C:/Users/Chinnapop/Downloads/eigen-3.4.0/eigen-3.4.0/Eigen/src/Core/util/Macros.h:1073:69:void Eigen::internal::ignore_unused_variable(const T&) [with T = int]	16	static
C:/Users/Chinnapop/Downloads/eigen-3.4.0/eigen-3.4.0/Eigen/src/Core/Matrix.h:389:25:Eigen::Matrix<_Scalar, _Rows, _Cols, _Options, _MaxRows, _MaxCols>::Matrix(const Scalar&, const Scalar&, const Scalar&) [with _Scalar = float; int _Rows = 3; int _Cols = 1; int _Options = 0; int _MaxRows = 3; int _MaxCols = 1]	24	static
C:/Users/Chinnapop/Downloads/eigen-3.4.0/eigen-3.4.0/Eigen/src/Core/DenseCoeffsBase.h:179:5:Eigen::DenseCoeffsBase<Derived, 0>::CoeffReturnType Eigen::DenseCoeffsBase<Derived, 0>::operator()(Eigen::Index) const [with Derived = Eigen::Matrix<float, 3, 1>]	16	static
C:/Users/Chinnapop/Downloads/eigen-3.4.0/eigen-3.4.0/Eigen/src/Core/Matrix.h:401:25:Eigen::Matrix<_Scalar, _Rows, _Cols, _Options, _MaxRows, _MaxCols>::Matrix(const Scalar&, const Scalar&, const Scalar&, const Scalar&) [with _Scalar = float; int _Rows = 4; int _Cols = 1; int _Options = 0; int _MaxRows = 4; int _MaxCols = 1]	24	static
C:/Users/Chinnapop/Downloads/eigen-3.4.0/eigen-3.4.0/Eigen/src/Core/DenseCoeffsBase.h:179:5:Eigen::DenseCoeffsBase<Derived, 0>::CoeffReturnType Eigen::DenseCoeffsBase<Derived, 0>::operator()(Eigen::Index) const [with Derived = Eigen::Matrix<float, 4, 1>]	16	static
C:/Users/Chinnapop/Downloads/eigen-3.4.0/eigen-3.4.0/Eigen/src/Core/Matrix.h:259:5:Eigen::Matrix<_Scalar, _Rows, _Cols, _Options, _MaxRows, _MaxCols>::Matrix() [with _Scalar = float; int _Rows = 3; int _Cols = 4; int _Options = 0; int _MaxRows = 3; int _MaxCols = 4]	16	static
C:/Users/Chinnapop/Downloads/eigen-3.4.0/eigen-3.4.0/Eigen/src/Core/CommaInitializer.h:148:52:Eigen::CommaInitializer<Derived> Eigen::DenseBase<Derived>::operator<<(const Scalar&) [with Derived = Eigen::Matrix<float, 3, 4>]	24	static
C:/Users/Chinnapop/Downloads/eigen-3.4.0/eigen-3.4.0/Eigen/src/Core/CommaInitializer.h:105:10:Eigen::CommaInitializer<MatrixType>::~CommaInitializer() [with XprType = Eigen::Matrix<float, 3, 4>]	16	static
C:/Users/Chinnapop/Downloads/eigen-3.4.0/eigen-3.4.0/Eigen/src/Core/CommaInitializer.h:65:21:Eigen::CommaInitializer<MatrixType>& Eigen::CommaInitializer<MatrixType>::operator,(const Scalar&) [with XprType = Eigen::Matrix<float, 3, 4>]	24	static
C:/Users/Chinnapop/Downloads/eigen-3.4.0/eigen-3.4.0/Eigen/src/Core/Matrix.h:259:5:Eigen::Matrix<_Scalar, _Rows, _Cols, _Options, _MaxRows, _MaxCols>::Matrix() [with _Scalar = float; int _Rows = 4; int _Cols = 3; int _Options = 0; int _MaxRows = 4; int _MaxCols = 3]	16	static
C:/Users/Chinnapop/Downloads/eigen-3.4.0/eigen-3.4.0/Eigen/src/Core/CommaInitializer.h:148:52:Eigen::CommaInitializer<Derived> Eigen::DenseBase<Derived>::operator<<(const Scalar&) [with Derived = Eigen::Matrix<float, 4, 3>]	24	static
C:/Users/Chinnapop/Downloads/eigen-3.4.0/eigen-3.4.0/Eigen/src/Core/CommaInitializer.h:105:10:Eigen::CommaInitializer<MatrixType>::~CommaInitializer() [with XprType = Eigen::Matrix<float, 4, 3>]	16	static
C:/Users/Chinnapop/Downloads/eigen-3.4.0/eigen-3.4.0/Eigen/src/Core/CommaInitializer.h:65:21:Eigen::CommaInitializer<MatrixType>& Eigen::CommaInitializer<MatrixType>::operator,(const Scalar&) [with XprType = Eigen::Matrix<float, 4, 3>]	24	static
C:/Users/Chinnapop/Downloads/eigen-3.4.0/eigen-3.4.0/Eigen/src/Core/Dot.h:96:108:typename Eigen::NumTraits<typename Eigen::internal::traits<T>::Scalar>::Real Eigen::MatrixBase<Derived>::squaredNorm() const [with Derived = Eigen::Matrix<float, 4, 1>]	32	static
C:/Users/Chinnapop/Downloads/eigen-3.4.0/eigen-3.4.0/Eigen/src/Core/CwiseNullaryOp.h:60:7:Eigen::CwiseNullaryOp<Eigen::internal::scalar_constant_op<float>, const Eigen::Matrix<float, 4, 1> >::CwiseNullaryOp(const Eigen::CwiseNullaryOp<Eigen::internal::scalar_constant_op<float>, const Eigen::Matrix<float, 4, 1> >&)	16	static
C:/Users/Chinnapop/Downloads/eigen-3.4.0/eigen-3.4.0/Eigen/src/Core/../plugins/CommonCwiseBinaryOps.h:69:1:const Eigen::CwiseBinaryOp<Eigen::internal::scalar_quotient_op<typename Eigen::internal::traits<T>::Scalar, typename Eigen::internal::promote_scalar_arg<typename Eigen::internal::traits<T>::Scalar, T, Eigen::internal::has_ReturnType<Eigen::ScalarBinaryOpTraits<typename Eigen::internal::traits<T>::Scalar, T, Eigen::internal::scalar_quotient_op<typename Eigen::internal::traits<T>::Scalar, T> > >::value>::type>, const Derived, const typename Eigen::internal::plain_constant_type<Derived, typename Eigen::internal::promote_scalar_arg<typename Eigen::internal::traits<T>::Scalar, T, Eigen::internal::has_ReturnType<Eigen::ScalarBinaryOpTraits<typename Eigen::internal::traits<T>::Scalar, T, Eigen::internal::scalar_quotient_op<typename Eigen::internal::traits<T>::Scalar, T> > >::value>::type>::type> Eigen::MatrixBase<Derived>::operator/(const T&) const [with T = float; Derived = Eigen::Matrix<float, 4, 1>]	56	static
C:/Users/Chinnapop/Downloads/eigen-3.4.0/eigen-3.4.0/Eigen/src/Core/Matrix.h:422:25:Eigen::Matrix<_Scalar, _Rows, _Cols, _Options, _MaxRows, _MaxCols>::Matrix(const Eigen::EigenBase<OtherDerived>&) [with OtherDerived = Eigen::CwiseBinaryOp<Eigen::internal::scalar_quotient_op<float, float>, const Eigen::Matrix<float, 4, 1>, const Eigen::CwiseNullaryOp<Eigen::internal::scalar_constant_op<float>, const Eigen::Matrix<float, 4, 1> > >; _Scalar = float; int _Rows = 4; int _Cols = 1; int _Options = 0; int _MaxRows = 4; int _MaxCols = 1]	24	static
C:/Users/Chinnapop/Downloads/eigen-3.4.0/eigen-3.4.0/Eigen/src/Core/DenseCoeffsBase.h:425:5:Eigen::DenseCoeffsBase<Derived, 1>::Scalar& Eigen::DenseCoeffsBase<Derived, 1>::operator()(Eigen::Index) [with Derived = Eigen::Matrix<float, 4, 1>]	16	static
C:/Users/Chinnapop/Downloads/eigen-3.4.0/eigen-3.4.0/Eigen/src/Core/../plugins/CommonCwiseUnaryOps.h:45:1:const Eigen::DenseBase<Derived>::NegativeReturnType Eigen::DenseBase<Derived>::operator-() const [with Derived = Eigen::Matrix<float, 4, 1>]	32	static
C:/Users/Chinnapop/Downloads/eigen-3.4.0/eigen-3.4.0/Eigen/src/Core/Matrix.h:223:33:Eigen::Matrix<_Scalar, _Rows, _Cols, _Options, _MaxRows, _MaxCols>& Eigen::Matrix<_Scalar, _Rows, _Cols, _Options, _MaxRows, _MaxCols>::operator=(const Eigen::DenseBase<OtherDerived>&) [with OtherDerived = Eigen::CwiseUnaryOp<Eigen::internal::scalar_opposite_op<float>, const Eigen::Matrix<float, 4, 1> >; _Scalar = float; int _Rows = 4; int _Cols = 1; int _Options = 0; int _MaxRows = 4; int _MaxCols = 1]	16	static
C:/Users/Chinnapop/Downloads/eigen-3.4.0/eigen-3.4.0/Eigen/src/Core/Matrix.h:259:5:Eigen::Matrix<_Scalar, _Rows, _Cols, _Options, _MaxRows, _MaxCols>::Matrix() [with _Scalar = float; int _Rows = 3; int _Cols = 3; int _Options = 0; int _MaxRows = 3; int _MaxCols = 3]	16	static
C:/Users/Chinnapop/Downloads/eigen-3.4.0/eigen-3.4.0/Eigen/src/Core/CommaInitializer.h:148:52:Eigen::CommaInitializer<Derived> Eigen::DenseBase<Derived>::operator<<(const Scalar&) [with Derived = Eigen::Matrix<float, 3, 3>]	24	static
C:/Users/Chinnapop/Downloads/eigen-3.4.0/eigen-3.4.0/Eigen/src/Core/CommaInitializer.h:105:10:Eigen::CommaInitializer<MatrixType>::~CommaInitializer() [with XprType = Eigen::Matrix<float, 3, 3>]	16	static
C:/Users/Chinnapop/Downloads/eigen-3.4.0/eigen-3.4.0/Eigen/src/Core/CommaInitializer.h:65:21:Eigen::CommaInitializer<MatrixType>& Eigen::CommaInitializer<MatrixType>::operator,(const Scalar&) [with XprType = Eigen::Matrix<float, 3, 3>]	24	static
C:/Users/Chinnapop/Downloads/eigen-3.4.0/eigen-3.4.0/Eigen/src/Core/Matrix.h:279:13:Eigen::Matrix<_Scalar, _Rows, _Cols, _Options, _MaxRows, _MaxCols>& Eigen::Matrix<_Scalar, _Rows, _Cols, _Options, _MaxRows, _MaxCols>::operator=(Eigen::Matrix<_Scalar, _Rows, _Cols, _Options, _MaxRows, _MaxCols>&&) [with _Scalar = float; int _Rows = 4; int _Cols = 1; int _Options = 0; int _MaxRows = 4; int _MaxCols = 1]	24	static
C:/Users/Chinnapop/Downloads/eigen-3.4.0/eigen-3.4.0/Eigen/src/Core/Matrix.h:279:13:Eigen::Matrix<_Scalar, _Rows, _Cols, _Options, _MaxRows, _MaxCols>& Eigen::Matrix<_Scalar, _Rows, _Cols, _Options, _MaxRows, _MaxCols>::operator=(Eigen::Matrix<_Scalar, _Rows, _Cols, _Options, _MaxRows, _MaxCols>&&) [with _Scalar = float; int _Rows = 3; int _Cols = 1; int _Options = 0; int _MaxRows = 3; int _MaxCols = 1]	24	static
C:/Users/Chinnapop/Downloads/eigen-3.4.0/eigen-3.4.0/Eigen/src/Core/Matrix.h:206:33:Eigen::Matrix<_Scalar, _Rows, _Cols, _Options, _MaxRows, _MaxCols>& Eigen::Matrix<_Scalar, _Rows, _Cols, _Options, _MaxRows, _MaxCols>::operator=(const Eigen::Matrix<_Scalar, _Rows, _Cols, _Options, _MaxRows, _MaxCols>&) [with _Scalar = float; int _Rows = 3; int _Cols = 1; int _Options = 0; int _MaxRows = 3; int _MaxCols = 1]	16	static
C:/Users/Chinnapop/Downloads/eigen-3.4.0/eigen-3.4.0/Eigen/src/Core/GeneralProduct.h:399:1:const Eigen::Product<Derived, OtherDerived> Eigen::MatrixBase<Derived>::operator*(const Eigen::MatrixBase<OtherDerived>&) const [with OtherDerived = Eigen::Matrix<float, 3, 1>; Derived = Eigen::Matrix<float, 3, 3>]	32	static
C:/Users/Chinnapop/Downloads/eigen-3.4.0/eigen-3.4.0/Eigen/src/Geometry/OrthoMethods.h:35:1:typename Eigen::MatrixBase<Derived>::cross_product_return_type<OtherDerived>::type Eigen::MatrixBase<Derived>::cross(const Eigen::MatrixBase<OtherDerived>&) const [with OtherDerived = Eigen::Product<Eigen::Matrix<float, 3, 3>, Eigen::Matrix<float, 3, 1>, 0>; Derived = Eigen::Matrix<float, 3, 1>]	72	static
C:\ST\STM32CubeIDE_1.16.1\STM32CubeIDE\plugins\com.st.stm32cube.ide.mcu.externaltools.gnu-tools-for-stm32.14.3.rel1.win32_1.0.100.202602081740\tools\arm-none-eabi\include\c++\14.3.1\bits\stl_algobase.h:233:5:constexpr const _Tp& std::min(const _Tp&, const _Tp&) [with _Tp = float]	16	static
C:\ST\STM32CubeIDE_1.16.1\STM32CubeIDE\plugins\com.st.stm32cube.ide.mcu.externaltools.gnu-tools-for-stm32.14.3.rel1.win32_1.0.100.202602081740\tools\arm-none-eabi\include\c++\14.3.1\bits\stl_algobase.h:257:5:constexpr const _Tp& std::max(const _Tp&, const _Tp&) [with _Tp = float]	16	static
C:/Users/Chinnapop/Downloads/eigen-3.4.0/eigen-3.4.0/Eigen/src/Core/Matrix.h:279:13:Eigen::Matrix<_Scalar, _Rows, _Cols, _Options, _MaxRows, _MaxCols>& Eigen::Matrix<_Scalar, _Rows, _Cols, _Options, _MaxRows, _MaxCols>::operator=(Eigen::Matrix<_Scalar, _Rows, _Cols, _Options, _MaxRows, _MaxCols>&&) [with _Scalar = float; int _Rows = 3; int _Cols = 3; int _Options = 0; int _MaxRows = 3; int _MaxCols = 3]	24	static
C:/Users/Chinnapop/Downloads/eigen-3.4.0/eigen-3.4.0/Eigen/src/Core/../plugins/CommonCwiseBinaryOps.h:19:1:const Eigen::CwiseBinaryOp<Eigen::internal::scalar_difference_op<typename Eigen::internal::traits<T>::Scalar, typename Eigen::internal::traits<OtherDerived>::Scalar>, const Derived, const OtherDerived> Eigen::MatrixBase<Derived>::operator-(const Eigen::MatrixBase<OtherDerived>&) const [with OtherDerived = Eigen::Matrix<float, 3, 1>; Derived = Eigen::Matrix<float, 3, 1>]	40	static
C:/Users/Chinnapop/Downloads/eigen-3.4.0/eigen-3.4.0/Eigen/src/Core/Matrix.h:422:25:Eigen::Matrix<_Scalar, _Rows, _Cols, _Options, _MaxRows, _MaxCols>::Matrix(const Eigen::EigenBase<OtherDerived>&) [with OtherDerived = Eigen::CwiseBinaryOp<Eigen::internal::scalar_difference_op<float, float>, const Eigen::Matrix<float, 3, 1>, const Eigen::Matrix<float, 3, 1> >; _Scalar = float; int _Rows = 3; int _Cols = 1; int _Options = 0; int _MaxRows = 3; int _MaxCols = 1]	24	static
C:/Users/Chinnapop/Downloads/eigen-3.4.0/eigen-3.4.0/Eigen/src/Core/../plugins/MatrixCwiseBinaryOps.h:23:1:const Eigen::CwiseBinaryOp<Eigen::internal::scalar_product_op<typename Eigen::internal::traits<T>::Scalar, typename Eigen::internal::traits<OtherDerived>::Scalar>, const Derived, const OtherDerived> Eigen::MatrixBase<Derived>::cwiseProduct(const Eigen::MatrixBase<OtherDerived>&) const [with OtherDerived = Eigen::Matrix<float, 3, 1>; Derived = Eigen::Matrix<float, 3, 1>]	40	static
C:/Users/Chinnapop/Downloads/eigen-3.4.0/eigen-3.4.0/Eigen/src/Core/CwiseNullaryOp.h:60:7:Eigen::CwiseNullaryOp<Eigen::internal::scalar_constant_op<float>, const Eigen::Matrix<float, 3, 1> >::CwiseNullaryOp(const Eigen::CwiseNullaryOp<Eigen::internal::scalar_constant_op<float>, const Eigen::Matrix<float, 3, 1> >&)	16	static
C:/Users/Chinnapop/Downloads/eigen-3.4.0/eigen-3.4.0/Eigen/src/Core/CwiseBinaryOp.h:77:7:Eigen::CwiseBinaryOp<Eigen::internal::scalar_product_op<float, float>, const Eigen::Matrix<float, 3, 1>, const Eigen::Matrix<float, 3, 1> >::CwiseBinaryOp(const Eigen::CwiseBinaryOp<Eigen::internal::scalar_product_op<float, float>, const Eigen::Matrix<float, 3, 1>, const Eigen::Matrix<float, 3, 1> >&)	16	static
C:/Users/Chinnapop/Downloads/eigen-3.4.0/eigen-3.4.0/Eigen/src/Core/../plugins/CommonCwiseBinaryOps.h:50:1:const Eigen::CwiseBinaryOp<Eigen::internal::scalar_product_op<typename Eigen::internal::promote_scalar_arg<typename Eigen::internal::traits<T>::Scalar, T, Eigen::internal::has_ReturnType<Eigen::ScalarBinaryOpTraits<T, typename Eigen::internal::traits<T>::Scalar, Eigen::internal::scalar_product_op<T, typename Eigen::internal::traits<T>::Scalar> > >::value>::type, typename Eigen::internal::traits<T>::Scalar>, const typename Eigen::internal::plain_constant_type<Derived, typename Eigen::internal::promote_scalar_arg<typename Eigen::internal::traits<T>::Scalar, T, Eigen::internal::has_ReturnType<Eigen::ScalarBinaryOpTraits<T, typename Eigen::internal::traits<T>::Scalar, Eigen::internal::scalar_product_op<T, typename Eigen::internal::traits<T>::Scalar> > >::value>::type>::type, const Derived> Eigen::operator*(const T&, const MatrixBase<Derived>::StorageBaseType&) [with T = float; Derived = CwiseBinaryOp<internal::scalar_product_op<float, float>, const Matrix<float, 3, 1>, const Matrix<float, 3, 1> >]	48	static
C:/Users/Chinnapop/Downloads/eigen-3.4.0/eigen-3.4.0/Eigen/src/Core/CwiseBinaryOp.h:77:7:Eigen::CwiseBinaryOp<Eigen::internal::scalar_product_op<float, float>, const Eigen::CwiseNullaryOp<Eigen::internal::scalar_constant_op<float>, const Eigen::Matrix<float, 3, 1> >, const Eigen::CwiseBinaryOp<Eigen::internal::scalar_product_op<float, float>, const Eigen::Matrix<float, 3, 1>, const Eigen::Matrix<float, 3, 1> > >::CwiseBinaryOp(const Eigen::CwiseBinaryOp<Eigen::internal::scalar_product_op<float, float>, const Eigen::CwiseNullaryOp<Eigen::internal::scalar_constant_op<float>, const Eigen::Matrix<float, 3, 1> >, const Eigen::CwiseBinaryOp<Eigen::internal::scalar_product_op<float, float>, const Eigen::Matrix<float, 3, 1>, const Eigen::Matrix<float, 3, 1> > >&)	16	static
C:/Users/Chinnapop/Downloads/eigen-3.4.0/eigen-3.4.0/Eigen/src/Core/../plugins/CommonCwiseBinaryOps.h:19:1:const Eigen::CwiseBinaryOp<Eigen::internal::scalar_difference_op<typename Eigen::internal::traits<T>::Scalar, typename Eigen::internal::traits<OtherDerived>::Scalar>, const Derived, const OtherDerived> Eigen::MatrixBase<Derived>::operator-(const Eigen::MatrixBase<OtherDerived>&) const [with OtherDerived = Eigen::CwiseBinaryOp<Eigen::internal::scalar_product_op<float, float>, const Eigen::Matrix<float, 3, 1>, const Eigen::Matrix<float, 3, 1> >; Derived = Eigen::CwiseBinaryOp<Eigen::internal::scalar_product_op<float, float>, const Eigen::CwiseNullaryOp<Eigen::internal::scalar_constant_op<float>, const Eigen::Matrix<float, 3, 1> >, const Eigen::CwiseBinaryOp<Eigen::internal::scalar_product_op<float, float>, const Eigen::Matrix<float, 3, 1>, const Eigen::Matrix<float, 3, 1> > >]	40	static
C:/Users/Chinnapop/Downloads/eigen-3.4.0/eigen-3.4.0/Eigen/src/Core/Matrix.h:422:25:Eigen::Matrix<_Scalar, _Rows, _Cols, _Options, _MaxRows, _MaxCols>::Matrix(const Eigen::EigenBase<OtherDerived>&) [with OtherDerived = Eigen::CwiseBinaryOp<Eigen::internal::scalar_difference_op<float, float>, const Eigen::CwiseBinaryOp<Eigen::internal::scalar_product_op<float, float>, const Eigen::CwiseNullaryOp<Eigen::internal::scalar_constant_op<float>, const Eigen::Matrix<float, 3, 1> >, const Eigen::CwiseBinaryOp<Eigen::internal::scalar_product_op<float, float>, const Eigen::Matrix<float, 3, 1>, const Eigen::Matrix<float, 3, 1> > >, const Eigen::CwiseBinaryOp<Eigen::internal::scalar_product_op<float, float>, const Eigen::Matrix<float, 3, 1>, const Eigen::Matrix<float, 3, 1> > >; _Scalar = float; int _Rows = 3; int _Cols = 1; int _Options = 0; int _MaxRows = 3; int _MaxCols = 1]	24	static
C:/Users/Chinnapop/Downloads/eigen-3.4.0/eigen-3.4.0/Eigen/src/Core/Matrix.h:422:25:Eigen::Matrix<_Scalar, _Rows, _Cols, _Options, _MaxRows, _MaxCols>::Matrix(const Eigen::EigenBase<OtherDerived>&) [with OtherDerived = Eigen::Product<Eigen::Matrix<float, 3, 3>, Eigen::Matrix<float, 3, 1>, 0>; _Scalar = float; int _Rows = 3; int _Cols = 1; int _Options = 0; int _MaxRows = 3; int _MaxCols = 1]	24	static
C:/Users/Chinnapop/Downloads/eigen-3.4.0/eigen-3.4.0/Eigen/src/Core/../plugins/CommonCwiseBinaryOps.h:27:1:const Eigen::CwiseBinaryOp<Eigen::internal::scalar_sum_op<typename Eigen::internal::traits<T>::Scalar, typename Eigen::internal::traits<OtherDerived>::Scalar>, const Derived, const OtherDerived> Eigen::MatrixBase<Derived>::operator+(const Eigen::MatrixBase<OtherDerived>&) const [with OtherDerived = Eigen::Matrix<float, 3, 1>; Derived = Eigen::Matrix<float, 3, 1>]	40	static
C:/Users/Chinnapop/Downloads/eigen-3.4.0/eigen-3.4.0/Eigen/src/Core/CwiseBinaryOp.h:77:7:Eigen::CwiseBinaryOp<Eigen::internal::scalar_sum_op<float, float>, const Eigen::Matrix<float, 3, 1>, const Eigen::Matrix<float, 3, 1> >::CwiseBinaryOp(const Eigen::CwiseBinaryOp<Eigen::internal::scalar_sum_op<float, float>, const Eigen::Matrix<float, 3, 1>, const Eigen::Matrix<float, 3, 1> >&)	16	static
C:/Users/Chinnapop/Downloads/eigen-3.4.0/eigen-3.4.0/Eigen/src/Core/../plugins/CommonCwiseBinaryOps.h:27:1:const Eigen::CwiseBinaryOp<Eigen::internal::scalar_sum_op<typename Eigen::internal::traits<T>::Scalar, typename Eigen::internal::traits<OtherDerived>::Scalar>, const Derived, const OtherDerived> Eigen::MatrixBase<Derived>::operator+(const Eigen::MatrixBase<OtherDerived>&) const [with OtherDerived = Eigen::Matrix<float, 3, 1>; Derived = Eigen::CwiseBinaryOp<Eigen::internal::scalar_sum_op<float, float>, const Eigen::Matrix<float, 3, 1>, const Eigen::Matrix<float, 3, 1> >]	40	static
C:/Users/Chinnapop/Downloads/eigen-3.4.0/eigen-3.4.0/Eigen/src/Core/Matrix.h:422:25:Eigen::Matrix<_Scalar, _Rows, _Cols, _Options, _MaxRows, _MaxCols>::Matrix(const Eigen::EigenBase<OtherDerived>&) [with OtherDerived = Eigen::CwiseBinaryOp<Eigen::internal::scalar_sum_op<float, float>, const Eigen::CwiseBinaryOp<Eigen::internal::scalar_sum_op<float, float>, const Eigen::Matrix<float, 3, 1>, const Eigen::Matrix<float, 3, 1> >, const Eigen::Matrix<float, 3, 1> >; _Scalar = float; int _Rows = 3; int _Cols = 1; int _Options = 0; int _MaxRows = 3; int _MaxCols = 1]	24	static
C:/Users/Chinnapop/Downloads/eigen-3.4.0/eigen-3.4.0/Eigen/src/Core/Matrix.h:279:13:Eigen::Matrix<_Scalar, _Rows, _Cols, _Options, _MaxRows, _MaxCols>& Eigen::Matrix<_Scalar, _Rows, _Cols, _Options, _MaxRows, _MaxCols>::operator=(Eigen::Matrix<_Scalar, _Rows, _Cols, _Options, _MaxRows, _MaxCols>&&) [with _Scalar = float; int _Rows = 3; int _Cols = 4; int _Options = 0; int _MaxRows = 3; int _MaxCols = 4]	24	static
C:/Users/Chinnapop/Downloads/eigen-3.4.0/eigen-3.4.0/Eigen/src/Core/../plugins/CommonCwiseUnaryOps.h:45:1:const Eigen::DenseBase<Derived>::NegativeReturnType Eigen::DenseBase<Derived>::operator-() const [with Derived = Eigen::Matrix<float, 4, 3>]	32	static
C:/Users/Chinnapop/Downloads/eigen-3.4.0/eigen-3.4.0/Eigen/src/Core/CwiseUnaryOp.h:55:7:Eigen::CwiseUnaryOp<Eigen::internal::scalar_opposite_op<float>, const Eigen::Matrix<float, 4, 3> >::CwiseUnaryOp(const Eigen::CwiseUnaryOp<Eigen::internal::scalar_opposite_op<float>, const Eigen::Matrix<float, 4, 3> >&)	16	static
C:/Users/Chinnapop/Downloads/eigen-3.4.0/eigen-3.4.0/Eigen/src/Core/GeneralProduct.h:399:1:const Eigen::Product<Derived, OtherDerived> Eigen::MatrixBase<Derived>::operator*(const Eigen::MatrixBase<OtherDerived>&) const [with OtherDerived = Eigen::Matrix<float, 3, 1>; Derived = Eigen::CwiseUnaryOp<Eigen::internal::scalar_opposite_op<float>, const Eigen::Matrix<float, 4, 3> >]	32	static
C:/Users/Chinnapop/Downloads/eigen-3.4.0/eigen-3.4.0/Eigen/src/Core/Matrix.h:422:25:Eigen::Matrix<_Scalar, _Rows, _Cols, _Options, _MaxRows, _MaxCols>::Matrix(const Eigen::EigenBase<OtherDerived>&) [with OtherDerived = Eigen::Product<Eigen::CwiseUnaryOp<Eigen::internal::scalar_opposite_op<float>, const Eigen::Matrix<float, 4, 3> >, Eigen::Matrix<float, 3, 1>, 0>; _Scalar = float; int _Rows = 4; int _Cols = 1; int _Options = 0; int _MaxRows = 4; int _MaxCols = 1]	24	static
../Core/Inc/App/static_queue.h:29:10:bool adcs::app::StaticQueue<T, Length>::send(const T&, TickType_t) [with T = adcs::app::ImuSample; long unsigned int Length = 8]	24	static
../Core/Inc/App/static_queue.h:29:10:bool adcs::app::StaticQueue<T, Length>::send(const T&, TickType_t) [with T = adcs::app::MagSample; long unsigned int Length = 4]	24	static
../Core/Inc/App/static_queue.h:29:10:bool adcs::app::StaticQueue<T, Length>::send(const T&, TickType_t) [with T = adcs::app::GnssSample; long unsigned int Length = 2]	24	static
../Core/Inc/App/static_queue.h:29:10:bool adcs::app::StaticQueue<T, Length>::send(const T&, TickType_t) [with T = adcs::app::StarTrackerSample; long unsigned int Length = 4]	24	static
../Core/Inc/App/static_queue.h:39:10:bool adcs::app::StaticQueue<T, Length>::receive(T&, TickType_t) [with T = adcs::app::ImuSample; long unsigned int Length = 8]	24	static
../Core/Inc/App/static_queue.h:39:10:bool adcs::app::StaticQueue<T, Length>::receive(T&, TickType_t) [with T = adcs::app::StarTrackerSample; long unsigned int Length = 4]	24	static
../Core/Inc/App/static_queue.h:39:10:bool adcs::app::StaticQueue<T, Length>::receive(T&, TickType_t) [with T = adcs::app::GnssSample; long unsigned int Length = 2]	24	static
../Core/Inc/App/static_queue.h:39:10:bool adcs::app::StaticQueue<T, Length>::receive(T&, TickType_t) [with T = adcs::app::TargetAttitude; long unsigned int Length = 2]	24	static
../Core/Inc/App/static_queue.h:29:10:bool adcs::app::StaticQueue<T, Length>::send(const T&, TickType_t) [with T = adcs::app::BodyTorqueCommand; long unsigned int Length = 8]	24	static
../Core/Inc/App/static_queue.h:39:10:bool adcs::app::StaticQueue<T, Length>::receive(T&, TickType_t) [with T = adcs::app::BodyTorqueCommand; long unsigned int Length = 8]	24	static
../Core/Inc/App/static_queue.h:29:10:bool adcs::app::StaticQueue<T, Length>::send(const T&, TickType_t) [with T = adcs::app::WheelTorqueCommand; long unsigned int Length = 8]	24	static
../Core/Inc/App/static_queue.h:29:10:bool adcs::app::StaticQueue<T, Length>::send(const T&, TickType_t) [with T = adcs::app::MagCommand; long unsigned int Length = 8]	24	static
../Core/Inc/App/static_queue.h:20:10:bool adcs::app::StaticQueue<T, Length>::init() [with T = adcs::app::ImuSample; long unsigned int Length = 8]	24	static
../Core/Inc/App/static_queue.h:20:10:bool adcs::app::StaticQueue<T, Length>::init() [with T = adcs::app::MagSample; long unsigned int Length = 4]	24	static
../Core/Inc/App/static_queue.h:20:10:bool adcs::app::StaticQueue<T, Length>::init() [with T = adcs::app::StarTrackerSample; long unsigned int Length = 4]	24	static
../Core/Inc/App/static_queue.h:20:10:bool adcs::app::StaticQueue<T, Length>::init() [with T = adcs::app::GnssSample; long unsigned int Length = 2]	24	static
../Core/Inc/App/static_queue.h:20:10:bool adcs::app::StaticQueue<T, Length>::init() [with T = adcs::app::TargetAttitude; long unsigned int Length = 2]	24	static
../Core/Inc/App/static_queue.h:20:10:bool adcs::app::StaticQueue<T, Length>::init() [with T = adcs::app::BodyTorqueCommand; long unsigned int Length = 8]	24	static
../Core/Inc/App/static_queue.h:20:10:bool adcs::app::StaticQueue<T, Length>::init() [with T = adcs::app::WheelTorqueCommand; long unsigned int Length = 8]	24	static
../Core/Inc/App/static_queue.h:20:10:bool adcs::app::StaticQueue<T, Length>::init() [with T = adcs::app::MagCommand; long unsigned int Length = 8]	24	static
../Core/Inc/App/static_task.h:19:10:bool adcs::app::StaticTask<StackWords>::create(TaskFunction_t, const char*, void*, UBaseType_t) [with long unsigned int StackWords = 768]	40	static
../Core/Inc/App/static_task.h:19:10:bool adcs::app::StaticTask<StackWords>::create(TaskFunction_t, const char*, void*, UBaseType_t) [with long unsigned int StackWords = 1408]	40	static
../Core/Inc/App/static_task.h:19:10:bool adcs::app::StaticTask<StackWords>::create(TaskFunction_t, const char*, void*, UBaseType_t) [with long unsigned int StackWords = 1024]	40	static
../Core/Inc/App/static_task.h:19:10:bool adcs::app::StaticTask<StackWords>::create(TaskFunction_t, const char*, void*, UBaseType_t) [with long unsigned int StackWords = 512]	40	static
C:/Users/Chinnapop/Downloads/eigen-3.4.0/eigen-3.4.0/Eigen/src/Core/util/SymbolicIndex.h:80:18:const Derived& Eigen::symbolic::BaseExpr<Derived>::derived() const [with Derived = Eigen::symbolic::SymbolExpr<Eigen::internal::symbolic_last_tag>]	16	static
C:/Users/Chinnapop/Downloads/eigen-3.4.0/eigen-3.4.0/Eigen/src/Core/util/SymbolicIndex.h:66:3:Eigen::symbolic::ValueExpr<Eigen::internal::FixedInt<N> >::ValueExpr() [with int N = 1]	16	static
C:/Users/Chinnapop/Downloads/eigen-3.4.0/eigen-3.4.0/Eigen/src/Core/util/SymbolicIndex.h:254:3:Eigen::symbolic::AddExpr<Arg1, Arg2>::AddExpr(const Arg0&, const Arg1&) [with Arg0 = Eigen::symbolic::SymbolExpr<Eigen::internal::symbolic_last_tag>; Arg1 = Eigen::symbolic::ValueExpr<Eigen::internal::FixedInt<1> >]	24	static
C:/Users/Chinnapop/Downloads/eigen-3.4.0/eigen-3.4.0/Eigen/src/Core/MatrixBase.h:485:5:Eigen::MatrixBase<Derived>::MatrixBase() [with Derived = Eigen::Matrix<float, 3, 1>]	16	static
C:/Users/Chinnapop/Downloads/eigen-3.4.0/eigen-3.4.0/Eigen/src/Core/PlainObjectBase.h:476:25:Eigen::PlainObjectBase<Derived>::PlainObjectBase() [with Derived = Eigen::Matrix<float, 3, 1>]	16	static
C:/Users/Chinnapop/Downloads/eigen-3.4.0/eigen-3.4.0/Eigen/src/Core/PlainObjectBase.h:968:37:static void Eigen::PlainObjectBase<Derived>::_check_template_params() [with Derived = Eigen::Matrix<float, 3, 1>]	4	static
C:/Users/Chinnapop/Downloads/eigen-3.4.0/eigen-3.4.0/Eigen/src/Core/DenseStorage.h:267:26:T* Eigen::DenseStorage<T, Size, _Rows, _Cols, _Options>::data() [with T = float; int Size = 3; int _Rows = 3; int _Cols = 1; int _Options = 0]	16	static
C:\ST\STM32CubeIDE_1.16.1\STM32CubeIDE\plugins\com.st.stm32cube.ide.mcu.externaltools.gnu-tools-for-stm32.14.3.rel1.win32_1.0.100.202602081740\tools\bin/../lib/gcc/arm-none-eabi/14.3.1/../../../../arm-none-eabi/include/c++/14.3.1/bits/move.h:137:5:constexpr typename std::remove_reference<_Tp>::type&& std::move(_Tp&&) [with _Tp = Eigen::Matrix<float, 3, 1>&]	16	static
C:/Users/Chinnapop/Downloads/eigen-3.4.0/eigen-3.4.0/Eigen/src/Core/EigenBase.h:67:16:constexpr Eigen::EigenBase<Derived>::Index Eigen::EigenBase<Derived>::size() const [with Derived = Eigen::Matrix<float, 3, 1>]	24	static
C:/Users/Chinnapop/Downloads/eigen-3.4.0/eigen-3.4.0/Eigen/src/Core/CoreEvaluators.h:163:8:Eigen::internal::evaluator<Eigen::PlainObjectBase<Eigen::Matrix<float, 3, 1> > >::~evaluator()	16	static
C:/Users/Chinnapop/Downloads/eigen-3.4.0/eigen-3.4.0/Eigen/src/Core/CoreEvaluators.h:273:8:Eigen::internal::evaluator<Eigen::Matrix<float, 3, 1> >::~evaluator()	16	static
C:/Users/Chinnapop/Downloads/eigen-3.4.0/eigen-3.4.0/Eigen/src/Core/DenseCoeffsBase.h:140:5:Eigen::DenseCoeffsBase<Derived, 0>::CoeffReturnType Eigen::DenseCoeffsBase<Derived, 0>::coeff(Eigen::Index) const [with Derived = Eigen::Matrix<float, 3, 1>]	32	static
C:/Users/Chinnapop/Downloads/eigen-3.4.0/eigen-3.4.0/Eigen/src/Core/MatrixBase.h:485:5:Eigen::MatrixBase<Derived>::MatrixBase() [with Derived = Eigen::Matrix<float, 4, 1>]	16	static
C:/Users/Chinnapop/Downloads/eigen-3.4.0/eigen-3.4.0/Eigen/src/Core/PlainObjectBase.h:476:25:Eigen::PlainObjectBase<Derived>::PlainObjectBase() [with Derived = Eigen::Matrix<float, 4, 1>]	16	static
C:/Users/Chinnapop/Downloads/eigen-3.4.0/eigen-3.4.0/Eigen/src/Core/PlainObjectBase.h:968:37:static void Eigen::PlainObjectBase<Derived>::_check_template_params() [with Derived = Eigen::Matrix<float, 4, 1>]	4	static
C:/Users/Chinnapop/Downloads/eigen-3.4.0/eigen-3.4.0/Eigen/src/Core/DenseStorage.h:267:26:T* Eigen::DenseStorage<T, Size, _Rows, _Cols, _Options>::data() [with T = float; int Size = 4; int _Rows = 4; int _Cols = 1; int _Options = 0]	16	static
C:\ST\STM32CubeIDE_1.16.1\STM32CubeIDE\plugins\com.st.stm32cube.ide.mcu.externaltools.gnu-tools-for-stm32.14.3.rel1.win32_1.0.100.202602081740\tools\bin/../lib/gcc/arm-none-eabi/14.3.1/../../../../arm-none-eabi/include/c++/14.3.1/bits/move.h:137:5:constexpr typename std::remove_reference<_Tp>::type&& std::move(_Tp&&) [with _Tp = Eigen::Matrix<float, 4, 1>&]	16	static
C:/Users/Chinnapop/Downloads/eigen-3.4.0/eigen-3.4.0/Eigen/src/Core/EigenBase.h:67:16:constexpr Eigen::EigenBase<Derived>::Index Eigen::EigenBase<Derived>::size() const [with Derived = Eigen::Matrix<float, 4, 1>]	24	static
C:/Users/Chinnapop/Downloads/eigen-3.4.0/eigen-3.4.0/Eigen/src/Core/CoreEvaluators.h:163:8:Eigen::internal::evaluator<Eigen::PlainObjectBase<Eigen::Matrix<float, 4, 1> > >::~evaluator()	16	static
C:/Users/Chinnapop/Downloads/eigen-3.4.0/eigen-3.4.0/Eigen/src/Core/CoreEvaluators.h:273:8:Eigen::internal::evaluator<Eigen::Matrix<float, 4, 1> >::~evaluator()	16	static
C:/Users/Chinnapop/Downloads/eigen-3.4.0/eigen-3.4.0/Eigen/src/Core/DenseCoeffsBase.h:140:5:Eigen::DenseCoeffsBase<Derived, 0>::CoeffReturnType Eigen::DenseCoeffsBase<Derived, 0>::coeff(Eigen::Index) const [with Derived = Eigen::Matrix<float, 4, 1>]	32	static
C:/Users/Chinnapop/Downloads/eigen-3.4.0/eigen-3.4.0/Eigen/src/Core/MatrixBase.h:485:5:Eigen::MatrixBase<Derived>::MatrixBase() [with Derived = Eigen::Matrix<float, 3, 4>]	16	static
C:/Users/Chinnapop/Downloads/eigen-3.4.0/eigen-3.4.0/Eigen/src/Core/PlainObjectBase.h:476:25:Eigen::PlainObjectBase<Derived>::PlainObjectBase() [with Derived = Eigen::Matrix<float, 3, 4>]	16	static
C:/Users/Chinnapop/Downloads/eigen-3.4.0/eigen-3.4.0/Eigen/src/Core/PlainObjectBase.h:968:37:static void Eigen::PlainObjectBase<Derived>::_check_template_params() [with Derived = Eigen::Matrix<float, 3, 4>]	4	static
C:/Users/Chinnapop/Downloads/eigen-3.4.0/eigen-3.4.0/Eigen/src/Core/CommaInitializer.h:33:10:Eigen::CommaInitializer<MatrixType>::CommaInitializer(XprType&, const Scalar&) [with XprType = Eigen::Matrix<float, 3, 4>]	24	static
C:/Users/Chinnapop/Downloads/eigen-3.4.0/eigen-3.4.0/Eigen/src/Core/CommaInitializer.h:121:19:XprType& Eigen::CommaInitializer<MatrixType>::finished() [with XprType = Eigen::Matrix<float, 3, 4>]	24	static
C:/Users/Chinnapop/Downloads/eigen-3.4.0/eigen-3.4.0/Eigen/src/Core/PlainObjectBase.h:145:11:constexpr Eigen::Index Eigen::PlainObjectBase<Derived>::cols() const [with Derived = Eigen::Matrix<float, 3, 4>]	16	static
C:/Users/Chinnapop/Downloads/eigen-3.4.0/eigen-3.4.0/Eigen/src/Core/PlainObjectBase.h:143:11:constexpr Eigen::Index Eigen::PlainObjectBase<Derived>::rows() const [with Derived = Eigen::Matrix<float, 3, 4>]	16	static
C:/Users/Chinnapop/Downloads/eigen-3.4.0/eigen-3.4.0/Eigen/src/Core/PlainObjectBase.h:175:33:Eigen::PlainObjectBase<Derived>::Scalar& Eigen::PlainObjectBase<Derived>::coeffRef(Eigen::Index, Eigen::Index) [with Derived = Eigen::Matrix<float, 3, 4>]	32	static
C:\ST\STM32CubeIDE_1.16.1\STM32CubeIDE\plugins\com.st.stm32cube.ide.mcu.externaltools.gnu-tools-for-stm32.14.3.rel1.win32_1.0.100.202602081740\tools\bin/../lib/gcc/arm-none-eabi/14.3.1/../../../../arm-none-eabi/include/c++/14.3.1/bits/move.h:137:5:constexpr typename std::remove_reference<_Tp>::type&& std::move(_Tp&&) [with _Tp = Eigen::Matrix<float, 3, 4>&]	16	static
C:/Users/Chinnapop/Downloads/eigen-3.4.0/eigen-3.4.0/Eigen/src/Core/MatrixBase.h:485:5:Eigen::MatrixBase<Derived>::MatrixBase() [with Derived = Eigen::Matrix<float, 4, 3>]	16	static
C:/Users/Chinnapop/Downloads/eigen-3.4.0/eigen-3.4.0/Eigen/src/Core/PlainObjectBase.h:476:25:Eigen::PlainObjectBase<Derived>::PlainObjectBase() [with Derived = Eigen::Matrix<float, 4, 3>]	16	static
C:/Users/Chinnapop/Downloads/eigen-3.4.0/eigen-3.4.0/Eigen/src/Core/PlainObjectBase.h:968:37:static void Eigen::PlainObjectBase<Derived>::_check_template_params() [with Derived = Eigen::Matrix<float, 4, 3>]	4	static
C:/Users/Chinnapop/Downloads/eigen-3.4.0/eigen-3.4.0/Eigen/src/Core/CommaInitializer.h:33:10:Eigen::CommaInitializer<MatrixType>::CommaInitializer(XprType&, const Scalar&) [with XprType = Eigen::Matrix<float, 4, 3>]	24	static
C:/Users/Chinnapop/Downloads/eigen-3.4.0/eigen-3.4.0/Eigen/src/Core/CommaInitializer.h:121:19:XprType& Eigen::CommaInitializer<MatrixType>::finished() [with XprType = Eigen::Matrix<float, 4, 3>]	24	static
C:/Users/Chinnapop/Downloads/eigen-3.4.0/eigen-3.4.0/Eigen/src/Core/PlainObjectBase.h:145:11:constexpr Eigen::Index Eigen::PlainObjectBase<Derived>::cols() const [with Derived = Eigen::Matrix<float, 4, 3>]	16	static
C:/Users/Chinnapop/Downloads/eigen-3.4.0/eigen-3.4.0/Eigen/src/Core/PlainObjectBase.h:143:11:constexpr Eigen::Index Eigen::PlainObjectBase<Derived>::rows() const [with Derived = Eigen::Matrix<float, 4, 3>]	16	static
C:/Users/Chinnapop/Downloads/eigen-3.4.0/eigen-3.4.0/Eigen/src/Core/PlainObjectBase.h:175:33:Eigen::PlainObjectBase<Derived>::Scalar& Eigen::PlainObjectBase<Derived>::coeffRef(Eigen::Index, Eigen::Index) [with Derived = Eigen::Matrix<float, 4, 3>]	32	static
C:/Users/Chinnapop/Downloads/eigen-3.4.0/eigen-3.4.0/Eigen/src/Core/../plugins/MatrixCwiseUnaryOps.h:46:1:const Eigen::MatrixBase<Derived>::CwiseAbs2ReturnType Eigen::MatrixBase<Derived>::cwiseAbs2() const [with Derived = Eigen::Matrix<float, 4, 1>]	32	static
C:/Users/Chinnapop/Downloads/eigen-3.4.0/eigen-3.4.0/Eigen/src/Core/Redux.h:459:1:typename Eigen::internal::traits<T>::Scalar Eigen::DenseBase<Derived>::sum() const [with Derived = Eigen::CwiseUnaryOp<Eigen::internal::scalar_abs2_op<float>, const Eigen::Matrix<float, 4, 1> >]	32	static
C:/Users/Chinnapop/Downloads/eigen-3.4.0/eigen-3.4.0/Eigen/src/Core/MathFunctions.h:1230:44:typename Eigen::internal::real_retval<typename Eigen::internal::global_math_functions_filtering_base<Scalar>::type>::type Eigen::numext::real(const Scalar&) [with Scalar = float]	16	static
C:/Users/Chinnapop/Downloads/eigen-3.4.0/eigen-3.4.0/Eigen/src/Core/EigenBase.h:49:18:const Derived& Eigen::EigenBase<Derived>::derived() const [with Derived = Eigen::Matrix<float, 4, 1>]	16	static
C:/Users/Chinnapop/Downloads/eigen-3.4.0/eigen-3.4.0/Eigen/src/Core/PlainObjectBase.h:143:11:constexpr Eigen::Index Eigen::PlainObjectBase<Derived>::rows() const [with Derived = Eigen::Matrix<float, 4, 1>]	16	static
C:/Users/Chinnapop/Downloads/eigen-3.4.0/eigen-3.4.0/Eigen/src/Core/PlainObjectBase.h:145:11:constexpr Eigen::Index Eigen::PlainObjectBase<Derived>::cols() const [with Derived = Eigen::Matrix<float, 4, 1>]	16	static
C:/Users/Chinnapop/Downloads/eigen-3.4.0/eigen-3.4.0/Eigen/src/Core/functors/NullaryFunctors.h:20:41:Eigen::internal::scalar_constant_op<Scalar>::scalar_constant_op(const Scalar&) [with Scalar = float]	16	static
C:/Users/Chinnapop/Downloads/eigen-3.4.0/eigen-3.4.0/Eigen/src/Core/MatrixBase.h:485:5:Eigen::MatrixBase<Derived>::MatrixBase() [with Derived = Eigen::CwiseNullaryOp<Eigen::internal::scalar_constant_op<float>, const Eigen::Matrix<float, 4, 1> >]	16	static
C:/Users/Chinnapop/Downloads/eigen-3.4.0/eigen-3.4.0/Eigen/src/Core/CwiseNullaryOp.h:68:5:Eigen::CwiseNullaryOp<NullaryOp, MatrixType>::CwiseNullaryOp(Eigen::Index, Eigen::Index, const NullaryOp&) [with NullaryOp = Eigen::internal::scalar_constant_op<float>; PlainObjectType = const Eigen::Matrix<float, 4, 1>]	24	static
C:/Users/Chinnapop/Downloads/eigen-3.4.0/eigen-3.4.0/Eigen/src/Core/functors/BinaryFunctors.h:382:3:Eigen::internal::scalar_quotient_op<LhsScalar, RhsScalar>::scalar_quotient_op() [with LhsScalar = float; RhsScalar = float]	16	static
C:/Users/Chinnapop/Downloads/eigen-3.4.0/eigen-3.4.0/Eigen/src/Core/MatrixBase.h:485:5:Eigen::MatrixBase<Derived>::MatrixBase() [with Derived = Eigen::CwiseBinaryOp<Eigen::internal::scalar_quotient_op<float, float>, const Eigen::Matrix<float, 4, 1>, const Eigen::CwiseNullaryOp<Eigen::internal::scalar_constant_op<float>, const Eigen::Matrix<float, 4, 1> > >]	16	static
C:/Users/Chinnapop/Downloads/eigen-3.4.0/eigen-3.4.0/Eigen/src/Core/CwiseBinaryOp.h:148:7:Eigen::CwiseBinaryOpImpl<Eigen::internal::scalar_quotient_op<float, float>, const Eigen::Matrix<float, 4, 1>, const Eigen::CwiseNullaryOp<Eigen::internal::scalar_constant_op<float>, const Eigen::Matrix<float, 4, 1> >, Eigen::Dense>::CwiseBinaryOpImpl()	16	static
C:/Users/Chinnapop/Downloads/eigen-3.4.0/eigen-3.4.0/Eigen/src/Core/CwiseBinaryOp.h:110:5:Eigen::CwiseBinaryOp<BinaryOp, Lhs, Rhs>::CwiseBinaryOp(const Lhs&, const Rhs&, const BinaryOp&) [with BinaryOp = Eigen::internal::scalar_quotient_op<float, float>; LhsType = const Eigen::Matrix<float, 4, 1>; RhsType = const Eigen::CwiseNullaryOp<Eigen::internal::scalar_constant_op<float>, const Eigen::Matrix<float, 4, 1> >]	32	static
C:/Users/Chinnapop/Downloads/eigen-3.4.0/eigen-3.4.0/Eigen/src/Core/functors/NullaryFunctors.h:19:41:Eigen::internal::scalar_constant_op<Scalar>::scalar_constant_op(const Eigen::internal::scalar_constant_op<Scalar>&) [with Scalar = float]	16	static
C:/Users/Chinnapop/Downloads/eigen-3.4.0/eigen-3.4.0/Eigen/src/Core/functors/BinaryFunctors.h:382:3:Eigen::internal::scalar_quotient_op<LhsScalar, RhsScalar>::scalar_quotient_op(const Eigen::internal::scalar_quotient_op<LhsScalar, RhsScalar>&) [with LhsScalar = float; RhsScalar = float]	16	static
C:/Users/Chinnapop/Downloads/eigen-3.4.0/eigen-3.4.0/Eigen/src/Core/EigenBase.h:49:18:const Derived& Eigen::EigenBase<Derived>::derived() const [with Derived = Eigen::CwiseBinaryOp<Eigen::internal::scalar_quotient_op<float, float>, const Eigen::Matrix<float, 4, 1>, const Eigen::CwiseNullaryOp<Eigen::internal::scalar_constant_op<float>, const Eigen::Matrix<float, 4, 1> > >]	16	static
C:/Users/Chinnapop/Downloads/eigen-3.4.0/eigen-3.4.0/Eigen/src/Core/PlainObjectBase.h:589:25:Eigen::PlainObjectBase<Derived>::PlainObjectBase(const Eigen::DenseBase<OtherDerived>&) [with OtherDerived = Eigen::CwiseBinaryOp<Eigen::internal::scalar_quotient_op<float, float>, const Eigen::Matrix<float, 4, 1>, const Eigen::CwiseNullaryOp<Eigen::internal::scalar_constant_op<float>, const Eigen::Matrix<float, 4, 1> > >; Derived = Eigen::Matrix<float, 4, 1>]	16	static
C:/Users/Chinnapop/Downloads/eigen-3.4.0/eigen-3.4.0/Eigen/src/Core/DenseCoeffsBase.h:389:5:Eigen::DenseCoeffsBase<Derived, 1>::Scalar& Eigen::DenseCoeffsBase<Derived, 1>::coeffRef(Eigen::Index) [with Derived = Eigen::Matrix<float, 4, 1>]	32	static
C:/Users/Chinnapop/Downloads/eigen-3.4.0/eigen-3.4.0/Eigen/src/Core/functors/UnaryFunctors.h:23:3:Eigen::internal::scalar_opposite_op<Scalar>::scalar_opposite_op() [with Scalar = float]	16	static
C:/Users/Chinnapop/Downloads/eigen-3.4.0/eigen-3.4.0/Eigen/src/Core/MatrixBase.h:485:5:Eigen::MatrixBase<Derived>::MatrixBase() [with Derived = Eigen::CwiseUnaryOp<Eigen::internal::scalar_opposite_op<float>, const Eigen::Matrix<float, 4, 1> >]	16	static
C:/Users/Chinnapop/Downloads/eigen-3.4.0/eigen-3.4.0/Eigen/src/Core/CwiseUnaryOp.h:94:7:Eigen::CwiseUnaryOpImpl<Eigen::internal::scalar_opposite_op<float>, const Eigen::Matrix<float, 4, 1>, Eigen::Dense>::CwiseUnaryOpImpl()	16	static
C:/Users/Chinnapop/Downloads/eigen-3.4.0/eigen-3.4.0/Eigen/src/Core/CwiseUnaryOp.h:65:14:Eigen::CwiseUnaryOp<UnaryOp, MatrixType>::CwiseUnaryOp(const XprType&, const UnaryOp&) [with UnaryOp = Eigen::internal::scalar_opposite_op<float>; XprType = const Eigen::Matrix<float, 4, 1>]	24	static
C:/Users/Chinnapop/Downloads/eigen-3.4.0/eigen-3.4.0/Eigen/src/Core/functors/UnaryFunctors.h:23:3:Eigen::internal::scalar_opposite_op<Scalar>::scalar_opposite_op(const Eigen::internal::scalar_opposite_op<Scalar>&) [with Scalar = float]	16	static
C:/Users/Chinnapop/Downloads/eigen-3.4.0/eigen-3.4.0/Eigen/src/Core/PlainObjectBase.h:777:34:Derived& Eigen::PlainObjectBase<Derived>::_set(const Eigen::DenseBase<OtherDerived>&) [with OtherDerived = Eigen::CwiseUnaryOp<Eigen::internal::scalar_opposite_op<float>, const Eigen::Matrix<float, 4, 1> >; Derived = Eigen::Matrix<float, 4, 1>]	24	static
C:/Users/Chinnapop/Downloads/eigen-3.4.0/eigen-3.4.0/Eigen/src/Core/MatrixBase.h:485:5:Eigen::MatrixBase<Derived>::MatrixBase() [with Derived = Eigen::Matrix<float, 3, 3>]	16	static
C:/Users/Chinnapop/Downloads/eigen-3.4.0/eigen-3.4.0/Eigen/src/Core/PlainObjectBase.h:476:25:Eigen::PlainObjectBase<Derived>::PlainObjectBase() [with Derived = Eigen::Matrix<float, 3, 3>]	16	static
C:/Users/Chinnapop/Downloads/eigen-3.4.0/eigen-3.4.0/Eigen/src/Core/PlainObjectBase.h:968:37:static void Eigen::PlainObjectBase<Derived>::_check_template_params() [with Derived = Eigen::Matrix<float, 3, 3>]	4	static
C:/Users/Chinnapop/Downloads/eigen-3.4.0/eigen-3.4.0/Eigen/src/Core/CommaInitializer.h:33:10:Eigen::CommaInitializer<MatrixType>::CommaInitializer(XprType&, const Scalar&) [with XprType = Eigen::Matrix<float, 3, 3>]	24	static
C:/Users/Chinnapop/Downloads/eigen-3.4.0/eigen-3.4.0/Eigen/src/Core/CommaInitializer.h:121:19:XprType& Eigen::CommaInitializer<MatrixType>::finished() [with XprType = Eigen::Matrix<float, 3, 3>]	24	static
C:/Users/Chinnapop/Downloads/eigen-3.4.0/eigen-3.4.0/Eigen/src/Core/PlainObjectBase.h:145:11:constexpr Eigen::Index Eigen::PlainObjectBase<Derived>::cols() const [with Derived = Eigen::Matrix<float, 3, 3>]	16	static
C:/Users/Chinnapop/Downloads/eigen-3.4.0/eigen-3.4.0/Eigen/src/Core/PlainObjectBase.h:143:11:constexpr Eigen::Index Eigen::PlainObjectBase<Derived>::rows() const [with Derived = Eigen::Matrix<float, 3, 3>]	16	static
C:/Users/Chinnapop/Downloads/eigen-3.4.0/eigen-3.4.0/Eigen/src/Core/PlainObjectBase.h:175:33:Eigen::PlainObjectBase<Derived>::Scalar& Eigen::PlainObjectBase<Derived>::coeffRef(Eigen::Index, Eigen::Index) [with Derived = Eigen::Matrix<float, 3, 3>]	32	static
C:\ST\STM32CubeIDE_1.16.1\STM32CubeIDE\plugins\com.st.stm32cube.ide.mcu.externaltools.gnu-tools-for-stm32.14.3.rel1.win32_1.0.100.202602081740\tools\bin/../lib/gcc/arm-none-eabi/14.3.1/../../../../arm-none-eabi/include/c++/14.3.1/bits/move.h:137:5:constexpr typename std::remove_reference<_Tp>::type&& std::move(_Tp&&) [with _Tp = Eigen::Matrix<float, 3, 3>&]	16	static
C:/Users/Chinnapop/Downloads/eigen-3.4.0/eigen-3.4.0/Eigen/src/Core/PlainObjectBase.h:501:22:Eigen::PlainObjectBase<Derived>& Eigen::PlainObjectBase<Derived>::operator=(Eigen::PlainObjectBase<Derived>&&) [with Derived = Eigen::Matrix<float, 4, 1>]	24	static
C:/Users/Chinnapop/Downloads/eigen-3.4.0/eigen-3.4.0/Eigen/src/Core/PlainObjectBase.h:501:22:Eigen::PlainObjectBase<Derived>& Eigen::PlainObjectBase<Derived>::operator=(Eigen::PlainObjectBase<Derived>&&) [with Derived = Eigen::Matrix<float, 3, 1>]	16	static
C:/Users/Chinnapop/Downloads/eigen-3.4.0/eigen-3.4.0/Eigen/src/Core/PlainObjectBase.h:777:34:Derived& Eigen::PlainObjectBase<Derived>::_set(const Eigen::DenseBase<OtherDerived>&) [with OtherDerived = Eigen::Matrix<float, 3, 1>; Derived = Eigen::Matrix<float, 3, 1>]	24	static
C:/Users/Chinnapop/Downloads/eigen-3.4.0/eigen-3.4.0/Eigen/src/Core/EigenBase.h:49:18:const Derived& Eigen::EigenBase<Derived>::derived() const [with Derived = Eigen::Matrix<float, 3, 3>]	16	static
C:/Users/Chinnapop/Downloads/eigen-3.4.0/eigen-3.4.0/Eigen/src/Core/EigenBase.h:49:18:const Derived& Eigen::EigenBase<Derived>::derived() const [with Derived = Eigen::Matrix<float, 3, 1>]	16	static
C:/Users/Chinnapop/Downloads/eigen-3.4.0/eigen-3.4.0/Eigen/src/Core/MatrixBase.h:485:5:Eigen::MatrixBase<Derived>::MatrixBase() [with Derived = Eigen::Product<Eigen::Matrix<float, 3, 3>, Eigen::Matrix<float, 3, 1>, 0>]	16	static
C:/Users/Chinnapop/Downloads/eigen-3.4.0/eigen-3.4.0/Eigen/src/Core/Product.h:120:7:Eigen::internal::dense_product_base<Eigen::Matrix<float, 3, 3>, Eigen::Matrix<float, 3, 1>, 0, 3>::dense_product_base()	16	static
C:/Users/Chinnapop/Downloads/eigen-3.4.0/eigen-3.4.0/Eigen/src/Core/Product.h:152:7:Eigen::ProductImpl<Eigen::Matrix<float, 3, 3>, Eigen::Matrix<float, 3, 1>, 0, Eigen::Dense>::ProductImpl()	16	static
C:/Users/Chinnapop/Downloads/eigen-3.4.0/eigen-3.4.0/Eigen/src/Core/Product.h:94:5:Eigen::Product<Lhs, Rhs, Option>::Product(const Lhs&, const Rhs&) [with _Lhs = Eigen::Matrix<float, 3, 3>; _Rhs = Eigen::Matrix<float, 3, 1>; int Option = 0]	32	static
C:/Users/Chinnapop/Downloads/eigen-3.4.0/eigen-3.4.0/Eigen/src/Core/EigenBase.h:49:18:const Derived& Eigen::EigenBase<Derived>::derived() const [with Derived = Eigen::Product<Eigen::Matrix<float, 3, 3>, Eigen::Matrix<float, 3, 1>, 0>]	16	static
C:/Users/Chinnapop/Downloads/eigen-3.4.0/eigen-3.4.0/Eigen/src/Core/Matrix.h:329:14:Eigen::Matrix<_Scalar, _Rows, _Cols, _Options, _MaxRows, _MaxCols>::Matrix(const T&) [with T = Eigen::Product<Eigen::Matrix<float, 3, 3>, Eigen::Matrix<float, 3, 1>, 0>; _Scalar = float; int _Rows = 3; int _Cols = 1; int _Options = 0; int _MaxRows = 3; int _MaxCols = 1]	16	static
C:/Users/Chinnapop/Downloads/eigen-3.4.0/eigen-3.4.0/Eigen/src/Core/PlainObjectBase.h:165:39:const Eigen::PlainObjectBase<Derived>::Scalar& Eigen::PlainObjectBase<Derived>::coeff(Eigen::Index) const [with Derived = Eigen::Matrix<float, 3, 1>]	16	static
C:/Users/Chinnapop/Downloads/eigen-3.4.0/eigen-3.4.0/Eigen/src/Core/MathFunctions.h:1279:44:typename Eigen::internal::conj_retval<typename Eigen::internal::global_math_functions_filtering_base<Scalar>::type>::type Eigen::numext::conj(const Scalar&) [with Scalar = float]	16	static
C:/Users/Chinnapop/Downloads/eigen-3.4.0/eigen-3.4.0/Eigen/src/Core/PlainObjectBase.h:501:22:Eigen::PlainObjectBase<Derived>& Eigen::PlainObjectBase<Derived>::operator=(Eigen::PlainObjectBase<Derived>&&) [with Derived = Eigen::Matrix<float, 3, 3>]	24	static
C:/Users/Chinnapop/Downloads/eigen-3.4.0/eigen-3.4.0/Eigen/src/Core/functors/BinaryFunctors.h:353:3:Eigen::internal::scalar_difference_op<LhsScalar, RhsScalar>::scalar_difference_op() [with LhsScalar = float; RhsScalar = float]	16	static
C:/Users/Chinnapop/Downloads/eigen-3.4.0/eigen-3.4.0/Eigen/src/Core/MatrixBase.h:485:5:Eigen::MatrixBase<Derived>::MatrixBase() [with Derived = Eigen::CwiseBinaryOp<Eigen::internal::scalar_difference_op<float, float>, const Eigen::Matrix<float, 3, 1>, const Eigen::Matrix<float, 3, 1> >]	16	static
C:/Users/Chinnapop/Downloads/eigen-3.4.0/eigen-3.4.0/Eigen/src/Core/CwiseBinaryOp.h:148:7:Eigen::CwiseBinaryOpImpl<Eigen::internal::scalar_difference_op<float, float>, const Eigen::Matrix<float, 3, 1>, const Eigen::Matrix<float, 3, 1>, Eigen::Dense>::CwiseBinaryOpImpl()	16	static
C:/Users/Chinnapop/Downloads/eigen-3.4.0/eigen-3.4.0/Eigen/src/Core/CwiseBinaryOp.h:110:5:Eigen::CwiseBinaryOp<BinaryOp, Lhs, Rhs>::CwiseBinaryOp(const Lhs&, const Rhs&, const BinaryOp&) [with BinaryOp = Eigen::internal::scalar_difference_op<float, float>; LhsType = const Eigen::Matrix<float, 3, 1>; RhsType = const Eigen::Matrix<float, 3, 1>]	32	static
C:/Users/Chinnapop/Downloads/eigen-3.4.0/eigen-3.4.0/Eigen/src/Core/functors/BinaryFunctors.h:353:3:Eigen::internal::scalar_difference_op<LhsScalar, RhsScalar>::scalar_difference_op(const Eigen::internal::scalar_difference_op<LhsScalar, RhsScalar>&) [with LhsScalar = float; RhsScalar = float]	16	static
C:/Users/Chinnapop/Downloads/eigen-3.4.0/eigen-3.4.0/Eigen/src/Core/EigenBase.h:49:18:const Derived& Eigen::EigenBase<Derived>::derived() const [with Derived = Eigen::CwiseBinaryOp<Eigen::internal::scalar_difference_op<float, float>, const Eigen::Matrix<float, 3, 1>, const Eigen::Matrix<float, 3, 1> >]	16	static
C:/Users/Chinnapop/Downloads/eigen-3.4.0/eigen-3.4.0/Eigen/src/Core/PlainObjectBase.h:589:25:Eigen::PlainObjectBase<Derived>::PlainObjectBase(const Eigen::DenseBase<OtherDerived>&) [with OtherDerived = Eigen::CwiseBinaryOp<Eigen::internal::scalar_difference_op<float, float>, const Eigen::Matrix<float, 3, 1>, const Eigen::Matrix<float, 3, 1> >; Derived = Eigen::Matrix<float, 3, 1>]	16	static
C:/Users/Chinnapop/Downloads/eigen-3.4.0/eigen-3.4.0/Eigen/src/Core/functors/BinaryFunctors.h:74:3:Eigen::internal::scalar_product_op<LhsScalar, RhsScalar>::scalar_product_op() [with LhsScalar = float; RhsScalar = float]	16	static
C:/Users/Chinnapop/Downloads/eigen-3.4.0/eigen-3.4.0/Eigen/src/Core/MatrixBase.h:485:5:Eigen::MatrixBase<Derived>::MatrixBase() [with Derived = Eigen::CwiseBinaryOp<Eigen::internal::scalar_product_op<float, float>, const Eigen::Matrix<float, 3, 1>, const Eigen::Matrix<float, 3, 1> >]	16	static
C:/Users/Chinnapop/Downloads/eigen-3.4.0/eigen-3.4.0/Eigen/src/Core/CwiseBinaryOp.h:148:7:Eigen::CwiseBinaryOpImpl<Eigen::internal::scalar_product_op<float, float>, const Eigen::Matrix<float, 3, 1>, const Eigen::Matrix<float, 3, 1>, Eigen::Dense>::CwiseBinaryOpImpl()	16	static
C:/Users/Chinnapop/Downloads/eigen-3.4.0/eigen-3.4.0/Eigen/src/Core/CwiseBinaryOp.h:110:5:Eigen::CwiseBinaryOp<BinaryOp, Lhs, Rhs>::CwiseBinaryOp(const Lhs&, const Rhs&, const BinaryOp&) [with BinaryOp = Eigen::internal::scalar_product_op<float, float>; LhsType = const Eigen::Matrix<float, 3, 1>; RhsType = const Eigen::Matrix<float, 3, 1>]	32	static
C:/Users/Chinnapop/Downloads/eigen-3.4.0/eigen-3.4.0/Eigen/src/Core/functors/BinaryFunctors.h:74:3:Eigen::internal::scalar_product_op<LhsScalar, RhsScalar>::scalar_product_op(const Eigen::internal::scalar_product_op<LhsScalar, RhsScalar>&) [with LhsScalar = float; RhsScalar = float]	16	static
C:/Users/Chinnapop/Downloads/eigen-3.4.0/eigen-3.4.0/Eigen/src/Core/EigenBase.h:49:18:const Derived& Eigen::EigenBase<Derived>::derived() const [with Derived = Eigen::CwiseBinaryOp<Eigen::internal::scalar_product_op<float, float>, const Eigen::Matrix<float, 3, 1>, const Eigen::Matrix<float, 3, 1> >]	16	static
C:/Users/Chinnapop/Downloads/eigen-3.4.0/eigen-3.4.0/Eigen/src/Core/CwiseBinaryOp.h:120:11:constexpr Eigen::Index Eigen::CwiseBinaryOp<BinaryOp, Lhs, Rhs>::rows() const [with BinaryOp = Eigen::internal::scalar_product_op<float, float>; LhsType = const Eigen::Matrix<float, 3, 1>; RhsType = const Eigen::Matrix<float, 3, 1>]	16	static
C:/Users/Chinnapop/Downloads/eigen-3.4.0/eigen-3.4.0/Eigen/src/Core/CwiseBinaryOp.h:125:11:constexpr Eigen::Index Eigen::CwiseBinaryOp<BinaryOp, Lhs, Rhs>::cols() const [with BinaryOp = Eigen::internal::scalar_product_op<float, float>; LhsType = const Eigen::Matrix<float, 3, 1>; RhsType = const Eigen::Matrix<float, 3, 1>]	16	static
C:/Users/Chinnapop/Downloads/eigen-3.4.0/eigen-3.4.0/Eigen/src/Core/MatrixBase.h:485:5:Eigen::MatrixBase<Derived>::MatrixBase() [with Derived = Eigen::CwiseNullaryOp<Eigen::internal::scalar_constant_op<float>, const Eigen::Matrix<float, 3, 1> >]	16	static
C:/Users/Chinnapop/Downloads/eigen-3.4.0/eigen-3.4.0/Eigen/src/Core/CwiseNullaryOp.h:68:5:Eigen::CwiseNullaryOp<NullaryOp, MatrixType>::CwiseNullaryOp(Eigen::Index, Eigen::Index, const NullaryOp&) [with NullaryOp = Eigen::internal::scalar_constant_op<float>; PlainObjectType = const Eigen::Matrix<float, 3, 1>]	24	static
C:/Users/Chinnapop/Downloads/eigen-3.4.0/eigen-3.4.0/Eigen/src/Core/MatrixBase.h:485:5:Eigen::MatrixBase<Derived>::MatrixBase() [with Derived = Eigen::CwiseBinaryOp<Eigen::internal::scalar_product_op<float, float>, const Eigen::CwiseNullaryOp<Eigen::internal::scalar_constant_op<float>, const Eigen::Matrix<float, 3, 1> >, const Eigen::CwiseBinaryOp<Eigen::internal::scalar_product_op<float, float>, const Eigen::Matrix<float, 3, 1>, const Eigen::Matrix<float, 3, 1> > >]	16	static
C:/Users/Chinnapop/Downloads/eigen-3.4.0/eigen-3.4.0/Eigen/src/Core/CwiseBinaryOp.h:148:7:Eigen::CwiseBinaryOpImpl<Eigen::internal::scalar_product_op<float, float>, const Eigen::CwiseNullaryOp<Eigen::internal::scalar_constant_op<float>, const Eigen::Matrix<float, 3, 1> >, const Eigen::CwiseBinaryOp<Eigen::internal::scalar_product_op<float, float>, const Eigen::Matrix<float, 3, 1>, const Eigen::Matrix<float, 3, 1> >, Eigen::Dense>::CwiseBinaryOpImpl()	16	static
C:/Users/Chinnapop/Downloads/eigen-3.4.0/eigen-3.4.0/Eigen/src/Core/CwiseBinaryOp.h:110:5:Eigen::CwiseBinaryOp<BinaryOp, Lhs, Rhs>::CwiseBinaryOp(const Lhs&, const Rhs&, const BinaryOp&) [with BinaryOp = Eigen::internal::scalar_product_op<float, float>; LhsType = const Eigen::CwiseNullaryOp<Eigen::internal::scalar_constant_op<float>, const Eigen::Matrix<float, 3, 1> >; RhsType = const Eigen::CwiseBinaryOp<Eigen::internal::scalar_product_op<float, float>, const Eigen::Matrix<float, 3, 1>, const Eigen::Matrix<float, 3, 1> >]	32	static
C:/Users/Chinnapop/Downloads/eigen-3.4.0/eigen-3.4.0/Eigen/src/Core/EigenBase.h:49:18:const Derived& Eigen::EigenBase<Derived>::derived() const [with Derived = Eigen::CwiseBinaryOp<Eigen::internal::scalar_product_op<float, float>, const Eigen::CwiseNullaryOp<Eigen::internal::scalar_constant_op<float>, const Eigen::Matrix<float, 3, 1> >, const Eigen::CwiseBinaryOp<Eigen::internal::scalar_product_op<float, float>, const Eigen::Matrix<float, 3, 1>, const Eigen::Matrix<float, 3, 1> > >]	16	static
C:/Users/Chinnapop/Downloads/eigen-3.4.0/eigen-3.4.0/Eigen/src/Core/MatrixBase.h:485:5:Eigen::MatrixBase<Derived>::MatrixBase() [with Derived = Eigen::CwiseBinaryOp<Eigen::internal::scalar_difference_op<float, float>, const Eigen::CwiseBinaryOp<Eigen::internal::scalar_product_op<float, float>, const Eigen::CwiseNullaryOp<Eigen::internal::scalar_constant_op<float>, const Eigen::Matrix<float, 3, 1> >, const Eigen::CwiseBinaryOp<Eigen::internal::scalar_product_op<float, float>, const Eigen::Matrix<float, 3, 1>, const Eigen::Matrix<float, 3, 1> > >, const Eigen::CwiseBinaryOp<Eigen::internal::scalar_product_op<float, float>, const Eigen::Matrix<float, 3, 1>, const Eigen::Matrix<float, 3, 1> > >]	16	static
C:/Users/Chinnapop/Downloads/eigen-3.4.0/eigen-3.4.0/Eigen/src/Core/CwiseBinaryOp.h:148:7:Eigen::CwiseBinaryOpImpl<Eigen::internal::scalar_difference_op<float, float>, const Eigen::CwiseBinaryOp<Eigen::internal::scalar_product_op<float, float>, const Eigen::CwiseNullaryOp<Eigen::internal::scalar_constant_op<float>, const Eigen::Matrix<float, 3, 1> >, const Eigen::CwiseBinaryOp<Eigen::internal::scalar_product_op<float, float>, const Eigen::Matrix<float, 3, 1>, const Eigen::Matrix<float, 3, 1> > >, const Eigen::CwiseBinaryOp<Eigen::internal::scalar_product_op<float, float>, const Eigen::Matrix<float, 3, 1>, const Eigen::Matrix<float, 3, 1> >, Eigen::Dense>::CwiseBinaryOpImpl()	16	static
C:/Users/Chinnapop/Downloads/eigen-3.4.0/eigen-3.4.0/Eigen/src/Core/CwiseBinaryOp.h:110:5:Eigen::CwiseBinaryOp<BinaryOp, Lhs, Rhs>::CwiseBinaryOp(const Lhs&, const Rhs&, const BinaryOp&) [with BinaryOp = Eigen::internal::scalar_difference_op<float, float>; LhsType = const Eigen::CwiseBinaryOp<Eigen::internal::scalar_product_op<float, float>, const Eigen::CwiseNullaryOp<Eigen::internal::scalar_constant_op<float>, const Eigen::Matrix<float, 3, 1> >, const Eigen::CwiseBinaryOp<Eigen::internal::scalar_product_op<float, float>, const Eigen::Matrix<float, 3, 1>, const Eigen::Matrix<float, 3, 1> > >; RhsType = const Eigen::CwiseBinaryOp<Eigen::internal::scalar_product_op<float, float>, const Eigen::Matrix<float, 3, 1>, const Eigen::Matrix<float, 3, 1> >]	32	static
C:/Users/Chinnapop/Downloads/eigen-3.4.0/eigen-3.4.0/Eigen/src/Core/EigenBase.h:49:18:const Derived& Eigen::EigenBase<Derived>::derived() const [with Derived = Eigen::CwiseBinaryOp<Eigen::internal::scalar_difference_op<float, float>, const Eigen::CwiseBinaryOp<Eigen::internal::scalar_product_op<float, float>, const Eigen::CwiseNullaryOp<Eigen::internal::scalar_constant_op<float>, const Eigen::Matrix<float, 3, 1> >, const Eigen::CwiseBinaryOp<Eigen::internal::scalar_product_op<float, float>, const Eigen::Matrix<float, 3, 1>, const Eigen::Matrix<float, 3, 1> > >, const Eigen::CwiseBinaryOp<Eigen::internal::scalar_product_op<float, float>, const Eigen::Matrix<float, 3, 1>, const Eigen::Matrix<float, 3, 1> > >]	16	static
C:/Users/Chinnapop/Downloads/eigen-3.4.0/eigen-3.4.0/Eigen/src/Core/PlainObjectBase.h:589:25:Eigen::PlainObjectBase<Derived>::PlainObjectBase(const Eigen::DenseBase<OtherDerived>&) [with OtherDerived = Eigen::CwiseBinaryOp<Eigen::internal::scalar_difference_op<float, float>, const Eigen::CwiseBinaryOp<Eigen::internal::scalar_product_op<float, float>, const Eigen::CwiseNullaryOp<Eigen::internal::scalar_constant_op<float>, const Eigen::Matrix<float, 3, 1> >, const Eigen::CwiseBinaryOp<Eigen::internal::scalar_product_op<float, float>, const Eigen::Matrix<float, 3, 1>, const Eigen::Matrix<float, 3, 1> > >, const Eigen::CwiseBinaryOp<Eigen::internal::scalar_product_op<float, float>, const Eigen::Matrix<float, 3, 1>, const Eigen::Matrix<float, 3, 1> > >; Derived = Eigen::Matrix<float, 3, 1>]	16	static
C:/Users/Chinnapop/Downloads/eigen-3.4.0/eigen-3.4.0/Eigen/src/Core/PlainObjectBase.h:589:25:Eigen::PlainObjectBase<Derived>::PlainObjectBase(const Eigen::DenseBase<OtherDerived>&) [with OtherDerived = Eigen::Product<Eigen::Matrix<float, 3, 3>, Eigen::Matrix<float, 3, 1>, 0>; Derived = Eigen::Matrix<float, 3, 1>]	16	static
C:/Users/Chinnapop/Downloads/eigen-3.4.0/eigen-3.4.0/Eigen/src/Core/functors/BinaryFunctors.h:36:3:Eigen::internal::scalar_sum_op<LhsScalar, RhsScalar>::scalar_sum_op() [with LhsScalar = float; RhsScalar = float]	16	static
C:/Users/Chinnapop/Downloads/eigen-3.4.0/eigen-3.4.0/Eigen/src/Core/MatrixBase.h:485:5:Eigen::MatrixBase<Derived>::MatrixBase() [with Derived = Eigen::CwiseBinaryOp<Eigen::internal::scalar_sum_op<float, float>, const Eigen::Matrix<float, 3, 1>, const Eigen::Matrix<float, 3, 1> >]	16	static
C:/Users/Chinnapop/Downloads/eigen-3.4.0/eigen-3.4.0/Eigen/src/Core/CwiseBinaryOp.h:148:7:Eigen::CwiseBinaryOpImpl<Eigen::internal::scalar_sum_op<float, float>, const Eigen::Matrix<float, 3, 1>, const Eigen::Matrix<float, 3, 1>, Eigen::Dense>::CwiseBinaryOpImpl()	16	static
C:/Users/Chinnapop/Downloads/eigen-3.4.0/eigen-3.4.0/Eigen/src/Core/CwiseBinaryOp.h:110:5:Eigen::CwiseBinaryOp<BinaryOp, Lhs, Rhs>::CwiseBinaryOp(const Lhs&, const Rhs&, const BinaryOp&) [with BinaryOp = Eigen::internal::scalar_sum_op<float, float>; LhsType = const Eigen::Matrix<float, 3, 1>; RhsType = const Eigen::Matrix<float, 3, 1>]	32	static
C:/Users/Chinnapop/Downloads/eigen-3.4.0/eigen-3.4.0/Eigen/src/Core/functors/BinaryFunctors.h:36:3:Eigen::internal::scalar_sum_op<LhsScalar, RhsScalar>::scalar_sum_op(const Eigen::internal::scalar_sum_op<LhsScalar, RhsScalar>&) [with LhsScalar = float; RhsScalar = float]	16	static
C:/Users/Chinnapop/Downloads/eigen-3.4.0/eigen-3.4.0/Eigen/src/Core/EigenBase.h:49:18:const Derived& Eigen::EigenBase<Derived>::derived() const [with Derived = Eigen::CwiseBinaryOp<Eigen::internal::scalar_sum_op<float, float>, const Eigen::Matrix<float, 3, 1>, const Eigen::Matrix<float, 3, 1> >]	16	static
C:/Users/Chinnapop/Downloads/eigen-3.4.0/eigen-3.4.0/Eigen/src/Core/MatrixBase.h:485:5:Eigen::MatrixBase<Derived>::MatrixBase() [with Derived = Eigen::CwiseBinaryOp<Eigen::internal::scalar_sum_op<float, float>, const Eigen::CwiseBinaryOp<Eigen::internal::scalar_sum_op<float, float>, const Eigen::Matrix<float, 3, 1>, const Eigen::Matrix<float, 3, 1> >, const Eigen::Matrix<float, 3, 1> >]	16	static
C:/Users/Chinnapop/Downloads/eigen-3.4.0/eigen-3.4.0/Eigen/src/Core/CwiseBinaryOp.h:148:7:Eigen::CwiseBinaryOpImpl<Eigen::internal::scalar_sum_op<float, float>, const Eigen::CwiseBinaryOp<Eigen::internal::scalar_sum_op<float, float>, const Eigen::Matrix<float, 3, 1>, const Eigen::Matrix<float, 3, 1> >, const Eigen::Matrix<float, 3, 1>, Eigen::Dense>::CwiseBinaryOpImpl()	16	static
C:/Users/Chinnapop/Downloads/eigen-3.4.0/eigen-3.4.0/Eigen/src/Core/CwiseBinaryOp.h:110:5:Eigen::CwiseBinaryOp<BinaryOp, Lhs, Rhs>::CwiseBinaryOp(const Lhs&, const Rhs&, const BinaryOp&) [with BinaryOp = Eigen::internal::scalar_sum_op<float, float>; LhsType = const Eigen::CwiseBinaryOp<Eigen::internal::scalar_sum_op<float, float>, const Eigen::Matrix<float, 3, 1>, const Eigen::Matrix<float, 3, 1> >; RhsType = const Eigen::Matrix<float, 3, 1>]	32	static
C:/Users/Chinnapop/Downloads/eigen-3.4.0/eigen-3.4.0/Eigen/src/Core/EigenBase.h:49:18:const Derived& Eigen::EigenBase<Derived>::derived() const [with Derived = Eigen::CwiseBinaryOp<Eigen::internal::scalar_sum_op<float, float>, const Eigen::CwiseBinaryOp<Eigen::internal::scalar_sum_op<float, float>, const Eigen::Matrix<float, 3, 1>, const Eigen::Matrix<float, 3, 1> >, const Eigen::Matrix<float, 3, 1> >]	16	static
C:/Users/Chinnapop/Downloads/eigen-3.4.0/eigen-3.4.0/Eigen/src/Core/PlainObjectBase.h:589:25:Eigen::PlainObjectBase<Derived>::PlainObjectBase(const Eigen::DenseBase<OtherDerived>&) [with OtherDerived = Eigen::CwiseBinaryOp<Eigen::internal::scalar_sum_op<float, float>, const Eigen::CwiseBinaryOp<Eigen::internal::scalar_sum_op<float, float>, const Eigen::Matrix<float, 3, 1>, const Eigen::Matrix<float, 3, 1> >, const Eigen::Matrix<float, 3, 1> >; Derived = Eigen::Matrix<float, 3, 1>]	16	static
C:/Users/Chinnapop/Downloads/eigen-3.4.0/eigen-3.4.0/Eigen/src/Core/PlainObjectBase.h:501:22:Eigen::PlainObjectBase<Derived>& Eigen::PlainObjectBase<Derived>::operator=(Eigen::PlainObjectBase<Derived>&&) [with Derived = Eigen::Matrix<float, 3, 4>]	24	static
C:/Users/Chinnapop/Downloads/eigen-3.4.0/eigen-3.4.0/Eigen/src/Core/EigenBase.h:49:18:const Derived& Eigen::EigenBase<Derived>::derived() const [with Derived = Eigen::Matrix<float, 4, 3>]	16	static
C:/Users/Chinnapop/Downloads/eigen-3.4.0/eigen-3.4.0/Eigen/src/Core/MatrixBase.h:485:5:Eigen::MatrixBase<Derived>::MatrixBase() [with Derived = Eigen::CwiseUnaryOp<Eigen::internal::scalar_opposite_op<float>, const Eigen::Matrix<float, 4, 3> >]	16	static
C:/Users/Chinnapop/Downloads/eigen-3.4.0/eigen-3.4.0/Eigen/src/Core/CwiseUnaryOp.h:94:7:Eigen::CwiseUnaryOpImpl<Eigen::internal::scalar_opposite_op<float>, const Eigen::Matrix<float, 4, 3>, Eigen::Dense>::CwiseUnaryOpImpl()	16	static
C:/Users/Chinnapop/Downloads/eigen-3.4.0/eigen-3.4.0/Eigen/src/Core/CwiseUnaryOp.h:65:14:Eigen::CwiseUnaryOp<UnaryOp, MatrixType>::CwiseUnaryOp(const XprType&, const UnaryOp&) [with UnaryOp = Eigen::internal::scalar_opposite_op<float>; XprType = const Eigen::Matrix<float, 4, 3>]	24	static
C:/Users/Chinnapop/Downloads/eigen-3.4.0/eigen-3.4.0/Eigen/src/Core/EigenBase.h:49:18:const Derived& Eigen::EigenBase<Derived>::derived() const [with Derived = Eigen::CwiseUnaryOp<Eigen::internal::scalar_opposite_op<float>, const Eigen::Matrix<float, 4, 3> >]	16	static
C:/Users/Chinnapop/Downloads/eigen-3.4.0/eigen-3.4.0/Eigen/src/Core/MatrixBase.h:485:5:Eigen::MatrixBase<Derived>::MatrixBase() [with Derived = Eigen::Product<Eigen::CwiseUnaryOp<Eigen::internal::scalar_opposite_op<float>, const Eigen::Matrix<float, 4, 3> >, Eigen::Matrix<float, 3, 1>, 0>]	16	static
C:/Users/Chinnapop/Downloads/eigen-3.4.0/eigen-3.4.0/Eigen/src/Core/Product.h:120:7:Eigen::internal::dense_product_base<Eigen::CwiseUnaryOp<Eigen::internal::scalar_opposite_op<float>, const Eigen::Matrix<float, 4, 3> >, Eigen::Matrix<float, 3, 1>, 0, 3>::dense_product_base()	16	static
C:/Users/Chinnapop/Downloads/eigen-3.4.0/eigen-3.4.0/Eigen/src/Core/Product.h:152:7:Eigen::ProductImpl<Eigen::CwiseUnaryOp<Eigen::internal::scalar_opposite_op<float>, const Eigen::Matrix<float, 4, 3> >, Eigen::Matrix<float, 3, 1>, 0, Eigen::Dense>::ProductImpl()	16	static
C:/Users/Chinnapop/Downloads/eigen-3.4.0/eigen-3.4.0/Eigen/src/Core/Product.h:94:5:Eigen::Product<Lhs, Rhs, Option>::Product(const Lhs&, const Rhs&) [with _Lhs = Eigen::CwiseUnaryOp<Eigen::internal::scalar_opposite_op<float>, const Eigen::Matrix<float, 4, 3> >; _Rhs = Eigen::Matrix<float, 3, 1>; int Option = 0]	32	static
C:/Users/Chinnapop/Downloads/eigen-3.4.0/eigen-3.4.0/Eigen/src/Core/EigenBase.h:49:18:const Derived& Eigen::EigenBase<Derived>::derived() const [with Derived = Eigen::Product<Eigen::CwiseUnaryOp<Eigen::internal::scalar_opposite_op<float>, const Eigen::Matrix<float, 4, 3> >, Eigen::Matrix<float, 3, 1>, 0>]	16	static
C:/Users/Chinnapop/Downloads/eigen-3.4.0/eigen-3.4.0/Eigen/src/Core/PlainObjectBase.h:589:25:Eigen::PlainObjectBase<Derived>::PlainObjectBase(const Eigen::DenseBase<OtherDerived>&) [with OtherDerived = Eigen::Product<Eigen::CwiseUnaryOp<Eigen::internal::scalar_opposite_op<float>, const Eigen::Matrix<float, 4, 3> >, Eigen::Matrix<float, 3, 1>, 0>; Derived = Eigen::Matrix<float, 4, 1>]	16	static
C:/Users/Chinnapop/Downloads/eigen-3.4.0/eigen-3.4.0/Eigen/src/Core/DenseBase.h:681:23:Eigen::DenseBase<Derived>::DenseBase() [with Derived = Eigen::Matrix<float, 3, 1>]	16	static
C:/Users/Chinnapop/Downloads/eigen-3.4.0/eigen-3.4.0/Eigen/src/Core/DenseStorage.h:211:23:Eigen::DenseStorage<T, Size, _Rows, _Cols, _Options>::DenseStorage() [with T = float; int Size = 3; int _Rows = 3; int _Cols = 1; int _Options = 0]	16	static
C:\ST\STM32CubeIDE_1.16.1\STM32CubeIDE\plugins\com.st.stm32cube.ide.mcu.externaltools.gnu-tools-for-stm32.14.3.rel1.win32_1.0.100.202602081740\tools\bin/../lib/gcc/arm-none-eabi/14.3.1/../../../../arm-none-eabi/include/c++/14.3.1/bits/move.h:137:5:constexpr typename std::remove_reference<_Tp>::type&& std::move(_Tp&&) [with _Tp = Eigen::DenseStorage<float, 3, 3, 1, 0>&]	16	static
C:/Users/Chinnapop/Downloads/eigen-3.4.0/eigen-3.4.0/Eigen/src/Core/EigenBase.h:60:16:constexpr Eigen::EigenBase<Derived>::Index Eigen::EigenBase<Derived>::rows() const [with Derived = Eigen::Matrix<float, 3, 1>]	16	static
C:/Users/Chinnapop/Downloads/eigen-3.4.0/eigen-3.4.0/Eigen/src/Core/EigenBase.h:63:16:constexpr Eigen::EigenBase<Derived>::Index Eigen::EigenBase<Derived>::cols() const [with Derived = Eigen::Matrix<float, 3, 1>]	16	static
C:/Users/Chinnapop/Downloads/eigen-3.4.0/eigen-3.4.0/Eigen/src/Core/CoreEvaluators.h:282:12:Eigen::internal::evaluator<Eigen::Matrix<_Scalar, _Rows, _Cols, _Options, _MaxRows, _MaxCols> >::evaluator(const XprType&) [with Scalar = float; int Rows = 3; int Cols = 1; int Options = 0; int MaxRows = 3; int MaxCols = 1]	16	static
C:/Users/Chinnapop/Downloads/eigen-3.4.0/eigen-3.4.0/Eigen/src/Core/CoreEvaluators.h:122:41:Eigen::internal::evaluator_base<ExpressionType>::~evaluator_base() [with ExpressionType = Eigen::Matrix<float, 3, 1>]	16	static
C:/Users/Chinnapop/Downloads/eigen-3.4.0/eigen-3.4.0/Eigen/src/Core/CoreEvaluators.h:211:19:Eigen::internal::evaluator<Eigen::PlainObjectBase<Derived> >::CoeffReturnType Eigen::internal::evaluator<Eigen::PlainObjectBase<Derived> >::coeff(Eigen::Index) const [with Derived = Eigen::Matrix<float, 3, 1>]	16	static
C:/Users/Chinnapop/Downloads/eigen-3.4.0/eigen-3.4.0/Eigen/src/Core/DenseBase.h:681:23:Eigen::DenseBase<Derived>::DenseBase() [with Derived = Eigen::Matrix<float, 4, 1>]	16	static
C:/Users/Chinnapop/Downloads/eigen-3.4.0/eigen-3.4.0/Eigen/src/Core/DenseStorage.h:211:23:Eigen::DenseStorage<T, Size, _Rows, _Cols, _Options>::DenseStorage() [with T = float; int Size = 4; int _Rows = 4; int _Cols = 1; int _Options = 0]	16	static
C:\ST\STM32CubeIDE_1.16.1\STM32CubeIDE\plugins\com.st.stm32cube.ide.mcu.externaltools.gnu-tools-for-stm32.14.3.rel1.win32_1.0.100.202602081740\tools\bin/../lib/gcc/arm-none-eabi/14.3.1/../../../../arm-none-eabi/include/c++/14.3.1/bits/move.h:137:5:constexpr typename std::remove_reference<_Tp>::type&& std::move(_Tp&&) [with _Tp = Eigen::DenseStorage<float, 4, 4, 1, 0>&]	16	static
C:/Users/Chinnapop/Downloads/eigen-3.4.0/eigen-3.4.0/Eigen/src/Core/EigenBase.h:60:16:constexpr Eigen::EigenBase<Derived>::Index Eigen::EigenBase<Derived>::rows() const [with Derived = Eigen::Matrix<float, 4, 1>]	16	static
C:/Users/Chinnapop/Downloads/eigen-3.4.0/eigen-3.4.0/Eigen/src/Core/EigenBase.h:63:16:constexpr Eigen::EigenBase<Derived>::Index Eigen::EigenBase<Derived>::cols() const [with Derived = Eigen::Matrix<float, 4, 1>]	16	static
C:/Users/Chinnapop/Downloads/eigen-3.4.0/eigen-3.4.0/Eigen/src/Core/CoreEvaluators.h:282:12:Eigen::internal::evaluator<Eigen::Matrix<_Scalar, _Rows, _Cols, _Options, _MaxRows, _MaxCols> >::evaluator(const XprType&) [with Scalar = float; int Rows = 4; int Cols = 1; int Options = 0; int MaxRows = 4; int MaxCols = 1]	16	static
C:/Users/Chinnapop/Downloads/eigen-3.4.0/eigen-3.4.0/Eigen/src/Core/CoreEvaluators.h:122:41:Eigen::internal::evaluator_base<ExpressionType>::~evaluator_base() [with ExpressionType = Eigen::Matrix<float, 4, 1>]	16	static
C:/Users/Chinnapop/Downloads/eigen-3.4.0/eigen-3.4.0/Eigen/src/Core/CoreEvaluators.h:211:19:Eigen::internal::evaluator<Eigen::PlainObjectBase<Derived> >::CoeffReturnType Eigen::internal::evaluator<Eigen::PlainObjectBase<Derived> >::coeff(Eigen::Index) const [with Derived = Eigen::Matrix<float, 4, 1>]	16	static
C:/Users/Chinnapop/Downloads/eigen-3.4.0/eigen-3.4.0/Eigen/src/Core/DenseBase.h:681:23:Eigen::DenseBase<Derived>::DenseBase() [with Derived = Eigen::Matrix<float, 3, 4>]	16	static
C:/Users/Chinnapop/Downloads/eigen-3.4.0/eigen-3.4.0/Eigen/src/Core/DenseStorage.h:211:23:Eigen::DenseStorage<T, Size, _Rows, _Cols, _Options>::DenseStorage() [with T = float; int Size = 12; int _Rows = 3; int _Cols = 4; int _Options = 0]	16	static
C:/Users/Chinnapop/Downloads/eigen-3.4.0/eigen-3.4.0/Eigen/src/Core/DenseStorage.h:263:52:static constexpr Eigen::Index Eigen::DenseStorage<T, Size, _Rows, _Cols, _Options>::cols() [with T = float; int Size = 12; int _Rows = 3; int _Cols = 4; int _Options = 0]	4	static
C:/Users/Chinnapop/Downloads/eigen-3.4.0/eigen-3.4.0/Eigen/src/Core/DenseStorage.h:262:52:static constexpr Eigen::Index Eigen::DenseStorage<T, Size, _Rows, _Cols, _Options>::rows() [with T = float; int Size = 12; int _Rows = 3; int _Cols = 4; int _Options = 0]	4	static
C:/Users/Chinnapop/Downloads/eigen-3.4.0/eigen-3.4.0/Eigen/src/Core/DenseStorage.h:267:26:T* Eigen::DenseStorage<T, Size, _Rows, _Cols, _Options>::data() [with T = float; int Size = 12; int _Rows = 3; int _Cols = 4; int _Options = 0]	16	static
C:\ST\STM32CubeIDE_1.16.1\STM32CubeIDE\plugins\com.st.stm32cube.ide.mcu.externaltools.gnu-tools-for-stm32.14.3.rel1.win32_1.0.100.202602081740\tools\bin/../lib/gcc/arm-none-eabi/14.3.1/../../../../arm-none-eabi/include/c++/14.3.1/bits/move.h:137:5:constexpr typename std::remove_reference<_Tp>::type&& std::move(_Tp&&) [with _Tp = Eigen::DenseStorage<float, 12, 3, 4, 0>&]	16	static
C:/Users/Chinnapop/Downloads/eigen-3.4.0/eigen-3.4.0/Eigen/src/Core/DenseBase.h:681:23:Eigen::DenseBase<Derived>::DenseBase() [with Derived = Eigen::Matrix<float, 4, 3>]	16	static
C:/Users/Chinnapop/Downloads/eigen-3.4.0/eigen-3.4.0/Eigen/src/Core/DenseStorage.h:211:23:Eigen::DenseStorage<T, Size, _Rows, _Cols, _Options>::DenseStorage() [with T = float; int Size = 12; int _Rows = 4; int _Cols = 3; int _Options = 0]	16	static
C:/Users/Chinnapop/Downloads/eigen-3.4.0/eigen-3.4.0/Eigen/src/Core/DenseStorage.h:263:52:static constexpr Eigen::Index Eigen::DenseStorage<T, Size, _Rows, _Cols, _Options>::cols() [with T = float; int Size = 12; int _Rows = 4; int _Cols = 3; int _Options = 0]	4	static
C:/Users/Chinnapop/Downloads/eigen-3.4.0/eigen-3.4.0/Eigen/src/Core/DenseStorage.h:262:52:static constexpr Eigen::Index Eigen::DenseStorage<T, Size, _Rows, _Cols, _Options>::rows() [with T = float; int Size = 12; int _Rows = 4; int _Cols = 3; int _Options = 0]	4	static
C:/Users/Chinnapop/Downloads/eigen-3.4.0/eigen-3.4.0/Eigen/src/Core/DenseStorage.h:267:26:T* Eigen::DenseStorage<T, Size, _Rows, _Cols, _Options>::data() [with T = float; int Size = 12; int _Rows = 4; int _Cols = 3; int _Options = 0]	16	static
C:/Users/Chinnapop/Downloads/eigen-3.4.0/eigen-3.4.0/Eigen/src/Core/functors/UnaryFunctors.h:92:3:Eigen::internal::scalar_abs2_op<Scalar>::scalar_abs2_op() [with Scalar = float]	16	static
[...]
C:/Users/Chinnapop/Downloads/eigen-3.4.0/eigen-3.4.0/Eigen/src/Core/CwiseBinaryOp.h:132:23:const Eigen::CwiseBinaryOp<BinaryOp, Lhs, Rhs>::_LhsNested& Eigen::CwiseBinaryOp<BinaryOp, Lhs, Rhs>::lhs() const [with BinaryOp = Eigen::internal::scalar_product_op<float, float>; LhsType = const Eigen::Transpose<const Eigen::Block<const Eigen::CwiseUnaryOp<Eigen::internal::scalar_opposite_op<float>, const Eigen::Matrix<float, 4, 3> >, 1, 3, false> >; RhsType = const Eigen::Block<const Eigen::Matrix<float, 3, 1>, 3, 1, true>]	16	static
C:/Users/Chinnapop/Downloads/eigen-3.4.0/eigen-3.4.0/Eigen/src/Core/CwiseBinaryOp.h:135:23:const Eigen::CwiseBinaryOp<BinaryOp, Lhs, Rhs>::_RhsNested& Eigen::CwiseBinaryOp<BinaryOp, Lhs, Rhs>::rhs() const [with BinaryOp = Eigen::internal::scalar_product_op<float, float>; LhsType = const Eigen::Transpose<const Eigen::Block<const Eigen::CwiseUnaryOp<Eigen::internal::scalar_opposite_op<float>, const Eigen::Matrix<float, 4, 3> >, 1, 3, false> >; RhsType = const Eigen::Block<const Eigen::Matrix<float, 3, 1>, 3, 1, true>]	16	static
C:/Users/Chinnapop/Downloads/eigen-3.4.0/eigen-3.4.0/Eigen/src/Core/CoreEvaluators.h:104:12:Eigen::internal::evaluator<const T>::evaluator(const T&) [with T = Eigen::Transpose<const Eigen::Block<const Eigen::CwiseUnaryOp<Eigen::internal::scalar_opposite_op<float>, const Eigen::Matrix<float, 4, 3> >, 1, 3, false> >]	16	static
C:/Users/Chinnapop/Downloads/eigen-3.4.0/eigen-3.4.0/Eigen/src/Core/CoreEvaluators.h:767:19:Eigen::internal::binary_evaluator<Eigen::CwiseBinaryOp<BinaryOp, Lhs, Rhs>, Eigen::internal::IndexBased, Eigen::internal::IndexBased>::CoeffReturnType Eigen::internal::binary_evaluator<Eigen::CwiseBinaryOp<BinaryOp, Lhs, Rhs>, Eigen::internal::IndexBased, Eigen::internal::IndexBased>::coeff(Eigen::Index, Eigen::Index) const [with BinaryOp = Eigen::internal::scalar_product_op<float, float>; Lhs = const Eigen::Transpose<const Eigen::Block<const Eigen::CwiseUnaryOp<Eigen::internal::scalar_opposite_op<float>, const Eigen::Matrix<float, 4, 3> >, 1, 3, false> >; Rhs = const Eigen::Block<const Eigen::Matrix<float, 3, 1>, 3, 1, true>]	40	static
C:/Users/Chinnapop/Downloads/eigen-3.4.0/eigen-3.4.0/Eigen/src/Core/CoreEvaluators.h:94:12:Eigen::internal::evaluator<T>::evaluator(const T&) [with T = Eigen::Transpose<const Eigen::Block<const Eigen::Matrix<float, 3, 3>, 1, 3, false> >]	16	static
C:/Users/Chinnapop/Downloads/eigen-3.4.0/eigen-3.4.0/Eigen/src/Core/CoreEvaluators.h:1079:12:Eigen::internal::evaluator<Eigen::Block<ArgType, BlockRows, BlockCols, InnerPanel> >::evaluator(const XprType&) [with ArgType = const Eigen::Matrix<float, 3, 1>; int BlockRows = 3; int BlockCols = 1; bool InnerPanel = true]	16	static
C:/Users/Chinnapop/Downloads/eigen-3.4.0/eigen-3.4.0/Eigen/src/Core/CoreEvaluators.h:802:21:const BinaryOp& Eigen::internal::binary_evaluator<Eigen::CwiseBinaryOp<BinaryOp, Lhs, Rhs>, Eigen::internal::IndexBased, Eigen::internal::IndexBased>::Data::func() const [with BinaryOp = Eigen::internal::scalar_product_op<float, float>; Lhs = const Eigen::Transpose<const Eigen::Block<const Eigen::Matrix<float, 3, 3>, 1, 3, false> >; Rhs = const Eigen::Block<const Eigen::Matrix<float, 3, 1>, 3, 1, true>]	16	static
C:/Users/Chinnapop/Downloads/eigen-3.4.0/eigen-3.4.0/Eigen/src/Core/CoreEvaluators.h:323:19:Eigen::internal::unary_evaluator<Eigen::Transpose<Derived>, Eigen::internal::IndexBased>::CoeffReturnType Eigen::internal::unary_evaluator<Eigen::Transpose<Derived>, Eigen::internal::IndexBased>::coeff(Eigen::Index, Eigen::Index) const [with ArgType = const Eigen::Block<const Eigen::Matrix<float, 3, 3>, 1, 3, false>]	24	static
C:/Users/Chinnapop/Downloads/eigen-3.4.0/eigen-3.4.0/Eigen/src/Core/CoreEvaluators.h:909:19:Eigen::internal::mapbase_evaluator<Derived, PlainObjectType>::CoeffReturnType Eigen::internal::mapbase_evaluator<Derived, PlainObjectType>::coeff(Eigen::Index, Eigen::Index) const [with Derived = Eigen::Block<const Eigen::Matrix<float, 3, 1>, 3, 1, true>; PlainObjectType = Eigen::Matrix<float, 3, 1>]	32	static
C:/Users/Chinnapop/Downloads/eigen-3.4.0/eigen-3.4.0/Eigen/src/Core/EigenBase.h:60:16:constexpr Eigen::EigenBase<Derived>::Index Eigen::EigenBase<Derived>::rows() const [with Derived = Eigen::Matrix<float, 4, 3>]	16	static
C:/Users/Chinnapop/Downloads/eigen-3.4.0/eigen-3.4.0/Eigen/src/Core/CoreEvaluators.h:94:12:Eigen::internal::evaluator<T>::evaluator(const T&) [with T = Eigen::Transpose<const Eigen::Block<const Eigen::CwiseUnaryOp<Eigen::internal::scalar_opposite_op<float>, const Eigen::Matrix<float, 4, 3> >, 1, 3, false> >]	16	static
C:/Users/Chinnapop/Downloads/eigen-3.4.0/eigen-3.4.0/Eigen/src/Core/CoreEvaluators.h:802:21:const BinaryOp& Eigen::internal::binary_evaluator<Eigen::CwiseBinaryOp<BinaryOp, Lhs, Rhs>, Eigen::internal::IndexBased, Eigen::internal::IndexBased>::Data::func() const [with BinaryOp = Eigen::internal::scalar_product_op<float, float>; Lhs = const Eigen::Transpose<const Eigen::Block<const Eigen::CwiseUnaryOp<Eigen::internal::scalar_opposite_op<float>, const Eigen::Matrix<float, 4, 3> >, 1, 3, false> >; Rhs = const Eigen::Block<const Eigen::Matrix<float, 3, 1>, 3, 1, true>]	16	static
C:/Users/Chinnapop/Downloads/eigen-3.4.0/eigen-3.4.0/Eigen/src/Core/CoreEvaluators.h:323:19:Eigen::internal::unary_evaluator<Eigen::Transpose<Derived>, Eigen::internal::IndexBased>::CoeffReturnType Eigen::internal::unary_evaluator<Eigen::Transpose<Derived>, Eigen::internal::IndexBased>::coeff(Eigen::Index, Eigen::Index) const [with ArgType = const Eigen::Block<const Eigen::CwiseUnaryOp<Eigen::internal::scalar_opposite_op<float>, const Eigen::Matrix<float, 4, 3> >, 1, 3, false>]	24	static
C:/Users/Chinnapop/Downloads/eigen-3.4.0/eigen-3.4.0/Eigen/src/Core/CoreEvaluators.h:317:12:Eigen::internal::unary_evaluator<Eigen::Transpose<Derived>, Eigen::internal::IndexBased>::unary_evaluator(const XprType&) [with ArgType = const Eigen::Block<const Eigen::Matrix<float, 3, 3>, 1, 3, false>]	24	static
C:/Users/Chinnapop/Downloads/eigen-3.4.0/eigen-3.4.0/Eigen/src/Core/CoreEvaluators.h:1222:12:Eigen::internal::block_evaluator<ArgType, BlockRows, BlockCols, InnerPanel, true>::block_evaluator(const XprType&) [with ArgType = const Eigen::Matrix<float, 3, 1>; int BlockRows = 3; int BlockCols = 1; bool InnerPanel = true]	16	static
C:/Users/Chinnapop/Downloads/eigen-3.4.0/eigen-3.4.0/Eigen/src/Core/CoreEvaluators.h:909:19:Eigen::internal::mapbase_evaluator<Derived, PlainObjectType>::CoeffReturnType Eigen::internal::mapbase_evaluator<Derived, PlainObjectType>::coeff(Eigen::Index, Eigen::Index) const [with Derived = Eigen::Block<const Eigen::Matrix<float, 3, 3>, 1, 3, false>; PlainObjectType = Eigen::Matrix<float, 1, 3>]	32	static
C:/Users/Chinnapop/Downloads/eigen-3.4.0/eigen-3.4.0/Eigen/src/Core/CoreEvaluators.h:967:9:constexpr Eigen::Index Eigen::internal::mapbase_evaluator<Derived, PlainObjectType>::colStride() const [with Derived = Eigen::Block<const Eigen::Matrix<float, 3, 1>, 3, 1, true>; PlainObjectType = Eigen::Matrix<float, 3, 1>]	16	static
C:/Users/Chinnapop/Downloads/eigen-3.4.0/eigen-3.4.0/Eigen/src/Core/CoreEvaluators.h:963:9:constexpr Eigen::Index Eigen::internal::mapbase_evaluator<Derived, PlainObjectType>::rowStride() const [with Derived = Eigen::Block<const Eigen::Matrix<float, 3, 1>, 3, 1, true>; PlainObjectType = Eigen::Matrix<float, 3, 1>]	16	static
C:/Users/Chinnapop/Downloads/eigen-3.4.0/eigen-3.4.0/Eigen/src/Core/CoreEvaluators.h:317:12:Eigen::internal::unary_evaluator<Eigen::Transpose<Derived>, Eigen::internal::IndexBased>::unary_evaluator(const XprType&) [with ArgType = const Eigen::Block<const Eigen::CwiseUnaryOp<Eigen::internal::scalar_opposite_op<float>, const Eigen::Matrix<float, 4, 3> >, 1, 3, false>]	24	static
C:/Users/Chinnapop/Downloads/eigen-3.4.0/eigen-3.4.0/Eigen/src/Core/CoreEvaluators.h:1121:19:Eigen::internal::unary_evaluator<Eigen::Block<ArgType, BlockRows, BlockCols, InnerPanel>, Eigen::internal::IndexBased>::CoeffReturnType Eigen::internal::unary_evaluator<Eigen::Block<ArgType, BlockRows, BlockCols, InnerPanel>, Eigen::internal::IndexBased>::coeff(Eigen::Index, Eigen::Index) const [with ArgType = const Eigen::CwiseUnaryOp<Eigen::internal::scalar_opposite_op<float>, const Eigen::Matrix<float, 4, 3> >; int BlockRows = 1; int BlockCols = 3; bool InnerPanel = false]	32	static
C:/Users/Chinnapop/Downloads/eigen-3.4.0/eigen-3.4.0/Eigen/src/Core/Transpose.h:76:5:const typename Eigen::internal::remove_all<typename Eigen::internal::ref_selector<T>::non_const_type>::type& Eigen::Transpose<MatrixType>::nestedExpression() const [with MatrixType = const Eigen::Block<const Eigen::Matrix<float, 3, 3>, 1, 3, false>]	16	static
C:/Users/Chinnapop/Downloads/eigen-3.4.0/eigen-3.4.0/Eigen/src/Core/CoreEvaluators.h:121:41:Eigen::internal::evaluator_base<ExpressionType>::evaluator_base() [with ExpressionType = Eigen::Transpose<const Eigen::Block<const Eigen::Matrix<float, 3, 3>, 1, 3, false> >]	16	static
C:/Users/Chinnapop/Downloads/eigen-3.4.0/eigen-3.4.0/Eigen/src/Core/CoreEvaluators.h:104:12:Eigen::internal::evaluator<const T>::evaluator(const T&) [with T = Eigen::Block<const Eigen::Matrix<float, 3, 3>, 1, 3, false>]	16	static
C:/Users/Chinnapop/Downloads/eigen-3.4.0/eigen-3.4.0/Eigen/src/Core/CoreEvaluators.h:898:12:Eigen::internal::mapbase_evaluator<Derived, PlainObjectType>::mapbase_evaluator(const XprType&) [with Derived = Eigen::Block<const Eigen::Matrix<float, 3, 1>, 3, 1, true>; PlainObjectType = Eigen::Matrix<float, 3, 1>]	24	static
C:/Users/Chinnapop/Downloads/eigen-3.4.0/eigen-3.4.0/Eigen/src/Core/MapBase.h:102:44:const Eigen::MapBase<Derived, 0>::Scalar* Eigen::MapBase<Derived, 0>::data() const [with Derived = Eigen::Block<const Eigen::Matrix<float, 3, 1>, 3, 1, true>]	16	static
C:/Users/Chinnapop/Downloads/eigen-3.4.0/eigen-3.4.0/Eigen/src/Core/CoreEvaluators.h:967:9:constexpr Eigen::Index Eigen::internal::mapbase_evaluator<Derived, PlainObjectType>::colStride() const [with Derived = Eigen::Block<const Eigen::Matrix<float, 3, 3>, 1, 3, false>; PlainObjectType = Eigen::Matrix<float, 1, 3>]	16	static
C:/Users/Chinnapop/Downloads/eigen-3.4.0/eigen-3.4.0/Eigen/src/Core/CoreEvaluators.h:963:9:constexpr Eigen::Index Eigen::internal::mapbase_evaluator<Derived, PlainObjectType>::rowStride() const [with Derived = Eigen::Block<const Eigen::Matrix<float, 3, 3>, 1, 3, false>; PlainObjectType = Eigen::Matrix<float, 1, 3>]	16	static
C:/Users/Chinnapop/Downloads/eigen-3.4.0/eigen-3.4.0/Eigen/src/Core/Transpose.h:76:5:const typename Eigen::internal::remove_all<typename Eigen::internal::ref_selector<T>::non_const_type>::type& Eigen::Transpose<MatrixType>::nestedExpression() const [with MatrixType = const Eigen::Block<const Eigen::CwiseUnaryOp<Eigen::internal::scalar_opposite_op<float>, const Eigen::Matrix<float, 4, 3> >, 1, 3, false>]	16	static
C:/Users/Chinnapop/Downloads/eigen-3.4.0/eigen-3.4.0/Eigen/src/Core/CoreEvaluators.h:121:41:Eigen::internal::evaluator_base<ExpressionType>::evaluator_base() [with ExpressionType = Eigen::Transpose<const Eigen::Block<const Eigen::CwiseUnaryOp<Eigen::internal::scalar_opposite_op<float>, const Eigen::Matrix<float, 4, 3> >, 1, 3, false> >]	16	static
C:/Users/Chinnapop/Downloads/eigen-3.4.0/eigen-3.4.0/Eigen/src/Core/CoreEvaluators.h:104:12:Eigen::internal::evaluator<const T>::evaluator(const T&) [with T = Eigen::Block<const Eigen::CwiseUnaryOp<Eigen::internal::scalar_opposite_op<float>, const Eigen::Matrix<float, 4, 3> >, 1, 3, false>]	16	static
C:/Users/Chinnapop/Downloads/eigen-3.4.0/eigen-3.4.0/Eigen/src/Core/util/XprHelper.h:147:45:T Eigen::internal::variable_if_dynamic<T, -1>::value() const [with T = int]	16	static
C:/Users/Chinnapop/Downloads/eigen-3.4.0/eigen-3.4.0/Eigen/src/Core/CoreEvaluators.h:581:19:Eigen::internal::unary_evaluator<Eigen::CwiseUnaryOp<UnaryOp, ArgType>, Eigen::internal::IndexBased>::CoeffReturnType Eigen::internal::unary_evaluator<Eigen::CwiseUnaryOp<UnaryOp, ArgType>, Eigen::internal::IndexBased>::coeff(Eigen::Index, Eigen::Index) const [with UnaryOp = Eigen::internal::scalar_opposite_op<float>; ArgType = const Eigen::Matrix<float, 4, 3>]	32	static
C:/Users/Chinnapop/Downloads/eigen-3.4.0/eigen-3.4.0/Eigen/src/Core/CoreEvaluators.h:1079:12:Eigen::internal::evaluator<Eigen::Block<ArgType, BlockRows, BlockCols, InnerPanel> >::evaluator(const XprType&) [with ArgType = const Eigen::Matrix<float, 3, 3>; int BlockRows = 1; int BlockCols = 3; bool InnerPanel = false]	16	static
C:/Users/Chinnapop/Downloads/eigen-3.4.0/eigen-3.4.0/Eigen/src/Core/Block.h:391:11:constexpr Eigen::Index Eigen::internal::BlockImpl_dense<XprType, BlockRows, BlockCols, InnerPanel, true>::innerStride() const [with XprType = const Eigen::Matrix<float, 3, 1>; int BlockRows = 3; int BlockCols = 1; bool InnerPanel = true]	16	static
C:/Users/Chinnapop/Downloads/eigen-3.4.0/eigen-3.4.0/Eigen/src/Core/Block.h:400:11:constexpr Eigen::Index Eigen::internal::BlockImpl_dense<XprType, BlockRows, BlockCols, InnerPanel, true>::outerStride() const [with XprType = const Eigen::Matrix<float, 3, 1>; int BlockRows = 3; int BlockCols = 1; bool InnerPanel = true]	16	static
C:/Users/Chinnapop/Downloads/eigen-3.4.0/eigen-3.4.0/Eigen/src/Core/CoreEvaluators.h:121:41:Eigen::internal::evaluator_base<ExpressionType>::evaluator_base() [with ExpressionType = Eigen::Block<const Eigen::Matrix<float, 3, 1>, 3, 1, true>]	16	static
C:/Users/Chinnapop/Downloads/eigen-3.4.0/eigen-3.4.0/Eigen/src/Core/CoreEvaluators.h:1079:12:Eigen::internal::evaluator<Eigen::Block<ArgType, BlockRows, BlockCols, InnerPanel> >::evaluator(const XprType&) [with ArgType = const Eigen::CwiseUnaryOp<Eigen::internal::scalar_opposite_op<float>, const Eigen::Matrix<float, 4, 3> >; int BlockRows = 1; int BlockCols = 3; bool InnerPanel = false]	16	static
C:/Users/Chinnapop/Downloads/eigen-3.4.0/eigen-3.4.0/Eigen/src/Core/CoreEvaluators.h:614:20:const UnaryOp& Eigen::internal::unary_evaluator<Eigen::CwiseUnaryOp<UnaryOp, ArgType>, Eigen::internal::IndexBased>::Data::func() const [with UnaryOp = Eigen::internal::scalar_opposite_op<float>; ArgType = const Eigen::Matrix<float, 4, 3>]	16	static
C:/Users/Chinnapop/Downloads/eigen-3.4.0/eigen-3.4.0/Eigen/src/Core/CoreEvaluators.h:202:19:Eigen::internal::evaluator<Eigen::PlainObjectBase<Derived> >::CoeffReturnType Eigen::internal::evaluator<Eigen::PlainObjectBase<Derived> >::coeff(Eigen::Index, Eigen::Index) const [with Derived = Eigen::Matrix<float, 4, 3>]	32	static
C:/Users/Chinnapop/Downloads/eigen-3.4.0/eigen-3.4.0/Eigen/src/Core/CoreEvaluators.h:1222:12:Eigen::internal::block_evaluator<ArgType, BlockRows, BlockCols, InnerPanel, true>::block_evaluator(const XprType&) [with ArgType = const Eigen::Matrix<float, 3, 3>; int BlockRows = 1; int BlockCols = 3; bool InnerPanel = false]	16	static
C:/Users/Chinnapop/Downloads/eigen-3.4.0/eigen-3.4.0/Eigen/src/Core/CoreEvaluators.h:1093:12:Eigen::internal::block_evaluator<ArgType, BlockRows, BlockCols, InnerPanel, false>::block_evaluator(const XprType&) [with ArgType = const Eigen::CwiseUnaryOp<Eigen::internal::scalar_opposite_op<float>, const Eigen::Matrix<float, 4, 3> >; int BlockRows = 1; int BlockCols = 3; bool InnerPanel = false]	16	static
C:/Users/Chinnapop/Downloads/eigen-3.4.0/eigen-3.4.0/Eigen/src/Core/CoreEvaluators.h:147:9:constexpr Eigen::Index Eigen::internal::plainobjectbase_evaluator_data<Scalar, OuterStride>::outerStride() const [with Scalar = float; int OuterStride = 4]	16	static
C:/Users/Chinnapop/Downloads/eigen-3.4.0/eigen-3.4.0/Eigen/src/Core/CoreEvaluators.h:898:12:Eigen::internal::mapbase_evaluator<Derived, PlainObjectType>::mapbase_evaluator(const XprType&) [with Derived = Eigen::Block<const Eigen::Matrix<float, 3, 3>, 1, 3, false>; PlainObjectType = Eigen::Matrix<float, 1, 3>]	24	static
C:/Users/Chinnapop/Downloads/eigen-3.4.0/eigen-3.4.0/Eigen/src/Core/MapBase.h:102:44:const Eigen::MapBase<Derived, 0>::Scalar* Eigen::MapBase<Derived, 0>::data() const [with Derived = Eigen::Block<const Eigen::Matrix<float, 3, 3>, 1, 3, false>]	16	static
C:/Users/Chinnapop/Downloads/eigen-3.4.0/eigen-3.4.0/Eigen/src/Core/CoreEvaluators.h:1105:12:Eigen::internal::unary_evaluator<Eigen::Block<ArgType, BlockRows, BlockCols, InnerPanel>, Eigen::internal::IndexBased>::unary_evaluator(const XprType&) [with ArgType = const Eigen::CwiseUnaryOp<Eigen::internal::scalar_opposite_op<float>, const Eigen::Matrix<float, 4, 3> >; int BlockRows = 1; int BlockCols = 3; bool InnerPanel = false]	24	static
C:/Users/Chinnapop/Downloads/eigen-3.4.0/eigen-3.4.0/Eigen/src/Core/Block.h:391:11:constexpr Eigen::Index Eigen::internal::BlockImpl_dense<XprType, BlockRows, BlockCols, InnerPanel, true>::innerStride() const [with XprType = const Eigen::Matrix<float, 3, 3>; int BlockRows = 1; int BlockCols = 3; bool InnerPanel = false]	16	static
C:/Users/Chinnapop/Downloads/eigen-3.4.0/eigen-3.4.0/Eigen/src/Core/Block.h:400:11:constexpr Eigen::Index Eigen::internal::BlockImpl_dense<XprType, BlockRows, BlockCols, InnerPanel, true>::outerStride() const [with XprType = const Eigen::Matrix<float, 3, 3>; int BlockRows = 1; int BlockCols = 3; bool InnerPanel = false]	16	static
C:/Users/Chinnapop/Downloads/eigen-3.4.0/eigen-3.4.0/Eigen/src/Core/CoreEvaluators.h:121:41:Eigen::internal::evaluator_base<ExpressionType>::evaluator_base() [with ExpressionType = Eigen::Block<const Eigen::Matrix<float, 3, 3>, 1, 3, false>]	16	static
C:/Users/Chinnapop/Downloads/eigen-3.4.0/eigen-3.4.0/Eigen/src/Core/Block.h:298:63:const typename Eigen::internal::remove_all<typename Eigen::internal::ref_selector<T>::non_const_type>::type& Eigen::internal::BlockImpl_dense<XprType, BlockRows, BlockCols, InnerPanel, HasDirectAccess>::nestedExpression() const [with XprType = const Eigen::CwiseUnaryOp<Eigen::internal::scalar_opposite_op<float>, const Eigen::Matrix<float, 4, 3> >; int BlockRows = 1; int BlockCols = 3; bool InnerPanel = false; bool HasDirectAccess = false]	16	static
C:/Users/Chinnapop/Downloads/eigen-3.4.0/eigen-3.4.0/Eigen/src/Core/Block.h:307:18:constexpr Eigen::internal::BlockImpl_dense<XprType, BlockRows, BlockCols, InnerPanel, HasDirectAccess>::StorageIndex Eigen::internal::BlockImpl_dense<XprType, BlockRows, BlockCols, InnerPanel, HasDirectAccess>::startRow() const [with XprType = const Eigen::CwiseUnaryOp<Eigen::internal::scalar_opposite_op<float>, const Eigen::Matrix<float, 4, 3> >; int BlockRows = 1; int BlockCols = 3; bool InnerPanel = false; bool HasDirectAccess = false]	16	static
C:/Users/Chinnapop/Downloads/eigen-3.4.0/eigen-3.4.0/Eigen/src/Core/Block.h:313:18:constexpr Eigen::internal::BlockImpl_dense<XprType, BlockRows, BlockCols, InnerPanel, HasDirectAccess>::StorageIndex Eigen::internal::BlockImpl_dense<XprType, BlockRows, BlockCols, InnerPanel, HasDirectAccess>::startCol() const [with XprType = const Eigen::CwiseUnaryOp<Eigen::internal::scalar_opposite_op<float>, const Eigen::Matrix<float, 4, 3> >; int BlockRows = 1; int BlockCols = 3; bool InnerPanel = false; bool HasDirectAccess = false]	16	static
C:/Users/Chinnapop/Downloads/eigen-3.4.0/eigen-3.4.0/Eigen/src/Core/CoreEvaluators.h:121:41:Eigen::internal::evaluator_base<ExpressionType>::evaluator_base() [with ExpressionType = Eigen::Block<const Eigen::CwiseUnaryOp<Eigen::internal::scalar_opposite_op<float>, const Eigen::Matrix<float, 4, 3> >, 1, 3, false>]	16	static
C:/Users/Chinnapop/Downloads/eigen-3.4.0/eigen-3.4.0/Eigen/src/Core/CoreEvaluators.h:104:12:Eigen::internal::evaluator<const T>::evaluator(const T&) [with T = Eigen::CwiseUnaryOp<Eigen::internal::scalar_opposite_op<float>, const Eigen::Matrix<float, 4, 3> >]	16	static
../Core/Src/freertos.cpp:165:1:void __static_initialization_and_destruction_0()	16	static
../Core/Src/freertos.cpp:165:1:cpp)	8	static
