08:25:29 **** Build of configuration Debug for project RTOS_TEST ****
make -j16 all 
arm-none-eabi-gcc "C:/Users/Chinnapop/Documents/TSC1A_EM/ext_lib/CSP_1.6-main/src/drivers/can_stm/f767zgtx_can.c" -mcpu=cortex-m7 -std=gnu11 -g3 -DDEBUG -DUSE_HAL_DRIVER -DSTM32F767xx -c -I../Core/Inc -I../FATFS/Target -I../FATFS/App -I../Drivers/STM32F7xx_HAL_Driver/Inc -I../Drivers/STM32F7xx_HAL_Driver/Inc/Legacy -I../Middlewares/Third_Party/FatFs/src -I../Drivers/CMSIS/Device/ST/STM32F7xx/Include -I../Drivers/CMSIS/Include -I../Middlewares/Third_Party/FreeRTOS/Source/include -I../Middlewares/Third_Party/FreeRTOS/Source/CMSIS_RTOS_V2 -I../Middlewares/Third_Party/FreeRTOS/Source/portable/GCC/ARM_CM7/r0p1 -I"C:/Users/Chinnapop/STM32CubeIDE/workspace/TSC1A_EM/ext_lib" -I"C:/Users/Chinnapop/STM32CubeIDE/workspace/TSC1A_EM/ext_lib/CSP_1.6-main" -I"C:/Users/Chinnapop/STM32CubeIDE/workspace/TSC1A_EM/ext_lib/sw-bundle-master-v4.3.0.16/libcubeobc/include" -I"C:/Users/Chinnapop/STM32CubeIDE/workspace/TSC1A_EM/ext_lib/sw-bundle-master-v4.3.0.16/libcubeobc/api/src" -I"C:/Users/Chinnapop/STM32CubeIDE/workspace/TSC1A_EM/ext_lib/RTOS_LIB" -I"C:/Users/Chinnapop/STM32CubeIDE/workspace/TSC1A_EM/ext_lib/LIB" -O0 -ffunction-sections -fdata-sections -Wall -fstack-usage -fcyclomatic-complexity -MMD -MP -MF"ext_lib/CSP_1.6-main/src/drivers/can_stm/f767zgtx_can.d" -MT"ext_lib/CSP_1.6-main/src/drivers/can_stm/f767zgtx_can.o" --specs=nano.specs -mfpu=fpv5-d16 -mfloat-abi=hard -mthumb -o "ext_lib/CSP_1.6-main/src/drivers/can_stm/f767zgtx_can.o"
C:/Users/Chinnapop/Documents/TSC1A_EM/ext_lib/CSP_1.6-main/src/drivers/can_stm/f767zgtx_can.c: In function 'HAL_CAN_RxFifo0MsgPendingCallback':
C:/Users/Chinnapop/Documents/TSC1A_EM/ext_lib/CSP_1.6-main/src/drivers/can_stm/f767zgtx_can.c:133:17: warning: implicit declaration of function 'Error_Handler' [-Wimplicit-function-declaration]
  133 |                 Error_Handler();
      |                 ^~~~~~~~~~~~~
C:/Users/Chinnapop/Documents/TSC1A_EM/ext_lib/CSP_1.6-main/src/drivers/can_stm/f767zgtx_can.c: In function 'csp_driver_can_init':
C:/Users/Chinnapop/Documents/TSC1A_EM/ext_lib/CSP_1.6-main/src/drivers/can_stm/f767zgtx_can.c:212:27: warning: unused variable 'csp_conf' [-Wunused-variable]
  212 |         const csp_conf_t *csp_conf = csp_get_conf();
      |                           ^~~~~~~~
C:/Users/Chinnapop/Documents/TSC1A_EM/ext_lib/CSP_1.6-main/src/drivers/can_stm/f767zgtx_can.c: At top level:
C:/Users/Chinnapop/Documents/TSC1A_EM/ext_lib/CSP_1.6-main/src/drivers/can_stm/f767zgtx_can.c:330:1: warning: "/*" within comment [-Wcomment]
  330 | /**
      |  
arm-none-eabi-g++ -o "RTOS_TEST.elf" @"objects.list"   -mcpu=cortex-m7 -T"C:\Users\Chinnapop\STM32CubeIDE\workspace\TSC1A_EM\Functional_test\RTOS_TEST\STM32F767ZGTX_FLASH.ld" --specs=nosys.specs -Wl,-Map="RTOS_TEST.map" -Wl,--gc-sections -static --specs=nano.specs -mfpu=fpv5-d16 -mfloat-abi=hard -mthumb -u _printf_float -u _scanf_float -Wl,--start-group -lc -lm -lstdc++ -lsupc++ -Wl,--end-group
Finished building target: RTOS_TEST.elf
 
arm-none-eabi-size  RTOS_TEST.elf 
arm-none-eabi-objdump -h -S RTOS_TEST.elf  > "RTOS_TEST.list"
   text	   data	    bss	    dec	    hex	filename
 122312	   1096	 171256	 294664	  47f08	RTOS_TEST.elf
Finished building: default.size.stdout
 
Finished building: RTOS_TEST.list
 

08:25:36 Build Finished. 0 errors, 3 warnings. (took 7s.335ms)

