12:04:58 **** Incremental Build of configuration Debug for project sensor_emulator ****
make -j16 all 
arm-none-eabi-gcc "../Core/Src/udp_echoserver.c" -mcpu=cortex-m7 -std=gnu11 -g3 -DDEBUG -DUSE_HAL_DRIVER -DSTM32F767xx -c -I../Core/Inc -I../LWIP/App -I../LWIP/Target -I../Middlewares/Third_Party/LwIP/src/include -I../Middlewares/Third_Party/LwIP/system -I../Drivers/STM32F7xx_HAL_Driver/Inc -I../Drivers/STM32F7xx_HAL_Driver/Inc/Legacy -I../Middlewares/Third_Party/FreeRTOS/Source/include -I../Middlewares/Third_Party/FreeRTOS/Source/CMSIS_RTOS -I../Middlewares/Third_Party/FreeRTOS/Source/portable/GCC/ARM_CM7/r0p1 -I../Drivers/BSP/Components/lan8742 -I../Middlewares/Third_Party/LwIP/src/include/netif/ppp -I../Drivers/CMSIS/Device/ST/STM32F7xx/Include -I../Middlewares/Third_Party/LwIP/src/include/lwip -I../Middlewares/Third_Party/LwIP/src/include/lwip/apps -I../Middlewares/Third_Party/LwIP/src/include/lwip/priv -I../Middlewares/Third_Party/LwIP/src/include/lwip/prot -I../Middlewares/Third_Party/LwIP/src/include/netif -I../Middlewares/Third_Party/LwIP/src/include/compat/posix -I../Middlewares/Third_Party/LwIP/src/include/compat/posix/arpa -I../Middlewares/Third_Party/LwIP/src/include/compat/posix/net -I../Middlewares/Third_Party/LwIP/src/include/compat/posix/sys -I../Middlewares/Third_Party/LwIP/src/include/compat/stdc -I../Middlewares/Third_Party/LwIP/system/arch -I../Drivers/CMSIS/Include -O0 -ffunction-sections -fdata-sections -Wall -fstack-usage -fcyclomatic-complexity -MMD -MP -MF"Core/Src/udp_echoserver.d" -MT"Core/Src/udp_echoserver.o" --specs=nano.specs -mfpu=fpv5-d16 -mfloat-abi=hard -mthumb -o "Core/Src/udp_echoserver.o"
../Core/Src/udp_echoserver.c: In function 'udpecho_thread':
../Core/Src/udp_echoserver.c:80:23: warning: unused variable 'cpy' [-Wunused-variable]
   80 |                 err_t cpy = netbuf_copy(buf, rx_buffer, 248);
      |                       ^~~
../Core/Src/udp_echoserver.c: At top level:
../Core/Src/udp_echoserver.c:51:23: warning: 'port' defined but not used [-Wunused-variable]
   51 | static unsigned short port;
      |                       ^~~~
../Core/Src/udp_echoserver.c:50:19: warning: 'addr' defined but not used [-Wunused-variable]
   50 | static ip_addr_t *addr;
      |                   ^~~~
arm-none-eabi-gcc -o "sensor_emulator.elf" @"objects.list"   -mcpu=cortex-m7 -T"C:\Users\Chinnapop\STM32CubeIDE\workspace\sensor_emulator\STM32F767ZITX_FLASH.ld" --specs=nosys.specs -Wl,-Map="sensor_emulator.map" -Wl,--gc-sections -static --specs=nano.specs -mfpu=fpv5-d16 -mfloat-abi=hard -mthumb -Wl,--start-group -lc -lm -Wl,--end-group
Finished building target: sensor_emulator.elf
 
arm-none-eabi-size  sensor_emulator.elf 
arm-none-eabi-objdump -h -S sensor_emulator.elf  > "sensor_emulator.list"
   text	   data	    bss	    dec	    hex	filename
 107960	    460	  50896	 159316	  26e54	sensor_emulator.elf
Finished building: default.size.stdout
 
Finished building: sensor_emulator.list
 

12:05:00 Build Finished. 0 errors, 3 warnings. (took 2s.549ms)

